Archive member included because of file (symbol)

.\CortexM3\ARM_GCC_493\Debug\CorEx-Mux-Kernel.a(cyfitter_cfg.o)
                              .\CortexM3\ARM_GCC_493\Debug\Cm3Start.o (cyfitter_cfg)
.\CortexM3\ARM_GCC_493\Debug\CorEx-Mux-Kernel.a(RF_Physical.o)
                              .\CortexM3\ARM_GCC_493\Debug\UARTManager.o (RF_Physical_Start)
.\CortexM3\ARM_GCC_493\Debug\CorEx-Mux-Kernel.a(RF_Physical_INT.o)
                              .\CortexM3\ARM_GCC_493\Debug\CorEx-Mux-Kernel.a(RF_Physical.o) (RF_Physical_RXISR)
.\CortexM3\ARM_GCC_493\Debug\CorEx-Mux-Kernel.a(RF_Physical_IntClock.o)
                              .\CortexM3\ARM_GCC_493\Debug\CorEx-Mux-Kernel.a(RF_Physical.o) (RF_Physical_IntClock_Start)
.\CortexM3\ARM_GCC_493\Debug\CorEx-Mux-Kernel.a(CyBootAsmGnu.o)
                              .\CortexM3\ARM_GCC_493\Debug\CorEx-Mux-Kernel.a(cyfitter_cfg.o) (CyDelayCycles)
.\CortexM3\ARM_GCC_493\Debug\CorEx-Mux-Kernel.a(CyLib.o)
                              .\CortexM3\ARM_GCC_493\Debug\Cm3Start.o (CyResetStatus)
.\CortexM3\ARM_GCC_493\Debug\CorEx-Mux-Kernel.a(cyPm.o)
                              .\CortexM3\ARM_GCC_493\Debug\CorEx-Mux-Kernel.a(CyLib.o) (CyPmReadStatus)
.\CortexM3\ARM_GCC_493\Debug\CorEx-Mux-Kernel.a(CRC_Security.o)
                              .\CortexM3\ARM_GCC_493\Debug\Security.o (CRC_Security_Start)
.\CortexM3\ARM_GCC_493\Debug\CorEx-Mux-Kernel.a(ShiftReg_Security.o)
                              .\CortexM3\ARM_GCC_493\Debug\Security.o (ShiftReg_Security_Start)
.\CortexM3\ARM_GCC_493\Debug\CorEx-Mux-Kernel.a(Clock_CRC.o)
                              .\CortexM3\ARM_GCC_493\Debug\Security.o (Clock_CRC_Write)
.\CortexM3\ARM_GCC_493\Debug\CorEx-Mux-Kernel.a(Reset_CRC.o)
                              .\CortexM3\ARM_GCC_493\Debug\Security.o (Reset_CRC_Write)
.\CortexM3\ARM_GCC_493\Debug\CorEx-Mux-Kernel.a(Printer.o)
                              .\CortexM3\ARM_GCC_493\Debug\UARTManager.o (Printer_Start)
.\CortexM3\ARM_GCC_493\Debug\CorEx-Mux-Kernel.a(Dispenser.o)
                              .\CortexM3\ARM_GCC_493\Debug\UARTManager.o (Dispenser_Start)
.\CortexM3\ARM_GCC_493\Debug\CorEx-Mux-Kernel.a(Dispenser_INT.o)
                              .\CortexM3\ARM_GCC_493\Debug\CorEx-Mux-Kernel.a(Dispenser.o) (Dispenser_RXISR)
.\CortexM3\ARM_GCC_493\Debug\CorEx-Mux-Kernel.a(Display1.o)
                              .\CortexM3\ARM_GCC_493\Debug\UARTManager.o (Display1_Start)
.\CortexM3\ARM_GCC_493\Debug\CorEx-Mux-Kernel.a(Display1_INT.o)
                              .\CortexM3\ARM_GCC_493\Debug\CorEx-Mux-Kernel.a(Display1.o) (Display1_RXISR)
.\CortexM3\ARM_GCC_493\Debug\CorEx-Mux-Kernel.a(Display2.o)
                              .\CortexM3\ARM_GCC_493\Debug\UARTManager.o (Display2_Start)
.\CortexM3\ARM_GCC_493\Debug\CorEx-Mux-Kernel.a(Display2_INT.o)
                              .\CortexM3\ARM_GCC_493\Debug\CorEx-Mux-Kernel.a(Display2.o) (Display2_RXISR)
.\CortexM3\ARM_GCC_493\Debug\CorEx-Mux-Kernel.a(Counter_ISR.o)
                              .\CortexM3\ARM_GCC_493\Debug\Timers.o (Counter_ISR_StartEx)
.\CortexM3\ARM_GCC_493\Debug\CorEx-Mux-Kernel.a(Display1_IntClock.o)
                              .\CortexM3\ARM_GCC_493\Debug\CorEx-Mux-Kernel.a(Display1.o) (Display1_IntClock_Start)
.\CortexM3\ARM_GCC_493\Debug\CorEx-Mux-Kernel.a(Display2_IntClock.o)
                              .\CortexM3\ARM_GCC_493\Debug\CorEx-Mux-Kernel.a(Display2.o) (Display2_IntClock_Start)
.\CortexM3\ARM_GCC_493\Debug\CorEx-Mux-Kernel.a(I2C_Bus.o)
                              .\CortexM3\ARM_GCC_493\Debug\Initializers.o (I2C_Bus_Start)
.\CortexM3\ARM_GCC_493\Debug\CorEx-Mux-Kernel.a(I2C_Bus_INT.o)
                              .\CortexM3\ARM_GCC_493\Debug\CorEx-Mux-Kernel.a(I2C_Bus.o) (I2C_Bus_ISR)
.\CortexM3\ARM_GCC_493\Debug\CorEx-Mux-Kernel.a(I2C_Bus_PM.o)
                              .\CortexM3\ARM_GCC_493\Debug\CorEx-Mux-Kernel.a(I2C_Bus.o) (I2C_Bus_backup)
.\CortexM3\ARM_GCC_493\Debug\CorEx-Mux-Kernel.a(I2C_Bus_MASTER.o)
                              .\CortexM3\ARM_GCC_493\Debug\CorEx-Mux-Kernel.a(I2C_Bus.o) (I2C_Bus_mstrStatus)
.\CortexM3\ARM_GCC_493\Debug\CorEx-Mux-Kernel.a(iButton1.o)
                              .\CortexM3\ARM_GCC_493\Debug\iButtonProtocol.o (iButton1_Write)
.\CortexM3\ARM_GCC_493\Debug\CorEx-Mux-Kernel.a(iButton2.o)
                              .\CortexM3\ARM_GCC_493\Debug\TestFile.o (iButton2_Write)
.\CortexM3\ARM_GCC_493\Debug\CorEx-Mux-Kernel.a(eepromWP.o)
                              .\CortexM3\ARM_GCC_493\Debug\EepromManager.o (eepromWP_Write)
.\CortexM3\ARM_GCC_493\Debug\CorEx-Mux-Kernel.a(Timer_DispenserState.o)
                              .\CortexM3\ARM_GCC_493\Debug\Timers.o (Timer_DispenserState_Start)
.\CortexM3\ARM_GCC_493\Debug\CorEx-Mux-Kernel.a(DispenserStateTimeout_ISR.o)
                              .\CortexM3\ARM_GCC_493\Debug\Timers.o (DispenserStateTimeout_ISR_StartEx)
.\CortexM3\ARM_GCC_493\Debug\CorEx-Mux-Kernel.a(Timer_Tick.o)
[...]
Memory Configuration

Name             Origin             Length             Attributes
rom              0x00000000         0x00040000         xr
ram              0x1fff8000         0x00010000         xrw
*default*        0x00000000         0xffffffff

Linker script and memory map

LOAD c:/program files (x86)/cypress/psoc creator/3.3/psoc creator/import/gnu/arm/4.9.3/bin/../lib/gcc/arm-none-eabi/4.9.3/armv7-m/crti.o
LOAD c:/program files (x86)/cypress/psoc creator/3.3/psoc creator/import/gnu/arm/4.9.3/bin/../lib/gcc/arm-none-eabi/4.9.3/armv7-m/crtbegin.o
LOAD c:/program files (x86)/cypress/psoc creator/3.3/psoc creator/import/gnu/arm/4.9.3/bin/../lib/gcc/arm-none-eabi/4.9.3/../../../../arm-none-eabi/lib/armv7-m/crt0.o
START GROUP
LOAD .\CortexM3\ARM_GCC_493\Debug\UARTManager.o
LOAD .\CortexM3\ARM_GCC_493\Debug\UARTResolver.o
LOAD .\CortexM3\ARM_GCC_493\Debug\UARTManagerSink.o
LOAD .\CortexM3\ARM_GCC_493\Debug\PseudoRTOS.o
LOAD .\CortexM3\ARM_GCC_493\Debug\Utils.o
LOAD .\CortexM3\ARM_GCC_493\Debug\Security.o
LOAD .\CortexM3\ARM_GCC_493\Debug\SinkManager.o
LOAD .\CortexM3\ARM_GCC_493\Debug\EepromManager.o
LOAD .\CortexM3\ARM_GCC_493\Debug\RtcManager.o
LOAD .\CortexM3\ARM_GCC_493\Debug\Initializers.o
LOAD .\CortexM3\ARM_GCC_493\Debug\Timers.o
LOAD .\CortexM3\ARM_GCC_493\Debug\TestFile.o
LOAD .\CortexM3\ARM_GCC_493\Debug\AuxPSoC.o
LOAD .\CortexM3\ARM_GCC_493\Debug\WatchDogReset.o
LOAD .\CortexM3\ARM_GCC_493\Debug\DispenserResolver.o
LOAD .\CortexM3\ARM_GCC_493\Debug\DispenserBLL.o
LOAD .\CortexM3\ARM_GCC_493\Debug\DispenserSink.o
LOAD .\CortexM3\ARM_GCC_493\Debug\DisplayBLL.o
LOAD .\CortexM3\ARM_GCC_493\Debug\DisplaySink.o
LOAD .\CortexM3\ARM_GCC_493\Debug\DisplayUtils.o
LOAD .\CortexM3\ARM_GCC_493\Debug\DisplayFlow.o
LOAD .\CortexM3\ARM_GCC_493\Debug\DisplayCharacterMap.o
LOAD .\CortexM3\ARM_GCC_493\Debug\DisplayBufferScreenMap.o
LOAD .\CortexM3\ARM_GCC_493\Debug\DisplayResolver.o
LOAD .\CortexM3\ARM_GCC_493\Debug\PrinterBLL.o
LOAD .\CortexM3\ARM_GCC_493\Debug\PrinterSink.o
LOAD .\CortexM3\ARM_GCC_493\Debug\PrinterResolver.o
LOAD .\CortexM3\ARM_GCC_493\Debug\PrinterTemplate.o
LOAD .\CortexM3\ARM_GCC_493\Debug\iButtonSink.o
LOAD .\CortexM3\ARM_GCC_493\Debug\iButtonBLL.o
LOAD .\CortexM3\ARM_GCC_493\Debug\iButtonProtocol.o
LOAD .\CortexM3\ARM_GCC_493\Debug\Prime.o
LOAD .\CortexM3\ARM_GCC_493\Debug\PrimeFlow.o
LOAD .\CortexM3\ARM_GCC_493\Debug\PrimeImpl.o
LOAD .\CortexM3\ARM_GCC_493\Debug\Encore.o
LOAD .\CortexM3\ARM_GCC_493\Debug\EncoreFlow.o
LOAD .\CortexM3\ARM_GCC_493\Debug\EncoreImpl.o
LOAD .\CortexM3\ARM_GCC_493\Debug\Advantage.o
LOAD .\CortexM3\ARM_GCC_493\Debug\AdvantageFlow.o
LOAD .\CortexM3\ARM_GCC_493\Debug\AdvantageImpl.o
LOAD .\CortexM3\ARM_GCC_493\Debug\RFSink.o
LOAD .\CortexM3\ARM_GCC_493\Debug\RFBLL.o
LOAD .\CortexM3\ARM_GCC_493\Debug\RFResolver.o
LOAD .\CortexM3\ARM_GCC_493\Debug\RFServerStack.o
LOAD .\CortexM3\ARM_GCC_493\Debug\RFServerStackImpl.o
LOAD .\CortexM3\ARM_GCC_493\Debug\ClientDefinitions.o
LOAD .\CortexM3\ARM_GCC_493\Debug\main.o
LOAD .\CortexM3\ARM_GCC_493\Debug\cymetadata.o
LOAD .\CortexM3\ARM_GCC_493\Debug\Cm3Start.o
LOAD .\CortexM3\ARM_GCC_493\Debug\CorEx-Mux-Kernel.a
LOAD C:\Program Files (x86)\Cypress\PSoC Creator\3.3\PSoC Creator\psoc\content\cycomponentlibrary\CyComponentLibrary.cylib\CortexM3\ARM_GCC_493\Debug\CyComponentLibrary.a
LOAD c:/program files (x86)/cypress/psoc creator/3.3/psoc creator/import/gnu/arm/4.9.3/bin/../lib/gcc/arm-none-eabi/4.9.3/../../../../arm-none-eabi/lib/armv7-m\libm.a
END GROUP
START GROUP
LOAD c:/program files (x86)/cypress/psoc creator/3.3/psoc creator/import/gnu/arm/4.9.3/bin/../lib/gcc/arm-none-eabi/4.9.3/armv7-m\libgcc.a
LOAD c:/program files (x86)/cypress/psoc creator/3.3/psoc creator/import/gnu/arm/4.9.3/bin/../lib/gcc/arm-none-eabi/4.9.3/../../../../arm-none-eabi/lib/armv7-m\libg_nano.a
LOAD c:/program files (x86)/cypress/psoc creator/3.3/psoc creator/import/gnu/arm/4.9.3/bin/../lib/gcc/arm-none-eabi/4.9.3/../../../../arm-none-eabi/lib/armv7-m\libc_nano.a
END GROUP
START GROUP
LOAD c:/program files (x86)/cypress/psoc creator/3.3/psoc creator/import/gnu/arm/4.9.3/bin/../lib/gcc/arm-none-eabi/4.9.3/armv7-m\libgcc.a
LOAD c:/program files (x86)/cypress/psoc creator/3.3/psoc creator/import/gnu/arm/4.9.3/bin/../lib/gcc/arm-none-eabi/4.9.3/../../../../arm-none-eabi/lib/armv7-m\libc_nano.a
END GROUP
LOAD c:/program files (x86)/cypress/psoc creator/3.3/psoc creator/import/gnu/arm/4.9.3/bin/../lib/gcc/arm-none-eabi/4.9.3/armv7-m/crtend.o
LOAD c:/program files (x86)/cypress/psoc creator/3.3/psoc creator/import/gnu/arm/4.9.3/bin/../lib/gcc/arm-none-eabi/4.9.3/armv7-m/crtn.o
START GROUP
LOAD c:/program files (x86)/cypress/psoc creator/3.3/psoc creator/import/gnu/arm/4.9.3/bin/../lib/gcc/arm-none-eabi/4.9.3/armv7-m\libgcc.a
LOAD c:/program files (x86)/cypress/psoc creator/3.3/psoc creator/import/gnu/arm/4.9.3/bin/../lib/gcc/arm-none-eabi/4.9.3/../../../../arm-none-eabi/lib/armv7-m\libc.a
LOAD c:/program files (x86)/cypress/psoc creator/3.3/psoc creator/import/gnu/arm/4.9.3/bin/../lib/gcc/arm-none-eabi/4.9.3/../../../../arm-none-eabi/lib/armv7-m\libnosys.a
END GROUP
                0x00000000                CY_APPL_ORIGIN = 0x0
                0x00000100                CY_FLASH_ROW_SIZE = 0x100
                0x00000020                CY_ECC_ROW_SIZE = 0x20
                0x00000000                CY_EE_IN_BTLDR = 0x0
                0x00000000                CY_APPL_LOADABLE = 0x0
                0x00000800                CY_EE_SIZE = 0x800
                0x00000001                CY_APPL_NUM = 0x1
                0x00000001                CY_APPL_MAX = 0x1
                0x00000040                CY_METADATA_SIZE = 0x40
                0x00000000                CY_APPL_LOADABLE = 0x0
                0x00000000                CY_CHECKSUM_EXCLUDE_SIZE = ALIGN (0x0, CY_FLASH_ROW_SIZE)
                0x20007530                PROVIDE (__cy_heap_start, _end)
                0x00000001                PROVIDE (__cy_region_num, ((__cy_regions_end - __cy_regions) / 0x10))
                0x20008000                PROVIDE (__cy_stack, (ORIGIN (ram) + 0x10000))
                0x20007800                PROVIDE (__cy_heap_end, (__cy_stack - 0x800))

.cybootloader   0x00000000        0x0
 *(.cybootloader)
                0x00000000                appl1_start = CY_APPL_ORIGIN?CY_APPL_ORIGIN:ALIGN (CY_FLASH_ROW_SIZE)
                0x0001ff00                appl2_start = (appl1_start + ALIGN ((((0x40000 - appl1_start) - (0x2 * CY_FLASH_ROW_SIZE)) / 0x2), CY_FLASH_ROW_SIZE))
                0x00000000                appl_start = (CY_APPL_NUM == 0x1)?appl1_start:appl2_start
                0x00000000                ecc_offset = ((appl_start / CY_FLASH_ROW_SIZE) * CY_ECC_ROW_SIZE)
                0x00000000                ee_offset = (CY_APPL_LOADABLE && ! (CY_EE_IN_BTLDR))?((CY_EE_SIZE / CY_APPL_MAX) * (CY_APPL_NUM - 0x1)):0x0
                0x00000800                ee_size = (CY_APPL_LOADABLE && ! (CY_EE_IN_BTLDR))?(CY_EE_SIZE / CY_APPL_MAX):CY_EE_SIZE
                0x00000000                PROVIDE (CY_ECC_OFFSET, ecc_offset)

.text           0x00000000    0x1d762
 CREATE_OBJECT_SYMBOLS
                0x00000000                PROVIDE (__cy_interrupt_vector, RomVectors)
 *(.romvectors)
 .romvectors    0x00000000       0x10 .\CortexM3\ARM_GCC_493\Debug\Cm3Start.o
                0x00000000                RomVectors
                0x00000001                ASSERT ((. != __cy_interrupt_vector), No interrupt vector)
                0x00000001                ASSERT (CY_APPL_ORIGIN?(SIZEOF (.cybootloader) <= CY_APPL_ORIGIN):0x1, Wrong image location)
                0x00000010                PROVIDE (__cy_reset, Reset)
 *(.text.Reset)
 .text.Reset    0x00000010       0x18 .\CortexM3\ARM_GCC_493\Debug\Cm3Start.o
                0x00000010                Reset
                0x00000001                ASSERT ((. != __cy_reset), No reset code)
 *(.dma_init)
                0x00000001                ASSERT ((((appl_start + .) <= 0x10000) || 0x1), DMA Init must be within the first 64k of flash)
 *(.text .text.* .gnu.linkonce.t.*)
 .text          0x00000028       0x5c c:/program files (x86)/cypress/psoc creator/3.3/psoc creator/import/gnu/arm/4.9.3/bin/../lib/gcc/arm-none-eabi/4.9.3/armv7-m/crtbegin.o
 .text.UARTGlobalHandler
                0x00000084       0x50 .\CortexM3\ARM_GCC_493\Debug\UARTManager.o
                0x00000084                UARTGlobalHandler
 .text.GetUARTManager
                0x000000d4       0x3c .\CortexM3\ARM_GCC_493\Debug\UARTManager.o
                0x000000d4                GetUARTManager
 .text.GetUARTMessageSlot
                0x00000110       0xb4 .\CortexM3\ARM_GCC_493\Debug\UARTManager.o
                0x00000110                GetUARTMessageSlot
 .text.InitUARTManager
                0x000001c4       0x84 .\CortexM3\ARM_GCC_493\Debug\UARTManager.o
                0x000001c4                InitUARTManager
 .text.ReleaseMessage
                0x00000248       0x34 .\CortexM3\ARM_GCC_493\Debug\UARTManager.o
                0x00000248                ReleaseMessage
 .text.InvokeResolver
                0x0000027c       0x54 .\CortexM3\ARM_GCC_493\Debug\UARTResolver.o
                0x0000027c                InvokeResolver
 .text.UARTSinkRegistration
                0x000002d0        0xc .\CortexM3\ARM_GCC_493\Debug\UARTManagerSink.o
                0x000002d0                UARTSinkRegistration
 .text.loop_push
                0x000002dc       0x3c .\CortexM3\ARM_GCC_493\Debug\PseudoRTOS.o
                0x000002dc                loop_push
 .text.loop_invoke
                0x00000318       0x4c .\CortexM3\ARM_GCC_493\Debug\PseudoRTOS.o
                0x00000318                loop_invoke
 .text.B78AD90CF552D9B30A
                0x00000364      0x1dc .\CortexM3\ARM_GCC_493\Debug\Utils.o
                0x00000364                B78AD90CF552D9B30A
 .text.PSTRBUFFTOGG
                0x00000540       0x7c .\CortexM3\ARM_GCC_493\Debug\Utils.o
                0x00000540                PSTRBUFFTOGG
 .text.LSDBCDBUFF2HEX
                0x000005bc       0x94 .\CortexM3\ARM_GCC_493\Debug\Utils.o
                0x000005bc                LSDBCDBUFF2HEX
 .text.CRCCheck
                0x00000650       0x58 .\CortexM3\ARM_GCC_493\Debug\Security.o
                0x00000650                CRCCheck
 .text.RawCRCCheck
                0x000006a8       0x44 .\CortexM3\ARM_GCC_493\Debug\Security.o
                0x000006a8                RawCRCCheck
 .text.SinkManagerRegistration
                0x000006ec      0x148 .\CortexM3\ARM_GCC_493\Debug\SinkManager.o
                0x000006ec                SinkManagerRegistration
 *fill*         0x00000834        0x4 
 .text.AllocateMessageSlot
                0x00000838      0x150 .\CortexM3\ARM_GCC_493\Debug\SinkManager.o
                0x00000838                AllocateMessageSlot
 .text.FindSinkMessage
                0x00000988       0xc8 .\CortexM3\ARM_GCC_493\Debug\SinkManager.o
                0x00000988                FindSinkMessage
 .text.AllocateMessageSlotConditional
                0x00000a50      0x190 .\CortexM3\ARM_GCC_493\Debug\SinkManager.o
                0x00000a50                AllocateMessageSlotConditional
 .text.AllocateMessageArraySlotConditional
                0x00000be0      0x100 .\CortexM3\ARM_GCC_493\Debug\SinkManager.o
                0x00000be0                AllocateMessageArraySlotConditional
 .text.ReleaseSinkMessage
                0x00000ce0       0x2c .\CortexM3\ARM_GCC_493\Debug\SinkManager.o
                0x00000ce0                ReleaseSinkMessage
 .text.ReleaseSinkMessageByID
                0x00000d0c       0x4c .\CortexM3\ARM_GCC_493\Debug\SinkManager.o
                0x00000d0c                ReleaseSinkMessageByID
 .text.AllocateSubscriberSlot
                0x00000d58       0x68 .\CortexM3\ARM_GCC_493\Debug\SinkManager.o
                0x00000d58                AllocateSubscriberSlot
 .text.SinkHandler
                0x00000dc0      0x5c0 .\CortexM3\ARM_GCC_493\Debug\SinkManager.o
                0x00000dc0                SinkHandler
 .text.SinkBroadcast
                0x00001380       0x98 .\CortexM3\ARM_GCC_493\Debug\SinkManager.o
                0x00001380                SinkBroadcast
 .text.SinkFirstFound
                0x00001418       0xc0 .\CortexM3\ARM_GCC_493\Debug\SinkManager.o
                0x00001418                SinkFirstFound
 .text.SinkAllInterested
                0x000014d8       0xb4 .\CortexM3\ARM_GCC_493\Debug\SinkManager.o
                0x000014d8                SinkAllInterested
 .text.SinkBroadcastForever
                0x0000158c       0x94 .\CortexM3\ARM_GCC_493\Debug\SinkManager.o
                0x0000158c                SinkBroadcastForever
 .text.SinkCounterUpdateCallback
                0x00001620       0x70 .\CortexM3\ARM_GCC_493\Debug\SinkManager.o
                0x00001620                SinkCounterUpdateCallback
 .text.SinkReleaseByIDCallback
                0x00001690       0x1c .\CortexM3\ARM_GCC_493\Debug\SinkManager.o
                0x00001690                SinkReleaseByIDCallback
 .text.SinkReleaseByPtrCallback
                0x000016ac       0x20 .\CortexM3\ARM_GCC_493\Debug\SinkManager.o
                0x000016ac                SinkReleaseByPtrCallback
 .text.GetEepromBuffer
                0x000016cc       0x14 .\CortexM3\ARM_GCC_493\Debug\EepromManager.o
                0x000016cc                GetEepromBuffer
 .text.I2CBusUnlock
                0x000016e0       0x14 .\CortexM3\ARM_GCC_493\Debug\EepromManager.o
                0x000016e0                I2CBusUnlock
 .text.LoadEepromPage
                0x000016f4       0x94 .\CortexM3\ARM_GCC_493\Debug\EepromManager.o
                0x000016f4                LoadEepromPage
 .text.I2CBusLock
                0x00001788       0xc8 .\CortexM3\ARM_GCC_493\Debug\EepromManager.o
                0x00001788                I2CBusLock
 .text.StoreEepromPage
                0x00001850       0x8c .\CortexM3\ARM_GCC_493\Debug\EepromManager.o
                0x00001850                StoreEepromPage
 .text.ClearEepromBuffer
                0x000018dc       0x14 .\CortexM3\ARM_GCC_493\Debug\EepromManager.o
                0x000018dc                ClearEepromBuffer
 .text.GetRtcBuffer
                0x000018f0       0x14 .\CortexM3\ARM_GCC_493\Debug\RtcManager.o
                0x000018f0                GetRtcBuffer
 .text.ClearRtcBuffer
                0x00001904       0x14 .\CortexM3\ARM_GCC_493\Debug\RtcManager.o
                0x00001904                ClearRtcBuffer
 .text.UpdateRTC
                0x00001918       0xf8 .\CortexM3\ARM_GCC_493\Debug\RtcManager.o
                0x00001918                UpdateRTC
 .text.ReadRTC  0x00001a10       0x84 .\CortexM3\ARM_GCC_493\Debug\RtcManager.o
                0x00001a10                ReadRTC
 .text.StartRtc
                0x00001a94       0x30 .\CortexM3\ARM_GCC_493\Debug\RtcManager.o
                0x00001a94                StartRtc
 .text.GlobalInitializer
                0x00001ac4       0x48 .\CortexM3\ARM_GCC_493\Debug\Initializers.o
                0x00001ac4                GlobalInitializer
 .text.InitTimers
                0x00001b0c       0x24 .\CortexM3\ARM_GCC_493\Debug\Timers.o
                0x00001b0c                InitTimers
 .text.CounterIsr
                0x00001b30       0x40 .\CortexM3\ARM_GCC_493\Debug\Timers.o
                0x00001b30                CounterIsr
 .text.DispenserStateIsr
                0x00001b70       0x30 .\CortexM3\ARM_GCC_493\Debug\Timers.o
                0x00001b70                DispenserStateIsr
 .text.WriteAuxPSoC
                0x00001ba0       0x64 .\CortexM3\ARM_GCC_493\Debug\AuxPSoC.o
                0x00001ba0                WriteAuxPSoC
 .text.WatchDogInitialize
                0x00001c04       0x48 .\CortexM3\ARM_GCC_493\Debug\WatchDogReset.o
                0x00001c04                WatchDogInitialize
 .text.WatchDogHandler
                0x00001c4c       0x18 .\CortexM3\ARM_GCC_493\Debug\WatchDogReset.o
                0x00001c4c                WatchDogHandler
 .text.WatchDogStartup
                0x00001c64       0x18 .\CortexM3\ARM_GCC_493\Debug\WatchDogReset.o
                0x00001c64                WatchDogStartup
 .text.DispenserBufferResolver
                0x00001c7c       0x7c .\CortexM3\ARM_GCC_493\Debug\DispenserResolver.o
                0x00001c7c                DispenserBufferResolver
 .text.DispenserUARTSend
                0x00001cf8       0x54 .\CortexM3\ARM_GCC_493\Debug\DispenserResolver.o
                0x00001cf8                DispenserUARTSend
 .text.DispenserHoseActiveState
                0x00001d4c       0x90 .\CortexM3\ARM_GCC_493\Debug\DispenserBLL.o
                0x00001d4c                DispenserHoseActiveState
 .text.DispenserExecuteCreditTransaction
                0x00001ddc       0x90 .\CortexM3\ARM_GCC_493\Debug\DispenserBLL.o
                0x00001ddc                DispenserExecuteCreditTransaction
 .text.DispenserExecuteCashTransaction
                0x00001e6c       0x94 .\CortexM3\ARM_GCC_493\Debug\DispenserBLL.o
                0x00001e6c                DispenserExecuteCashTransaction
 .text.DispenserBeepWarning
                0x00001f00       0x90 .\CortexM3\ARM_GCC_493\Debug\DispenserBLL.o
                0x00001f00                DispenserBeepWarning
 .text.DispenserUpdatePumpState
                0x00001f90      0x138 .\CortexM3\ARM_GCC_493\Debug\DispenserBLL.o
                0x00001f90                DispenserUpdatePumpState
 .text.DispenserUnlockPumpsOnEOT
                0x000020c8       0xd4 .\CortexM3\ARM_GCC_493\Debug\DispenserBLL.o
                0x000020c8                DispenserUnlockPumpsOnEOT
 .text.DispenserUnlockPumpsOnEOTStartup
                0x0000219c       0xac .\CortexM3\ARM_GCC_493\Debug\DispenserBLL.o
                0x0000219c                DispenserUnlockPumpsOnEOTStartup
 .text.DispenserRestorePrices
                0x00002248       0xa4 .\CortexM3\ARM_GCC_493\Debug\DispenserBLL.o
                0x00002248                DispenserRestorePrices
 .text.DispenserAcquireConfiguration
                0x000022ec      0x114 .\CortexM3\ARM_GCC_493\Debug\DispenserBLL.o
                0x000022ec                DispenserAcquireConfiguration
 .text.DispenserConfigurePrices
                0x00002400      0x12c .\CortexM3\ARM_GCC_493\Debug\DispenserBLL.o
                0x00002400                DispenserConfigurePrices
 .text.DispenserConfigureSinglePrice
                0x0000252c      0x370 .\CortexM3\ARM_GCC_493\Debug\DispenserBLL.o
                0x0000252c                DispenserConfigureSinglePrice
 .text.DispenserAcquireTotals
                0x0000289c       0xa0 .\CortexM3\ARM_GCC_493\Debug\DispenserBLL.o
                0x0000289c                DispenserAcquireTotals
 .text.DispenserEnumeratePumps
                0x0000293c      0x150 .\CortexM3\ARM_GCC_493\Debug\DispenserBLL.o
                0x0000293c                DispenserEnumeratePumps
 .text.DispenserLoadEEPROMSettings
                0x00002a8c      0x1ec .\CortexM3\ARM_GCC_493\Debug\DispenserBLL.o
                0x00002a8c                DispenserLoadEEPROMSettings
 .text.DispenserGetEepromPPUPageFromPumpID
                0x00002c78       0xb4 .\CortexM3\ARM_GCC_493\Debug\DispenserBLL.o
                0x00002c78                DispenserGetEepromPPUPageFromPumpID
 .text.GetPumpFromRemotePositionID
                0x00002d2c       0x64 .\CortexM3\ARM_GCC_493\Debug\DispenserBLL.o
                0x00002d2c                GetPumpFromRemotePositionID
 .text.DispenserSide1Listener
                0x00002d90      0x17c .\CortexM3\ARM_GCC_493\Debug\DispenserBLL.o
                0x00002d90                DispenserSide1Listener
 .text.DispenserSide2Listener
                0x00002f0c      0x17c .\CortexM3\ARM_GCC_493\Debug\DispenserBLL.o
                0x00002f0c                DispenserSide2Listener
 .text.DispenserTimeoutHandler
                0x00003088       0xf8 .\CortexM3\ARM_GCC_493\Debug\DispenserSink.o
                0x00003088                DispenserTimeoutHandler
 .text.DispenserDataReceptionHandler
                0x00003180      0x2b0 .\CortexM3\ARM_GCC_493\Debug\DispenserSink.o
                0x00003180                DispenserDataReceptionHandler
 .text.DispenserUpdateTimeouts
                0x00003430       0x84 .\CortexM3\ARM_GCC_493\Debug\DispenserSink.o
                0x00003430                DispenserUpdateTimeouts
 .text.DispenserHandler
                0x000034b4      0x250 .\CortexM3\ARM_GCC_493\Debug\DispenserSink.o
                0x000034b4                DispenserHandler
 .text.DispenserSinkRegistration
                0x00003704      0x31c .\CortexM3\ARM_GCC_493\Debug\DispenserSink.o
                0x00003704                DispenserSinkRegistration
 .text.WorkShiftDecorator
                0x00003a20       0xc4 .\CortexM3\ARM_GCC_493\Debug\DisplayBLL.o
                0x00003a20                WorkShiftDecorator
 .text.InitiateWorkShiftValidation
                0x00003ae4      0x144 .\CortexM3\ARM_GCC_493\Debug\DisplayBLL.o
                0x00003ae4                InitiateWorkShiftValidation
 .text.RequestWorkShiftOperAuthorization
                0x00003c28      0x13c .\CortexM3\ARM_GCC_493\Debug\DisplayBLL.o
                0x00003c28                RequestWorkShiftOperAuthorization
 .text.DrawNumberOfCopies
                0x00003d64      0x170 .\CortexM3\ARM_GCC_493\Debug\DisplayBLL.o
                0x00003d64                DrawNumberOfCopies
 .text.CancelMessageDecorator
                0x00003ed4       0xc4 .\CortexM3\ARM_GCC_493\Debug\DisplayBLL.o
                0x00003ed4                CancelMessageDecorator
 .text.AcceptedAuthorizationMessageDecorator
                0x00003f98      0x15c .\CortexM3\ARM_GCC_493\Debug\DisplayBLL.o
                0x00003f98                AcceptedAuthorizationMessageDecorator
 .text.ProductNameSelectionDecorator
                0x000040f4      0x500 .\CortexM3\ARM_GCC_493\Debug\DisplayBLL.o
                0x000040f4                ProductNameSelectionDecorator
 .text.RejectedAuthorizationMessageDecorator
                0x000045f4      0x15c .\CortexM3\ARM_GCC_493\Debug\DisplayBLL.o
                0x000045f4                RejectedAuthorizationMessageDecorator
 .text.ValidateAuthorizationResponse4Credit
                0x00004750       0x94 .\CortexM3\ARM_GCC_493\Debug\DisplayBLL.o
                0x00004750                ValidateAuthorizationResponse4Credit
 .text.SendAuthorizationRequest4Credit
                0x000047e4      0x234 .\CortexM3\ARM_GCC_493\Debug\DisplayBLL.o
                0x000047e4                SendAuthorizationRequest4Credit
 .text.DisplayStationIDDecorator
                0x00004a18       0xe4 .\CortexM3\ARM_GCC_493\Debug\DisplayBLL.o
                0x00004a18                DisplayStationIDDecorator
 .text.DisplayStationIDStore
                0x00004afc       0xd4 .\CortexM3\ARM_GCC_493\Debug\DisplayBLL.o
                0x00004afc                DisplayStationIDStore
 .text.DisplayStationIDLoad
                0x00004bd0       0x94 .\CortexM3\ARM_GCC_493\Debug\DisplayBLL.o
                0x00004bd0                DisplayStationIDLoad
 .text.DisplayPumpIDOffsetLoad
                0x00004c64       0x80 .\CortexM3\ARM_GCC_493\Debug\DisplayBLL.o
                0x00004c64                DisplayPumpIDOffsetLoad
 .text.DisplayPumpIDOffsetDecorator
                0x00004ce4       0xe4 .\CortexM3\ARM_GCC_493\Debug\DisplayBLL.o
                0x00004ce4                DisplayPumpIDOffsetDecorator
 .text.DisplayPumpIDOffsetStore
                0x00004dc8       0xc4 .\CortexM3\ARM_GCC_493\Debug\DisplayBLL.o
                0x00004dc8                DisplayPumpIDOffsetStore
 .text.iButtonScreenNotification
                0x00004e8c       0x98 .\CortexM3\ARM_GCC_493\Debug\DisplayBLL.o
                0x00004e8c                iButtonScreenNotification
 .text.TerminateiButtonScan
                0x00004f24       0x34 .\CortexM3\ARM_GCC_493\Debug\DisplayBLL.o
                0x00004f24                TerminateiButtonScan
 .text.InitiateiButtonScan
                0x00004f58       0xb0 .\CortexM3\ARM_GCC_493\Debug\DisplayBLL.o
                0x00004f58                InitiateiButtonScan
 .text.DrawDateTime
                0x00005008      0x820 .\CortexM3\ARM_GCC_493\Debug\DisplayBLL.o
                0x00005008                DrawDateTime
 .text.DrawHomeDateTime
                0x00005828      0x788 .\CortexM3\ARM_GCC_493\Debug\DisplayBLL.o
                0x00005828                DrawHomeDateTime
 .text.DisplayUpdateHomeAnimation
                0x00005fb0      0xd30 .\CortexM3\ARM_GCC_493\Debug\DisplayBLL.o
                0x00005fb0                DisplayUpdateHomeAnimation
 .text.InitiateUpdateDateTime
                0x00006ce0       0xa8 .\CortexM3\ARM_GCC_493\Debug\DisplayBLL.o
                0x00006ce0                InitiateUpdateDateTime
 .text.TerminateUpdateDateTime
                0x00006d88       0x50 .\CortexM3\ARM_GCC_493\Debug\DisplayBLL.o
                0x00006d88                TerminateUpdateDateTime
 .text.InitiateHomeAnimation
                0x00006dd8       0xa0 .\CortexM3\ARM_GCC_493\Debug\DisplayBLL.o
                0x00006dd8                InitiateHomeAnimation
 .text.DisplayUpdateDateTime
                0x00006e78       0x2c .\CortexM3\ARM_GCC_493\Debug\DisplayBLL.o
                0x00006e78                DisplayUpdateDateTime
 .text.TerminateHomeAnimation
                0x00006ea4       0x50 .\CortexM3\ARM_GCC_493\Debug\DisplayBLL.o
                0x00006ea4                TerminateHomeAnimation
 .text.DisplayGenericValidator
                0x00006ef4      0x174 .\CortexM3\ARM_GCC_493\Debug\DisplayBLL.o
                0x00006ef4                DisplayGenericValidator
 .text.PrintersWorking
                0x00007068       0x64 .\CortexM3\ARM_GCC_493\Debug\DisplayBLL.o
                0x00007068                PrintersWorking
 .text.EitherPrinterWorking
                0x000070cc       0x78 .\CortexM3\ARM_GCC_493\Debug\DisplayBLL.o
                0x000070cc                EitherPrinterWorking
 .text.CastCreditVolumeValue
                0x00007144      0x164 .\CortexM3\ARM_GCC_493\Debug\DisplayBLL.o
                0x00007144                CastCreditVolumeValue
 .text.Display1Logic
                0x000072a8      0x1b4 .\CortexM3\ARM_GCC_493\Debug\DisplayBLL.o
                0x000072a8                Display1Logic
 .text.PrintcopyReceipt
                0x0000745c       0xa0 .\CortexM3\ARM_GCC_493\Debug\DisplayBLL.o
                0x0000745c                PrintcopyReceipt
 .text.Display2Logic
                0x000074fc      0x1b4 .\CortexM3\ARM_GCC_493\Debug\DisplayBLL.o
                0x000074fc                Display2Logic
 .text.DisplaySinkRegistration
                0x000076b0      0x19c .\CortexM3\ARM_GCC_493\Debug\DisplaySink.o
                0x000076b0                DisplaySinkRegistration
 .text.InitDisplays
                0x0000784c       0xd0 .\CortexM3\ARM_GCC_493\Debug\DisplaySink.o
                0x0000784c                InitDisplays
 .text.DisplayRaiseTimeoutsAndStateChanges
                0x0000791c      0x300 .\CortexM3\ARM_GCC_493\Debug\DisplaySink.o
                0x0000791c                DisplayRaiseTimeoutsAndStateChanges
 .text.DisplayOutputString
                0x00007c1c      0x138 .\CortexM3\ARM_GCC_493\Debug\DisplayUtils.o
                0x00007c1c                DisplayOutputString
 .text.ParseDisplayFlow
                0x00007d54       0xa8 .\CortexM3\ARM_GCC_493\Debug\DisplayUtils.o
                0x00007d54                ParseDisplayFlow
 .text.DisplayFlowInputHandler
                0x00007dfc       0x68 .\CortexM3\ARM_GCC_493\Debug\DisplayUtils.o
                0x00007dfc                DisplayFlowInputHandler
 .text.DisplayFlowInputValidator
                0x00007e64       0x68 .\CortexM3\ARM_GCC_493\Debug\DisplayUtils.o
                0x00007e64                DisplayFlowInputValidator
 .text.DisplayInitializer
                0x00007ecc       0x68 .\CortexM3\ARM_GCC_493\Debug\DisplayUtils.o
                0x00007ecc                DisplayInitializer
 .text.DisplayFlowDecorator
                0x00007f34       0x68 .\CortexM3\ARM_GCC_493\Debug\DisplayUtils.o
                0x00007f34                DisplayFlowDecorator
 .text.DisplayFinalizer
                0x00007f9c       0x68 .\CortexM3\ARM_GCC_493\Debug\DisplayUtils.o
                0x00007f9c                DisplayFinalizer
 .text.ParseDisplayStream
                0x00008004       0xac .\CortexM3\ARM_GCC_493\Debug\DisplayUtils.o
                0x00008004                ParseDisplayStream
 .text.GetDisplayFlowNode
                0x000080b0       0xa0 .\CortexM3\ARM_GCC_493\Debug\DisplayUtils.o
                0x000080b0                GetDisplayFlowNode
 .text.PrepareDisplayStructure
                0x00008150       0x70 .\CortexM3\ARM_GCC_493\Debug\DisplayUtils.o
                0x00008150                PrepareDisplayStructure
 .text.NonEmptyDataValidator
                0x000081c0       0x2c .\CortexM3\ARM_GCC_493\Debug\DisplayUtils.o
                0x000081c0                NonEmptyDataValidator
 .text.SecureConfigurationValidator
                0x000081ec       0x74 .\CortexM3\ARM_GCC_493\Debug\DisplayUtils.o
                0x000081ec                SecureConfigurationValidator
 .text.SaveNewPassword
                0x00008260       0x48 .\CortexM3\ARM_GCC_493\Debug\DisplayUtils.o
                0x00008260                SaveNewPassword
 .text.DisplayIntegerInputHandler
                0x000082a8      0x16c .\CortexM3\ARM_GCC_493\Debug\DisplayUtils.o
                0x000082a8                DisplayIntegerInputHandler
 .text.DisplayMoneyInputHandler
                0x00008414      0x204 .\CortexM3\ARM_GCC_493\Debug\DisplayUtils.o
                0x00008414                DisplayMoneyInputHandler
 .text.DisplayVolumeInputHandler
                0x00008618      0x238 .\CortexM3\ARM_GCC_493\Debug\DisplayUtils.o
                0x00008618                DisplayVolumeInputHandler
 .text.NonEmptyMoneyValidator
                0x00008850      0x144 .\CortexM3\ARM_GCC_493\Debug\DisplayUtils.o
                0x00008850                NonEmptyMoneyValidator
 .text.NonEmpty15ModuloValidator
                0x00008994      0x11c .\CortexM3\ARM_GCC_493\Debug\DisplayUtils.o
                0x00008994                NonEmpty15ModuloValidator
 .text.ValidatePumpAvailability4Positions
                0x00008ab0      0x1a4 .\CortexM3\ARM_GCC_493\Debug\DisplayUtils.o
                0x00008ab0                ValidatePumpAvailability4Positions
 .text.ValidatePumpAvailability21Positions
                0x00008c54      0x15c .\CortexM3\ARM_GCC_493\Debug\DisplayUtils.o
                0x00008c54                ValidatePumpAvailability21Positions
 .text.GetPumpsAvailability
                0x00008db0      0x28c .\CortexM3\ARM_GCC_493\Debug\DisplayUtils.o
                0x00008db0                GetPumpsAvailability
 .text.GetPumpsPrintState
                0x0000903c       0xe8 .\CortexM3\ARM_GCC_493\Debug\DisplayUtils.o
                0x0000903c                GetPumpsPrintState
 .text.DisplayInputHandler
                0x00009124      0x14c .\CortexM3\ARM_GCC_493\Debug\DisplayUtils.o
                0x00009124                DisplayInputHandler
 .text.DisplayIDInputHandler
                0x00009270      0x164 .\CortexM3\ARM_GCC_493\Debug\DisplayUtils.o
                0x00009270                DisplayIDInputHandler
 .text.DisplayInputPasswordHandler
                0x000093d4      0x190 .\CortexM3\ARM_GCC_493\Debug\DisplayUtils.o
                0x000093d4                DisplayInputPasswordHandler
 .text.GetDisplayFromPumpID
                0x00009564       0xb0 .\CortexM3\ARM_GCC_493\Debug\DisplayUtils.o
                0x00009564                GetDisplayFromPumpID
 .text.DisplayProductSelectionInputHandler
                0x00009614       0xb4 .\CortexM3\ARM_GCC_493\Debug\DisplayUtils.o
                0x00009614                DisplayProductSelectionInputHandler
 .text.CleanMessageSink
                0x000096c8       0x40 .\CortexM3\ARM_GCC_493\Debug\DisplayUtils.o
                0x000096c8                CleanMessageSink
 .text.SequesterMessageSink
                0x00009708      0x148 .\CortexM3\ARM_GCC_493\Debug\DisplayUtils.o
                0x00009708                SequesterMessageSink
 .text.ReleaseMessageSink
                0x00009850      0x1a8 .\CortexM3\ARM_GCC_493\Debug\DisplayUtils.o
                0x00009850                ReleaseMessageSink
 .text.StoreTransactionData
                0x000099f8      0x3d0 .\CortexM3\ARM_GCC_493\Debug\DisplayUtils.o
                0x000099f8                StoreTransactionData
 .text.UnmapCode
                0x00009dc8       0x48 .\CortexM3\ARM_GCC_493\Debug\DisplayCharacterMap.o
                0x00009dc8                UnmapCode
 .text.GetBufferIndexFromDisplayID
                0x00009e10       0x48 .\CortexM3\ARM_GCC_493\Debug\DisplayBufferScreenMap.o
                0x00009e10                GetBufferIndexFromDisplayID
 .text.GetBufferLengthFromDisplayID
                0x00009e58       0x48 .\CortexM3\ARM_GCC_493\Debug\DisplayBufferScreenMap.o
                0x00009e58                GetBufferLengthFromDisplayID
 .text.GetPumpIndexFromDisplay
                0x00009ea0       0x78 .\CortexM3\ARM_GCC_493\Debug\DisplayBufferScreenMap.o
                0x00009ea0                GetPumpIndexFromDisplay
 .text.Display1BufferResolver
                0x00009f18       0xf4 .\CortexM3\ARM_GCC_493\Debug\DisplayResolver.o
                0x00009f18                Display1BufferResolver
 .text.Display2BufferResolver
                0x0000a00c       0xf4 .\CortexM3\ARM_GCC_493\Debug\DisplayResolver.o
                0x0000a00c                Display2BufferResolver
 .text.Dislay1UARTSend
                0x0000a100       0x48 .\CortexM3\ARM_GCC_493\Debug\DisplayResolver.o
                0x0000a100                Dislay1UARTSend
 .text.PrintLogo
                0x0000a148       0x3c .\CortexM3\ARM_GCC_493\Debug\PrinterBLL.o
                0x0000a148                PrintLogo
 .text.Printer11Callback
                0x0000a184       0x54 .\CortexM3\ARM_GCC_493\Debug\PrinterBLL.o
                0x0000a184                Printer11Callback
 .text.Printer12Callback
                0x0000a1d8       0x54 .\CortexM3\ARM_GCC_493\Debug\PrinterBLL.o
                0x0000a1d8                Printer12Callback
 .text.Printer21Callback
                0x0000a22c       0x54 .\CortexM3\ARM_GCC_493\Debug\PrinterBLL.o
                0x0000a22c                Printer21Callback
 .text.Printer22Callback
                0x0000a280       0x54 .\CortexM3\ARM_GCC_493\Debug\PrinterBLL.o
                0x0000a280                Printer22Callback
 .text.Printer1GenericCallback
                0x0000a2d4       0x1c .\CortexM3\ARM_GCC_493\Debug\PrinterBLL.o
                0x0000a2d4                Printer1GenericCallback
 .text.Printer2GenericCallback
                0x0000a2f0       0x1c .\CortexM3\ARM_GCC_493\Debug\PrinterBLL.o
                0x0000a2f0                Printer2GenericCallback
 .text.MeasurePrinterASCIIBufferLength
                0x0000a30c       0x34 .\CortexM3\ARM_GCC_493\Debug\PrinterBLL.o
                0x0000a30c                MeasurePrinterASCIIBufferLength
 .text.Printer1GenericCallbacklogo
                0x0000a340       0x18 .\CortexM3\ARM_GCC_493\Debug\PrinterBLL.o
                0x0000a340                Printer1GenericCallbacklogo
 .text.Printer2GenericCallbacklogo
                0x0000a358       0x18 .\CortexM3\ARM_GCC_493\Debug\PrinterBLL.o
                0x0000a358                Printer2GenericCallbacklogo
 .text.PadSpacesToCenter
                0x0000a370       0x24 .\CortexM3\ARM_GCC_493\Debug\PrinterBLL.o
                0x0000a370                PadSpacesToCenter
 .text.GetProductNameFromPumpAndHose
                0x0000a394      0x3c8 .\CortexM3\ARM_GCC_493\Debug\PrinterBLL.o
                0x0000a394                GetProductNameFromPumpAndHose
 .text.FormatNumberLSDFirst
                0x0000a75c      0x140 .\CortexM3\ARM_GCC_493\Debug\PrinterBLL.o
                0x0000a75c                FormatNumberLSDFirst
 .text.Print    0x0000a89c     0x1128 .\CortexM3\ARM_GCC_493\Debug\PrinterBLL.o
                0x0000a89c                Print
 .text.PrintGeneric
                0x0000b9c4       0x44 .\CortexM3\ARM_GCC_493\Debug\PrinterBLL.o
                0x0000b9c4                PrintGeneric
 .text.PrinterSinkRegistration
                0x0000ba08      0x148 .\CortexM3\ARM_GCC_493\Debug\PrinterSink.o
                0x0000ba08                PrinterSinkRegistration
 .text.PrinterUARTSend
                0x0000bb50       0x14 .\CortexM3\ARM_GCC_493\Debug\PrinterResolver.o
                0x0000bb50                PrinterUARTSend
 .text.GetPrinterTemplateLine
                0x0000bb64       0x48 .\CortexM3\ARM_GCC_493\Debug\PrinterTemplate.o
                0x0000bb64                GetPrinterTemplateLine
 .text.GetPrinterVolumeTemplateTag
                0x0000bbac       0x48 .\CortexM3\ARM_GCC_493\Debug\PrinterTemplate.o
                0x0000bbac                GetPrinterVolumeTemplateTag
 .text.GetPrinterPriceTemplateTag
                0x0000bbf4       0x34 .\CortexM3\ARM_GCC_493\Debug\PrinterTemplate.o
                0x0000bbf4                GetPrinterPriceTemplateTag
 .text.iButtonSinkRegistration
                0x0000bc28       0x5c .\CortexM3\ARM_GCC_493\Debug\iButtonSink.o
                0x0000bc28                iButtonSinkRegistration
 .text.iButton1Scan
                0x0000bc84       0xb4 .\CortexM3\ARM_GCC_493\Debug\iButtonBLL.o
                0x0000bc84                iButton1Scan
 .text.iButton2Scan
                0x0000bd38       0xa8 .\CortexM3\ARM_GCC_493\Debug\iButtonBLL.o
                0x0000bd38                iButton2Scan
 .text.iButtonResetPresenceSequence
                0x0000bde0       0x84 .\CortexM3\ARM_GCC_493\Debug\iButtonProtocol.o
                0x0000bde0                iButtonResetPresenceSequence
 .text.iButtonRead
                0x0000be64       0xbc .\CortexM3\ARM_GCC_493\Debug\iButtonProtocol.o
                0x0000be64                iButtonRead
 .text.iButtonWrite
                0x0000bf20       0xc4 .\CortexM3\ARM_GCC_493\Debug\iButtonProtocol.o
                0x0000bf20                iButtonWrite
 .text.InitProtocol
                0x0000bfe4      0x32c .\CortexM3\ARM_GCC_493\Debug\Prime.o
                0x0000bfe4                InitProtocol
 .text.PumpIsInValidState
                0x0000c310       0x38 .\CortexM3\ARM_GCC_493\Debug\Prime.o
                0x0000c310                PumpIsInValidState
 .text.PumpJobQueueClear
                0x0000c348       0x8c .\CortexM3\ARM_GCC_493\Debug\Prime.o
                0x0000c348                PumpJobQueueClear
 .text.PumpJobAllocate
                0x0000c3d4      0x144 .\CortexM3\ARM_GCC_493\Debug\Prime.o
                0x0000c3d4                PumpJobAllocate
 .text.PumpJobEnqueue
                0x0000c518       0x5c .\CortexM3\ARM_GCC_493\Debug\Prime.o
                0x0000c518                PumpJobEnqueue
 .text.PumpJobQueuePeek
                0x0000c574       0x30 .\CortexM3\ARM_GCC_493\Debug\Prime.o
                0x0000c574                PumpJobQueuePeek
 .text.PumpJobDequeue
                0x0000c5a4       0xb8 .\CortexM3\ARM_GCC_493\Debug\Prime.o
                0x0000c5a4                PumpJobDequeue
 .text.PumpJobRotate
                0x0000c65c       0x78 .\CortexM3\ARM_GCC_493\Debug\Prime.o
                0x0000c65c                PumpJobRotate
 .text.PumpTransactionalStateDequeue
                0x0000c6d4       0x60 .\CortexM3\ARM_GCC_493\Debug\Prime.o
                0x0000c6d4                PumpTransactionalStateDequeue
 .text.PumpTransactionalStateEnqueue
                0x0000c734       0x1c .\CortexM3\ARM_GCC_493\Debug\Prime.o
                0x0000c734                PumpTransactionalStateEnqueue
 .text.PumpTransactionalStateDeallocate
                0x0000c750       0x94 .\CortexM3\ARM_GCC_493\Debug\Prime.o
                0x0000c750                PumpTransactionalStateDeallocate
 .text.PumpTransactionalStateFind
                0x0000c7e4       0x54 .\CortexM3\ARM_GCC_493\Debug\Prime.o
                0x0000c7e4                PumpTransactionalStateFind
 .text.PumpTransactionalStateAllocate
                0x0000c838       0x94 .\CortexM3\ARM_GCC_493\Debug\Prime.o
                0x0000c838                PumpTransactionalStateAllocate
 *fill*         0x0000c8cc        0x4 
 .text.PumpTransactionalStateLock
                0x0000c8d0       0x70 .\CortexM3\ARM_GCC_493\Debug\Prime.o
                0x0000c8d0                PumpTransactionalStateLock
 .text.PumpTransactionalStateUnlock
                0x0000c940       0x20 .\CortexM3\ARM_GCC_493\Debug\Prime.o
                0x0000c940                PumpTransactionalStateUnlock
 .text.PumpCleanUp
                0x0000c960       0xb4 .\CortexM3\ARM_GCC_493\Debug\Prime.o
                0x0000c960                PumpCleanUp
 .text.GetTransactionByName
                0x0000ca14       0x48 .\CortexM3\ARM_GCC_493\Debug\PrimeFlow.o
                0x0000ca14                GetTransactionByName
 .text.AcquirePumpStateResponse
                0x0000ca5c       0xa4 .\CortexM3\ARM_GCC_493\Debug\PrimeImpl.o
                0x0000ca5c                AcquirePumpStateResponse
 .text.AcquireDatatoPumpResponse
                0x0000cb00       0x48 .\CortexM3\ARM_GCC_493\Debug\PrimeImpl.o
                0x0000cb00                AcquireDatatoPumpResponse
 .text.ProcessPumpRTMoneyRequest
                0x0000cb48       0xe0 .\CortexM3\ARM_GCC_493\Debug\PrimeImpl.o
                0x0000cb48                ProcessPumpRTMoneyRequest
 .text.ProcessPumpRTHoseVolumeRequest
                0x0000cc28       0xf4 .\CortexM3\ARM_GCC_493\Debug\PrimeImpl.o
                0x0000cc28                ProcessPumpRTHoseVolumeRequest
 .text.ProcessPumpTransactionData
                0x0000cd1c      0x8f4 .\CortexM3\ARM_GCC_493\Debug\PrimeImpl.o
                0x0000cd1c                ProcessPumpTransactionData
 .text.ProcessPumpTotalsDataReport
                0x0000d610      0x174 .\CortexM3\ARM_GCC_493\Debug\PrimeImpl.o
                0x0000d610                ProcessPumpTotalsDataReport
 .text.PumpJobTimeout
                0x0000d784       0x38 .\CortexM3\ARM_GCC_493\Debug\PrimeImpl.o
                0x0000d784                PumpJobTimeout
 .text.PumpStateJobTimeout
                0x0000d7bc       0x38 .\CortexM3\ARM_GCC_493\Debug\PrimeImpl.o
                0x0000d7bc                PumpStateJobTimeout
 .text.PumpAuthorization
                0x0000d7f4       0x84 .\CortexM3\ARM_GCC_493\Debug\PrimeImpl.o
                0x0000d7f4                PumpAuthorization
 .text.PumpStartupAuthorization
                0x0000d878       0x70 .\CortexM3\ARM_GCC_493\Debug\PrimeImpl.o
                0x0000d878                PumpStartupAuthorization
 .text.PumpStateRequest
                0x0000d8e8       0x60 .\CortexM3\ARM_GCC_493\Debug\PrimeImpl.o
                0x0000d8e8                PumpStateRequest
 .text.PumpRTMoneyRequest
                0x0000d948       0x6c .\CortexM3\ARM_GCC_493\Debug\PrimeImpl.o
                0x0000d948                PumpRTMoneyRequest
 .text.PumpRTHoseVolumeRequest
                0x0000d9b4       0x6c .\CortexM3\ARM_GCC_493\Debug\PrimeImpl.o
                0x0000d9b4                PumpRTHoseVolumeRequest
 .text.PumpTransactionDataRequest
                0x0000da20       0x6c .\CortexM3\ARM_GCC_493\Debug\PrimeImpl.o
                0x0000da20                PumpTransactionDataRequest
 .text.PumpTotalsDataRequest
                0x0000da8c       0x6c .\CortexM3\ARM_GCC_493\Debug\PrimeImpl.o
                0x0000da8c                PumpTotalsDataRequest
 .text.PumpDataToPump
                0x0000daf8       0x6c .\CortexM3\ARM_GCC_493\Debug\PrimeImpl.o
                0x0000daf8                PumpDataToPump
 .text.PumpPresetHose
                0x0000db64      0x14c .\CortexM3\ARM_GCC_493\Debug\PrimeImpl.o
                0x0000db64                PumpPresetHose
 .text.PumpCreditPresetHose
                0x0000dcb0      0x160 .\CortexM3\ARM_GCC_493\Debug\PrimeImpl.o
                0x0000dcb0                PumpCreditPresetHose
 .text.PumpPresetNotification
                0x0000de10      0x178 .\CortexM3\ARM_GCC_493\Debug\PrimeImpl.o
                0x0000de10                PumpPresetNotification
 .text.PumpCreditPresetNotification
                0x0000df88       0xac .\CortexM3\ARM_GCC_493\Debug\PrimeImpl.o
                0x0000df88                PumpCreditPresetNotification
 .text.PumpFullPresetHose
                0x0000e034      0x178 .\CortexM3\ARM_GCC_493\Debug\PrimeImpl.o
                0x0000e034                PumpFullPresetHose
 .text.PumpPpuChange
                0x0000e1ac      0x260 .\CortexM3\ARM_GCC_493\Debug\PrimeImpl.o
                0x0000e1ac                PumpPpuChange
 .text.PumpDefault2CreditPpuChange
                0x0000e40c      0x154 .\CortexM3\ARM_GCC_493\Debug\PrimeImpl.o
                0x0000e40c                PumpDefault2CreditPpuChange
 .text.PumpCredit2DefaultPpuChange
                0x0000e560      0x1e4 .\CortexM3\ARM_GCC_493\Debug\PrimeImpl.o
                0x0000e560                PumpCredit2DefaultPpuChange
 .text.PumpStopRequest
                0x0000e744       0x6c .\CortexM3\ARM_GCC_493\Debug\PrimeImpl.o
                0x0000e744                PumpStopRequest
 .text.PumpStopAllRequest
                0x0000e7b0       0x60 .\CortexM3\ARM_GCC_493\Debug\PrimeImpl.o
                0x0000e7b0                PumpStopAllRequest
 .text.PumpCompleteConfiguration
                0x0000e810       0xe8 .\CortexM3\ARM_GCC_493\Debug\PrimeImpl.o
                0x0000e810                PumpCompleteConfiguration
 .text.PumpHoseActiveState
                0x0000e8f8       0xec .\CortexM3\ARM_GCC_493\Debug\PrimeImpl.o
                0x0000e8f8                PumpHoseActiveState
 .text.AcquirePumpHoseActiveState
                0x0000e9e4      0x1a0 .\CortexM3\ARM_GCC_493\Debug\PrimeImpl.o
                0x0000e9e4                AcquirePumpHoseActiveState
 .text.AcquirePumpCompleteConfiguration
                0x0000eb84     0x1038 .\CortexM3\ARM_GCC_493\Debug\PrimeImpl.o
                0x0000eb84                AcquirePumpCompleteConfiguration
 .text.AcquireDispenserLayoutInformation
                0x0000fbbc      0x1e4 .\CortexM3\ARM_GCC_493\Debug\PrimeImpl.o
                0x0000fbbc                AcquireDispenserLayoutInformation
 .text.AcquirePumpSpecialFunctionResponseResolver
                0x0000fda0      0x124 .\CortexM3\ARM_GCC_493\Debug\PrimeImpl.o
                0x0000fda0                AcquirePumpSpecialFunctionResponseResolver
 .text.PumpEnumeratorRequest
                0x0000fec4       0x60 .\CortexM3\ARM_GCC_493\Debug\PrimeImpl.o
                0x0000fec4                PumpEnumeratorRequest
 .text.AcquirePumpEnumeratorResponse
                0x0000ff24      0x240 .\CortexM3\ARM_GCC_493\Debug\PrimeImpl.o
                0x0000ff24                AcquirePumpEnumeratorResponse
 .text.PumpEnumeratorTimeout
                0x00010164       0x6c .\CortexM3\ARM_GCC_493\Debug\PrimeImpl.o
                0x00010164                PumpEnumeratorTimeout
 .text.AcquirePumpTotalsResponseResolver
                0x000101d0       0xb8 .\CortexM3\ARM_GCC_493\Debug\PrimeImpl.o
                0x000101d0                AcquirePumpTotalsResponseResolver
 .text.PrimeActivateProgramming
                0x00010288       0xac .\CortexM3\ARM_GCC_493\Debug\PrimeImpl.o
                0x00010288                PrimeActivateProgramming
 .text.GetLRC   0x00010334       0x60 .\CortexM3\ARM_GCC_493\Debug\PrimeImpl.o
                0x00010334                GetLRC
 .text.FindLRC  0x00010394       0x30 .\CortexM3\ARM_GCC_493\Debug\PrimeImpl.o
                0x00010394                FindLRC
 .text.InitiateTransaction
                0x000103c4       0x2c .\CortexM3\ARM_GCC_493\Debug\PrimeImpl.o
                0x000103c4                InitiateTransaction
 .text.TerminateTransaction
                0x000103f0       0x2c .\CortexM3\ARM_GCC_493\Debug\PrimeImpl.o
                0x000103f0                TerminateTransaction
 .text.TerminateTransactionAndPrint
                0x0001041c      0x208 .\CortexM3\ARM_GCC_493\Debug\PrimeImpl.o
                0x0001041c                TerminateTransactionAndPrint
 .text.CastVolumeValue
                0x00010624      0x164 .\CortexM3\ARM_GCC_493\Debug\PrimeImpl.o
                0x00010624                CastVolumeValue
 .text.CastMoneyValue
                0x00010788      0x164 .\CortexM3\ARM_GCC_493\Debug\PrimeImpl.o
                0x00010788                CastMoneyValue
 .text.TranslateSpecialFuncionDigit
                0x000108ec       0x48 .\CortexM3\ARM_GCC_493\Debug\PrimeImpl.o
                0x000108ec                TranslateSpecialFuncionDigit
 .text.RFSinkRegistration
                0x00010934       0xdc .\CortexM3\ARM_GCC_493\Debug\RFSink.o
                0x00010934                RFSinkRegistration
 .text.RFServerAutonomousMonitor
                0x00010a10       0x64 .\CortexM3\ARM_GCC_493\Debug\RFSink.o
                0x00010a10                RFServerAutonomousMonitor
 .text.RFServerRequestHandler
                0x00010a74       0x68 .\CortexM3\ARM_GCC_493\Debug\RFBLL.o
                0x00010a74                RFServerRequestHandler
 .text.RFErrorHandler
                0x00010adc       0x14 .\CortexM3\ARM_GCC_493\Debug\RFBLL.o
                0x00010adc                RFErrorHandler
 .text.GetRFRequestResolver
                0x00010af0       0x58 .\CortexM3\ARM_GCC_493\Debug\RFBLL.o
                0x00010af0                GetRFRequestResolver
 .text.RFUARTBufferResolver
                0x00010b48      0x1f8 .\CortexM3\ARM_GCC_493\Debug\RFResolver.o
                0x00010b48                RFUARTBufferResolver
 .text.RFUARTSend
                0x00010d40       0x4c .\CortexM3\ARM_GCC_493\Debug\RFResolver.o
                0x00010d40                RFUARTSend
 .text.RFGetPayloadLengthFromRequestCode
                0x00010d8c       0x48 .\CortexM3\ARM_GCC_493\Debug\RFServerStack.o
                0x00010d8c                RFGetPayloadLengthFromRequestCode
 .text.RFGetDynamicPayloadLengthFromRequestCode
                0x00010dd4       0x48 .\CortexM3\ARM_GCC_493\Debug\RFServerStack.o
                0x00010dd4                RFGetDynamicPayloadLengthFromRequestCode
 .text.RFGetCRC
                0x00010e1c       0x6c .\CortexM3\ARM_GCC_493\Debug\RFServerStack.o
                0x00010e1c                RFGetCRC
 .text.RFUnmapCommand2State
                0x00010e88       0x48 .\CortexM3\ARM_GCC_493\Debug\RFServerStack.o
                0x00010e88                RFUnmapCommand2State
 .text.RFStateReqResp
                0x00010ed0      0x3d8 .\CortexM3\ARM_GCC_493\Debug\RFServerStackImpl.o
                0x00010ed0                RFStateReqResp
 .text.RFCreditSerialAuthReqResp
                0x000112a8      0x26c .\CortexM3\ARM_GCC_493\Debug\RFServerStackImpl.o
                0x000112a8                RFCreditSerialAuthReqResp
 .text.RFCreditAuthorizationReqResp
                0x00011514      0x408 .\CortexM3\ARM_GCC_493\Debug\RFServerStackImpl.o
                0x00011514                RFCreditAuthorizationReqResp
 .text.RFCreditSalePresetReportReqResp
                0x0001191c      0x1f4 .\CortexM3\ARM_GCC_493\Debug\RFServerStackImpl.o
                0x0001191c                RFCreditSalePresetReportReqResp
 .text.RFCashSalePresetReportReqResp
                0x00011b10      0x438 .\CortexM3\ARM_GCC_493\Debug\RFServerStackImpl.o
                0x00011b10                RFCashSalePresetReportReqResp
 .text.RFCashCreditSaleFinalReportReqResp
                0x00011f48      0x558 .\CortexM3\ARM_GCC_493\Debug\RFServerStackImpl.o
                0x00011f48                RFCashCreditSaleFinalReportReqResp
 .text.RFTotalsDataReqResp
                0x000124a0      0x284 .\CortexM3\ARM_GCC_493\Debug\RFServerStackImpl.o
                0x000124a0                RFTotalsDataReqResp
 .text.RFTotalsDataReportReqResp
                0x00012724      0xedc .\CortexM3\ARM_GCC_493\Debug\RFServerStackImpl.o
                0x00012724                RFTotalsDataReportReqResp
 .text.RFPriceChangeReqResp
                0x00013600      0x370 .\CortexM3\ARM_GCC_493\Debug\RFServerStackImpl.o
                0x00013600                RFPriceChangeReqResp
 .text.RFGeneralPrintReqResp
                0x00013970      0x30c .\CortexM3\ARM_GCC_493\Debug\RFServerStackImpl.o
                0x00013970                RFGeneralPrintReqResp
 .text.RFCreditSalePrintReqResp
                0x00013c7c      0x458 .\CortexM3\ARM_GCC_493\Debug\RFServerStackImpl.o
                0x00013c7c                RFCreditSalePrintReqResp
 .text.RFCashSalePrintReqResp
                0x000140d4      0x2fc .\CortexM3\ARM_GCC_493\Debug\RFServerStackImpl.o
                0x000140d4                RFCashSalePrintReqResp
 .text.RFPendingCreditSaleReqResp
                0x000143d0     0x12d4 .\CortexM3\ARM_GCC_493\Debug\RFServerStackImpl.o
                0x000143d0                RFPendingCreditSaleReqResp
 .text.RFPendingCashSaleReqResp
                0x000156a4     0x1054 .\CortexM3\ARM_GCC_493\Debug\RFServerStackImpl.o
                0x000156a4                RFPendingCashSaleReqResp
 .text.RFBroadcastConfigurationReqResp
                0x000166f8      0x548 .\CortexM3\ARM_GCC_493\Debug\RFServerStackImpl.o
                0x000166f8                RFBroadcastConfigurationReqResp
 .text.RFPositionConfigurationReqResp
                0x00016c40      0x38c .\CortexM3\ARM_GCC_493\Debug\RFServerStackImpl.o
                0x00016c40                RFPositionConfigurationReqResp
 .text.RFIslandOperDataReqResp
                0x00016fcc      0x2c0 .\CortexM3\ARM_GCC_493\Debug\RFServerStackImpl.o
                0x00016fcc                RFIslandOperDataReqResp
 .text.RFIslandAdminReqResp
                0x0001728c      0x350 .\CortexM3\ARM_GCC_493\Debug\RFServerStackImpl.o
                0x0001728c                RFIslandAdminReqResp
 .text.GeneralPrintRequestPayloadSizeResolver
                0x000175dc       0x20 .\CortexM3\ARM_GCC_493\Debug\RFServerStackImpl.o
                0x000175dc                GeneralPrintRequestPayloadSizeResolver
 .text.RFCopyPrintReqResp
                0x000175fc      0x2e0 .\CortexM3\ARM_GCC_493\Debug\RFServerStackImpl.o
                0x000175fc                RFCopyPrintReqResp
 .text.main     0x000178dc       0x28 .\CortexM3\ARM_GCC_493\Debug\main.o
                0x000178dc                main
 .text.IntDefaultHandler
                0x00017904        0x8 .\CortexM3\ARM_GCC_493\Debug\Cm3Start.o
                0x00017904                IntDefaultHandler
 .text._sbrk    0x0001790c       0x50 .\CortexM3\ARM_GCC_493\Debug\Cm3Start.o
                0x0001790c                _sbrk
 .text.Start_c  0x0001795c       0x98 .\CortexM3\ARM_GCC_493\Debug\Cm3Start.o
                0x0001795c                Start_c
 .text.initialize_psoc
                0x000179f4       0x8c .\CortexM3\ARM_GCC_493\Debug\Cm3Start.o
                0x000179f4                initialize_psoc
 .text.CYMEMZERO
                0x00017a80       0x1c .\CortexM3\ARM_GCC_493\Debug\CorEx-Mux-Kernel.a(cyfitter_cfg.o)
 .text.CYCONFIGCPY
                0x00017a9c       0x1c .\CortexM3\ARM_GCC_493\Debug\CorEx-Mux-Kernel.a(cyfitter_cfg.o)
 .text.CyClockStartupError
                0x00017ab8        0xc .\CortexM3\ARM_GCC_493\Debug\CorEx-Mux-Kernel.a(cyfitter_cfg.o)
 .text.cfg_write_bytes32
                0x00017ac4       0x74 .\CortexM3\ARM_GCC_493\Debug\CorEx-Mux-Kernel.a(cyfitter_cfg.o)
 .text.ClockSetup
                0x00017b38      0x17c .\CortexM3\ARM_GCC_493\Debug\CorEx-Mux-Kernel.a(cyfitter_cfg.o)
 .text.AnalogSetDefault
                0x00017cb4       0x44 .\CortexM3\ARM_GCC_493\Debug\CorEx-Mux-Kernel.a(cyfitter_cfg.o)
 .text.cyfitter_cfg
                0x00017cf8      0x190 .\CortexM3\ARM_GCC_493\Debug\CorEx-Mux-Kernel.a(cyfitter_cfg.o)
                0x00017cf8                cyfitter_cfg
 .text.RF_Physical_Start
                0x00017e88       0x20 .\CortexM3\ARM_GCC_493\Debug\CorEx-Mux-Kernel.a(RF_Physical.o)
                0x00017e88                RF_Physical_Start
 .text.RF_Physical_Init
                0x00017ea8       0x58 .\CortexM3\ARM_GCC_493\Debug\CorEx-Mux-Kernel.a(RF_Physical.o)
                0x00017ea8                RF_Physical_Init
 .text.RF_Physical_Enable
                0x00017f00       0x68 .\CortexM3\ARM_GCC_493\Debug\CorEx-Mux-Kernel.a(RF_Physical.o)
                0x00017f00                RF_Physical_Enable
 .text.RF_Physical_Stop
                0x00017f68       0x68 .\CortexM3\ARM_GCC_493\Debug\CorEx-Mux-Kernel.a(RF_Physical.o)
                0x00017f68                RF_Physical_Stop
 .text.RF_Physical_ReadControlRegister
                0x00017fd0       0x10 .\CortexM3\ARM_GCC_493\Debug\CorEx-Mux-Kernel.a(RF_Physical.o)
                0x00017fd0                RF_Physical_ReadControlRegister
 .text.RF_Physical_WriteControlRegister
                0x00017fe0       0x14 .\CortexM3\ARM_GCC_493\Debug\CorEx-Mux-Kernel.a(RF_Physical.o)
                0x00017fe0                RF_Physical_WriteControlRegister
 .text.RF_Physical_ReadRxData
                0x00017ff4       0x94 .\CortexM3\ARM_GCC_493\Debug\CorEx-Mux-Kernel.a(RF_Physical.o)
                0x00017ff4                RF_Physical_ReadRxData
 .text.RF_Physical_ReadRxStatus
                0x00018088       0x40 .\CortexM3\ARM_GCC_493\Debug\CorEx-Mux-Kernel.a(RF_Physical.o)
                0x00018088                RF_Physical_ReadRxStatus
 .text.RF_Physical_GetChar
                0x000180c8       0xbc .\CortexM3\ARM_GCC_493\Debug\CorEx-Mux-Kernel.a(RF_Physical.o)
                0x000180c8                RF_Physical_GetChar
 .text.RF_Physical_GetByte
                0x00018184       0x44 .\CortexM3\ARM_GCC_493\Debug\CorEx-Mux-Kernel.a(RF_Physical.o)
                0x00018184                RF_Physical_GetByte
 .text.RF_Physical_GetRxBufferSize
                0x000181c8       0x94 .\CortexM3\ARM_GCC_493\Debug\CorEx-Mux-Kernel.a(RF_Physical.o)
                0x000181c8                RF_Physical_GetRxBufferSize
 .text.RF_Physical_ClearRxBuffer
                0x0001825c       0x7c .\CortexM3\ARM_GCC_493\Debug\CorEx-Mux-Kernel.a(RF_Physical.o)
                0x0001825c                RF_Physical_ClearRxBuffer
 .text.RF_Physical_WriteTxData
                0x000182d8       0x2c .\CortexM3\ARM_GCC_493\Debug\CorEx-Mux-Kernel.a(RF_Physical.o)
                0x000182d8                RF_Physical_WriteTxData
 .text.RF_Physical_ReadTxStatus
                0x00018304       0x18 .\CortexM3\ARM_GCC_493\Debug\CorEx-Mux-Kernel.a(RF_Physical.o)
                0x00018304                RF_Physical_ReadTxStatus
 .text.RF_Physical_PutChar
                0x0001831c       0x34 .\CortexM3\ARM_GCC_493\Debug\CorEx-Mux-Kernel.a(RF_Physical.o)
                0x0001831c                RF_Physical_PutChar
 .text.RF_Physical_PutString
                0x00018350       0x40 .\CortexM3\ARM_GCC_493\Debug\CorEx-Mux-Kernel.a(RF_Physical.o)
                0x00018350                RF_Physical_PutString
 .text.RF_Physical_PutArray
                0x00018390       0x40 .\CortexM3\ARM_GCC_493\Debug\CorEx-Mux-Kernel.a(RF_Physical.o)
                0x00018390                RF_Physical_PutArray
 .text.RF_Physical_PutCRLF
                0x000183d0       0x30 .\CortexM3\ARM_GCC_493\Debug\CorEx-Mux-Kernel.a(RF_Physical.o)
                0x000183d0                RF_Physical_PutCRLF
 .text.RF_Physical_ClearTxBuffer
                0x00018400       0x40 .\CortexM3\ARM_GCC_493\Debug\CorEx-Mux-Kernel.a(RF_Physical.o)
                0x00018400                RF_Physical_ClearTxBuffer
 .text.RF_Physical_RXISR
                0x00018440       0xf0 .\CortexM3\ARM_GCC_493\Debug\CorEx-Mux-Kernel.a(RF_Physical_INT.o)
                0x00018440                RF_Physical_RXISR
 .text.RF_Physical_IntClock_Start
                0x00018530       0x34 .\CortexM3\ARM_GCC_493\Debug\CorEx-Mux-Kernel.a(RF_Physical_IntClock.o)
                0x00018530                RF_Physical_IntClock_Start
 .text.RF_Physical_IntClock_Stop
                0x00018564       0x34 .\CortexM3\ARM_GCC_493\Debug\CorEx-Mux-Kernel.a(RF_Physical_IntClock.o)
                0x00018564                RF_Physical_IntClock_Stop
 .text          0x00018598       0x20 .\CortexM3\ARM_GCC_493\Debug\CorEx-Mux-Kernel.a(CyBootAsmGnu.o)
                0x00018598                CyDelayCycles
                0x000185a8                CyEnterCriticalSection
                0x000185b0                CyExitCriticalSection
 .text.CyHalt   0x000185b8       0x18 .\CortexM3\ARM_GCC_493\Debug\CorEx-Mux-Kernel.a(CyLib.o)
                0x000185b8                CyHalt
 .text.CyDelay  0x000185d0       0x44 .\CortexM3\ARM_GCC_493\Debug\CorEx-Mux-Kernel.a(CyLib.o)
                0x000185d0                CyDelay
 .text.CyDelayUs
                0x00018614       0x24 .\CortexM3\ARM_GCC_493\Debug\CorEx-Mux-Kernel.a(CyLib.o)
                0x00018614                CyDelayUs
 .text.CyDelayFreq
                0x00018638       0x7c .\CortexM3\ARM_GCC_493\Debug\CorEx-Mux-Kernel.a(CyLib.o)
                0x00018638                CyDelayFreq
 .text.CyWdtStart
                0x000186b4       0x8c .\CortexM3\ARM_GCC_493\Debug\CorEx-Mux-Kernel.a(CyLib.o)
                0x000186b4                CyWdtStart
 .text.CyWdtClear
                0x00018740       0x18 .\CortexM3\ARM_GCC_493\Debug\CorEx-Mux-Kernel.a(CyLib.o)
                0x00018740                CyWdtClear
 .text.CyIntSetVector
                0x00018758       0x50 .\CortexM3\ARM_GCC_493\Debug\CorEx-Mux-Kernel.a(CyLib.o)
                0x00018758                CyIntSetVector
 .text.CyIntSetPriority
                0x000187a8       0x44 .\CortexM3\ARM_GCC_493\Debug\CorEx-Mux-Kernel.a(CyLib.o)
                0x000187a8                CyIntSetPriority
 .text.Printer_Start
                0x000187ec       0x20 .\CortexM3\ARM_GCC_493\Debug\CorEx-Mux-Kernel.a(Printer.o)
                0x000187ec                Printer_Start
 .text.Printer_Init
                0x0001880c       0x40 .\CortexM3\ARM_GCC_493\Debug\CorEx-Mux-Kernel.a(Printer.o)
                0x0001880c                Printer_Init
 .text.Printer_Enable
                0x0001884c       0x58 .\CortexM3\ARM_GCC_493\Debug\CorEx-Mux-Kernel.a(Printer.o)
                0x0001884c                Printer_Enable
 .text.Printer_Stop
                0x000188a4       0x58 .\CortexM3\ARM_GCC_493\Debug\CorEx-Mux-Kernel.a(Printer.o)
                0x000188a4                Printer_Stop
 .text.Printer_ReadControlRegister
                0x000188fc       0x10 .\CortexM3\ARM_GCC_493\Debug\CorEx-Mux-Kernel.a(Printer.o)
                0x000188fc                Printer_ReadControlRegister
 .text.Printer_WriteControlRegister
                0x0001890c       0x14 .\CortexM3\ARM_GCC_493\Debug\CorEx-Mux-Kernel.a(Printer.o)
                0x0001890c                Printer_WriteControlRegister
 .text.Printer_ReadRxData
                0x00018920       0x20 .\CortexM3\ARM_GCC_493\Debug\CorEx-Mux-Kernel.a(Printer.o)
                0x00018920                Printer_ReadRxData
 .text.Printer_ReadRxStatus
                0x00018940       0x24 .\CortexM3\ARM_GCC_493\Debug\CorEx-Mux-Kernel.a(Printer.o)
                0x00018940                Printer_ReadRxStatus
 .text.Printer_GetChar
                0x00018964       0x44 .\CortexM3\ARM_GCC_493\Debug\CorEx-Mux-Kernel.a(Printer.o)
                0x00018964                Printer_GetChar
 .text.Printer_GetByte
                0x000189a8       0x24 .\CortexM3\ARM_GCC_493\Debug\CorEx-Mux-Kernel.a(Printer.o)
                0x000189a8                Printer_GetByte
 .text.Printer_GetRxBufferSize
                0x000189cc       0x30 .\CortexM3\ARM_GCC_493\Debug\CorEx-Mux-Kernel.a(Printer.o)
                0x000189cc                Printer_GetRxBufferSize
 .text.Printer_ClearRxBuffer
                0x000189fc       0x40 .\CortexM3\ARM_GCC_493\Debug\CorEx-Mux-Kernel.a(Printer.o)
                0x000189fc                Printer_ClearRxBuffer
 .text.Printer_WriteTxData
                0x00018a3c       0x2c .\CortexM3\ARM_GCC_493\Debug\CorEx-Mux-Kernel.a(Printer.o)
                0x00018a3c                Printer_WriteTxData
 .text.Printer_ReadTxStatus
                0x00018a68       0x18 .\CortexM3\ARM_GCC_493\Debug\CorEx-Mux-Kernel.a(Printer.o)
                0x00018a68                Printer_ReadTxStatus
 .text.Printer_PutChar
                0x00018a80       0x34 .\CortexM3\ARM_GCC_493\Debug\CorEx-Mux-Kernel.a(Printer.o)
                0x00018a80                Printer_PutChar
 .text.Printer_PutString
                0x00018ab4       0x40 .\CortexM3\ARM_GCC_493\Debug\CorEx-Mux-Kernel.a(Printer.o)
                0x00018ab4                Printer_PutString
 .text.Printer_PutArray
                0x00018af4       0x40 .\CortexM3\ARM_GCC_493\Debug\CorEx-Mux-Kernel.a(Printer.o)
                0x00018af4                Printer_PutArray
 .text.Printer_PutCRLF
                0x00018b34       0x30 .\CortexM3\ARM_GCC_493\Debug\CorEx-Mux-Kernel.a(Printer.o)
                0x00018b34                Printer_PutCRLF
 .text.Printer_ClearTxBuffer
                0x00018b64       0x40 .\CortexM3\ARM_GCC_493\Debug\CorEx-Mux-Kernel.a(Printer.o)
                0x00018b64                Printer_ClearTxBuffer
 .text.Dispenser_Start
                0x00018ba4       0x20 .\CortexM3\ARM_GCC_493\Debug\CorEx-Mux-Kernel.a(Dispenser.o)
                0x00018ba4                Dispenser_Start
 .text.Dispenser_Init
                0x00018bc4       0x58 .\CortexM3\ARM_GCC_493\Debug\CorEx-Mux-Kernel.a(Dispenser.o)
                0x00018bc4                Dispenser_Init
 .text.Dispenser_Enable
                0x00018c1c       0x64 .\CortexM3\ARM_GCC_493\Debug\CorEx-Mux-Kernel.a(Dispenser.o)
                0x00018c1c                Dispenser_Enable
 .text.Dispenser_Stop
                0x00018c80       0x64 .\CortexM3\ARM_GCC_493\Debug\CorEx-Mux-Kernel.a(Dispenser.o)
                0x00018c80                Dispenser_Stop
 .text.Dispenser_ReadControlRegister
                0x00018ce4       0x10 .\CortexM3\ARM_GCC_493\Debug\CorEx-Mux-Kernel.a(Dispenser.o)
                0x00018ce4                Dispenser_ReadControlRegister
 .text.Dispenser_WriteControlRegister
                0x00018cf4       0x14 .\CortexM3\ARM_GCC_493\Debug\CorEx-Mux-Kernel.a(Dispenser.o)
                0x00018cf4                Dispenser_WriteControlRegister
 .text.Dispenser_ReadRxData
                0x00018d08       0x94 .\CortexM3\ARM_GCC_493\Debug\CorEx-Mux-Kernel.a(Dispenser.o)
                0x00018d08                Dispenser_ReadRxData
 .text.Dispenser_ReadRxStatus
                0x00018d9c       0x40 .\CortexM3\ARM_GCC_493\Debug\CorEx-Mux-Kernel.a(Dispenser.o)
                0x00018d9c                Dispenser_ReadRxStatus
 .text.Dispenser_GetChar
                0x00018ddc       0xb8 .\CortexM3\ARM_GCC_493\Debug\CorEx-Mux-Kernel.a(Dispenser.o)
                0x00018ddc                Dispenser_GetChar
 .text.Dispenser_GetByte
                0x00018e94       0x44 .\CortexM3\ARM_GCC_493\Debug\CorEx-Mux-Kernel.a(Dispenser.o)
                0x00018e94                Dispenser_GetByte
 .text.Dispenser_GetRxBufferSize
                0x00018ed8       0x94 .\CortexM3\ARM_GCC_493\Debug\CorEx-Mux-Kernel.a(Dispenser.o)
                0x00018ed8                Dispenser_GetRxBufferSize
 .text.Dispenser_ClearRxBuffer
                0x00018f6c       0x7c .\CortexM3\ARM_GCC_493\Debug\CorEx-Mux-Kernel.a(Dispenser.o)
                0x00018f6c                Dispenser_ClearRxBuffer
 .text.Dispenser_WriteTxData
                0x00018fe8       0x2c .\CortexM3\ARM_GCC_493\Debug\CorEx-Mux-Kernel.a(Dispenser.o)
                0x00018fe8                Dispenser_WriteTxData
 .text.Dispenser_ReadTxStatus
                0x00019014       0x18 .\CortexM3\ARM_GCC_493\Debug\CorEx-Mux-Kernel.a(Dispenser.o)
                0x00019014                Dispenser_ReadTxStatus
 .text.Dispenser_PutChar
                0x0001902c       0x34 .\CortexM3\ARM_GCC_493\Debug\CorEx-Mux-Kernel.a(Dispenser.o)
                0x0001902c                Dispenser_PutChar
 .text.Dispenser_PutString
                0x00019060       0x40 .\CortexM3\ARM_GCC_493\Debug\CorEx-Mux-Kernel.a(Dispenser.o)
                0x00019060                Dispenser_PutString
 .text.Dispenser_PutArray
                0x000190a0       0x40 .\CortexM3\ARM_GCC_493\Debug\CorEx-Mux-Kernel.a(Dispenser.o)
                0x000190a0                Dispenser_PutArray
 .text.Dispenser_PutCRLF
                0x000190e0       0x30 .\CortexM3\ARM_GCC_493\Debug\CorEx-Mux-Kernel.a(Dispenser.o)
                0x000190e0                Dispenser_PutCRLF
 .text.Dispenser_ClearTxBuffer
                0x00019110       0x40 .\CortexM3\ARM_GCC_493\Debug\CorEx-Mux-Kernel.a(Dispenser.o)
                0x00019110                Dispenser_ClearTxBuffer
 .text.Dispenser_RXISR
                0x00019150       0xec .\CortexM3\ARM_GCC_493\Debug\CorEx-Mux-Kernel.a(Dispenser_INT.o)
                0x00019150                Dispenser_RXISR
 .text.Display1_Start
                0x0001923c       0x20 .\CortexM3\ARM_GCC_493\Debug\CorEx-Mux-Kernel.a(Display1.o)
                0x0001923c                Display1_Start
 .text.Display1_Init
                0x0001925c       0x58 .\CortexM3\ARM_GCC_493\Debug\CorEx-Mux-Kernel.a(Display1.o)
                0x0001925c                Display1_Init
 .text.Display1_Enable
                0x000192b4       0x68 .\CortexM3\ARM_GCC_493\Debug\CorEx-Mux-Kernel.a(Display1.o)
                0x000192b4                Display1_Enable
 .text.Display1_Stop
                0x0001931c       0x68 .\CortexM3\ARM_GCC_493\Debug\CorEx-Mux-Kernel.a(Display1.o)
                0x0001931c                Display1_Stop
 .text.Display1_ReadControlRegister
                0x00019384       0x10 .\CortexM3\ARM_GCC_493\Debug\CorEx-Mux-Kernel.a(Display1.o)
                0x00019384                Display1_ReadControlRegister
 .text.Display1_WriteControlRegister
                0x00019394       0x14 .\CortexM3\ARM_GCC_493\Debug\CorEx-Mux-Kernel.a(Display1.o)
                0x00019394                Display1_WriteControlRegister
 .text.Display1_ReadRxData
                0x000193a8       0x94 .\CortexM3\ARM_GCC_493\Debug\CorEx-Mux-Kernel.a(Display1.o)
                0x000193a8                Display1_ReadRxData
 .text.Display1_ReadRxStatus
                0x0001943c       0x40 .\CortexM3\ARM_GCC_493\Debug\CorEx-Mux-Kernel.a(Display1.o)
                0x0001943c                Display1_ReadRxStatus
 .text.Display1_GetChar
                0x0001947c       0xb8 .\CortexM3\ARM_GCC_493\Debug\CorEx-Mux-Kernel.a(Display1.o)
                0x0001947c                Display1_GetChar
 .text.Display1_GetByte
                0x00019534       0x44 .\CortexM3\ARM_GCC_493\Debug\CorEx-Mux-Kernel.a(Display1.o)
                0x00019534                Display1_GetByte
 .text.Display1_GetRxBufferSize
                0x00019578       0x90 .\CortexM3\ARM_GCC_493\Debug\CorEx-Mux-Kernel.a(Display1.o)
                0x00019578                Display1_GetRxBufferSize
 .text.Display1_ClearRxBuffer
                0x00019608       0x7c .\CortexM3\ARM_GCC_493\Debug\CorEx-Mux-Kernel.a(Display1.o)
                0x00019608                Display1_ClearRxBuffer
 .text.Display1_WriteTxData
                0x00019684       0x2c .\CortexM3\ARM_GCC_493\Debug\CorEx-Mux-Kernel.a(Display1.o)
                0x00019684                Display1_WriteTxData
 .text.Display1_ReadTxStatus
                0x000196b0       0x18 .\CortexM3\ARM_GCC_493\Debug\CorEx-Mux-Kernel.a(Display1.o)
                0x000196b0                Display1_ReadTxStatus
 .text.Display1_PutChar
                0x000196c8       0x34 .\CortexM3\ARM_GCC_493\Debug\CorEx-Mux-Kernel.a(Display1.o)
                0x000196c8                Display1_PutChar
 .text.Display1_PutString
                0x000196fc       0x40 .\CortexM3\ARM_GCC_493\Debug\CorEx-Mux-Kernel.a(Display1.o)
                0x000196fc                Display1_PutString
 .text.Display1_PutArray
                0x0001973c       0x40 .\CortexM3\ARM_GCC_493\Debug\CorEx-Mux-Kernel.a(Display1.o)
                0x0001973c                Display1_PutArray
 .text.Display1_PutCRLF
                0x0001977c       0x30 .\CortexM3\ARM_GCC_493\Debug\CorEx-Mux-Kernel.a(Display1.o)
                0x0001977c                Display1_PutCRLF
 .text.Display1_ClearTxBuffer
                0x000197ac       0x40 .\CortexM3\ARM_GCC_493\Debug\CorEx-Mux-Kernel.a(Display1.o)
                0x000197ac                Display1_ClearTxBuffer
 .text.Display1_RXISR
                0x000197ec       0xf0 .\CortexM3\ARM_GCC_493\Debug\CorEx-Mux-Kernel.a(Display1_INT.o)
                0x000197ec                Display1_RXISR
 .text.Display2_Start
                0x000198dc       0x20 .\CortexM3\ARM_GCC_493\Debug\CorEx-Mux-Kernel.a(Display2.o)
                0x000198dc                Display2_Start
 .text.Display2_Init
                0x000198fc       0x58 .\CortexM3\ARM_GCC_493\Debug\CorEx-Mux-Kernel.a(Display2.o)
                0x000198fc                Display2_Init
 .text.Display2_Enable
                0x00019954       0x68 .\CortexM3\ARM_GCC_493\Debug\CorEx-Mux-Kernel.a(Display2.o)
                0x00019954                Display2_Enable
 .text.Display2_Stop
                0x000199bc       0x68 .\CortexM3\ARM_GCC_493\Debug\CorEx-Mux-Kernel.a(Display2.o)
                0x000199bc                Display2_Stop
 .text.Display2_ReadControlRegister
                0x00019a24       0x10 .\CortexM3\ARM_GCC_493\Debug\CorEx-Mux-Kernel.a(Display2.o)
                0x00019a24                Display2_ReadControlRegister
 .text.Display2_WriteControlRegister
                0x00019a34       0x14 .\CortexM3\ARM_GCC_493\Debug\CorEx-Mux-Kernel.a(Display2.o)
                0x00019a34                Display2_WriteControlRegister
 .text.Display2_ReadRxData
                0x00019a48       0x94 .\CortexM3\ARM_GCC_493\Debug\CorEx-Mux-Kernel.a(Display2.o)
                0x00019a48                Display2_ReadRxData
 .text.Display2_ReadRxStatus
                0x00019adc       0x40 .\CortexM3\ARM_GCC_493\Debug\CorEx-Mux-Kernel.a(Display2.o)
                0x00019adc                Display2_ReadRxStatus
 .text.Display2_GetChar
                0x00019b1c       0xb8 .\CortexM3\ARM_GCC_493\Debug\CorEx-Mux-Kernel.a(Display2.o)
                0x00019b1c                Display2_GetChar
 .text.Display2_GetByte
                0x00019bd4       0x44 .\CortexM3\ARM_GCC_493\Debug\CorEx-Mux-Kernel.a(Display2.o)
                0x00019bd4                Display2_GetByte
 .text.Display2_GetRxBufferSize
                0x00019c18       0x90 .\CortexM3\ARM_GCC_493\Debug\CorEx-Mux-Kernel.a(Display2.o)
                0x00019c18                Display2_GetRxBufferSize
 .text.Display2_ClearRxBuffer
                0x00019ca8       0x7c .\CortexM3\ARM_GCC_493\Debug\CorEx-Mux-Kernel.a(Display2.o)
                0x00019ca8                Display2_ClearRxBuffer
 .text.Display2_WriteTxData
                0x00019d24       0x2c .\CortexM3\ARM_GCC_493\Debug\CorEx-Mux-Kernel.a(Display2.o)
                0x00019d24                Display2_WriteTxData
 .text.Display2_ReadTxStatus
                0x00019d50       0x18 .\CortexM3\ARM_GCC_493\Debug\CorEx-Mux-Kernel.a(Display2.o)
                0x00019d50                Display2_ReadTxStatus
 .text.Display2_PutChar
                0x00019d68       0x34 .\CortexM3\ARM_GCC_493\Debug\CorEx-Mux-Kernel.a(Display2.o)
                0x00019d68                Display2_PutChar
 .text.Display2_PutString
                0x00019d9c       0x40 .\CortexM3\ARM_GCC_493\Debug\CorEx-Mux-Kernel.a(Display2.o)
                0x00019d9c                Display2_PutString
 .text.Display2_PutArray
                0x00019ddc       0x40 .\CortexM3\ARM_GCC_493\Debug\CorEx-Mux-Kernel.a(Display2.o)
                0x00019ddc                Display2_PutArray
 .text.Display2_PutCRLF
                0x00019e1c       0x30 .\CortexM3\ARM_GCC_493\Debug\CorEx-Mux-Kernel.a(Display2.o)
                0x00019e1c                Display2_PutCRLF
 .text.Display2_ClearTxBuffer
                0x00019e4c       0x40 .\CortexM3\ARM_GCC_493\Debug\CorEx-Mux-Kernel.a(Display2.o)
                0x00019e4c                Display2_ClearTxBuffer
 .text.Display2_RXISR
                0x00019e8c       0xf0 .\CortexM3\ARM_GCC_493\Debug\CorEx-Mux-Kernel.a(Display2_INT.o)
                0x00019e8c                Display2_RXISR
 .text.Counter_ISR_StartEx
                0x00019f7c       0x24 .\CortexM3\ARM_GCC_493\Debug\CorEx-Mux-Kernel.a(Counter_ISR.o)
                0x00019f7c                Counter_ISR_StartEx
 .text.Counter_ISR_SetVector
                0x00019fa0       0x24 .\CortexM3\ARM_GCC_493\Debug\CorEx-Mux-Kernel.a(Counter_ISR.o)
                0x00019fa0                Counter_ISR_SetVector
 .text.Counter_ISR_SetPriority
                0x00019fc4       0x24 .\CortexM3\ARM_GCC_493\Debug\CorEx-Mux-Kernel.a(Counter_ISR.o)
                0x00019fc4                Counter_ISR_SetPriority
 .text.Counter_ISR_Enable
                0x00019fe8       0x18 .\CortexM3\ARM_GCC_493\Debug\CorEx-Mux-Kernel.a(Counter_ISR.o)
                0x00019fe8                Counter_ISR_Enable
 .text.Counter_ISR_Disable
                0x0001a000       0x18 .\CortexM3\ARM_GCC_493\Debug\CorEx-Mux-Kernel.a(Counter_ISR.o)
                0x0001a000                Counter_ISR_Disable
 .text.Display1_IntClock_Start
                0x0001a018       0x34 .\CortexM3\ARM_GCC_493\Debug\CorEx-Mux-Kernel.a(Display1_IntClock.o)
                0x0001a018                Display1_IntClock_Start
 .text.Display1_IntClock_Stop
                0x0001a04c       0x34 .\CortexM3\ARM_GCC_493\Debug\CorEx-Mux-Kernel.a(Display1_IntClock.o)
                0x0001a04c                Display1_IntClock_Stop
 .text.Display2_IntClock_Start
                0x0001a080       0x34 .\CortexM3\ARM_GCC_493\Debug\CorEx-Mux-Kernel.a(Display2_IntClock.o)
                0x0001a080                Display2_IntClock_Start
 .text.Display2_IntClock_Stop
                0x0001a0b4       0x34 .\CortexM3\ARM_GCC_493\Debug\CorEx-Mux-Kernel.a(Display2_IntClock.o)
                0x0001a0b4                Display2_IntClock_Stop
 .text.I2C_Bus_Init
                0x0001a0e8       0x80 .\CortexM3\ARM_GCC_493\Debug\CorEx-Mux-Kernel.a(I2C_Bus.o)
                0x0001a0e8                I2C_Bus_Init
 .text.I2C_Bus_Enable
                0x0001a168       0x44 .\CortexM3\ARM_GCC_493\Debug\CorEx-Mux-Kernel.a(I2C_Bus.o)
                0x0001a168                I2C_Bus_Enable
 .text.I2C_Bus_Start
                0x0001a1ac       0x2c .\CortexM3\ARM_GCC_493\Debug\CorEx-Mux-Kernel.a(I2C_Bus.o)
                0x0001a1ac                I2C_Bus_Start
 .text.I2C_Bus_ISR
                0x0001a1d8      0x3ac .\CortexM3\ARM_GCC_493\Debug\CorEx-Mux-Kernel.a(I2C_Bus_INT.o)
                0x0001a1d8                I2C_Bus_ISR
 .text.I2C_Bus_MasterSendStart
                0x0001a584       0xbc .\CortexM3\ARM_GCC_493\Debug\CorEx-Mux-Kernel.a(I2C_Bus_MASTER.o)
                0x0001a584                I2C_Bus_MasterSendStart
 .text.I2C_Bus_MasterSendRestart
                0x0001a640       0xa4 .\CortexM3\ARM_GCC_493\Debug\CorEx-Mux-Kernel.a(I2C_Bus_MASTER.o)
                0x0001a640                I2C_Bus_MasterSendRestart
 .text.I2C_Bus_MasterSendStop
                0x0001a6e4       0x58 .\CortexM3\ARM_GCC_493\Debug\CorEx-Mux-Kernel.a(I2C_Bus_MASTER.o)
                0x0001a6e4                I2C_Bus_MasterSendStop
 .text.I2C_Bus_MasterWriteByte
                0x0001a73c       0x80 .\CortexM3\ARM_GCC_493\Debug\CorEx-Mux-Kernel.a(I2C_Bus_MASTER.o)
                0x0001a73c                I2C_Bus_MasterWriteByte
 .text.I2C_Bus_MasterReadByte
                0x0001a7bc       0x7c .\CortexM3\ARM_GCC_493\Debug\CorEx-Mux-Kernel.a(I2C_Bus_MASTER.o)
                0x0001a7bc                I2C_Bus_MasterReadByte
 .text.I2C_Bus_MasterClearStatus
                0x0001a838       0x3c .\CortexM3\ARM_GCC_493\Debug\CorEx-Mux-Kernel.a(I2C_Bus_MASTER.o)
                0x0001a838                I2C_Bus_MasterClearStatus
 .text.iButton1_Write
                0x0001a874       0x3c .\CortexM3\ARM_GCC_493\Debug\CorEx-Mux-Kernel.a(iButton1.o)
                0x0001a874                iButton1_Write
 .text.iButton1_Read
                0x0001a8b0       0x20 .\CortexM3\ARM_GCC_493\Debug\CorEx-Mux-Kernel.a(iButton1.o)
                0x0001a8b0                iButton1_Read
 .text.iButton2_Write
                0x0001a8d0       0x34 .\CortexM3\ARM_GCC_493\Debug\CorEx-Mux-Kernel.a(iButton2.o)
                0x0001a8d0                iButton2_Write
 .text.iButton2_Read
                0x0001a904       0x1c .\CortexM3\ARM_GCC_493\Debug\CorEx-Mux-Kernel.a(iButton2.o)
                0x0001a904                iButton2_Read
 .text.eepromWP_Write
                0x0001a920       0x3c .\CortexM3\ARM_GCC_493\Debug\CorEx-Mux-Kernel.a(eepromWP.o)
                0x0001a920                eepromWP_Write
 .text.Timer_DispenserState_Init
                0x0001a95c       0x4c .\CortexM3\ARM_GCC_493\Debug\CorEx-Mux-Kernel.a(Timer_DispenserState.o)
                0x0001a95c                Timer_DispenserState_Init
 .text.Timer_DispenserState_Enable
                0x0001a9a8       0x20 .\CortexM3\ARM_GCC_493\Debug\CorEx-Mux-Kernel.a(Timer_DispenserState.o)
                0x0001a9a8                Timer_DispenserState_Enable
 .text.Timer_DispenserState_Start
                0x0001a9c8       0x20 .\CortexM3\ARM_GCC_493\Debug\CorEx-Mux-Kernel.a(Timer_DispenserState.o)
                0x0001a9c8                Timer_DispenserState_Start
 .text.Timer_DispenserState_SetInterruptMode
                0x0001a9e8       0x20 .\CortexM3\ARM_GCC_493\Debug\CorEx-Mux-Kernel.a(Timer_DispenserState.o)
                0x0001a9e8                Timer_DispenserState_SetInterruptMode
 .text.Timer_DispenserState_ReadStatusRegister
                0x0001aa08       0x18 .\CortexM3\ARM_GCC_493\Debug\CorEx-Mux-Kernel.a(Timer_DispenserState.o)
                0x0001aa08                Timer_DispenserState_ReadStatusRegister
 .text.Timer_DispenserState_WritePeriod
                0x0001aa20       0x20 .\CortexM3\ARM_GCC_493\Debug\CorEx-Mux-Kernel.a(Timer_DispenserState.o)
                0x0001aa20                Timer_DispenserState_WritePeriod
 .text.Timer_DispenserState_ReadCapture
                0x0001aa40       0x18 .\CortexM3\ARM_GCC_493\Debug\CorEx-Mux-Kernel.a(Timer_DispenserState.o)
                0x0001aa40                Timer_DispenserState_ReadCapture
 .text.Timer_DispenserState_WriteCounter
                0x0001aa58       0x20 .\CortexM3\ARM_GCC_493\Debug\CorEx-Mux-Kernel.a(Timer_DispenserState.o)
                0x0001aa58                Timer_DispenserState_WriteCounter
 .text.Timer_DispenserState_ReadCounter
                0x0001aa78       0x20 .\CortexM3\ARM_GCC_493\Debug\CorEx-Mux-Kernel.a(Timer_DispenserState.o)
                0x0001aa78                Timer_DispenserState_ReadCounter
 .text.Timer_DispenserState_ClearFIFO
                0x0001aa98       0x1c .\CortexM3\ARM_GCC_493\Debug\CorEx-Mux-Kernel.a(Timer_DispenserState.o)
                0x0001aa98                Timer_DispenserState_ClearFIFO
 .text.DispenserStateTimeout_ISR_StartEx
                0x0001aab4       0x24 .\CortexM3\ARM_GCC_493\Debug\CorEx-Mux-Kernel.a(DispenserStateTimeout_ISR.o)
                0x0001aab4                DispenserStateTimeout_ISR_StartEx
 .text.DispenserStateTimeout_ISR_SetVector
                0x0001aad8       0x24 .\CortexM3\ARM_GCC_493\Debug\CorEx-Mux-Kernel.a(DispenserStateTimeout_ISR.o)
                0x0001aad8                DispenserStateTimeout_ISR_SetVector
 .text.DispenserStateTimeout_ISR_SetPriority
                0x0001aafc       0x24 .\CortexM3\ARM_GCC_493\Debug\CorEx-Mux-Kernel.a(DispenserStateTimeout_ISR.o)
                0x0001aafc                DispenserStateTimeout_ISR_SetPriority
 .text.DispenserStateTimeout_ISR_Enable
                0x0001ab20       0x18 .\CortexM3\ARM_GCC_493\Debug\CorEx-Mux-Kernel.a(DispenserStateTimeout_ISR.o)
                0x0001ab20                DispenserStateTimeout_ISR_Enable
 .text.DispenserStateTimeout_ISR_Disable
                0x0001ab38       0x18 .\CortexM3\ARM_GCC_493\Debug\CorEx-Mux-Kernel.a(DispenserStateTimeout_ISR.o)
                0x0001ab38                DispenserStateTimeout_ISR_Disable
 .text.Timer_Tick_Init
                0x0001ab50       0x9c .\CortexM3\ARM_GCC_493\Debug\CorEx-Mux-Kernel.a(Timer_Tick.o)
                0x0001ab50                Timer_Tick_Init
 .text.Timer_Tick_Enable
                0x0001abec       0x48 .\CortexM3\ARM_GCC_493\Debug\CorEx-Mux-Kernel.a(Timer_Tick.o)
                0x0001abec                Timer_Tick_Enable
 .text.Timer_Tick_Start
                0x0001ac34       0x20 .\CortexM3\ARM_GCC_493\Debug\CorEx-Mux-Kernel.a(Timer_Tick.o)
                0x0001ac34                Timer_Tick_Start
 .text.Timer_Tick_SetInterruptMode
                0x0001ac54       0x20 .\CortexM3\ARM_GCC_493\Debug\CorEx-Mux-Kernel.a(Timer_Tick.o)
                0x0001ac54                Timer_Tick_SetInterruptMode
 .text.Timer_Tick_ReadStatusRegister
                0x0001ac74       0x18 .\CortexM3\ARM_GCC_493\Debug\CorEx-Mux-Kernel.a(Timer_Tick.o)
                0x0001ac74                Timer_Tick_ReadStatusRegister
 .text.Timer_Tick_WritePeriod
                0x0001ac8c       0x24 .\CortexM3\ARM_GCC_493\Debug\CorEx-Mux-Kernel.a(Timer_Tick.o)
                0x0001ac8c                Timer_Tick_WritePeriod
 .text.Timer_Tick_WriteCounter
                0x0001acb0       0x20 .\CortexM3\ARM_GCC_493\Debug\CorEx-Mux-Kernel.a(Timer_Tick.o)
                0x0001acb0                Timer_Tick_WriteCounter
 .text.Timer_Tick_ReadCounter
                0x0001acd0       0x20 .\CortexM3\ARM_GCC_493\Debug\CorEx-Mux-Kernel.a(Timer_Tick.o)
                0x0001acd0                Timer_Tick_ReadCounter
 .text.pow10    0x0001acf0       0x10 c:/program files (x86)/cypress/psoc creator/3.3/psoc creator/import/gnu/arm/4.9.3/bin/../lib/gcc/arm-none-eabi/4.9.3/../../../../arm-none-eabi/lib/armv7-m\libm.a(lib_a-s_pow10.o)
                0x0001acf0                pow10
 .text.round    0x0001ad00       0xa0 c:/program files (x86)/cypress/psoc creator/3.3/psoc creator/import/gnu/arm/4.9.3/bin/../lib/gcc/arm-none-eabi/4.9.3/../../../../arm-none-eabi/lib/armv7-m\libm.a(lib_a-s_round.o)
                0x0001ad00                round
 .text.pow      0x0001ada0      0x2f0 c:/program files (x86)/cypress/psoc creator/3.3/psoc creator/import/gnu/arm/4.9.3/bin/../lib/gcc/arm-none-eabi/4.9.3/../../../../arm-none-eabi/lib/armv7-m\libm.a(lib_a-w_pow.o)
                0x0001ada0                pow
 .text.__ieee754_pow
                0x0001b090      0xaa0 c:/program files (x86)/cypress/psoc creator/3.3/psoc creator/import/gnu/arm/4.9.3/bin/../lib/gcc/arm-none-eabi/4.9.3/../../../../arm-none-eabi/lib/armv7-m\libm.a(lib_a-e_pow.o)
                0x0001b090                __ieee754_pow
 .text.__ieee754_sqrt
                0x0001bb30      0x18c c:/program files (x86)/cypress/psoc creator/3.3/psoc creator/import/gnu/arm/4.9.3/bin/../lib/gcc/arm-none-eabi/4.9.3/../../../../arm-none-eabi/lib/armv7-m\libm.a(lib_a-e_sqrt.o)
                0x0001bb30                __ieee754_sqrt
 .text.fabs     0x0001bcbc        0x8 c:/program files (x86)/cypress/psoc creator/3.3/psoc creator/import/gnu/arm/4.9.3/bin/../lib/gcc/arm-none-eabi/4.9.3/../../../../arm-none-eabi/lib/armv7-m\libm.a(lib_a-s_fabs.o)
                0x0001bcbc                fabs
 .text.finite   0x0001bcc4        0xc c:/program files (x86)/cypress/psoc creator/3.3/psoc creator/import/gnu/arm/4.9.3/bin/../lib/gcc/arm-none-eabi/4.9.3/../../../../arm-none-eabi/lib/armv7-m\libm.a(lib_a-s_finite.o)
                0x0001bcc4                finite
 .text.__fpclassifyd
                0x0001bcd0       0x58 c:/program files (x86)/cypress/psoc creator/3.3/psoc creator/import/gnu/arm/4.9.3/bin/../lib/gcc/arm-none-eabi/4.9.3/../../../../arm-none-eabi/lib/armv7-m\libm.a(lib_a-s_fpclassify.o)
                0x0001bcd0                __fpclassifyd
 .text.matherr  0x0001bd28        0x4 c:/program files (x86)/cypress/psoc creator/3.3/psoc creator/import/gnu/arm/4.9.3/bin/../lib/gcc/arm-none-eabi/4.9.3/../../../../arm-none-eabi/lib/armv7-m\libm.a(lib_a-s_matherr.o)
                0x0001bd28                matherr
 .text.nan      0x0001bd2c        0xc c:/program files (x86)/cypress/psoc creator/3.3/psoc creator/import/gnu/arm/4.9.3/bin/../lib/gcc/arm-none-eabi/4.9.3/../../../../arm-none-eabi/lib/armv7-m\libm.a(lib_a-s_nan.o)
                0x0001bd2c                nan
 .text.rint     0x0001bd38      0x11c c:/program files (x86)/cypress/psoc creator/3.3/psoc creator/import/gnu/arm/4.9.3/bin/../lib/gcc/arm-none-eabi/4.9.3/../../../../arm-none-eabi/lib/armv7-m\libm.a(lib_a-s_rint.o)
                0x0001bd38                rint
 *fill*         0x0001be54        0x4 
 .text.scalbn   0x0001be58       0xf0 c:/program files (x86)/cypress/psoc creator/3.3/psoc creator/import/gnu/arm/4.9.3/bin/../lib/gcc/arm-none-eabi/4.9.3/../../../../arm-none-eabi/lib/armv7-m\libm.a(lib_a-s_scalbn.o)
                0x0001be58                scalbn
 .text.copysign
                0x0001bf48       0x10 c:/program files (x86)/cypress/psoc creator/3.3/psoc creator/import/gnu/arm/4.9.3/bin/../lib/gcc/arm-none-eabi/4.9.3/../../../../arm-none-eabi/lib/armv7-m\libm.a(lib_a-s_copysign.o)
                0x0001bf48                copysign
 .text          0x0001bf58      0x370 c:/program files (x86)/cypress/psoc creator/3.3/psoc creator/import/gnu/arm/4.9.3/bin/../lib/gcc/arm-none-eabi/4.9.3/armv7-m\libgcc.a(_arm_addsubdf3.o)
                0x0001bf58                __aeabi_drsub
                0x0001bf60                __aeabi_dsub
                0x0001bf60                __subdf3
                0x0001bf64                __aeabi_dadd
                0x0001bf64                __adddf3
                0x0001c1dc                __floatunsidf
                0x0001c1dc                __aeabi_ui2d
                0x0001c1fc                __floatsidf
                0x0001c1fc                __aeabi_i2d
                0x0001c220                __aeabi_f2d
                0x0001c220                __extendsfdf2
                0x0001c25c                __floatundidf
                0x0001c25c                __aeabi_ul2d
                0x0001c26c                __floatdidf
                0x0001c26c                __aeabi_l2d
 .text          0x0001c2c8      0x424 c:/program files (x86)/cypress/psoc creator/3.3/psoc creator/import/gnu/arm/4.9.3/bin/../lib/gcc/arm-none-eabi/4.9.3/armv7-m\libgcc.a(_arm_muldivdf3.o)
                0x0001c2c8                __aeabi_dmul
                0x0001c2c8                __muldf3
                0x0001c51c                __divdf3
                0x0001c51c                __aeabi_ddiv
 .text          0x0001c6ec      0x110 c:/program files (x86)/cypress/psoc creator/3.3/psoc creator/import/gnu/arm/4.9.3/bin/../lib/gcc/arm-none-eabi/4.9.3/armv7-m\libgcc.a(_arm_cmpdf2.o)
                0x0001c6ec                __gtdf2
                0x0001c6ec                __gedf2
                0x0001c6f4                __ltdf2
                0x0001c6f4                __ledf2
                0x0001c6fc                __nedf2
                0x0001c6fc                __eqdf2
                0x0001c6fc                __cmpdf2
                0x0001c778                __aeabi_cdrcmple
                0x0001c788                __aeabi_cdcmpeq
                0x0001c788                __aeabi_cdcmple
                0x0001c798                __aeabi_dcmpeq
                0x0001c7ac                __aeabi_dcmplt
                0x0001c7c0                __aeabi_dcmple
                0x0001c7d4                __aeabi_dcmpge
                0x0001c7e8                __aeabi_dcmpgt
 .text          0x0001c7fc       0x40 c:/program files (x86)/cypress/psoc creator/3.3/psoc creator/import/gnu/arm/4.9.3/bin/../lib/gcc/arm-none-eabi/4.9.3/armv7-m\libgcc.a(_arm_fixunsdfsi.o)
                0x0001c7fc                __aeabi_d2uiz
                0x0001c7fc                __fixunsdfsi
 .text          0x0001c83c       0x30 c:/program files (x86)/cypress/psoc creator/3.3/psoc creator/import/gnu/arm/4.9.3/bin/../lib/gcc/arm-none-eabi/4.9.3/armv7-m\libgcc.a(_aeabi_uldivmod.o)
                0x0001c83c                __aeabi_uldivmod
 .text          0x0001c86c       0x60 c:/program files (x86)/cypress/psoc creator/3.3/psoc creator/import/gnu/arm/4.9.3/bin/../lib/gcc/arm-none-eabi/4.9.3/armv7-m\libgcc.a(bpabi.o)
                0x0001c86c                __gnu_ldivmod_helper
                0x0001c89c                __gnu_uldivmod_helper
 .text          0x0001c8cc        0x4 c:/program files (x86)/cypress/psoc creator/3.3/psoc creator/import/gnu/arm/4.9.3/bin/../lib/gcc/arm-none-eabi/4.9.3/armv7-m\libgcc.a(_dvmd_tls.o)
                0x0001c8cc                __aeabi_idiv0
                0x0001c8cc                __aeabi_ldiv0
 .text          0x0001c8d0      0x2ac c:/program files (x86)/cypress/psoc creator/3.3/psoc creator/import/gnu/arm/4.9.3/bin/../lib/gcc/arm-none-eabi/4.9.3/armv7-m\libgcc.a(_divdi3.o)
                0x0001c8d0                __divdi3
 .text          0x0001cb7c      0x270 c:/program files (x86)/cypress/psoc creator/3.3/psoc creator/import/gnu/arm/4.9.3/bin/../lib/gcc/arm-none-eabi/4.9.3/armv7-m\libgcc.a(_udivdi3.o)
                0x0001cb7c                __udivdi3
 .text.__errno  0x0001cdec        0xc c:/program files (x86)/cypress/psoc creator/3.3/psoc creator/import/gnu/arm/4.9.3/bin/../lib/gcc/arm-none-eabi/4.9.3/../../../../arm-none-eabi/lib/armv7-m\libg_nano.a(lib_a-errno.o)
                0x0001cdec                __errno
 .text.__libc_init_array
                0x0001cdf8       0x4c c:/program files (x86)/cypress/psoc creator/3.3/psoc creator/import/gnu/arm/4.9.3/bin/../lib/gcc/arm-none-eabi/4.9.3/../../../../arm-none-eabi/lib/armv7-m\libg_nano.a(lib_a-init.o)
                0x0001cdf8                __libc_init_array