Archive member included because of file (symbol)

.\CortexM3\ARM_GCC_493\Debug\CorEx-Mux-Kernel.a(cyfitter_cfg.o)
                              .\CortexM3\ARM_GCC_493\Debug\Cm3Start.o (cyfitter_cfg)
.\CortexM3\ARM_GCC_493\Debug\CorEx-Mux-Kernel.a(RF_Physical.o)
                              .\CortexM3\ARM_GCC_493\Debug\UARTManager.o (RF_Physical_Start)
.\CortexM3\ARM_GCC_493\Debug\CorEx-Mux-Kernel.a(RF_Physical_INT.o)
                              .\CortexM3\ARM_GCC_493\Debug\CorEx-Mux-Kernel.a(RF_Physical.o) (RF_Physical_RXISR)
.\CortexM3\ARM_GCC_493\Debug\CorEx-Mux-Kernel.a(RF_Physical_IntClock.o)
                              .\CortexM3\ARM_GCC_493\Debug\CorEx-Mux-Kernel.a(RF_Physical.o) (RF_Physical_IntClock_Start)
.\CortexM3\ARM_GCC_493\Debug\CorEx-Mux-Kernel.a(CyBootAsmGnu.o)
                              .\CortexM3\ARM_GCC_493\Debug\CorEx-Mux-Kernel.a(cyfitter_cfg.o) (CyDelayCycles)
.\CortexM3\ARM_GCC_493\Debug\CorEx-Mux-Kernel.a(CyLib.o)
                              .\CortexM3\ARM_GCC_493\Debug\Cm3Start.o (CyResetStatus)
.\CortexM3\ARM_GCC_493\Debug\CorEx-Mux-Kernel.a(cyPm.o)
                              .\CortexM3\ARM_GCC_493\Debug\CorEx-Mux-Kernel.a(CyLib.o) (CyPmReadStatus)
.\CortexM3\ARM_GCC_493\Debug\CorEx-Mux-Kernel.a(CRC_Security.o)
                              .\CortexM3\ARM_GCC_493\Debug\Security.o (CRC_Security_Start)
.\CortexM3\ARM_GCC_493\Debug\CorEx-Mux-Kernel.a(ShiftReg_Security.o)
                              .\CortexM3\ARM_GCC_493\Debug\Security.o (ShiftReg_Security_Start)
.\CortexM3\ARM_GCC_493\Debug\CorEx-Mux-Kernel.a(Clock_CRC.o)
                              .\CortexM3\ARM_GCC_493\Debug\Security.o (Clock_CRC_Write)
.\CortexM3\ARM_GCC_493\Debug\CorEx-Mux-Kernel.a(Reset_CRC.o)
                              .\CortexM3\ARM_GCC_493\Debug\Security.o (Reset_CRC_Write)
.\CortexM3\ARM_GCC_493\Debug\CorEx-Mux-Kernel.a(Printer.o)
                              .\CortexM3\ARM_GCC_493\Debug\UARTManager.o (Printer_Start)
.\CortexM3\ARM_GCC_493\Debug\CorEx-Mux-Kernel.a(Dispenser.o)
                              .\CortexM3\ARM_GCC_493\Debug\UARTManager.o (Dispenser_Start)
.\CortexM3\ARM_GCC_493\Debug\CorEx-Mux-Kernel.a(Dispenser_INT.o)
                              .\CortexM3\ARM_GCC_493\Debug\CorEx-Mux-Kernel.a(Dispenser.o) (Dispenser_RXISR)
.\CortexM3\ARM_GCC_493\Debug\CorEx-Mux-Kernel.a(Display1.o)
                              .\CortexM3\ARM_GCC_493\Debug\UARTManager.o (Display1_Start)
.\CortexM3\ARM_GCC_493\Debug\CorEx-Mux-Kernel.a(Display1_INT.o)
                              .\CortexM3\ARM_GCC_493\Debug\CorEx-Mux-Kernel.a(Display1.o) (Display1_RXISR)
.\CortexM3\ARM_GCC_493\Debug\CorEx-Mux-Kernel.a(Display2.o)
                              .\CortexM3\ARM_GCC_493\Debug\UARTManager.o (Display2_Start)
.\CortexM3\ARM_GCC_493\Debug\CorEx-Mux-Kernel.a(Display2_INT.o)
                              .\CortexM3\ARM_GCC_493\Debug\CorEx-Mux-Kernel.a(Display2.o) (Display2_RXISR)
.\CortexM3\ARM_GCC_493\Debug\CorEx-Mux-Kernel.a(Counter_ISR.o)
                              .\CortexM3\ARM_GCC_493\Debug\Timers.o (Counter_ISR_StartEx)
.\CortexM3\ARM_GCC_493\Debug\CorEx-Mux-Kernel.a(Display1_IntClock.o)
                              .\CortexM3\ARM_GCC_493\Debug\CorEx-Mux-Kernel.a(Display1.o) (Display1_IntClock_Start)
.\CortexM3\ARM_GCC_493\Debug\CorEx-Mux-Kernel.a(Display2_IntClock.o)
                              .\CortexM3\ARM_GCC_493\Debug\CorEx-Mux-Kernel.a(Display2.o) (Display2_IntClock_Start)
.\CortexM3\ARM_GCC_493\Debug\CorEx-Mux-Kernel.a(I2C_Bus.o)
                              .\CortexM3\ARM_GCC_493\Debug\Initializers.o (I2C_Bus_Start)
.\CortexM3\ARM_GCC_493\Debug\CorEx-Mux-Kernel.a(I2C_Bus_INT.o)
                              .\CortexM3\ARM_GCC_493\Debug\CorEx-Mux-Kernel.a(I2C_Bus.o) (I2C_Bus_ISR)
.\CortexM3\ARM_GCC_493\Debug\CorEx-Mux-Kernel.a(I2C_Bus_PM.o)
                              .\CortexM3\ARM_GCC_493\Debug\CorEx-Mux-Kernel.a(I2C_Bus.o) (I2C_Bus_backup)
.\CortexM3\ARM_GCC_493\Debug\CorEx-Mux-Kernel.a(I2C_Bus_MASTER.o)
                              .\CortexM3\ARM_GCC_493\Debug\CorEx-Mux-Kernel.a(I2C_Bus.o) (I2C_Bus_mstrStatus)
.\CortexM3\ARM_GCC_493\Debug\CorEx-Mux-Kernel.a(iButton1.o)
                              .\CortexM3\ARM_GCC_493\Debug\iButtonProtocol.o (iButton1_Write)
.\CortexM3\ARM_GCC_493\Debug\CorEx-Mux-Kernel.a(iButton2.o)
                              .\CortexM3\ARM_GCC_493\Debug\TestFile.o (iButton2_Write)
.\CortexM3\ARM_GCC_493\Debug\CorEx-Mux-Kernel.a(eepromWP.o)
                              .\CortexM3\ARM_GCC_493\Debug\EepromManager.o (eepromWP_Write)
.\CortexM3\ARM_GCC_493\Debug\CorEx-Mux-Kernel.a(Timer_DispenserState.o)
                              .\CortexM3\ARM_GCC_493\Debug\Timers.o (Timer_DispenserState_Start)
.\CortexM3\ARM_GCC_493\Debug\CorEx-Mux-Kernel.a(DispenserStateTimeout_ISR.o)
                              .\CortexM3\ARM_GCC_493\Debug\Timers.o (DispenserStateTimeout_ISR_StartEx)
.\CortexM3\ARM_GCC_493\Debug\CorEx-Mux-Kernel.a(Timer_Tick.o)
[...]
Memory Configuration

Name             Origin             Length             Attributes
rom              0x00000000         0x00040000         xr
ram              0x1fff8000         0x00010000         xrw
*default*        0x00000000         0xffffffff

Linker script and memory map

LOAD c:/program files (x86)/cypress/psoc creator/3.3/psoc creator/import/gnu/arm/4.9.3/bin/../lib/gcc/arm-none-eabi/4.9.3/armv7-m/crti.o
LOAD c:/program files (x86)/cypress/psoc creator/3.3/psoc creator/import/gnu/arm/4.9.3/bin/../lib/gcc/arm-none-eabi/4.9.3/armv7-m/crtbegin.o
LOAD c:/program files (x86)/cypress/psoc creator/3.3/psoc creator/import/gnu/arm/4.9.3/bin/../lib/gcc/arm-none-eabi/4.9.3/../../../../arm-none-eabi/lib/armv7-m/crt0.o
START GROUP
LOAD .\CortexM3\ARM_GCC_493\Debug\UARTManager.o
LOAD .\CortexM3\ARM_GCC_493\Debug\UARTResolver.o
LOAD .\CortexM3\ARM_GCC_493\Debug\UARTManagerSink.o
LOAD .\CortexM3\ARM_GCC_493\Debug\PseudoRTOS.o
LOAD .\CortexM3\ARM_GCC_493\Debug\Utils.o
LOAD .\CortexM3\ARM_GCC_493\Debug\Security.o
LOAD .\CortexM3\ARM_GCC_493\Debug\SinkManager.o
LOAD .\CortexM3\ARM_GCC_493\Debug\EepromManager.o
LOAD .\CortexM3\ARM_GCC_493\Debug\RtcManager.o
LOAD .\CortexM3\ARM_GCC_493\Debug\Initializers.o
LOAD .\CortexM3\ARM_GCC_493\Debug\Timers.o
LOAD .\CortexM3\ARM_GCC_493\Debug\TestFile.o
LOAD .\CortexM3\ARM_GCC_493\Debug\AuxPSoC.o
LOAD .\CortexM3\ARM_GCC_493\Debug\WatchDogReset.o
LOAD .\CortexM3\ARM_GCC_493\Debug\DispenserResolver.o
LOAD .\CortexM3\ARM_GCC_493\Debug\DispenserBLL.o
LOAD .\CortexM3\ARM_GCC_493\Debug\DispenserSink.o
LOAD .\CortexM3\ARM_GCC_493\Debug\DisplayBLL.o
LOAD .\CortexM3\ARM_GCC_493\Debug\DisplaySink.o
LOAD .\CortexM3\ARM_GCC_493\Debug\DisplayUtils.o
LOAD .\CortexM3\ARM_GCC_493\Debug\DisplayFlow.o
LOAD .\CortexM3\ARM_GCC_493\Debug\DisplayCharacterMap.o
LOAD .\CortexM3\ARM_GCC_493\Debug\DisplayBufferScreenMap.o
LOAD .\CortexM3\ARM_GCC_493\Debug\DisplayResolver.o
LOAD .\CortexM3\ARM_GCC_493\Debug\PrinterBLL.o
LOAD .\CortexM3\ARM_GCC_493\Debug\PrinterSink.o
LOAD .\CortexM3\ARM_GCC_493\Debug\PrinterResolver.o
LOAD .\CortexM3\ARM_GCC_493\Debug\PrinterTemplate.o
LOAD .\CortexM3\ARM_GCC_493\Debug\iButtonSink.o
LOAD .\CortexM3\ARM_GCC_493\Debug\iButtonBLL.o
LOAD .\CortexM3\ARM_GCC_493\Debug\iButtonProtocol.o
LOAD .\CortexM3\ARM_GCC_493\Debug\Prime.o
LOAD .\CortexM3\ARM_GCC_493\Debug\PrimeFlow.o
LOAD .\CortexM3\ARM_GCC_493\Debug\PrimeImpl.o
LOAD .\CortexM3\ARM_GCC_493\Debug\Encore.o
LOAD .\CortexM3\ARM_GCC_493\Debug\EncoreFlow.o
LOAD .\CortexM3\ARM_GCC_493\Debug\EncoreImpl.o
LOAD .\CortexM3\ARM_GCC_493\Debug\Advantage.o
LOAD .\CortexM3\ARM_GCC_493\Debug\AdvantageFlow.o
LOAD .\CortexM3\ARM_GCC_493\Debug\AdvantageImpl.o
LOAD .\CortexM3\ARM_GCC_493\Debug\RFSink.o
LOAD .\CortexM3\ARM_GCC_493\Debug\RFBLL.o
LOAD .\CortexM3\ARM_GCC_493\Debug\RFResolver.o
LOAD .\CortexM3\ARM_GCC_493\Debug\RFServerStack.o
LOAD .\CortexM3\ARM_GCC_493\Debug\RFServerStackImpl.o
LOAD .\CortexM3\ARM_GCC_493\Debug\ClientDefinitions.o
LOAD .\CortexM3\ARM_GCC_493\Debug\main.o
LOAD .\CortexM3\ARM_GCC_493\Debug\cymetadata.o
LOAD .\CortexM3\ARM_GCC_493\Debug\Cm3Start.o
LOAD .\CortexM3\ARM_GCC_493\Debug\CorEx-Mux-Kernel.a
LOAD C:\Program Files (x86)\Cypress\PSoC Creator\3.3\PSoC Creator\psoc\content\cycomponentlibrary\CyComponentLibrary.cylib\CortexM3\ARM_GCC_493\Debug\CyComponentLibrary.a
LOAD c:/program files (x86)/cypress/psoc creator/3.3/psoc creator/import/gnu/arm/4.9.3/bin/../lib/gcc/arm-none-eabi/4.9.3/../../../../arm-none-eabi/lib/armv7-m\libm.a
END GROUP
START GROUP
LOAD c:/program files (x86)/cypress/psoc creator/3.3/psoc creator/import/gnu/arm/4.9.3/bin/../lib/gcc/arm-none-eabi/4.9.3/armv7-m\libgcc.a
LOAD c:/program files (x86)/cypress/psoc creator/3.3/psoc creator/import/gnu/arm/4.9.3/bin/../lib/gcc/arm-none-eabi/4.9.3/../../../../arm-none-eabi/lib/armv7-m\libg_nano.a
LOAD c:/program files (x86)/cypress/psoc creator/3.3/psoc creator/import/gnu/arm/4.9.3/bin/../lib/gcc/arm-none-eabi/4.9.3/../../../../arm-none-eabi/lib/armv7-m\libc_nano.a
END GROUP
START GROUP
LOAD c:/program files (x86)/cypress/psoc creator/3.3/psoc creator/import/gnu/arm/4.9.3/bin/../lib/gcc/arm-none-eabi/4.9.3/armv7-m\libgcc.a
LOAD c:/program files (x86)/cypress/psoc creator/3.3/psoc creator/import/gnu/arm/4.9.3/bin/../lib/gcc/arm-none-eabi/4.9.3/../../../../arm-none-eabi/lib/armv7-m\libc_nano.a
END GROUP
LOAD c:/program files (x86)/cypress/psoc creator/3.3/psoc creator/import/gnu/arm/4.9.3/bin/../lib/gcc/arm-none-eabi/4.9.3/armv7-m/crtend.o
LOAD c:/program files (x86)/cypress/psoc creator/3.3/psoc creator/import/gnu/arm/4.9.3/bin/../lib/gcc/arm-none-eabi/4.9.3/armv7-m/crtn.o
START GROUP
LOAD c:/program files (x86)/cypress/psoc creator/3.3/psoc creator/import/gnu/arm/4.9.3/bin/../lib/gcc/arm-none-eabi/4.9.3/armv7-m\libgcc.a
LOAD c:/program files (x86)/cypress/psoc creator/3.3/psoc creator/import/gnu/arm/4.9.3/bin/../lib/gcc/arm-none-eabi/4.9.3/../../../../arm-none-eabi/lib/armv7-m\libc.a
LOAD c:/program files (x86)/cypress/psoc creator/3.3/psoc creator/import/gnu/arm/4.9.3/bin/../lib/gcc/arm-none-eabi/4.9.3/../../../../arm-none-eabi/lib/armv7-m\libnosys.a
END GROUP
                0x00000000                CY_APPL_ORIGIN = 0x0
                0x00000100                CY_FLASH_ROW_SIZE = 0x100
                0x00000020                CY_ECC_ROW_SIZE = 0x20
                0x00000000                CY_EE_IN_BTLDR = 0x0
                0x00000000                CY_APPL_LOADABLE = 0x0
                0x00000800                CY_EE_SIZE = 0x800
                0x00000001                CY_APPL_NUM = 0x1
                0x00000001                CY_APPL_MAX = 0x1
                0x00000040                CY_METADATA_SIZE = 0x40
                0x00000000                CY_APPL_LOADABLE = 0x0
                0x00000000                CY_CHECKSUM_EXCLUDE_SIZE = ALIGN (0x0, CY_FLASH_ROW_SIZE)
                0x20007550                PROVIDE (__cy_heap_start, _end)
                0x00000001                PROVIDE (__cy_region_num, ((__cy_regions_end - __cy_regions) / 0x10))
                0x20008000                PROVIDE (__cy_stack, (ORIGIN (ram) + 0x10000))
                0x20007800                PROVIDE (__cy_heap_end, (__cy_stack - 0x800))

.cybootloader   0x00000000        0x0
 *(.cybootloader)
                0x00000000                appl1_start = CY_APPL_ORIGIN?CY_APPL_ORIGIN:ALIGN (CY_FLASH_ROW_SIZE)
                0x0001ff00                appl2_start = (appl1_start + ALIGN ((((0x40000 - appl1_start) - (0x2 * CY_FLASH_ROW_SIZE)) / 0x2), CY_FLASH_ROW_SIZE))
                0x00000000                appl_start = (CY_APPL_NUM == 0x1)?appl1_start:appl2_start
                0x00000000                ecc_offset = ((appl_start / CY_FLASH_ROW_SIZE) * CY_ECC_ROW_SIZE)
                0x00000000                ee_offset = (CY_APPL_LOADABLE && ! (CY_EE_IN_BTLDR))?((CY_EE_SIZE / CY_APPL_MAX) * (CY_APPL_NUM - 0x1)):0x0
                0x00000800                ee_size = (CY_APPL_LOADABLE && ! (CY_EE_IN_BTLDR))?(CY_EE_SIZE / CY_APPL_MAX):CY_EE_SIZE
                0x00000000                PROVIDE (CY_ECC_OFFSET, ecc_offset)

.text           0x00000000    0x1db7a
 CREATE_OBJECT_SYMBOLS
                0x00000000                PROVIDE (__cy_interrupt_vector, RomVectors)
 *(.romvectors)
 .romvectors    0x00000000       0x10 .\CortexM3\ARM_GCC_493\Debug\Cm3Start.o
                0x00000000                RomVectors
                0x00000001                ASSERT ((. != __cy_interrupt_vector), No interrupt vector)
                0x00000001                ASSERT (CY_APPL_ORIGIN?(SIZEOF (.cybootloader) <= CY_APPL_ORIGIN):0x1, Wrong image location)
                0x00000010                PROVIDE (__cy_reset, Reset)
 *(.text.Reset)
 .text.Reset    0x00000010       0x18 .\CortexM3\ARM_GCC_493\Debug\Cm3Start.o
                0x00000010                Reset
                0x00000001                ASSERT ((. != __cy_reset), No reset code)
 *(.dma_init)
                0x00000001                ASSERT ((((appl_start + .) <= 0x10000) || 0x1), DMA Init must be within the first 64k of flash)
 *(.text .text.* .gnu.linkonce.t.*)
 .text          0x00000028       0x5c c:/program files (x86)/cypress/psoc creator/3.3/psoc creator/import/gnu/arm/4.9.3/bin/../lib/gcc/arm-none-eabi/4.9.3/armv7-m/crtbegin.o
 .text.UARTGlobalHandler
                0x00000084       0x50 .\CortexM3\ARM_GCC_493\Debug\UARTManager.o
                0x00000084                UARTGlobalHandler
 .text.GetUARTManager
                0x000000d4       0x3c .\CortexM3\ARM_GCC_493\Debug\UARTManager.o
                0x000000d4                GetUARTManager
 .text.GetUARTMessageSlot
                0x00000110       0xb4 .\CortexM3\ARM_GCC_493\Debug\UARTManager.o
                0x00000110                GetUARTMessageSlot
 .text.InitUARTManager
                0x000001c4       0x84 .\CortexM3\ARM_GCC_493\Debug\UARTManager.o
                0x000001c4                InitUARTManager
 .text.ReleaseMessage
                0x00000248       0x34 .\CortexM3\ARM_GCC_493\Debug\UARTManager.o
                0x00000248                ReleaseMessage
 .text.InvokeResolver
                0x0000027c       0x54 .\CortexM3\ARM_GCC_493\Debug\UARTResolver.o
                0x0000027c                InvokeResolver
 .text.UARTSinkRegistration
                0x000002d0        0xc .\CortexM3\ARM_GCC_493\Debug\UARTManagerSink.o
                0x000002d0                UARTSinkRegistration
 .text.loop_push
                0x000002dc       0x3c .\CortexM3\ARM_GCC_493\Debug\PseudoRTOS.o
                0x000002dc                loop_push
 .text.loop_invoke
                0x00000318       0x4c .\CortexM3\ARM_GCC_493\Debug\PseudoRTOS.o
                0x00000318                loop_invoke
 .text.B78AD90CF552D9B30A
                0x00000364      0x1dc .\CortexM3\ARM_GCC_493\Debug\Utils.o
                0x00000364                B78AD90CF552D9B30A
 .text.PSTRBUFFTOGG
                0x00000540       0x7c .\CortexM3\ARM_GCC_493\Debug\Utils.o
                0x00000540                PSTRBUFFTOGG
 .text.LSDBCDBUFF2HEX
                0x000005bc       0x94 .\CortexM3\ARM_GCC_493\Debug\Utils.o
                0x000005bc                LSDBCDBUFF2HEX
 .text.CRCCheck
                0x00000650       0x58 .\CortexM3\ARM_GCC_493\Debug\Security.o
                0x00000650                CRCCheck
 .text.RawCRCCheck
                0x000006a8       0x44 .\CortexM3\ARM_GCC_493\Debug\Security.o
                0x000006a8                RawCRCCheck
 .text.SinkManagerRegistration
                0x000006ec      0x148 .\CortexM3\ARM_GCC_493\Debug\SinkManager.o
                0x000006ec                SinkManagerRegistration
 *fill*         0x00000834        0x4 
 .text.AllocateMessageSlot
                0x00000838      0x150 .\CortexM3\ARM_GCC_493\Debug\SinkManager.o
                0x00000838                AllocateMessageSlot
 .text.FindSinkMessage
                0x00000988       0xc8 .\CortexM3\ARM_GCC_493\Debug\SinkManager.o
                0x00000988                FindSinkMessage
 .text.AllocateMessageSlotConditional
                0x00000a50      0x190 .\CortexM3\ARM_GCC_493\Debug\SinkManager.o
                0x00000a50                AllocateMessageSlotConditional
 .text.AllocateMessageArraySlotConditional
                0x00000be0      0x100 .\CortexM3\ARM_GCC_493\Debug\SinkManager.o
                0x00000be0                AllocateMessageArraySlotConditional
 .text.ReleaseSinkMessage
                0x00000ce0       0x2c .\CortexM3\ARM_GCC_493\Debug\SinkManager.o
                0x00000ce0                ReleaseSinkMessage
 .text.ReleaseSinkMessageByID
                0x00000d0c       0x4c .\CortexM3\ARM_GCC_493\Debug\SinkManager.o
                0x00000d0c                ReleaseSinkMessageByID
 .text.AllocateSubscriberSlot
                0x00000d58       0x68 .\CortexM3\ARM_GCC_493\Debug\SinkManager.o
                0x00000d58                AllocateSubscriberSlot
 .text.SinkHandler
                0x00000dc0      0x5c0 .\CortexM3\ARM_GCC_493\Debug\SinkManager.o
                0x00000dc0                SinkHandler
 .text.SinkBroadcast
                0x00001380       0x98 .\CortexM3\ARM_GCC_493\Debug\SinkManager.o
                0x00001380                SinkBroadcast
 .text.SinkFirstFound
                0x00001418       0xc0 .\CortexM3\ARM_GCC_493\Debug\SinkManager.o
                0x00001418                SinkFirstFound
 .text.SinkAllInterested
                0x000014d8       0xb4 .\CortexM3\ARM_GCC_493\Debug\SinkManager.o
                0x000014d8                SinkAllInterested
 .text.SinkBroadcastForever
                0x0000158c       0x94 .\CortexM3\ARM_GCC_493\Debug\SinkManager.o
                0x0000158c                SinkBroadcastForever
 .text.SinkCounterUpdateCallback
                0x00001620       0x70 .\CortexM3\ARM_GCC_493\Debug\SinkManager.o
                0x00001620                SinkCounterUpdateCallback
 .text.SinkReleaseByIDCallback
                0x00001690       0x1c .\CortexM3\ARM_GCC_493\Debug\SinkManager.o
                0x00001690                SinkReleaseByIDCallback
 .text.SinkReleaseByPtrCallback
                0x000016ac       0x20 .\CortexM3\ARM_GCC_493\Debug\SinkManager.o
                0x000016ac                SinkReleaseByPtrCallback
 .text.GetEepromBuffer
                0x000016cc       0x14 .\CortexM3\ARM_GCC_493\Debug\EepromManager.o
                0x000016cc                GetEepromBuffer
 .text.I2CBusUnlock
                0x000016e0       0x14 .\CortexM3\ARM_GCC_493\Debug\EepromManager.o
                0x000016e0                I2CBusUnlock
 .text.LoadEepromPage
                0x000016f4       0x94 .\CortexM3\ARM_GCC_493\Debug\EepromManager.o
                0x000016f4                LoadEepromPage
 .text.I2CBusLock
                0x00001788       0xc8 .\CortexM3\ARM_GCC_493\Debug\EepromManager.o
                0x00001788                I2CBusLock
 .text.StoreEepromPage
                0x00001850       0x8c .\CortexM3\ARM_GCC_493\Debug\EepromManager.o
                0x00001850                StoreEepromPage
 .text.ClearEepromBuffer
                0x000018dc       0x14 .\CortexM3\ARM_GCC_493\Debug\EepromManager.o
                0x000018dc                ClearEepromBuffer
 .text.GetRtcBuffer
                0x000018f0       0x14 .\CortexM3\ARM_GCC_493\Debug\RtcManager.o
                0x000018f0                GetRtcBuffer
 .text.ClearRtcBuffer
                0x00001904       0x14 .\CortexM3\ARM_GCC_493\Debug\RtcManager.o
                0x00001904                ClearRtcBuffer
 .text.UpdateRTC
                0x00001918       0xf8 .\CortexM3\ARM_GCC_493\Debug\RtcManager.o
                0x00001918                UpdateRTC
 .text.ReadRTC  0x00001a10       0x84 .\CortexM3\ARM_GCC_493\Debug\RtcManager.o
                0x00001a10                ReadRTC
 .text.StartRtc
                0x00001a94       0x30 .\CortexM3\ARM_GCC_493\Debug\RtcManager.o
                0x00001a94                StartRtc
 .text.GlobalInitializer
                0x00001ac4       0x48 .\CortexM3\ARM_GCC_493\Debug\Initializers.o
                0x00001ac4                GlobalInitializer
 .text.InitTimers
                0x00001b0c       0x24 .\CortexM3\ARM_GCC_493\Debug\Timers.o
                0x00001b0c                InitTimers
 .text.CounterIsr
                0x00001b30       0x40 .\CortexM3\ARM_GCC_493\Debug\Timers.o
                0x00001b30                CounterIsr
 .text.DispenserStateIsr
                0x00001b70       0x30 .\CortexM3\ARM_GCC_493\Debug\Timers.o
                0x00001b70                DispenserStateIsr
 .text.WriteAuxPSoC
                0x00001ba0       0x64 .\CortexM3\ARM_GCC_493\Debug\AuxPSoC.o
                0x00001ba0                WriteAuxPSoC
 .text.WatchDogInitialize
                0x00001c04       0x48 .\CortexM3\ARM_GCC_493\Debug\WatchDogReset.o
                0x00001c04                WatchDogInitialize
 .text.WatchDogHandler
                0x00001c4c       0x18 .\CortexM3\ARM_GCC_493\Debug\WatchDogReset.o
                0x00001c4c                WatchDogHandler
 .text.WatchDogStartup
                0x00001c64       0x18 .\CortexM3\ARM_GCC_493\Debug\WatchDogReset.o
                0x00001c64                WatchDogStartup
 .text.DispenserBufferResolver
                0x00001c7c       0x7c .\CortexM3\ARM_GCC_493\Debug\DispenserResolver.o
                0x00001c7c                DispenserBufferResolver
 .text.DispenserUARTSend
                0x00001cf8       0x54 .\CortexM3\ARM_GCC_493\Debug\DispenserResolver.o
                0x00001cf8                DispenserUARTSend
 .text.DispenserHoseActiveState
                0x00001d4c       0x90 .\CortexM3\ARM_GCC_493\Debug\DispenserBLL.o
                0x00001d4c                DispenserHoseActiveState
 .text.DispenserExecuteCreditTransaction
                0x00001ddc       0x90 .\CortexM3\ARM_GCC_493\Debug\DispenserBLL.o
                0x00001ddc                DispenserExecuteCreditTransaction
 .text.DispenserExecuteCashTransaction
                0x00001e6c       0x94 .\CortexM3\ARM_GCC_493\Debug\DispenserBLL.o
                0x00001e6c                DispenserExecuteCashTransaction
 .text.DispenserBeepWarning
                0x00001f00       0x90 .\CortexM3\ARM_GCC_493\Debug\DispenserBLL.o
                0x00001f00                DispenserBeepWarning
 .text.DispenserUpdatePumpState
                0x00001f90      0x138 .\CortexM3\ARM_GCC_493\Debug\DispenserBLL.o
                0x00001f90                DispenserUpdatePumpState
 .text.DispenserUnlockPumpsOnEOT
                0x000020c8       0xd4 .\CortexM3\ARM_GCC_493\Debug\DispenserBLL.o
                0x000020c8                DispenserUnlockPumpsOnEOT
 .text.DispenserUnlockPumpsOnEOTStartup
                0x0000219c       0xac .\CortexM3\ARM_GCC_493\Debug\DispenserBLL.o
                0x0000219c                DispenserUnlockPumpsOnEOTStartup
 .text.DispenserRestorePrices
                0x00002248       0xa4 .\CortexM3\ARM_GCC_493\Debug\DispenserBLL.o
                0x00002248                DispenserRestorePrices
 .text.DispenserAcquireConfiguration
                0x000022ec      0x114 .\CortexM3\ARM_GCC_493\Debug\DispenserBLL.o
                0x000022ec                DispenserAcquireConfiguration
 .text.DispenserConfigurePrices
                0x00002400      0x12c .\CortexM3\ARM_GCC_493\Debug\DispenserBLL.o
                0x00002400                DispenserConfigurePrices
 .text.DispenserConfigureSinglePrice
                0x0000252c      0x370 .\CortexM3\ARM_GCC_493\Debug\DispenserBLL.o
                0x0000252c                DispenserConfigureSinglePrice
 .text.DispenserAcquireTotals
                0x0000289c       0xa0 .\CortexM3\ARM_GCC_493\Debug\DispenserBLL.o
                0x0000289c                DispenserAcquireTotals
 .text.DispenserEnumeratePumps
                0x0000293c      0x150 .\CortexM3\ARM_GCC_493\Debug\DispenserBLL.o
                0x0000293c                DispenserEnumeratePumps
 .text.DispenserLoadEEPROMSettings
                0x00002a8c      0x1ec .\CortexM3\ARM_GCC_493\Debug\DispenserBLL.o
                0x00002a8c                DispenserLoadEEPROMSettings
 .text.DispenserGetEepromPPUPageFromPumpID
                0x00002c78       0xb4 .\CortexM3\ARM_GCC_493\Debug\DispenserBLL.o
                0x00002c78                DispenserGetEepromPPUPageFromPumpID
 .text.GetPumpFromRemotePositionID
                0x00002d2c       0x64 .\CortexM3\ARM_GCC_493\Debug\DispenserBLL.o
                0x00002d2c                GetPumpFromRemotePositionID
 .text.DispenserSide1Listener
                0x00002d90      0x17c .\CortexM3\ARM_GCC_493\Debug\DispenserBLL.o
                0x00002d90                DispenserSide1Listener
 .text.DispenserSide2Listener
                0x00002f0c      0x17c .\CortexM3\ARM_GCC_493\Debug\DispenserBLL.o
                0x00002f0c                DispenserSide2Listener
 .text.DispenserTimeoutHandler
                0x00003088       0xf8 .\CortexM3\ARM_GCC_493\Debug\DispenserSink.o
                0x00003088                DispenserTimeoutHandler
 .text.DispenserDataReceptionHandler
                0x00003180      0x2b0 .\CortexM3\ARM_GCC_493\Debug\DispenserSink.o
                0x00003180                DispenserDataReceptionHandler
 .text.DispenserUpdateTimeouts
                0x00003430       0x84 .\CortexM3\ARM_GCC_493\Debug\DispenserSink.o
                0x00003430                DispenserUpdateTimeouts
 .text.DispenserHandler
                0x000034b4      0x250 .\CortexM3\ARM_GCC_493\Debug\DispenserSink.o
                0x000034b4                DispenserHandler
 .text.DispenserSinkRegistration
                0x00003704      0x31c .\CortexM3\ARM_GCC_493\Debug\DispenserSink.o
                0x00003704                DispenserSinkRegistration
 .text.WorkShiftDecorator
                0x00003a20       0xc4 .\CortexM3\ARM_GCC_493\Debug\DisplayBLL.o
                0x00003a20                WorkShiftDecorator
 .text.InitiateWorkShiftValidation
                0x00003ae4      0x144 .\CortexM3\ARM_GCC_493\Debug\DisplayBLL.o
                0x00003ae4                InitiateWorkShiftValidation
 .text.RequestWorkShiftOperAuthorization
                0x00003c28      0x13c .\CortexM3\ARM_GCC_493\Debug\DisplayBLL.o
                0x00003c28                RequestWorkShiftOperAuthorization
 .text.DrawNumberOfCopies
                0x00003d64      0x170 .\CortexM3\ARM_GCC_493\Debug\DisplayBLL.o
                0x00003d64                DrawNumberOfCopies
 .text.CancelMessageDecorator
                0x00003ed4       0xc4 .\CortexM3\ARM_GCC_493\Debug\DisplayBLL.o
                0x00003ed4                CancelMessageDecorator
 .text.AcceptedAuthorizationMessageDecorator
                0x00003f98      0x15c .\CortexM3\ARM_GCC_493\Debug\DisplayBLL.o
                0x00003f98                AcceptedAuthorizationMessageDecorator
 .text.ProductNameSelectionDecorator
                0x000040f4      0x500 .\CortexM3\ARM_GCC_493\Debug\DisplayBLL.o
                0x000040f4                ProductNameSelectionDecorator
 .text.RejectedAuthorizationMessageDecorator
                0x000045f4      0x15c .\CortexM3\ARM_GCC_493\Debug\DisplayBLL.o
                0x000045f4                RejectedAuthorizationMessageDecorator
 .text.ValidateAuthorizationResponse4Credit
                0x00004750       0x94 .\CortexM3\ARM_GCC_493\Debug\DisplayBLL.o
                0x00004750                ValidateAuthorizationResponse4Credit
 .text.SendAuthorizationRequest4Credit
                0x000047e4      0x234 .\CortexM3\ARM_GCC_493\Debug\DisplayBLL.o
                0x000047e4                SendAuthorizationRequest4Credit
 .text.DisplayStationIDDecorator
                0x00004a18       0xe4 .\CortexM3\ARM_GCC_493\Debug\DisplayBLL.o
                0x00004a18                DisplayStationIDDecorator
 .text.DisplayStationIDStore
                0x00004afc       0xd4 .\CortexM3\ARM_GCC_493\Debug\DisplayBLL.o
                0x00004afc                DisplayStationIDStore
 .text.DisplayStationIDLoad
                0x00004bd0       0x94 .\CortexM3\ARM_GCC_493\Debug\DisplayBLL.o
                0x00004bd0                DisplayStationIDLoad
 .text.DisplayPumpIDOffsetLoad
                0x00004c64       0x80 .\CortexM3\ARM_GCC_493\Debug\DisplayBLL.o
                0x00004c64                DisplayPumpIDOffsetLoad
 .text.DisplayPumpIDOffsetDecorator
                0x00004ce4       0xe4 .\CortexM3\ARM_GCC_493\Debug\DisplayBLL.o
                0x00004ce4                DisplayPumpIDOffsetDecorator
 .text.DisplayPumpIDOffsetStore
                0x00004dc8       0xc4 .\CortexM3\ARM_GCC_493\Debug\DisplayBLL.o
                0x00004dc8                DisplayPumpIDOffsetStore
 .text.iButtonScreenNotification
                0x00004e8c       0xd4 .\CortexM3\ARM_GCC_493\Debug\DisplayBLL.o
                0x00004e8c                iButtonScreenNotification
 .text.TerminateiButtonScan
                0x00004f60       0x34 .\CortexM3\ARM_GCC_493\Debug\DisplayBLL.o
                0x00004f60                TerminateiButtonScan
 .text.InitiateiButtonScan
                0x00004f94       0xb0 .\CortexM3\ARM_GCC_493\Debug\DisplayBLL.o
                0x00004f94                InitiateiButtonScan
 .text.DrawDateTime
                0x00005044      0x820 .\CortexM3\ARM_GCC_493\Debug\DisplayBLL.o
                0x00005044                DrawDateTime
 .text.DrawHomeDateTime
                0x00005864      0x788 .\CortexM3\ARM_GCC_493\Debug\DisplayBLL.o
                0x00005864                DrawHomeDateTime
 .text.DisplayUpdateHomeAnimation
                0x00005fec      0xd30 .\CortexM3\ARM_GCC_493\Debug\DisplayBLL.o
                0x00005fec                DisplayUpdateHomeAnimation
 .text.InitiateUpdateDateTime
                0x00006d1c       0xa8 .\CortexM3\ARM_GCC_493\Debug\DisplayBLL.o
                0x00006d1c                InitiateUpdateDateTime
 .text.TerminateUpdateDateTime
                0x00006dc4       0x50 .\CortexM3\ARM_GCC_493\Debug\DisplayBLL.o
                0x00006dc4                TerminateUpdateDateTime
 .text.InitiateHomeAnimation
                0x00006e14       0xa0 .\CortexM3\ARM_GCC_493\Debug\DisplayBLL.o
                0x00006e14                InitiateHomeAnimation
 .text.DisplayUpdateDateTime
                0x00006eb4       0x2c .\CortexM3\ARM_GCC_493\Debug\DisplayBLL.o
                0x00006eb4                DisplayUpdateDateTime
 .text.TerminateHomeAnimation
                0x00006ee0       0x50 .\CortexM3\ARM_GCC_493\Debug\DisplayBLL.o
                0x00006ee0                TerminateHomeAnimation
 .text.DisplayGenericValidator
                0x00006f30      0x1f0 .\CortexM3\ARM_GCC_493\Debug\DisplayBLL.o
                0x00006f30                DisplayGenericValidator
 .text.PrintersWorking
                0x00007120       0x64 .\CortexM3\ARM_GCC_493\Debug\DisplayBLL.o
                0x00007120                PrintersWorking
 .text.EitherPrinterWorking
                0x00007184       0x78 .\CortexM3\ARM_GCC_493\Debug\DisplayBLL.o
                0x00007184                EitherPrinterWorking
 .text.CastCreditVolumeValue
                0x000071fc      0x164 .\CortexM3\ARM_GCC_493\Debug\DisplayBLL.o
                0x000071fc                CastCreditVolumeValue
 .text.Display1Logic
                0x00007360      0x1b4 .\CortexM3\ARM_GCC_493\Debug\DisplayBLL.o
                0x00007360                Display1Logic
 .text.PrintcopyReceipt
                0x00007514       0xa0 .\CortexM3\ARM_GCC_493\Debug\DisplayBLL.o
                0x00007514                PrintcopyReceipt
 .text.Display2Logic
                0x000075b4      0x1b4 .\CortexM3\ARM_GCC_493\Debug\DisplayBLL.o
                0x000075b4                Display2Logic
 .text.DisplaySinkRegistration
                0x00007768      0x19c .\CortexM3\ARM_GCC_493\Debug\DisplaySink.o
                0x00007768                DisplaySinkRegistration
 .text.InitDisplays
                0x00007904       0xd0 .\CortexM3\ARM_GCC_493\Debug\DisplaySink.o
                0x00007904                InitDisplays
 .text.DisplayRaiseTimeoutsAndStateChanges
                0x000079d4      0x300 .\CortexM3\ARM_GCC_493\Debug\DisplaySink.o
                0x000079d4                DisplayRaiseTimeoutsAndStateChanges
 .text.DisplayOutputString
                0x00007cd4      0x138 .\CortexM3\ARM_GCC_493\Debug\DisplayUtils.o
                0x00007cd4                DisplayOutputString
 .text.ParseDisplayFlow
                0x00007e0c       0xa8 .\CortexM3\ARM_GCC_493\Debug\DisplayUtils.o
                0x00007e0c                ParseDisplayFlow
 .text.DisplayFlowInputHandler
                0x00007eb4       0x68 .\CortexM3\ARM_GCC_493\Debug\DisplayUtils.o
                0x00007eb4                DisplayFlowInputHandler
 .text.DisplayFlowInputValidator
                0x00007f1c       0x68 .\CortexM3\ARM_GCC_493\Debug\DisplayUtils.o
                0x00007f1c                DisplayFlowInputValidator
 .text.DisplayInitializer
                0x00007f84       0x68 .\CortexM3\ARM_GCC_493\Debug\DisplayUtils.o
                0x00007f84                DisplayInitializer
 .text.DisplayFlowDecorator
                0x00007fec       0x68 .\CortexM3\ARM_GCC_493\Debug\DisplayUtils.o
                0x00007fec                DisplayFlowDecorator
 .text.DisplayFinalizer
                0x00008054       0x68 .\CortexM3\ARM_GCC_493\Debug\DisplayUtils.o
                0x00008054                DisplayFinalizer
 .text.ParseDisplayStream
                0x000080bc       0xac .\CortexM3\ARM_GCC_493\Debug\DisplayUtils.o
                0x000080bc                ParseDisplayStream
 .text.GetDisplayFlowNode
                0x00008168       0xa0 .\CortexM3\ARM_GCC_493\Debug\DisplayUtils.o
                0x00008168                GetDisplayFlowNode
 .text.PrepareDisplayStructure
                0x00008208       0x70 .\CortexM3\ARM_GCC_493\Debug\DisplayUtils.o
                0x00008208                PrepareDisplayStructure
 .text.NonEmptyDataValidator
                0x00008278       0x2c .\CortexM3\ARM_GCC_493\Debug\DisplayUtils.o
                0x00008278                NonEmptyDataValidator
 .text.SecureConfigurationValidator
                0x000082a4       0x74 .\CortexM3\ARM_GCC_493\Debug\DisplayUtils.o
                0x000082a4                SecureConfigurationValidator
 .text.SaveNewPassword
                0x00008318       0x48 .\CortexM3\ARM_GCC_493\Debug\DisplayUtils.o
                0x00008318                SaveNewPassword
 .text.DisplayIntegerInputHandler
                0x00008360      0x16c .\CortexM3\ARM_GCC_493\Debug\DisplayUtils.o
                0x00008360                DisplayIntegerInputHandler
 .text.DisplayMoneyInputHandler
                0x000084cc      0x204 .\CortexM3\ARM_GCC_493\Debug\DisplayUtils.o
                0x000084cc                DisplayMoneyInputHandler
 .text.DisplayVolumeInputHandler
                0x000086d0      0x238 .\CortexM3\ARM_GCC_493\Debug\DisplayUtils.o
                0x000086d0                DisplayVolumeInputHandler
 .text.NonEmptyMoneyValidator
                0x00008908      0x144 .\CortexM3\ARM_GCC_493\Debug\DisplayUtils.o
                0x00008908                NonEmptyMoneyValidator
 .text.NonEmpty15ModuloValidator
                0x00008a4c      0x11c .\CortexM3\ARM_GCC_493\Debug\DisplayUtils.o
                0x00008a4c                NonEmpty15ModuloValidator
 .text.ValidatePumpAvailability4Positions
                0x00008b68      0x1a4 .\CortexM3\ARM_GCC_493\Debug\DisplayUtils.o
                0x00008b68                ValidatePumpAvailability4Positions
 .text.ValidatePumpAvailability21Positions
                0x00008d0c      0x15c .\CortexM3\ARM_GCC_493\Debug\DisplayUtils.o
                0x00008d0c                ValidatePumpAvailability21Positions
 .text.GetPumpsAvailability
                0x00008e68      0x28c .\CortexM3\ARM_GCC_493\Debug\DisplayUtils.o
                0x00008e68                GetPumpsAvailability
 .text.GetPumpsPrintState
                0x000090f4       0xe8 .\CortexM3\ARM_GCC_493\Debug\DisplayUtils.o
                0x000090f4                GetPumpsPrintState
 .text.DisplayInputHandler
                0x000091dc      0x14c .\CortexM3\ARM_GCC_493\Debug\DisplayUtils.o
                0x000091dc                DisplayInputHandler
 .text.DisplayIDInputHandler
                0x00009328      0x164 .\CortexM3\ARM_GCC_493\Debug\DisplayUtils.o
                0x00009328                DisplayIDInputHandler
 .text.DisplayInputPasswordHandler
                0x0000948c      0x190 .\CortexM3\ARM_GCC_493\Debug\DisplayUtils.o
                0x0000948c                DisplayInputPasswordHandler
 .text.GetDisplayFromPumpID
                0x0000961c       0xb0 .\CortexM3\ARM_GCC_493\Debug\DisplayUtils.o
                0x0000961c                GetDisplayFromPumpID
 .text.DisplayProductSelectionInputHandler
                0x000096cc       0xb4 .\CortexM3\ARM_GCC_493\Debug\DisplayUtils.o
                0x000096cc                DisplayProductSelectionInputHandler
 .text.CleanMessageSink
                0x00009780       0x40 .\CortexM3\ARM_GCC_493\Debug\DisplayUtils.o
                0x00009780                CleanMessageSink
 .text.SequesterMessageSink
                0x000097c0      0x148 .\CortexM3\ARM_GCC_493\Debug\DisplayUtils.o
                0x000097c0                SequesterMessageSink
 .text.ReleaseMessageSink
                0x00009908      0x1a8 .\CortexM3\ARM_GCC_493\Debug\DisplayUtils.o
                0x00009908                ReleaseMessageSink
 .text.StoreTransactionData
                0x00009ab0      0x3d0 .\CortexM3\ARM_GCC_493\Debug\DisplayUtils.o
                0x00009ab0                StoreTransactionData
 .text.UnmapCode
                0x00009e80       0x48 .\CortexM3\ARM_GCC_493\Debug\DisplayCharacterMap.o
                0x00009e80                UnmapCode
 .text.GetBufferIndexFromDisplayID
                0x00009ec8       0x48 .\CortexM3\ARM_GCC_493\Debug\DisplayBufferScreenMap.o
                0x00009ec8                GetBufferIndexFromDisplayID
 .text.GetBufferLengthFromDisplayID
                0x00009f10       0x48 .\CortexM3\ARM_GCC_493\Debug\DisplayBufferScreenMap.o
                0x00009f10                GetBufferLengthFromDisplayID
 .text.GetPumpIndexFromDisplay
                0x00009f58       0x78 .\CortexM3\ARM_GCC_493\Debug\DisplayBufferScreenMap.o
                0x00009f58                GetPumpIndexFromDisplay
 .text.Display1BufferResolver
                0x00009fd0       0xf4 .\CortexM3\ARM_GCC_493\Debug\DisplayResolver.o
                0x00009fd0                Display1BufferResolver
 .text.Display2BufferResolver
                0x0000a0c4       0xf4 .\CortexM3\ARM_GCC_493\Debug\DisplayResolver.o
                0x0000a0c4                Display2BufferResolver
 .text.Dislay1UARTSend
                0x0000a1b8       0x48 .\CortexM3\ARM_GCC_493\Debug\DisplayResolver.o
                0x0000a1b8                Dislay1UARTSend
 .text.PrintLogo
                0x0000a200       0x3c .\CortexM3\ARM_GCC_493\Debug\PrinterBLL.o
                0x0000a200                PrintLogo
 .text.Printer11Callback
                0x0000a23c       0x5c .\CortexM3\ARM_GCC_493\Debug\PrinterBLL.o
                0x0000a23c                Printer11Callback
 .text.Printer12Callback
                0x0000a298       0x5c .\CortexM3\ARM_GCC_493\Debug\PrinterBLL.o
                0x0000a298                Printer12Callback
 .text.Printer21Callback
                0x0000a2f4       0x5c .\CortexM3\ARM_GCC_493\Debug\PrinterBLL.o
                0x0000a2f4                Printer21Callback
 .text.Printer22Callback
                0x0000a350       0x5c .\CortexM3\ARM_GCC_493\Debug\PrinterBLL.o
                0x0000a350                Printer22Callback
 .text.Printer1GenericCallback
                0x0000a3ac       0x1c .\CortexM3\ARM_GCC_493\Debug\PrinterBLL.o
                0x0000a3ac                Printer1GenericCallback
 .text.Printer2GenericCallback
                0x0000a3c8       0x1c .\CortexM3\ARM_GCC_493\Debug\PrinterBLL.o
                0x0000a3c8                Printer2GenericCallback
 .text.MeasurePrinterASCIIBufferLength
                0x0000a3e4       0x34 .\CortexM3\ARM_GCC_493\Debug\PrinterBLL.o
                0x0000a3e4                MeasurePrinterASCIIBufferLength
 .text.Printer1GenericCallbacklogo
                0x0000a418       0x18 .\CortexM3\ARM_GCC_493\Debug\PrinterBLL.o
                0x0000a418                Printer1GenericCallbacklogo
 .text.Printer2GenericCallbacklogo
                0x0000a430       0x18 .\CortexM3\ARM_GCC_493\Debug\PrinterBLL.o
                0x0000a430                Printer2GenericCallbacklogo
 .text.PadSpacesToCenter
                0x0000a448       0x24 .\CortexM3\ARM_GCC_493\Debug\PrinterBLL.o
                0x0000a448                PadSpacesToCenter
 .text.GetProductNameFromPumpAndHose
                0x0000a46c      0x3c8 .\CortexM3\ARM_GCC_493\Debug\PrinterBLL.o
                0x0000a46c                GetProductNameFromPumpAndHose
 .text.FormatNumberLSDFirst
                0x0000a834      0x140 .\CortexM3\ARM_GCC_493\Debug\PrinterBLL.o
                0x0000a834                FormatNumberLSDFirst
 .text.Print    0x0000a974     0x13fc .\CortexM3\ARM_GCC_493\Debug\PrinterBLL.o
                0x0000a974                Print
 .text.PrintGeneric
                0x0000bd70       0x44 .\CortexM3\ARM_GCC_493\Debug\PrinterBLL.o
                0x0000bd70                PrintGeneric
 .text.PrinterSinkRegistration
                0x0000bdb4      0x148 .\CortexM3\ARM_GCC_493\Debug\PrinterSink.o
                0x0000bdb4                PrinterSinkRegistration
 .text.PrinterUARTSend
                0x0000befc       0x14 .\CortexM3\ARM_GCC_493\Debug\PrinterResolver.o
                0x0000befc                PrinterUARTSend
 .text.GetPrinterTemplateLine
                0x0000bf10       0x48 .\CortexM3\ARM_GCC_493\Debug\PrinterTemplate.o
                0x0000bf10                GetPrinterTemplateLine
 .text.GetPrinterVolumeTemplateTag
                0x0000bf58       0x48 .\CortexM3\ARM_GCC_493\Debug\PrinterTemplate.o
                0x0000bf58                GetPrinterVolumeTemplateTag
 .text.GetPrinterPriceTemplateTag
                0x0000bfa0       0x34 .\CortexM3\ARM_GCC_493\Debug\PrinterTemplate.o
                0x0000bfa0                GetPrinterPriceTemplateTag
 .text.iButtonSinkRegistration
                0x0000bfd4       0x5c .\CortexM3\ARM_GCC_493\Debug\iButtonSink.o
                0x0000bfd4                iButtonSinkRegistration
 .text.iButton1Scan
                0x0000c030       0xb4 .\CortexM3\ARM_GCC_493\Debug\iButtonBLL.o
                0x0000c030                iButton1Scan
 .text.iButton2Scan
                0x0000c0e4       0xa8 .\CortexM3\ARM_GCC_493\Debug\iButtonBLL.o
                0x0000c0e4                iButton2Scan
 .text.iButtonResetPresenceSequence
                0x0000c18c       0x84 .\CortexM3\ARM_GCC_493\Debug\iButtonProtocol.o
                0x0000c18c                iButtonResetPresenceSequence
 .text.iButtonRead
                0x0000c210       0xbc .\CortexM3\ARM_GCC_493\Debug\iButtonProtocol.o
                0x0000c210                iButtonRead
 .text.iButtonWrite
                0x0000c2cc       0xc4 .\CortexM3\ARM_GCC_493\Debug\iButtonProtocol.o
                0x0000c2cc                iButtonWrite
 .text.InitProtocol
                0x0000c390      0x32c .\CortexM3\ARM_GCC_493\Debug\Prime.o
                0x0000c390                InitProtocol
 .text.PumpIsInValidState
                0x0000c6bc       0x38 .\CortexM3\ARM_GCC_493\Debug\Prime.o
                0x0000c6bc                PumpIsInValidState
 .text.PumpJobQueueClear
                0x0000c6f4       0x8c .\CortexM3\ARM_GCC_493\Debug\Prime.o
                0x0000c6f4                PumpJobQueueClear
 .text.PumpJobAllocate
                0x0000c780      0x144 .\CortexM3\ARM_GCC_493\Debug\Prime.o
                0x0000c780                PumpJobAllocate
 .text.PumpJobEnqueue
                0x0000c8c4       0x5c .\CortexM3\ARM_GCC_493\Debug\Prime.o
                0x0000c8c4                PumpJobEnqueue
 .text.PumpJobQueuePeek
                0x0000c920       0x30 .\CortexM3\ARM_GCC_493\Debug\Prime.o
                0x0000c920                PumpJobQueuePeek
 .text.PumpJobDequeue
                0x0000c950       0xb8 .\CortexM3\ARM_GCC_493\Debug\Prime.o
                0x0000c950                PumpJobDequeue
 .text.PumpJobRotate
                0x0000ca08       0x78 .\CortexM3\ARM_GCC_493\Debug\Prime.o
                0x0000ca08                PumpJobRotate
 .text.PumpTransactionalStateDequeue
                0x0000ca80       0x60 .\CortexM3\ARM_GCC_493\Debug\Prime.o
                0x0000ca80                PumpTransactionalStateDequeue
 .text.PumpTransactionalStateEnqueue
                0x0000cae0       0x1c .\CortexM3\ARM_GCC_493\Debug\Prime.o
                0x0000cae0                PumpTransactionalStateEnqueue
 .text.PumpTransactionalStateDeallocate
                0x0000cafc       0x94 .\CortexM3\ARM_GCC_493\Debug\Prime.o
                0x0000cafc                PumpTransactionalStateDeallocate
 .text.PumpTransactionalStateFind
                0x0000cb90       0x54 .\CortexM3\ARM_GCC_493\Debug\Prime.o
                0x0000cb90                PumpTransactionalStateFind
 .text.PumpTransactionalStateAllocate
                0x0000cbe4       0x94 .\CortexM3\ARM_GCC_493\Debug\Prime.o
                0x0000cbe4                PumpTransactionalStateAllocate
 .text.PumpTransactionalStateLock
                0x0000cc78       0x70 .\CortexM3\ARM_GCC_493\Debug\Prime.o
                0x0000cc78                PumpTransactionalStateLock
 .text.PumpTransactionalStateUnlock
                0x0000cce8       0x20 .\CortexM3\ARM_GCC_493\Debug\Prime.o
                0x0000cce8                PumpTransactionalStateUnlock
 .text.PumpCleanUp
                0x0000cd08       0xb4 .\CortexM3\ARM_GCC_493\Debug\Prime.o
                0x0000cd08                PumpCleanUp
 .text.GetTransactionByName
                0x0000cdbc       0x48 .\CortexM3\ARM_GCC_493\Debug\PrimeFlow.o
                0x0000cdbc                GetTransactionByName
 .text.AcquirePumpStateResponse
                0x0000ce04       0x98 .\CortexM3\ARM_GCC_493\Debug\PrimeImpl.o
                0x0000ce04                AcquirePumpStateResponse
 .text.AcquireDatatoPumpResponse
                0x0000ce9c       0x48 .\CortexM3\ARM_GCC_493\Debug\PrimeImpl.o
                0x0000ce9c                AcquireDatatoPumpResponse
 .text.ProcessPumpRTMoneyRequest
                0x0000cee4       0xe0 .\CortexM3\ARM_GCC_493\Debug\PrimeImpl.o
                0x0000cee4                ProcessPumpRTMoneyRequest
 .text.ProcessPumpRTHoseVolumeRequest
                0x0000cfc4       0xf4 .\CortexM3\ARM_GCC_493\Debug\PrimeImpl.o
                0x0000cfc4                ProcessPumpRTHoseVolumeRequest
 .text.ProcessPumpTransactionData
                0x0000d0b8      0x8f4 .\CortexM3\ARM_GCC_493\Debug\PrimeImpl.o
                0x0000d0b8                ProcessPumpTransactionData
 .text.ProcessPumpTotalsDataReport
                0x0000d9ac      0x174 .\CortexM3\ARM_GCC_493\Debug\PrimeImpl.o
                0x0000d9ac                ProcessPumpTotalsDataReport
 .text.PumpJobTimeout
                0x0000db20       0x38 .\CortexM3\ARM_GCC_493\Debug\PrimeImpl.o
                0x0000db20                PumpJobTimeout
 .text.PumpStateJobTimeout
                0x0000db58       0x38 .\CortexM3\ARM_GCC_493\Debug\PrimeImpl.o
                0x0000db58                PumpStateJobTimeout
 .text.PumpAuthorization
                0x0000db90       0x84 .\CortexM3\ARM_GCC_493\Debug\PrimeImpl.o
                0x0000db90                PumpAuthorization
 .text.PumpStartupAuthorization
                0x0000dc14       0x70 .\CortexM3\ARM_GCC_493\Debug\PrimeImpl.o
                0x0000dc14                PumpStartupAuthorization
 .text.PumpStateRequest
                0x0000dc84       0x60 .\CortexM3\ARM_GCC_493\Debug\PrimeImpl.o
                0x0000dc84                PumpStateRequest
 .text.PumpRTMoneyRequest
                0x0000dce4       0x6c .\CortexM3\ARM_GCC_493\Debug\PrimeImpl.o
                0x0000dce4                PumpRTMoneyRequest
 .text.PumpRTHoseVolumeRequest
                0x0000dd50       0x6c .\CortexM3\ARM_GCC_493\Debug\PrimeImpl.o
                0x0000dd50                PumpRTHoseVolumeRequest
 .text.PumpTransactionDataRequest
                0x0000ddbc       0x6c .\CortexM3\ARM_GCC_493\Debug\PrimeImpl.o
                0x0000ddbc                PumpTransactionDataRequest
 .text.PumpTotalsDataRequest
                0x0000de28       0x6c .\CortexM3\ARM_GCC_493\Debug\PrimeImpl.o
                0x0000de28                PumpTotalsDataRequest
 .text.PumpDataToPump
                0x0000de94       0x6c .\CortexM3\ARM_GCC_493\Debug\PrimeImpl.o
                0x0000de94                PumpDataToPump
 .text.PumpPresetHose
                0x0000df00      0x14c .\CortexM3\ARM_GCC_493\Debug\PrimeImpl.o
                0x0000df00                PumpPresetHose
 .text.PumpCreditPresetHose
                0x0000e04c      0x160 .\CortexM3\ARM_GCC_493\Debug\PrimeImpl.o
                0x0000e04c                PumpCreditPresetHose
 .text.PumpPresetNotification
                0x0000e1ac      0x1b8 .\CortexM3\ARM_GCC_493\Debug\PrimeImpl.o
                0x0000e1ac                PumpPresetNotification
 .text.PumpCreditPresetNotification
                0x0000e364       0xe8 .\CortexM3\ARM_GCC_493\Debug\PrimeImpl.o
                0x0000e364                PumpCreditPresetNotification
 .text.PumpFullPresetHose
                0x0000e44c      0x178 .\CortexM3\ARM_GCC_493\Debug\PrimeImpl.o
                0x0000e44c                PumpFullPresetHose
 .text.PumpPpuChange
                0x0000e5c4      0x260 .\CortexM3\ARM_GCC_493\Debug\PrimeImpl.o
                0x0000e5c4                PumpPpuChange
 .text.PumpDefault2CreditPpuChange
                0x0000e824      0x154 .\CortexM3\ARM_GCC_493\Debug\PrimeImpl.o
                0x0000e824                PumpDefault2CreditPpuChange
 .text.PumpCredit2DefaultPpuChange
                0x0000e978      0x1e4 .\CortexM3\ARM_GCC_493\Debug\PrimeImpl.o
                0x0000e978                PumpCredit2DefaultPpuChange
 .text.PumpStopRequest
                0x0000eb5c       0x6c .\CortexM3\ARM_GCC_493\Debug\PrimeImpl.o
                0x0000eb5c                PumpStopRequest
 .text.PumpStopAllRequest
                0x0000ebc8       0x60 .\CortexM3\ARM_GCC_493\Debug\PrimeImpl.o
                0x0000ebc8                PumpStopAllRequest
 .text.PumpCompleteConfiguration
                0x0000ec28       0xe8 .\CortexM3\ARM_GCC_493\Debug\PrimeImpl.o
                0x0000ec28                PumpCompleteConfiguration
 .text.PumpHoseActiveState
                0x0000ed10       0xec .\CortexM3\ARM_GCC_493\Debug\PrimeImpl.o
                0x0000ed10                PumpHoseActiveState
 .text.AcquirePumpHoseActiveState
                0x0000edfc      0x1a0 .\CortexM3\ARM_GCC_493\Debug\PrimeImpl.o
                0x0000edfc                AcquirePumpHoseActiveState
 .text.AcquirePumpCompleteConfiguration
                0x0000ef9c     0x1038 .\CortexM3\ARM_GCC_493\Debug\PrimeImpl.o
                0x0000ef9c                AcquirePumpCompleteConfiguration
 .text.AcquireDispenserLayoutInformation
                0x0000ffd4      0x1e4 .\CortexM3\ARM_GCC_493\Debug\PrimeImpl.o
                0x0000ffd4                AcquireDispenserLayoutInformation
 .text.AcquirePumpSpecialFunctionResponseResolver
                0x000101b8      0x124 .\CortexM3\ARM_GCC_493\Debug\PrimeImpl.o
                0x000101b8                AcquirePumpSpecialFunctionResponseResolver
 .text.PumpEnumeratorRequest
                0x000102dc       0x60 .\CortexM3\ARM_GCC_493\Debug\PrimeImpl.o
                0x000102dc                PumpEnumeratorRequest
 .text.AcquirePumpEnumeratorResponse
                0x0001033c      0x240 .\CortexM3\ARM_GCC_493\Debug\PrimeImpl.o
                0x0001033c                AcquirePumpEnumeratorResponse
 .text.PumpEnumeratorTimeout
                0x0001057c       0x6c .\CortexM3\ARM_GCC_493\Debug\PrimeImpl.o
                0x0001057c                PumpEnumeratorTimeout
 .text.AcquirePumpTotalsResponseResolver
                0x000105e8       0xb8 .\CortexM3\ARM_GCC_493\Debug\PrimeImpl.o
                0x000105e8                AcquirePumpTotalsResponseResolver
 .text.PrimeActivateProgramming
                0x000106a0       0xac .\CortexM3\ARM_GCC_493\Debug\PrimeImpl.o
                0x000106a0                PrimeActivateProgramming
 .text.GetLRC   0x0001074c       0x60 .\CortexM3\ARM_GCC_493\Debug\PrimeImpl.o
                0x0001074c                GetLRC
 .text.FindLRC  0x000107ac       0x30 .\CortexM3\ARM_GCC_493\Debug\PrimeImpl.o
                0x000107ac                FindLRC
 .text.InitiateTransaction
                0x000107dc       0x2c .\CortexM3\ARM_GCC_493\Debug\PrimeImpl.o
                0x000107dc                InitiateTransaction
 .text.TerminateTransaction
                0x00010808       0x2c .\CortexM3\ARM_GCC_493\Debug\PrimeImpl.o
                0x00010808                TerminateTransaction
 .text.TerminateTransactionAndPrint
                0x00010834      0x208 .\CortexM3\ARM_GCC_493\Debug\PrimeImpl.o
                0x00010834                TerminateTransactionAndPrint
 .text.CastVolumeValue
                0x00010a3c      0x164 .\CortexM3\ARM_GCC_493\Debug\PrimeImpl.o
                0x00010a3c                CastVolumeValue
 .text.CastMoneyValue
                0x00010ba0      0x164 .\CortexM3\ARM_GCC_493\Debug\PrimeImpl.o
                0x00010ba0                CastMoneyValue
 .text.TranslateSpecialFuncionDigit
                0x00010d04       0x48 .\CortexM3\ARM_GCC_493\Debug\PrimeImpl.o
                0x00010d04                TranslateSpecialFuncionDigit
 .text.RFSinkRegistration
                0x00010d4c       0xdc .\CortexM3\ARM_GCC_493\Debug\RFSink.o
                0x00010d4c                RFSinkRegistration
 .text.RFServerAutonomousMonitor
                0x00010e28       0x64 .\CortexM3\ARM_GCC_493\Debug\RFSink.o
                0x00010e28                RFServerAutonomousMonitor
 .text.RFServerRequestHandler
                0x00010e8c       0x68 .\CortexM3\ARM_GCC_493\Debug\RFBLL.o
                0x00010e8c                RFServerRequestHandler
 .text.RFErrorHandler
                0x00010ef4       0x14 .\CortexM3\ARM_GCC_493\Debug\RFBLL.o
                0x00010ef4                RFErrorHandler
 .text.GetRFRequestResolver
                0x00010f08       0x58 .\CortexM3\ARM_GCC_493\Debug\RFBLL.o
                0x00010f08                GetRFRequestResolver
 .text.RFUARTBufferResolver
                0x00010f60      0x1f8 .\CortexM3\ARM_GCC_493\Debug\RFResolver.o
                0x00010f60                RFUARTBufferResolver
 .text.RFUARTSend
                0x00011158       0x4c .\CortexM3\ARM_GCC_493\Debug\RFResolver.o
                0x00011158                RFUARTSend
 .text.RFGetPayloadLengthFromRequestCode
                0x000111a4       0x48 .\CortexM3\ARM_GCC_493\Debug\RFServerStack.o
                0x000111a4                RFGetPayloadLengthFromRequestCode
 .text.RFGetDynamicPayloadLengthFromRequestCode
                0x000111ec       0x48 .\CortexM3\ARM_GCC_493\Debug\RFServerStack.o
                0x000111ec                RFGetDynamicPayloadLengthFromRequestCode
 .text.RFGetCRC
                0x00011234       0x6c .\CortexM3\ARM_GCC_493\Debug\RFServerStack.o
                0x00011234                RFGetCRC
 .text.RFUnmapCommand2State
                0x000112a0       0x48 .\CortexM3\ARM_GCC_493\Debug\RFServerStack.o
                0x000112a0                RFUnmapCommand2State
 .text.RFStateReqResp
                0x000112e8      0x3d8 .\CortexM3\ARM_GCC_493\Debug\RFServerStackImpl.o
                0x000112e8                RFStateReqResp
 .text.RFCreditSerialAuthReqResp
                0x000116c0      0x26c .\CortexM3\ARM_GCC_493\Debug\RFServerStackImpl.o
                0x000116c0                RFCreditSerialAuthReqResp
 .text.RFCreditAuthorizationReqResp
                0x0001192c      0x408 .\CortexM3\ARM_GCC_493\Debug\RFServerStackImpl.o
                0x0001192c                RFCreditAuthorizationReqResp
 .text.RFCreditSalePresetReportReqResp
                0x00011d34      0x1f4 .\CortexM3\ARM_GCC_493\Debug\RFServerStackImpl.o
                0x00011d34                RFCreditSalePresetReportReqResp
 .text.RFCashSalePresetReportReqResp
                0x00011f28      0x438 .\CortexM3\ARM_GCC_493\Debug\RFServerStackImpl.o
                0x00011f28                RFCashSalePresetReportReqResp
 .text.RFCashCreditSaleFinalReportReqResp
                0x00012360      0x558 .\CortexM3\ARM_GCC_493\Debug\RFServerStackImpl.o
                0x00012360                RFCashCreditSaleFinalReportReqResp
 .text.RFTotalsDataReqResp
                0x000128b8      0x284 .\CortexM3\ARM_GCC_493\Debug\RFServerStackImpl.o
                0x000128b8                RFTotalsDataReqResp
 .text.RFTotalsDataReportReqResp
                0x00012b3c      0xedc .\CortexM3\ARM_GCC_493\Debug\RFServerStackImpl.o
                0x00012b3c                RFTotalsDataReportReqResp
 .text.RFPriceChangeReqResp
                0x00013a18      0x370 .\CortexM3\ARM_GCC_493\Debug\RFServerStackImpl.o
                0x00013a18                RFPriceChangeReqResp
 .text.RFGeneralPrintReqResp
                0x00013d88      0x30c .\CortexM3\ARM_GCC_493\Debug\RFServerStackImpl.o
                0x00013d88                RFGeneralPrintReqResp
 .text.RFCreditSalePrintReqResp
                0x00014094      0x458 .\CortexM3\ARM_GCC_493\Debug\RFServerStackImpl.o
                0x00014094                RFCreditSalePrintReqResp
 .text.RFCashSalePrintReqResp
                0x000144ec      0x2fc .\CortexM3\ARM_GCC_493\Debug\RFServerStackImpl.o
                0x000144ec                RFCashSalePrintReqResp
 .text.RFPendingCreditSaleReqResp
                0x000147e8     0x12d4 .\CortexM3\ARM_GCC_493\Debug\RFServerStackImpl.o
                0x000147e8                RFPendingCreditSaleReqResp
 .text.RFPendingCashSaleReqResp
                0x00015abc     0x1054 .\CortexM3\ARM_GCC_493\Debug\RFServerStackImpl.o
                0x00015abc                RFPendingCashSaleReqResp
 .text.RFBroadcastConfigurationReqResp
                0x00016b10      0x548 .\CortexM3\ARM_GCC_493\Debug\RFServerStackImpl.o
                0x00016b10                RFBroadcastConfigurationReqResp
 .text.RFPositionConfigurationReqResp
                0x00017058      0x38c .\CortexM3\ARM_GCC_493\Debug\RFServerStackImpl.o
                0x00017058                RFPositionConfigurationReqResp
 .text.RFIslandOperDataReqResp
                0x000173e4      0x2c0 .\CortexM3\ARM_GCC_493\Debug\RFServerStackImpl.o
                0x000173e4                RFIslandOperDataReqResp
 .text.RFIslandAdminReqResp
                0x000176a4      0x350 .\CortexM3\ARM_GCC_493\Debug\RFServerStackImpl.o
                0x000176a4                RFIslandAdminReqResp
 .text.GeneralPrintRequestPayloadSizeResolver
                0x000179f4       0x20 .\CortexM3\ARM_GCC_493\Debug\RFServerStackImpl.o
                0x000179f4                GeneralPrintRequestPayloadSizeResolver
 .text.RFCopyPrintReqResp
                0x00017a14      0x2e0 .\CortexM3\ARM_GCC_493\Debug\RFServerStackImpl.o
                0x00017a14                RFCopyPrintReqResp
 .text.main     0x00017cf4       0x28 .\CortexM3\ARM_GCC_493\Debug\main.o
                0x00017cf4                main
 .text.IntDefaultHandler
                0x00017d1c        0x8 .\CortexM3\ARM_GCC_493\Debug\Cm3Start.o
                0x00017d1c                IntDefaultHandler
 .text._sbrk    0x00017d24       0x50 .\CortexM3\ARM_GCC_493\Debug\Cm3Start.o
                0x00017d24                _sbrk
 .text.Start_c  0x00017d74       0x98 .\CortexM3\ARM_GCC_493\Debug\Cm3Start.o
                0x00017d74                Start_c
 .text.initialize_psoc
                0x00017e0c       0x8c .\CortexM3\ARM_GCC_493\Debug\Cm3Start.o
                0x00017e0c                initialize_psoc
 .text.CYMEMZERO
                0x00017e98       0x1c .\CortexM3\ARM_GCC_493\Debug\CorEx-Mux-Kernel.a(cyfitter_cfg.o)
 .text.CYCONFIGCPY
                0x00017eb4       0x1c .\CortexM3\ARM_GCC_493\Debug\CorEx-Mux-Kernel.a(cyfitter_cfg.o)
 .text.CyClockStartupError
                0x00017ed0        0xc .\CortexM3\ARM_GCC_493\Debug\CorEx-Mux-Kernel.a(cyfitter_cfg.o)
 .text.cfg_write_bytes32
                0x00017edc       0x74 .\CortexM3\ARM_GCC_493\Debug\CorEx-Mux-Kernel.a(cyfitter_cfg.o)
 .text.ClockSetup
                0x00017f50      0x17c .\CortexM3\ARM_GCC_493\Debug\CorEx-Mux-Kernel.a(cyfitter_cfg.o)
 .text.AnalogSetDefault
                0x000180cc       0x44 .\CortexM3\ARM_GCC_493\Debug\CorEx-Mux-Kernel.a(cyfitter_cfg.o)
 .text.cyfitter_cfg
                0x00018110      0x190 .\CortexM3\ARM_GCC_493\Debug\CorEx-Mux-Kernel.a(cyfitter_cfg.o)
                0x00018110                cyfitter_cfg
 .text.RF_Physical_Start
                0x000182a0       0x20 .\CortexM3\ARM_GCC_493\Debug\CorEx-Mux-Kernel.a(RF_Physical.o)
                0x000182a0                RF_Physical_Start
 .text.RF_Physical_Init
                0x000182c0       0x58 .\CortexM3\ARM_GCC_493\Debug\CorEx-Mux-Kernel.a(RF_Physical.o)
                0x000182c0                RF_Physical_Init
 .text.RF_Physical_Enable
                0x00018318       0x68 .\CortexM3\ARM_GCC_493\Debug\CorEx-Mux-Kernel.a(RF_Physical.o)
                0x00018318                RF_Physical_Enable
 .text.RF_Physical_Stop
                0x00018380       0x68 .\CortexM3\ARM_GCC_493\Debug\CorEx-Mux-Kernel.a(RF_Physical.o)
                0x00018380                RF_Physical_Stop
 .text.RF_Physical_ReadControlRegister
                0x000183e8       0x10 .\CortexM3\ARM_GCC_493\Debug\CorEx-Mux-Kernel.a(RF_Physical.o)
                0x000183e8                RF_Physical_ReadControlRegister
 .text.RF_Physical_WriteControlRegister
                0x000183f8       0x14 .\CortexM3\ARM_GCC_493\Debug\CorEx-Mux-Kernel.a(RF_Physical.o)
                0x000183f8                RF_Physical_WriteControlRegister
 .text.RF_Physical_ReadRxData
                0x0001840c       0x94 .\CortexM3\ARM_GCC_493\Debug\CorEx-Mux-Kernel.a(RF_Physical.o)
                0x0001840c                RF_Physical_ReadRxData
 .text.RF_Physical_ReadRxStatus
                0x000184a0       0x40 .\CortexM3\ARM_GCC_493\Debug\CorEx-Mux-Kernel.a(RF_Physical.o)
                0x000184a0                RF_Physical_ReadRxStatus
 .text.RF_Physical_GetChar
                0x000184e0       0xbc .\CortexM3\ARM_GCC_493\Debug\CorEx-Mux-Kernel.a(RF_Physical.o)
                0x000184e0                RF_Physical_GetChar
 .text.RF_Physical_GetByte
                0x0001859c       0x44 .\CortexM3\ARM_GCC_493\Debug\CorEx-Mux-Kernel.a(RF_Physical.o)
                0x0001859c                RF_Physical_GetByte
 .text.RF_Physical_GetRxBufferSize
                0x000185e0       0x94 .\CortexM3\ARM_GCC_493\Debug\CorEx-Mux-Kernel.a(RF_Physical.o)
                0x000185e0                RF_Physical_GetRxBufferSize
 .text.RF_Physical_ClearRxBuffer
                0x00018674       0x7c .\CortexM3\ARM_GCC_493\Debug\CorEx-Mux-Kernel.a(RF_Physical.o)
                0x00018674                RF_Physical_ClearRxBuffer
 .text.RF_Physical_WriteTxData
                0x000186f0       0x2c .\CortexM3\ARM_GCC_493\Debug\CorEx-Mux-Kernel.a(RF_Physical.o)
                0x000186f0                RF_Physical_WriteTxData
 .text.RF_Physical_ReadTxStatus
                0x0001871c       0x18 .\CortexM3\ARM_GCC_493\Debug\CorEx-Mux-Kernel.a(RF_Physical.o)
                0x0001871c                RF_Physical_ReadTxStatus
 .text.RF_Physical_PutChar
                0x00018734       0x34 .\CortexM3\ARM_GCC_493\Debug\CorEx-Mux-Kernel.a(RF_Physical.o)
                0x00018734                RF_Physical_PutChar
 .text.RF_Physical_PutString
                0x00018768       0x40 .\CortexM3\ARM_GCC_493\Debug\CorEx-Mux-Kernel.a(RF_Physical.o)
                0x00018768                RF_Physical_PutString
 .text.RF_Physical_PutArray
                0x000187a8       0x40 .\CortexM3\ARM_GCC_493\Debug\CorEx-Mux-Kernel.a(RF_Physical.o)
                0x000187a8                RF_Physical_PutArray
 .text.RF_Physical_PutCRLF
                0x000187e8       0x30 .\CortexM3\ARM_GCC_493\Debug\CorEx-Mux-Kernel.a(RF_Physical.o)
                0x000187e8                RF_Physical_PutCRLF
 .text.RF_Physical_ClearTxBuffer
                0x00018818       0x40 .\CortexM3\ARM_GCC_493\Debug\CorEx-Mux-Kernel.a(RF_Physical.o)
                0x00018818                RF_Physical_ClearTxBuffer
 .text.RF_Physical_RXISR
                0x00018858       0xf0 .\CortexM3\ARM_GCC_493\Debug\CorEx-Mux-Kernel.a(RF_Physical_INT.o)
                0x00018858                RF_Physical_RXISR
 .text.RF_Physical_IntClock_Start
                0x00018948       0x34 .\CortexM3\ARM_GCC_493\Debug\CorEx-Mux-Kernel.a(RF_Physical_IntClock.o)
                0x00018948                RF_Physical_IntClock_Start
 .text.RF_Physical_IntClock_Stop
                0x0001897c       0x34 .\CortexM3\ARM_GCC_493\Debug\CorEx-Mux-Kernel.a(RF_Physical_IntClock.o)
                0x0001897c                RF_Physical_IntClock_Stop
 .text          0x000189b0       0x20 .\CortexM3\ARM_GCC_493\Debug\CorEx-Mux-Kernel.a(CyBootAsmGnu.o)
                0x000189b0                CyDelayCycles
                0x000189c0                CyEnterCriticalSection
                0x000189c8                CyExitCriticalSection
 .text.CyHalt   0x000189d0       0x18 .\CortexM3\ARM_GCC_493\Debug\CorEx-Mux-Kernel.a(CyLib.o)
                0x000189d0                CyHalt
 .text.CyDelay  0x000189e8       0x44 .\CortexM3\ARM_GCC_493\Debug\CorEx-Mux-Kernel.a(CyLib.o)
                0x000189e8                CyDelay
 .text.CyDelayUs
                0x00018a2c       0x24 .\CortexM3\ARM_GCC_493\Debug\CorEx-Mux-Kernel.a(CyLib.o)
                0x00018a2c                CyDelayUs
 .text.CyDelayFreq
                0x00018a50       0x7c .\CortexM3\ARM_GCC_493\Debug\CorEx-Mux-Kernel.a(CyLib.o)
                0x00018a50                CyDelayFreq
 .text.CyWdtStart
                0x00018acc       0x8c .\CortexM3\ARM_GCC_493\Debug\CorEx-Mux-Kernel.a(CyLib.o)
                0x00018acc                CyWdtStart
 .text.CyWdtClear
                0x00018b58       0x18 .\CortexM3\ARM_GCC_493\Debug\CorEx-Mux-Kernel.a(CyLib.o)
                0x00018b58                CyWdtClear
 .text.CyIntSetVector
                0x00018b70       0x50 .\CortexM3\ARM_GCC_493\Debug\CorEx-Mux-Kernel.a(CyLib.o)
                0x00018b70                CyIntSetVector
 .text.CyIntSetPriority
                0x00018bc0       0x44 .\CortexM3\ARM_GCC_493\Debug\CorEx-Mux-Kernel.a(CyLib.o)
                0x00018bc0                CyIntSetPriority
 .text.Printer_Start
                0x00018c04       0x20 .\CortexM3\ARM_GCC_493\Debug\CorEx-Mux-Kernel.a(Printer.o)
                0x00018c04                Printer_Start
 .text.Printer_Init
                0x00018c24       0x40 .\CortexM3\ARM_GCC_493\Debug\CorEx-Mux-Kernel.a(Printer.o)
                0x00018c24                Printer_Init
 .text.Printer_Enable
                0x00018c64       0x58 .\CortexM3\ARM_GCC_493\Debug\CorEx-Mux-Kernel.a(Printer.o)
                0x00018c64                Printer_Enable
 .text.Printer_Stop
                0x00018cbc       0x58 .\CortexM3\ARM_GCC_493\Debug\CorEx-Mux-Kernel.a(Printer.o)
                0x00018cbc                Printer_Stop
 .text.Printer_ReadControlRegister
                0x00018d14       0x10 .\CortexM3\ARM_GCC_493\Debug\CorEx-Mux-Kernel.a(Printer.o)
                0x00018d14                Printer_ReadControlRegister
 .text.Printer_WriteControlRegister
                0x00018d24       0x14 .\CortexM3\ARM_GCC_493\Debug\CorEx-Mux-Kernel.a(Printer.o)
                0x00018d24                Printer_WriteControlRegister
 .text.Printer_ReadRxData
                0x00018d38       0x20 .\CortexM3\ARM_GCC_493\Debug\CorEx-Mux-Kernel.a(Printer.o)
                0x00018d38                Printer_ReadRxData
 .text.Printer_ReadRxStatus
                0x00018d58       0x24 .\CortexM3\ARM_GCC_493\Debug\CorEx-Mux-Kernel.a(Printer.o)
                0x00018d58                Printer_ReadRxStatus
 .text.Printer_GetChar
                0x00018d7c       0x44 .\CortexM3\ARM_GCC_493\Debug\CorEx-Mux-Kernel.a(Printer.o)
                0x00018d7c                Printer_GetChar
 .text.Printer_GetByte
                0x00018dc0       0x24 .\CortexM3\ARM_GCC_493\Debug\CorEx-Mux-Kernel.a(Printer.o)
                0x00018dc0                Printer_GetByte
 .text.Printer_GetRxBufferSize
                0x00018de4       0x30 .\CortexM3\ARM_GCC_493\Debug\CorEx-Mux-Kernel.a(Printer.o)
                0x00018de4                Printer_GetRxBufferSize
 .text.Printer_ClearRxBuffer
                0x00018e14       0x40 .\CortexM3\ARM_GCC_493\Debug\CorEx-Mux-Kernel.a(Printer.o)
                0x00018e14                Printer_ClearRxBuffer
 .text.Printer_WriteTxData
                0x00018e54       0x2c .\CortexM3\ARM_GCC_493\Debug\CorEx-Mux-Kernel.a(Printer.o)
                0x00018e54                Printer_WriteTxData
 .text.Printer_ReadTxStatus
                0x00018e80       0x18 .\CortexM3\ARM_GCC_493\Debug\CorEx-Mux-Kernel.a(Printer.o)
                0x00018e80                Printer_ReadTxStatus
 .text.Printer_PutChar
                0x00018e98       0x34 .\CortexM3\ARM_GCC_493\Debug\CorEx-Mux-Kernel.a(Printer.o)
                0x00018e98                Printer_PutChar
 .text.Printer_PutString
                0x00018ecc       0x40 .\CortexM3\ARM_GCC_493\Debug\CorEx-Mux-Kernel.a(Printer.o)
                0x00018ecc                Printer_PutString
 .text.Printer_PutArray
                0x00018f0c       0x40 .\CortexM3\ARM_GCC_493\Debug\CorEx-Mux-Kernel.a(Printer.o)
                0x00018f0c                Printer_PutArray
 .text.Printer_PutCRLF
                0x00018f4c       0x30 .\CortexM3\ARM_GCC_493\Debug\CorEx-Mux-Kernel.a(Printer.o)
                0x00018f4c                Printer_PutCRLF
 .text.Printer_ClearTxBuffer
                0x00018f7c       0x40 .\CortexM3\ARM_GCC_493\Debug\CorEx-Mux-Kernel.a(Printer.o)
                0x00018f7c                Printer_ClearTxBuffer
 .text.Dispenser_Start
                0x00018fbc       0x20 .\CortexM3\ARM_GCC_493\Debug\CorEx-Mux-Kernel.a(Dispenser.o)
                0x00018fbc                Dispenser_Start
 .text.Dispenser_Init
                0x00018fdc       0x58 .\CortexM3\ARM_GCC_493\Debug\CorEx-Mux-Kernel.a(Dispenser.o)
                0x00018fdc                Dispenser_Init
 .text.Dispenser_Enable
                0x00019034       0x64 .\CortexM3\ARM_GCC_493\Debug\CorEx-Mux-Kernel.a(Dispenser.o)
                0x00019034                Dispenser_Enable
 .text.Dispenser_Stop
                0x00019098       0x64 .\CortexM3\ARM_GCC_493\Debug\CorEx-Mux-Kernel.a(Dispenser.o)
                0x00019098                Dispenser_Stop
 .text.Dispenser_ReadControlRegister
                0x000190fc       0x10 .\CortexM3\ARM_GCC_493\Debug\CorEx-Mux-Kernel.a(Dispenser.o)
                0x000190fc                Dispenser_ReadControlRegister
 .text.Dispenser_WriteControlRegister
                0x0001910c       0x14 .\CortexM3\ARM_GCC_493\Debug\CorEx-Mux-Kernel.a(Dispenser.o)
                0x0001910c                Dispenser_WriteControlRegister
 .text.Dispenser_ReadRxData
                0x00019120       0x94 .\CortexM3\ARM_GCC_493\Debug\CorEx-Mux-Kernel.a(Dispenser.o)
                0x00019120                Dispenser_ReadRxData
 .text.Dispenser_ReadRxStatus
                0x000191b4       0x40 .\CortexM3\ARM_GCC_493\Debug\CorEx-Mux-Kernel.a(Dispenser.o)
                0x000191b4                Dispenser_ReadRxStatus
 .text.Dispenser_GetChar
                0x000191f4       0xb8 .\CortexM3\ARM_GCC_493\Debug\CorEx-Mux-Kernel.a(Dispenser.o)
                0x000191f4                Dispenser_GetChar
 .text.Dispenser_GetByte
                0x000192ac       0x44 .\CortexM3\ARM_GCC_493\Debug\CorEx-Mux-Kernel.a(Dispenser.o)
                0x000192ac                Dispenser_GetByte
 .text.Dispenser_GetRxBufferSize
                0x000192f0       0x94 .\CortexM3\ARM_GCC_493\Debug\CorEx-Mux-Kernel.a(Dispenser.o)
                0x000192f0                Dispenser_GetRxBufferSize
 .text.Dispenser_ClearRxBuffer
                0x00019384       0x7c .\CortexM3\ARM_GCC_493\Debug\CorEx-Mux-Kernel.a(Dispenser.o)
                0x00019384                Dispenser_ClearRxBuffer
 .text.Dispenser_WriteTxData
                0x00019400       0x2c .\CortexM3\ARM_GCC_493\Debug\CorEx-Mux-Kernel.a(Dispenser.o)
                0x00019400                Dispenser_WriteTxData
 .text.Dispenser_ReadTxStatus
                0x0001942c       0x18 .\CortexM3\ARM_GCC_493\Debug\CorEx-Mux-Kernel.a(Dispenser.o)
                0x0001942c                Dispenser_ReadTxStatus
 .text.Dispenser_PutChar
                0x00019444       0x34 .\CortexM3\ARM_GCC_493\Debug\CorEx-Mux-Kernel.a(Dispenser.o)
                0x00019444                Dispenser_PutChar
 .text.Dispenser_PutString
                0x00019478       0x40 .\CortexM3\ARM_GCC_493\Debug\CorEx-Mux-Kernel.a(Dispenser.o)
                0x00019478                Dispenser_PutString
 .text.Dispenser_PutArray
                0x000194b8       0x40 .\CortexM3\ARM_GCC_493\Debug\CorEx-Mux-Kernel.a(Dispenser.o)
                0x000194b8                Dispenser_PutArray
 .text.Dispenser_PutCRLF
                0x000194f8       0x30 .\CortexM3\ARM_GCC_493\Debug\CorEx-Mux-Kernel.a(Dispenser.o)
                0x000194f8                Dispenser_PutCRLF
 .text.Dispenser_ClearTxBuffer
                0x00019528       0x40 .\CortexM3\ARM_GCC_493\Debug\CorEx-Mux-Kernel.a(Dispenser.o)
                0x00019528                Dispenser_ClearTxBuffer
 .text.Dispenser_RXISR
                0x00019568       0xec .\CortexM3\ARM_GCC_493\Debug\CorEx-Mux-Kernel.a(Dispenser_INT.o)
                0x00019568                Dispenser_RXISR
 .text.Display1_Start
                0x00019654       0x20 .\CortexM3\ARM_GCC_493\Debug\CorEx-Mux-Kernel.a(Display1.o)
                0x00019654                Display1_Start
 .text.Display1_Init
                0x00019674       0x58 .\CortexM3\ARM_GCC_493\Debug\CorEx-Mux-Kernel.a(Display1.o)
                0x00019674                Display1_Init
 .text.Display1_Enable
                0x000196cc       0x68 .\CortexM3\ARM_GCC_493\Debug\CorEx-Mux-Kernel.a(Display1.o)
                0x000196cc                Display1_Enable
 .text.Display1_Stop
                0x00019734       0x68 .\CortexM3\ARM_GCC_493\Debug\CorEx-Mux-Kernel.a(Display1.o)
                0x00019734                Display1_Stop
 .text.Display1_ReadControlRegister
                0x0001979c       0x10 .\CortexM3\ARM_GCC_493\Debug\CorEx-Mux-Kernel.a(Display1.o)
                0x0001979c                Display1_ReadControlRegister
 .text.Display1_WriteControlRegister
                0x000197ac       0x14 .\CortexM3\ARM_GCC_493\Debug\CorEx-Mux-Kernel.a(Display1.o)
                0x000197ac                Display1_WriteControlRegister
 .text.Display1_ReadRxData
                0x000197c0       0x94 .\CortexM3\ARM_GCC_493\Debug\CorEx-Mux-Kernel.a(Display1.o)
                0x000197c0                Display1_ReadRxData
 .text.Display1_ReadRxStatus
                0x00019854       0x40 .\CortexM3\ARM_GCC_493\Debug\CorEx-Mux-Kernel.a(Display1.o)
                0x00019854                Display1_ReadRxStatus
 .text.Display1_GetChar
                0x00019894       0xb8 .\CortexM3\ARM_GCC_493\Debug\CorEx-Mux-Kernel.a(Display1.o)
                0x00019894                Display1_GetChar
 .text.Display1_GetByte
                0x0001994c       0x44 .\CortexM3\ARM_GCC_493\Debug\CorEx-Mux-Kernel.a(Display1.o)
                0x0001994c                Display1_GetByte
 .text.Display1_GetRxBufferSize
                0x00019990       0x90 .\CortexM3\ARM_GCC_493\Debug\CorEx-Mux-Kernel.a(Display1.o)
                0x00019990                Display1_GetRxBufferSize
 .text.Display1_ClearRxBuffer
                0x00019a20       0x7c .\CortexM3\ARM_GCC_493\Debug\CorEx-Mux-Kernel.a(Display1.o)
                0x00019a20                Display1_ClearRxBuffer
 .text.Display1_WriteTxData
                0x00019a9c       0x2c .\CortexM3\ARM_GCC_493\Debug\CorEx-Mux-Kernel.a(Display1.o)
                0x00019a9c                Display1_WriteTxData
 .text.Display1_ReadTxStatus
                0x00019ac8       0x18 .\CortexM3\ARM_GCC_493\Debug\CorEx-Mux-Kernel.a(Display1.o)
                0x00019ac8                Display1_ReadTxStatus
 .text.Display1_PutChar
                0x00019ae0       0x34 .\CortexM3\ARM_GCC_493\Debug\CorEx-Mux-Kernel.a(Display1.o)
                0x00019ae0                Display1_PutChar
 .text.Display1_PutString
                0x00019b14       0x40 .\CortexM3\ARM_GCC_493\Debug\CorEx-Mux-Kernel.a(Display1.o)
                0x00019b14                Display1_PutString
 .text.Display1_PutArray
                0x00019b54       0x40 .\CortexM3\ARM_GCC_493\Debug\CorEx-Mux-Kernel.a(Display1.o)
                0x00019b54                Display1_PutArray
 .text.Display1_PutCRLF
                0x00019b94       0x30 .\CortexM3\ARM_GCC_493\Debug\CorEx-Mux-Kernel.a(Display1.o)
                0x00019b94                Display1_PutCRLF
 .text.Display1_ClearTxBuffer
                0x00019bc4       0x40 .\CortexM3\ARM_GCC_493\Debug\CorEx-Mux-Kernel.a(Display1.o)
                0x00019bc4                Display1_ClearTxBuffer
 .text.Display1_RXISR
                0x00019c04       0xf0 .\CortexM3\ARM_GCC_493\Debug\CorEx-Mux-Kernel.a(Display1_INT.o)
                0x00019c04                Display1_RXISR
 .text.Display2_Start
                0x00019cf4       0x20 .\CortexM3\ARM_GCC_493\Debug\CorEx-Mux-Kernel.a(Display2.o)
                0x00019cf4                Display2_Start
 .text.Display2_Init
                0x00019d14       0x58 .\CortexM3\ARM_GCC_493\Debug\CorEx-Mux-Kernel.a(Display2.o)
                0x00019d14                Display2_Init
 .text.Display2_Enable
                0x00019d6c       0x68 .\CortexM3\ARM_GCC_493\Debug\CorEx-Mux-Kernel.a(Display2.o)
                0x00019d6c                Display2_Enable
 .text.Display2_Stop
                0x00019dd4       0x68 .\CortexM3\ARM_GCC_493\Debug\CorEx-Mux-Kernel.a(Display2.o)
                0x00019dd4                Display2_Stop
 .text.Display2_ReadControlRegister
                0x00019e3c       0x10 .\CortexM3\ARM_GCC_493\Debug\CorEx-Mux-Kernel.a(Display2.o)
                0x00019e3c                Display2_ReadControlRegister
 .text.Display2_WriteControlRegister
                0x00019e4c       0x14 .\CortexM3\ARM_GCC_493\Debug\CorEx-Mux-Kernel.a(Display2.o)
                0x00019e4c                Display2_WriteControlRegister
 .text.Display2_ReadRxData
                0x00019e60       0x94 .\CortexM3\ARM_GCC_493\Debug\CorEx-Mux-Kernel.a(Display2.o)
                0x00019e60                Display2_ReadRxData
 .text.Display2_ReadRxStatus
                0x00019ef4       0x40 .\CortexM3\ARM_GCC_493\Debug\CorEx-Mux-Kernel.a(Display2.o)
                0x00019ef4                Display2_ReadRxStatus
 .text.Display2_GetChar
                0x00019f34       0xb8 .\CortexM3\ARM_GCC_493\Debug\CorEx-Mux-Kernel.a(Display2.o)
                0x00019f34                Display2_GetChar
 .text.Display2_GetByte
                0x00019fec       0x44 .\CortexM3\ARM_GCC_493\Debug\CorEx-Mux-Kernel.a(Display2.o)
                0x00019fec                Display2_GetByte
 .text.Display2_GetRxBufferSize
                0x0001a030       0x90 .\CortexM3\ARM_GCC_493\Debug\CorEx-Mux-Kernel.a(Display2.o)
                0x0001a030                Display2_GetRxBufferSize
 .text.Display2_ClearRxBuffer
                0x0001a0c0       0x7c .\CortexM3\ARM_GCC_493\Debug\CorEx-Mux-Kernel.a(Display2.o)
                0x0001a0c0                Display2_ClearRxBuffer
 .text.Display2_WriteTxData
                0x0001a13c       0x2c .\CortexM3\ARM_GCC_493\Debug\CorEx-Mux-Kernel.a(Display2.o)
                0x0001a13c                Display2_WriteTxData
 .text.Display2_ReadTxStatus
                0x0001a168       0x18 .\CortexM3\ARM_GCC_493\Debug\CorEx-Mux-Kernel.a(Display2.o)
                0x0001a168                Display2_ReadTxStatus
 .text.Display2_PutChar
                0x0001a180       0x34 .\CortexM3\ARM_GCC_493\Debug\CorEx-Mux-Kernel.a(Display2.o)
                0x0001a180                Display2_PutChar
 .text.Display2_PutString
                0x0001a1b4       0x40 .\CortexM3\ARM_GCC_493\Debug\CorEx-Mux-Kernel.a(Display2.o)
                0x0001a1b4                Display2_PutString
 .text.Display2_PutArray
                0x0001a1f4       0x40 .\CortexM3\ARM_GCC_493\Debug\CorEx-Mux-Kernel.a(Display2.o)
                0x0001a1f4                Display2_PutArray
 .text.Display2_PutCRLF
                0x0001a234       0x30 .\CortexM3\ARM_GCC_493\Debug\CorEx-Mux-Kernel.a(Display2.o)
                0x0001a234                Display2_PutCRLF
 .text.Display2_ClearTxBuffer
                0x0001a264       0x40 .\CortexM3\ARM_GCC_493\Debug\CorEx-Mux-Kernel.a(Display2.o)
                0x0001a264                Display2_ClearTxBuffer
 .text.Display2_RXISR
                0x0001a2a4       0xf0 .\CortexM3\ARM_GCC_493\Debug\CorEx-Mux-Kernel.a(Display2_INT.o)
                0x0001a2a4                Display2_RXISR
 .text.Counter_ISR_StartEx
                0x0001a394       0x24 .\CortexM3\ARM_GCC_493\Debug\CorEx-Mux-Kernel.a(Counter_ISR.o)
                0x0001a394                Counter_ISR_StartEx
 .text.Counter_ISR_SetVector
                0x0001a3b8       0x24 .\CortexM3\ARM_GCC_493\Debug\CorEx-Mux-Kernel.a(Counter_ISR.o)
                0x0001a3b8                Counter_ISR_SetVector
 .text.Counter_ISR_SetPriority
                0x0001a3dc       0x24 .\CortexM3\ARM_GCC_493\Debug\CorEx-Mux-Kernel.a(Counter_ISR.o)
                0x0001a3dc                Counter_ISR_SetPriority
 .text.Counter_ISR_Enable
                0x0001a400       0x18 .\CortexM3\ARM_GCC_493\Debug\CorEx-Mux-Kernel.a(Counter_ISR.o)
                0x0001a400                Counter_ISR_Enable
 .text.Counter_ISR_Disable
                0x0001a418       0x18 .\CortexM3\ARM_GCC_493\Debug\CorEx-Mux-Kernel.a(Counter_ISR.o)
                0x0001a418                Counter_ISR_Disable
 .text.Display1_IntClock_Start
                0x0001a430       0x34 .\CortexM3\ARM_GCC_493\Debug\CorEx-Mux-Kernel.a(Display1_IntClock.o)
                0x0001a430                Display1_IntClock_Start
 .text.Display1_IntClock_Stop
                0x0001a464       0x34 .\CortexM3\ARM_GCC_493\Debug\CorEx-Mux-Kernel.a(Display1_IntClock.o)
                0x0001a464                Display1_IntClock_Stop
 .text.Display2_IntClock_Start
                0x0001a498       0x34 .\CortexM3\ARM_GCC_493\Debug\CorEx-Mux-Kernel.a(Display2_IntClock.o)
                0x0001a498                Display2_IntClock_Start
 .text.Display2_IntClock_Stop
                0x0001a4cc       0x34 .\CortexM3\ARM_GCC_493\Debug\CorEx-Mux-Kernel.a(Display2_IntClock.o)
                0x0001a4cc                Display2_IntClock_Stop
 .text.I2C_Bus_Init
                0x0001a500       0x80 .\CortexM3\ARM_GCC_493\Debug\CorEx-Mux-Kernel.a(I2C_Bus.o)
                0x0001a500                I2C_Bus_Init
 .text.I2C_Bus_Enable
                0x0001a580       0x44 .\CortexM3\ARM_GCC_493\Debug\CorEx-Mux-Kernel.a(I2C_Bus.o)
                0x0001a580                I2C_Bus_Enable
 .text.I2C_Bus_Start
                0x0001a5c4       0x2c .\CortexM3\ARM_GCC_493\Debug\CorEx-Mux-Kernel.a(I2C_Bus.o)
                0x0001a5c4                I2C_Bus_Start
 .text.I2C_Bus_ISR
                0x0001a5f0      0x3ac .\CortexM3\ARM_GCC_493\Debug\CorEx-Mux-Kernel.a(I2C_Bus_INT.o)
                0x0001a5f0                I2C_Bus_ISR
 .text.I2C_Bus_MasterSendStart
                0x0001a99c       0xbc .\CortexM3\ARM_GCC_493\Debug\CorEx-Mux-Kernel.a(I2C_Bus_MASTER.o)
                0x0001a99c                I2C_Bus_MasterSendStart
 .text.I2C_Bus_MasterSendRestart
                0x0001aa58       0xa4 .\CortexM3\ARM_GCC_493\Debug\CorEx-Mux-Kernel.a(I2C_Bus_MASTER.o)
                0x0001aa58                I2C_Bus_MasterSendRestart
 .text.I2C_Bus_MasterSendStop
                0x0001aafc       0x58 .\CortexM3\ARM_GCC_493\Debug\CorEx-Mux-Kernel.a(I2C_Bus_MASTER.o)
                0x0001aafc                I2C_Bus_MasterSendStop
 .text.I2C_Bus_MasterWriteByte
                0x0001ab54       0x80 .\CortexM3\ARM_GCC_493\Debug\CorEx-Mux-Kernel.a(I2C_Bus_MASTER.o)
                0x0001ab54                I2C_Bus_MasterWriteByte
 .text.I2C_Bus_MasterReadByte
                0x0001abd4       0x7c .\CortexM3\ARM_GCC_493\Debug\CorEx-Mux-Kernel.a(I2C_Bus_MASTER.o)
                0x0001abd4                I2C_Bus_MasterReadByte
 .text.I2C_Bus_MasterClearStatus
                0x0001ac50       0x3c .\CortexM3\ARM_GCC_493\Debug\CorEx-Mux-Kernel.a(I2C_Bus_MASTER.o)
                0x0001ac50                I2C_Bus_MasterClearStatus
 .text.iButton1_Write
                0x0001ac8c       0x3c .\CortexM3\ARM_GCC_493\Debug\CorEx-Mux-Kernel.a(iButton1.o)
                0x0001ac8c                iButton1_Write
 .text.iButton1_Read
                0x0001acc8       0x20 .\CortexM3\ARM_GCC_493\Debug\CorEx-Mux-Kernel.a(iButton1.o)
                0x0001acc8                iButton1_Read
 .text.iButton2_Write
                0x0001ace8       0x34 .\CortexM3\ARM_GCC_493\Debug\CorEx-Mux-Kernel.a(iButton2.o)
                0x0001ace8                iButton2_Write
 .text.iButton2_Read
                0x0001ad1c       0x1c .\CortexM3\ARM_GCC_493\Debug\CorEx-Mux-Kernel.a(iButton2.o)
                0x0001ad1c                iButton2_Read
 .text.eepromWP_Write
                0x0001ad38       0x3c .\CortexM3\ARM_GCC_493\Debug\CorEx-Mux-Kernel.a(eepromWP.o)
                0x0001ad38                eepromWP_Write
 .text.Timer_DispenserState_Init
                0x0001ad74       0x4c .\CortexM3\ARM_GCC_493\Debug\CorEx-Mux-Kernel.a(Timer_DispenserState.o)
                0x0001ad74                Timer_DispenserState_Init
 .text.Timer_DispenserState_Enable
                0x0001adc0       0x20 .\CortexM3\ARM_GCC_493\Debug\CorEx-Mux-Kernel.a(Timer_DispenserState.o)
                0x0001adc0                Timer_DispenserState_Enable
 .text.Timer_DispenserState_Start
                0x0001ade0       0x20 .\CortexM3\ARM_GCC_493\Debug\CorEx-Mux-Kernel.a(Timer_DispenserState.o)
                0x0001ade0                Timer_DispenserState_Start
 .text.Timer_DispenserState_SetInterruptMode
                0x0001ae00       0x20 .\CortexM3\ARM_GCC_493\Debug\CorEx-Mux-Kernel.a(Timer_DispenserState.o)
                0x0001ae00                Timer_DispenserState_SetInterruptMode
 .text.Timer_DispenserState_ReadStatusRegister
                0x0001ae20       0x18 .\CortexM3\ARM_GCC_493\Debug\CorEx-Mux-Kernel.a(Timer_DispenserState.o)
                0x0001ae20                Timer_DispenserState_ReadStatusRegister
 .text.Timer_DispenserState_WritePeriod
                0x0001ae38       0x20 .\CortexM3\ARM_GCC_493\Debug\CorEx-Mux-Kernel.a(Timer_DispenserState.o)
                0x0001ae38                Timer_DispenserState_WritePeriod
 .text.Timer_DispenserState_ReadCapture
                0x0001ae58       0x18 .\CortexM3\ARM_GCC_493\Debug\CorEx-Mux-Kernel.a(Timer_DispenserState.o)
                0x0001ae58                Timer_DispenserState_ReadCapture
 .text.Timer_DispenserState_WriteCounter
                0x0001ae70       0x20 .\CortexM3\ARM_GCC_493\Debug\CorEx-Mux-Kernel.a(Timer_DispenserState.o)
                0x0001ae70                Timer_DispenserState_WriteCounter
 .text.Timer_DispenserState_ReadCounter
                0x0001ae90       0x20 .\CortexM3\ARM_GCC_493\Debug\CorEx-Mux-Kernel.a(Timer_DispenserState.o)
                0x0001ae90                Timer_DispenserState_ReadCounter
 .text.Timer_DispenserState_ClearFIFO
                0x0001aeb0       0x1c .\CortexM3\ARM_GCC_493\Debug\CorEx-Mux-Kernel.a(Timer_DispenserState.o)
                0x0001aeb0                Timer_DispenserState_ClearFIFO
 .text.DispenserStateTimeout_ISR_StartEx
                0x0001aecc       0x24 .\CortexM3\ARM_GCC_493\Debug\CorEx-Mux-Kernel.a(DispenserStateTimeout_ISR.o)
                0x0001aecc                DispenserStateTimeout_ISR_StartEx
 .text.DispenserStateTimeout_ISR_SetVector
                0x0001aef0       0x24 .\CortexM3\ARM_GCC_493\Debug\CorEx-Mux-Kernel.a(DispenserStateTimeout_ISR.o)
                0x0001aef0                DispenserStateTimeout_ISR_SetVector
 .text.DispenserStateTimeout_ISR_SetPriority
                0x0001af14       0x24 .\CortexM3\ARM_GCC_493\Debug\CorEx-Mux-Kernel.a(DispenserStateTimeout_ISR.o)
                0x0001af14                DispenserStateTimeout_ISR_SetPriority
 .text.DispenserStateTimeout_ISR_Enable
                0x0001af38       0x18 .\CortexM3\ARM_GCC_493\Debug\CorEx-Mux-Kernel.a(DispenserStateTimeout_ISR.o)
                0x0001af38                DispenserStateTimeout_ISR_Enable
 .text.DispenserStateTimeout_ISR_Disable
                0x0001af50       0x18 .\CortexM3\ARM_GCC_493\Debug\CorEx-Mux-Kernel.a(DispenserStateTimeout_ISR.o)
                0x0001af50                DispenserStateTimeout_ISR_Disable
 .text.Timer_Tick_Init
                0x0001af68       0x9c .\CortexM3\ARM_GCC_493\Debug\CorEx-Mux-Kernel.a(Timer_Tick.o)
                0x0001af68                Timer_Tick_Init
 .text.Timer_Tick_Enable
                0x0001b004       0x48 .\CortexM3\ARM_GCC_493\Debug\CorEx-Mux-Kernel.a(Timer_Tick.o)
                0x0001b004                Timer_Tick_Enable
 .text.Timer_Tick_Start
                0x0001b04c       0x20 .\CortexM3\ARM_GCC_493\Debug\CorEx-Mux-Kernel.a(Timer_Tick.o)
                0x0001b04c                Timer_Tick_Start
 .text.Timer_Tick_SetInterruptMode
                0x0001b06c       0x20 .\CortexM3\ARM_GCC_493\Debug\CorEx-Mux-Kernel.a(Timer_Tick.o)
                0x0001b06c                Timer_Tick_SetInterruptMode
 .text.Timer_Tick_ReadStatusRegister
                0x0001b08c       0x18 .\CortexM3\ARM_GCC_493\Debug\CorEx-Mux-Kernel.a(Timer_Tick.o)
                0x0001b08c                Timer_Tick_ReadStatusRegister
 .text.Timer_Tick_WritePeriod
                0x0001b0a4       0x24 .\CortexM3\ARM_GCC_493\Debug\CorEx-Mux-Kernel.a(Timer_Tick.o)
                0x0001b0a4                Timer_Tick_WritePeriod
 .text.Timer_Tick_WriteCounter
                0x0001b0c8       0x20 .\CortexM3\ARM_GCC_493\Debug\CorEx-Mux-Kernel.a(Timer_Tick.o)
                0x0001b0c8                Timer_Tick_WriteCounter
 .text.Timer_Tick_ReadCounter
                0x0001b0e8       0x20 .\CortexM3\ARM_GCC_493\Debug\CorEx-Mux-Kernel.a(Timer_Tick.o)
                0x0001b0e8                Timer_Tick_ReadCounter
 .text.pow10    0x0001b108       0x10 c:/program files (x86)/cypress/psoc creator/3.3/psoc creator/import/gnu/arm/4.9.3/bin/../lib/gcc/arm-none-eabi/4.9.3/../../../../arm-none-eabi/lib/armv7-m\libm.a(lib_a-s_pow10.o)
                0x0001b108                pow10
 .text.round    0x0001b118       0xa0 c:/program files (x86)/cypress/psoc creator/3.3/psoc creator/import/gnu/arm/4.9.3/bin/../lib/gcc/arm-none-eabi/4.9.3/../../../../arm-none-eabi/lib/armv7-m\libm.a(lib_a-s_round.o)
                0x0001b118                round
 .text.pow      0x0001b1b8      0x2f0 c:/program files (x86)/cypress/psoc creator/3.3/psoc creator/import/gnu/arm/4.9.3/bin/../lib/gcc/arm-none-eabi/4.9.3/../../../../arm-none-eabi/lib/armv7-m\libm.a(lib_a-w_pow.o)
                0x0001b1b8                pow
 .text.__ieee754_pow
                0x0001b4a8      0xaa0 c:/program files (x86)/cypress/psoc creator/3.3/psoc creator/import/gnu/arm/4.9.3/bin/../lib/gcc/arm-none-eabi/4.9.3/../../../../arm-none-eabi/lib/armv7-m\libm.a(lib_a-e_pow.o)
                0x0001b4a8                __ieee754_pow
 .text.__ieee754_sqrt
                0x0001bf48      0x18c c:/program files (x86)/cypress/psoc creator/3.3/psoc creator/import/gnu/arm/4.9.3/bin/../lib/gcc/arm-none-eabi/4.9.3/../../../../arm-none-eabi/lib/armv7-m\libm.a(lib_a-e_sqrt.o)
                0x0001bf48                __ieee754_sqrt
 .text.fabs     0x0001c0d4        0x8 c:/program files (x86)/cypress/psoc creator/3.3/psoc creator/import/gnu/arm/4.9.3/bin/../lib/gcc/arm-none-eabi/4.9.3/../../../../arm-none-eabi/lib/armv7-m\libm.a(lib_a-s_fabs.o)
                0x0001c0d4                fabs
 .text.finite   0x0001c0dc        0xc c:/program files (x86)/cypress/psoc creator/3.3/psoc creator/import/gnu/arm/4.9.3/bin/../lib/gcc/arm-none-eabi/4.9.3/../../../../arm-none-eabi/lib/armv7-m\libm.a(lib_a-s_finite.o)
                0x0001c0dc                finite
 .text.__fpclassifyd
                0x0001c0e8       0x58 c:/program files (x86)/cypress/psoc creator/3.3/psoc creator/import/gnu/arm/4.9.3/bin/../lib/gcc/arm-none-eabi/4.9.3/../../../../arm-none-eabi/lib/armv7-m\libm.a(lib_a-s_fpclassify.o)
                0x0001c0e8                __fpclassifyd
 .text.matherr  0x0001c140        0x4 c:/program files (x86)/cypress/psoc creator/3.3/psoc creator/import/gnu/arm/4.9.3/bin/../lib/gcc/arm-none-eabi/4.9.3/../../../../arm-none-eabi/lib/armv7-m\libm.a(lib_a-s_matherr.o)
                0x0001c140                matherr
 .text.nan      0x0001c144        0xc c:/program files (x86)/cypress/psoc creator/3.3/psoc creator/import/gnu/arm/4.9.3/bin/../lib/gcc/arm-none-eabi/4.9.3/../../../../arm-none-eabi/lib/armv7-m\libm.a(lib_a-s_nan.o)
                0x0001c144                nan
 .text.rint     0x0001c150      0x11c c:/program files (x86)/cypress/psoc creator/3.3/psoc creator/import/gnu/arm/4.9.3/bin/../lib/gcc/arm-none-eabi/4.9.3/../../../../arm-none-eabi/lib/armv7-m\libm.a(lib_a-s_rint.o)
                0x0001c150                rint
 *fill*         0x0001c26c        0x4 
 .text.scalbn   0x0001c270       0xf0 c:/program files (x86)/cypress/psoc creator/3.3/psoc creator/import/gnu/arm/4.9.3/bin/../lib/gcc/arm-none-eabi/4.9.3/../../../../arm-none-eabi/lib/armv7-m\libm.a(lib_a-s_scalbn.o)
                0x0001c270                scalbn
 .text.copysign
                0x0001c360       0x10 c:/program files (x86)/cypress/psoc creator/3.3/psoc creator/import/gnu/arm/4.9.3/bin/../lib/gcc/arm-none-eabi/4.9.3/../../../../arm-none-eabi/lib/armv7-m\libm.a(lib_a-s_copysign.o)
                0x0001c360                copysign
 .text          0x0001c370      0x370 c:/program files (x86)/cypress/psoc creator/3.3/psoc creator/import/gnu/arm/4.9.3/bin/../lib/gcc/arm-none-eabi/4.9.3/armv7-m\libgcc.a(_arm_addsubdf3.o)
                0x0001c370                __aeabi_drsub
                0x0001c378                __aeabi_dsub
                0x0001c378                __subdf3
                0x0001c37c                __aeabi_dadd
                0x0001c37c                __adddf3
                0x0001c5f4                __floatunsidf
                0x0001c5f4                __aeabi_ui2d
                0x0001c614                __floatsidf
                0x0001c614                __aeabi_i2d
                0x0001c638                __aeabi_f2d
                0x0001c638                __extendsfdf2
                0x0001c674                __floatundidf
                0x0001c674                __aeabi_ul2d
                0x0001c684                __floatdidf
                0x0001c684                __aeabi_l2d
 .text          0x0001c6e0      0x424 c:/program files (x86)/cypress/psoc creator/3.3/psoc creator/import/gnu/arm/4.9.3/bin/../lib/gcc/arm-none-eabi/4.9.3/armv7-m\libgcc.a(_arm_muldivdf3.o)
                0x0001c6e0                __aeabi_dmul
                0x0001c6e0                __muldf3
                0x0001c934                __divdf3
                0x0001c934                __aeabi_ddiv
 .text          0x0001cb04      0x110 c:/program files (x86)/cypress/psoc creator/3.3/psoc creator/import/gnu/arm/4.9.3/bin/../lib/gcc/arm-none-eabi/4.9.3/armv7-m\libgcc.a(_arm_cmpdf2.o)
                0x0001cb04                __gtdf2
                0x0001cb04                __gedf2
                0x0001cb0c                __ltdf2
                0x0001cb0c                __ledf2
                0x0001cb14                __nedf2
                0x0001cb14                __eqdf2
                0x0001cb14                __cmpdf2
                0x0001cb90                __aeabi_cdrcmple
                0x0001cba0                __aeabi_cdcmpeq
                0x0001cba0                __aeabi_cdcmple
                0x0001cbb0                __aeabi_dcmpeq
                0x0001cbc4                __aeabi_dcmplt
                0x0001cbd8                __aeabi_dcmple
                0x0001cbec                __aeabi_dcmpge
                0x0001cc00                __aeabi_dcmpgt
 .text          0x0001cc14       0x40 c:/program files (x86)/cypress/psoc creator/3.3/psoc creator/import/gnu/arm/4.9.3/bin/../lib/gcc/arm-none-eabi/4.9.3/armv7-m\libgcc.a(_arm_fixunsdfsi.o)
                0x0001cc14                __aeabi_d2uiz
                0x0001cc14                __fixunsdfsi
 .text          0x0001cc54       0x30 c:/program files (x86)/cypress/psoc creator/3.3/psoc creator/import/gnu/arm/4.9.3/bin/../lib/gcc/arm-none-eabi/4.9.3/armv7-m\libgcc.a(_aeabi_uldivmod.o)
                0x0001cc54                __aeabi_uldivmod
 .text          0x0001cc84       0x60 c:/program files (x86)/cypress/psoc creator/3.3/psoc creator/import/gnu/arm/4.9.3/bin/../lib/gcc/arm-none-eabi/4.9.3/armv7-m\libgcc.a(bpabi.o)
                0x0001cc84                __gnu_ldivmod_helper
                0x0001ccb4                __gnu_uldivmod_helper
 .text          0x0001cce4        0x4 c:/program files (x86)/cypress/psoc creator/3.3/psoc creator/import/gnu/arm/4.9.3/bin/../lib/gcc/arm-none-eabi/4.9.3/armv7-m\libgcc.a(_dvmd_tls.o)
                0x0001cce4                __aeabi_idiv0
                0x0001cce4                __aeabi_ldiv0
 .text          0x0001cce8      0x2ac c:/program files (x86)/cypress/psoc creator/3.3/psoc creator/import/gnu/arm/4.9.3/bin/../lib/gcc/arm-none-eabi/4.9.3/armv7-m\libgcc.a(_divdi3.o)
                0x0001cce8                __divdi3
 .text          0x0001cf94      0x270 c:/program files (x86)/cypress/psoc creator/3.3/psoc creator/import/gnu/arm/4.9.3/bin/../lib/gcc/arm-none-eabi/4.9.3/armv7-m\libgcc.a(_udivdi3.o)
                0x0001cf94                __udivdi3
 .text.__errno  0x0001d204        0xc c:/program files (x86)/cypress/psoc creator/3.3/psoc creator/import/gnu/arm/4.9.3/bin/../lib/gcc/arm-none-eabi/4.9.3/../../../../arm-none-eabi/lib/armv7-m\libg_nano.a(lib_a-errno.o)
                0x0001d204                __errno
 .text.__libc_init_array
                0x0001d210       0x4c c:/program files (x86)/cypress/psoc creator/3.3/psoc creator/import/gnu/arm/4.9.3/bin/../lib/gcc/arm-none-eabi/4.9.3/../../../../arm-none-eabi/lib/armv7-m\libg_nano.a(lib_a-init.o)
                0x0001d210                __libc_init_array