Archive member included because of file (symbol)

.\CortexM3\ARM_GCC_493\Debug\CorEx-Mux-Kernel.a(cyfitter_cfg.o)
                              .\CortexM3\ARM_GCC_493\Debug\Cm3Start.o (cyfitter_cfg)
.\CortexM3\ARM_GCC_493\Debug\CorEx-Mux-Kernel.a(RF_Physical.o)
                              .\CortexM3\ARM_GCC_493\Debug\UARTManager.o (RF_Physical_Start)
.\CortexM3\ARM_GCC_493\Debug\CorEx-Mux-Kernel.a(RF_Physical_INT.o)
                              .\CortexM3\ARM_GCC_493\Debug\CorEx-Mux-Kernel.a(RF_Physical.o) (RF_Physical_RXISR)
.\CortexM3\ARM_GCC_493\Debug\CorEx-Mux-Kernel.a(RF_Physical_IntClock.o)
                              .\CortexM3\ARM_GCC_493\Debug\CorEx-Mux-Kernel.a(RF_Physical.o) (RF_Physical_IntClock_Start)
.\CortexM3\ARM_GCC_493\Debug\CorEx-Mux-Kernel.a(CyBootAsmGnu.o)
                              .\CortexM3\ARM_GCC_493\Debug\CorEx-Mux-Kernel.a(cyfitter_cfg.o) (CyDelayCycles)
.\CortexM3\ARM_GCC_493\Debug\CorEx-Mux-Kernel.a(CyLib.o)
                              .\CortexM3\ARM_GCC_493\Debug\Cm3Start.o (CyResetStatus)
.\CortexM3\ARM_GCC_493\Debug\CorEx-Mux-Kernel.a(cyPm.o)
                              .\CortexM3\ARM_GCC_493\Debug\CorEx-Mux-Kernel.a(CyLib.o) (CyPmReadStatus)
.\CortexM3\ARM_GCC_493\Debug\CorEx-Mux-Kernel.a(CRC_Security.o)
                              .\CortexM3\ARM_GCC_493\Debug\Security.o (CRC_Security_Start)
.\CortexM3\ARM_GCC_493\Debug\CorEx-Mux-Kernel.a(ShiftReg_Security.o)
                              .\CortexM3\ARM_GCC_493\Debug\Security.o (ShiftReg_Security_Start)
.\CortexM3\ARM_GCC_493\Debug\CorEx-Mux-Kernel.a(Clock_CRC.o)
                              .\CortexM3\ARM_GCC_493\Debug\Security.o (Clock_CRC_Write)
.\CortexM3\ARM_GCC_493\Debug\CorEx-Mux-Kernel.a(Reset_CRC.o)
                              .\CortexM3\ARM_GCC_493\Debug\Security.o (Reset_CRC_Write)
.\CortexM3\ARM_GCC_493\Debug\CorEx-Mux-Kernel.a(Printer.o)
                              .\CortexM3\ARM_GCC_493\Debug\UARTManager.o (Printer_Start)
.\CortexM3\ARM_GCC_493\Debug\CorEx-Mux-Kernel.a(Dispenser.o)
                              .\CortexM3\ARM_GCC_493\Debug\UARTManager.o (Dispenser_Start)
.\CortexM3\ARM_GCC_493\Debug\CorEx-Mux-Kernel.a(Dispenser_INT.o)
                              .\CortexM3\ARM_GCC_493\Debug\CorEx-Mux-Kernel.a(Dispenser.o) (Dispenser_RXISR)
.\CortexM3\ARM_GCC_493\Debug\CorEx-Mux-Kernel.a(Display1.o)
                              .\CortexM3\ARM_GCC_493\Debug\UARTManager.o (Display1_Start)
.\CortexM3\ARM_GCC_493\Debug\CorEx-Mux-Kernel.a(Display1_INT.o)
                              .\CortexM3\ARM_GCC_493\Debug\CorEx-Mux-Kernel.a(Display1.o) (Display1_RXISR)
.\CortexM3\ARM_GCC_493\Debug\CorEx-Mux-Kernel.a(Display2.o)
                              .\CortexM3\ARM_GCC_493\Debug\UARTManager.o (Display2_Start)
.\CortexM3\ARM_GCC_493\Debug\CorEx-Mux-Kernel.a(Display2_INT.o)
                              .\CortexM3\ARM_GCC_493\Debug\CorEx-Mux-Kernel.a(Display2.o) (Display2_RXISR)
.\CortexM3\ARM_GCC_493\Debug\CorEx-Mux-Kernel.a(Counter_ISR.o)
                              .\CortexM3\ARM_GCC_493\Debug\Timers.o (Counter_ISR_StartEx)
.\CortexM3\ARM_GCC_493\Debug\CorEx-Mux-Kernel.a(Display1_IntClock.o)
                              .\CortexM3\ARM_GCC_493\Debug\CorEx-Mux-Kernel.a(Display1.o) (Display1_IntClock_Start)
.\CortexM3\ARM_GCC_493\Debug\CorEx-Mux-Kernel.a(Display2_IntClock.o)
                              .\CortexM3\ARM_GCC_493\Debug\CorEx-Mux-Kernel.a(Display2.o) (Display2_IntClock_Start)
.\CortexM3\ARM_GCC_493\Debug\CorEx-Mux-Kernel.a(I2C_Bus.o)
                              .\CortexM3\ARM_GCC_493\Debug\Initializers.o (I2C_Bus_Start)
.\CortexM3\ARM_GCC_493\Debug\CorEx-Mux-Kernel.a(I2C_Bus_INT.o)
                              .\CortexM3\ARM_GCC_493\Debug\CorEx-Mux-Kernel.a(I2C_Bus.o) (I2C_Bus_ISR)
.\CortexM3\ARM_GCC_493\Debug\CorEx-Mux-Kernel.a(I2C_Bus_PM.o)
                              .\CortexM3\ARM_GCC_493\Debug\CorEx-Mux-Kernel.a(I2C_Bus.o) (I2C_Bus_backup)
.\CortexM3\ARM_GCC_493\Debug\CorEx-Mux-Kernel.a(I2C_Bus_MASTER.o)
                              .\CortexM3\ARM_GCC_493\Debug\CorEx-Mux-Kernel.a(I2C_Bus.o) (I2C_Bus_mstrStatus)
.\CortexM3\ARM_GCC_493\Debug\CorEx-Mux-Kernel.a(iButton1.o)
                              .\CortexM3\ARM_GCC_493\Debug\iButtonProtocol.o (iButton1_Write)
.\CortexM3\ARM_GCC_493\Debug\CorEx-Mux-Kernel.a(iButton2.o)
                              .\CortexM3\ARM_GCC_493\Debug\TestFile.o (iButton2_Write)
.\CortexM3\ARM_GCC_493\Debug\CorEx-Mux-Kernel.a(eepromWP.o)
                              .\CortexM3\ARM_GCC_493\Debug\EepromManager.o (eepromWP_Write)
.\CortexM3\ARM_GCC_493\Debug\CorEx-Mux-Kernel.a(Timer_DispenserState.o)
                              .\CortexM3\ARM_GCC_493\Debug\Timers.o (Timer_DispenserState_Start)
.\CortexM3\ARM_GCC_493\Debug\CorEx-Mux-Kernel.a(DispenserStateTimeout_ISR.o)
                              .\CortexM3\ARM_GCC_493\Debug\Timers.o (DispenserStateTimeout_ISR_StartEx)
.\CortexM3\ARM_GCC_493\Debug\CorEx-Mux-Kernel.a(Timer_Tick.o)
[...]
Memory Configuration

Name             Origin             Length             Attributes
rom              0x00000000         0x00040000         xr
ram              0x1fff8000         0x00010000         xrw
*default*        0x00000000         0xffffffff

Linker script and memory map

LOAD c:/program files (x86)/cypress/psoc creator/3.3/psoc creator/import/gnu/arm/4.9.3/bin/../lib/gcc/arm-none-eabi/4.9.3/armv7-m/crti.o
LOAD c:/program files (x86)/cypress/psoc creator/3.3/psoc creator/import/gnu/arm/4.9.3/bin/../lib/gcc/arm-none-eabi/4.9.3/armv7-m/crtbegin.o
LOAD c:/program files (x86)/cypress/psoc creator/3.3/psoc creator/import/gnu/arm/4.9.3/bin/../lib/gcc/arm-none-eabi/4.9.3/../../../../arm-none-eabi/lib/armv7-m/crt0.o
START GROUP
LOAD .\CortexM3\ARM_GCC_493\Debug\UARTManager.o
LOAD .\CortexM3\ARM_GCC_493\Debug\UARTResolver.o
LOAD .\CortexM3\ARM_GCC_493\Debug\UARTManagerSink.o
LOAD .\CortexM3\ARM_GCC_493\Debug\PseudoRTOS.o
LOAD .\CortexM3\ARM_GCC_493\Debug\Utils.o
LOAD .\CortexM3\ARM_GCC_493\Debug\Security.o
LOAD .\CortexM3\ARM_GCC_493\Debug\SinkManager.o
LOAD .\CortexM3\ARM_GCC_493\Debug\EepromManager.o
LOAD .\CortexM3\ARM_GCC_493\Debug\RtcManager.o
LOAD .\CortexM3\ARM_GCC_493\Debug\Initializers.o
LOAD .\CortexM3\ARM_GCC_493\Debug\Timers.o
LOAD .\CortexM3\ARM_GCC_493\Debug\TestFile.o
LOAD .\CortexM3\ARM_GCC_493\Debug\AuxPSoC.o
LOAD .\CortexM3\ARM_GCC_493\Debug\WatchDogReset.o
LOAD .\CortexM3\ARM_GCC_493\Debug\DispenserResolver.o
LOAD .\CortexM3\ARM_GCC_493\Debug\DispenserBLL.o
LOAD .\CortexM3\ARM_GCC_493\Debug\DispenserSink.o
LOAD .\CortexM3\ARM_GCC_493\Debug\DisplayBLL.o
LOAD .\CortexM3\ARM_GCC_493\Debug\DisplaySink.o
LOAD .\CortexM3\ARM_GCC_493\Debug\DisplayUtils.o
LOAD .\CortexM3\ARM_GCC_493\Debug\DisplayFlow.o
LOAD .\CortexM3\ARM_GCC_493\Debug\DisplayCharacterMap.o
LOAD .\CortexM3\ARM_GCC_493\Debug\DisplayBufferScreenMap.o
LOAD .\CortexM3\ARM_GCC_493\Debug\DisplayResolver.o
LOAD .\CortexM3\ARM_GCC_493\Debug\PrinterBLL.o
LOAD .\CortexM3\ARM_GCC_493\Debug\PrinterSink.o
LOAD .\CortexM3\ARM_GCC_493\Debug\PrinterResolver.o
LOAD .\CortexM3\ARM_GCC_493\Debug\PrinterTemplate.o
LOAD .\CortexM3\ARM_GCC_493\Debug\Prime.o
LOAD .\CortexM3\ARM_GCC_493\Debug\PrimeFlow.o
LOAD .\CortexM3\ARM_GCC_493\Debug\PrimeImpl.o
LOAD .\CortexM3\ARM_GCC_493\Debug\Encore.o
LOAD .\CortexM3\ARM_GCC_493\Debug\EncoreFlow.o
LOAD .\CortexM3\ARM_GCC_493\Debug\EncoreImpl.o
LOAD .\CortexM3\ARM_GCC_493\Debug\Advantage.o
LOAD .\CortexM3\ARM_GCC_493\Debug\AdvantageFlow.o
LOAD .\CortexM3\ARM_GCC_493\Debug\AdvantageImpl.o
LOAD .\CortexM3\ARM_GCC_493\Debug\iButtonSink.o
LOAD .\CortexM3\ARM_GCC_493\Debug\iButtonBLL.o
LOAD .\CortexM3\ARM_GCC_493\Debug\iButtonProtocol.o
LOAD .\CortexM3\ARM_GCC_493\Debug\RFSink.o
LOAD .\CortexM3\ARM_GCC_493\Debug\RFBLL.o
LOAD .\CortexM3\ARM_GCC_493\Debug\RFResolver.o
LOAD .\CortexM3\ARM_GCC_493\Debug\RFServerStack.o
LOAD .\CortexM3\ARM_GCC_493\Debug\RFServerStackImpl.o
LOAD .\CortexM3\ARM_GCC_493\Debug\ClientDefinitions.o
LOAD .\CortexM3\ARM_GCC_493\Debug\main.o
LOAD .\CortexM3\ARM_GCC_493\Debug\cymetadata.o
LOAD .\CortexM3\ARM_GCC_493\Debug\Cm3Start.o
LOAD .\CortexM3\ARM_GCC_493\Debug\CorEx-Mux-Kernel.a
LOAD C:\Program Files (x86)\Cypress\PSoC Creator\3.3\PSoC Creator\psoc\content\cycomponentlibrary\CyComponentLibrary.cylib\CortexM3\ARM_GCC_493\Debug\CyComponentLibrary.a
LOAD c:/program files (x86)/cypress/psoc creator/3.3/psoc creator/import/gnu/arm/4.9.3/bin/../lib/gcc/arm-none-eabi/4.9.3/../../../../arm-none-eabi/lib/armv7-m\libm.a
END GROUP
START GROUP
LOAD c:/program files (x86)/cypress/psoc creator/3.3/psoc creator/import/gnu/arm/4.9.3/bin/../lib/gcc/arm-none-eabi/4.9.3/armv7-m\libgcc.a
LOAD c:/program files (x86)/cypress/psoc creator/3.3/psoc creator/import/gnu/arm/4.9.3/bin/../lib/gcc/arm-none-eabi/4.9.3/../../../../arm-none-eabi/lib/armv7-m\libg_nano.a
LOAD c:/program files (x86)/cypress/psoc creator/3.3/psoc creator/import/gnu/arm/4.9.3/bin/../lib/gcc/arm-none-eabi/4.9.3/../../../../arm-none-eabi/lib/armv7-m\libc_nano.a
END GROUP
START GROUP
LOAD c:/program files (x86)/cypress/psoc creator/3.3/psoc creator/import/gnu/arm/4.9.3/bin/../lib/gcc/arm-none-eabi/4.9.3/armv7-m\libgcc.a
LOAD c:/program files (x86)/cypress/psoc creator/3.3/psoc creator/import/gnu/arm/4.9.3/bin/../lib/gcc/arm-none-eabi/4.9.3/../../../../arm-none-eabi/lib/armv7-m\libc_nano.a
END GROUP
LOAD c:/program files (x86)/cypress/psoc creator/3.3/psoc creator/import/gnu/arm/4.9.3/bin/../lib/gcc/arm-none-eabi/4.9.3/armv7-m/crtend.o
LOAD c:/program files (x86)/cypress/psoc creator/3.3/psoc creator/import/gnu/arm/4.9.3/bin/../lib/gcc/arm-none-eabi/4.9.3/armv7-m/crtn.o
START GROUP
LOAD c:/program files (x86)/cypress/psoc creator/3.3/psoc creator/import/gnu/arm/4.9.3/bin/../lib/gcc/arm-none-eabi/4.9.3/armv7-m\libgcc.a
LOAD c:/program files (x86)/cypress/psoc creator/3.3/psoc creator/import/gnu/arm/4.9.3/bin/../lib/gcc/arm-none-eabi/4.9.3/../../../../arm-none-eabi/lib/armv7-m\libc.a
LOAD c:/program files (x86)/cypress/psoc creator/3.3/psoc creator/import/gnu/arm/4.9.3/bin/../lib/gcc/arm-none-eabi/4.9.3/../../../../arm-none-eabi/lib/armv7-m\libnosys.a
END GROUP
                0x00000000                CY_APPL_ORIGIN = 0x0
                0x00000100                CY_FLASH_ROW_SIZE = 0x100
                0x00000020                CY_ECC_ROW_SIZE = 0x20
                0x00000000                CY_EE_IN_BTLDR = 0x0
                0x00000000                CY_APPL_LOADABLE = 0x0
                0x00000800                CY_EE_SIZE = 0x800
                0x00000001                CY_APPL_NUM = 0x1
                0x00000001                CY_APPL_MAX = 0x1
                0x00000040                CY_METADATA_SIZE = 0x40
                0x00000000                CY_APPL_LOADABLE = 0x0
                0x00000000                CY_CHECKSUM_EXCLUDE_SIZE = ALIGN (0x0, CY_FLASH_ROW_SIZE)
                0x200071e0                PROVIDE (__cy_heap_start, _end)
                0x00000001                PROVIDE (__cy_region_num, ((__cy_regions_end - __cy_regions) / 0x10))
                0x20008000                PROVIDE (__cy_stack, (ORIGIN (ram) + 0x10000))
                0x20007800                PROVIDE (__cy_heap_end, (__cy_stack - 0x800))

.cybootloader   0x00000000        0x0
 *(.cybootloader)
                0x00000000                appl1_start = CY_APPL_ORIGIN?CY_APPL_ORIGIN:ALIGN (CY_FLASH_ROW_SIZE)
                0x0001ff00                appl2_start = (appl1_start + ALIGN ((((0x40000 - appl1_start) - (0x2 * CY_FLASH_ROW_SIZE)) / 0x2), CY_FLASH_ROW_SIZE))
                0x00000000                appl_start = (CY_APPL_NUM == 0x1)?appl1_start:appl2_start
                0x00000000                ecc_offset = ((appl_start / CY_FLASH_ROW_SIZE) * CY_ECC_ROW_SIZE)
                0x00000000                ee_offset = (CY_APPL_LOADABLE && ! (CY_EE_IN_BTLDR))?((CY_EE_SIZE / CY_APPL_MAX) * (CY_APPL_NUM - 0x1)):0x0
                0x00000800                ee_size = (CY_APPL_LOADABLE && ! (CY_EE_IN_BTLDR))?(CY_EE_SIZE / CY_APPL_MAX):CY_EE_SIZE
                0x00000000                PROVIDE (CY_ECC_OFFSET, ecc_offset)

.text           0x00000000    0x1d332
 CREATE_OBJECT_SYMBOLS
                0x00000000                PROVIDE (__cy_interrupt_vector, RomVectors)
 *(.romvectors)
 .romvectors    0x00000000       0x10 .\CortexM3\ARM_GCC_493\Debug\Cm3Start.o
                0x00000000                RomVectors
                0x00000001                ASSERT ((. != __cy_interrupt_vector), No interrupt vector)
                0x00000001                ASSERT (CY_APPL_ORIGIN?(SIZEOF (.cybootloader) <= CY_APPL_ORIGIN):0x1, Wrong image location)
                0x00000010                PROVIDE (__cy_reset, Reset)
 *(.text.Reset)
 .text.Reset    0x00000010       0x18 .\CortexM3\ARM_GCC_493\Debug\Cm3Start.o
                0x00000010                Reset
                0x00000001                ASSERT ((. != __cy_reset), No reset code)
 *(.dma_init)
                0x00000001                ASSERT ((((appl_start + .) <= 0x10000) || 0x1), DMA Init must be within the first 64k of flash)
 *(.text .text.* .gnu.linkonce.t.*)
 .text          0x00000028       0x5c c:/program files (x86)/cypress/psoc creator/3.3/psoc creator/import/gnu/arm/4.9.3/bin/../lib/gcc/arm-none-eabi/4.9.3/armv7-m/crtbegin.o
 .text.UARTGlobalHandler
                0x00000084       0x50 .\CortexM3\ARM_GCC_493\Debug\UARTManager.o
                0x00000084                UARTGlobalHandler
 .text.GetUARTManager
                0x000000d4       0x3c .\CortexM3\ARM_GCC_493\Debug\UARTManager.o
                0x000000d4                GetUARTManager
 .text.GetUARTMessageSlot
                0x00000110       0xb4 .\CortexM3\ARM_GCC_493\Debug\UARTManager.o
                0x00000110                GetUARTMessageSlot
 .text.InitUARTManager
                0x000001c4       0x84 .\CortexM3\ARM_GCC_493\Debug\UARTManager.o
                0x000001c4                InitUARTManager
 .text.ReleaseMessage
                0x00000248       0x34 .\CortexM3\ARM_GCC_493\Debug\UARTManager.o
                0x00000248                ReleaseMessage
 .text.InvokeResolver
                0x0000027c       0x54 .\CortexM3\ARM_GCC_493\Debug\UARTResolver.o
                0x0000027c                InvokeResolver
 .text.UARTSinkRegistration
                0x000002d0        0xc .\CortexM3\ARM_GCC_493\Debug\UARTManagerSink.o
                0x000002d0                UARTSinkRegistration
 .text.loop_push
                0x000002dc       0x3c .\CortexM3\ARM_GCC_493\Debug\PseudoRTOS.o
                0x000002dc                loop_push
 .text.loop_invoke
                0x00000318       0x4c .\CortexM3\ARM_GCC_493\Debug\PseudoRTOS.o
                0x00000318                loop_invoke
 .text.B78AD90CF552D9B30A
                0x00000364      0x1dc .\CortexM3\ARM_GCC_493\Debug\Utils.o
                0x00000364                B78AD90CF552D9B30A
 .text.PSTRBUFFTOGG
                0x00000540       0x7c .\CortexM3\ARM_GCC_493\Debug\Utils.o
                0x00000540                PSTRBUFFTOGG
 .text.LSDBCDBUFF2HEX
                0x000005bc       0x94 .\CortexM3\ARM_GCC_493\Debug\Utils.o
                0x000005bc                LSDBCDBUFF2HEX
 .text.CRCCheck
                0x00000650       0x58 .\CortexM3\ARM_GCC_493\Debug\Security.o
                0x00000650                CRCCheck
 .text.RawCRCCheck
                0x000006a8       0x44 .\CortexM3\ARM_GCC_493\Debug\Security.o
                0x000006a8                RawCRCCheck
 .text.SinkManagerRegistration
                0x000006ec      0x148 .\CortexM3\ARM_GCC_493\Debug\SinkManager.o
                0x000006ec                SinkManagerRegistration
 *fill*         0x00000834        0x4 
 .text.AllocateMessageSlot
                0x00000838      0x150 .\CortexM3\ARM_GCC_493\Debug\SinkManager.o
                0x00000838                AllocateMessageSlot
 .text.FindSinkMessage
                0x00000988       0xc8 .\CortexM3\ARM_GCC_493\Debug\SinkManager.o
                0x00000988                FindSinkMessage
 .text.AllocateMessageSlotConditional
                0x00000a50      0x190 .\CortexM3\ARM_GCC_493\Debug\SinkManager.o
                0x00000a50                AllocateMessageSlotConditional
 .text.AllocateMessageArraySlotConditional
                0x00000be0      0x100 .\CortexM3\ARM_GCC_493\Debug\SinkManager.o
                0x00000be0                AllocateMessageArraySlotConditional
 .text.ReleaseSinkMessage
                0x00000ce0       0x2c .\CortexM3\ARM_GCC_493\Debug\SinkManager.o
                0x00000ce0                ReleaseSinkMessage
 .text.ReleaseSinkMessageByID
                0x00000d0c       0x4c .\CortexM3\ARM_GCC_493\Debug\SinkManager.o
                0x00000d0c                ReleaseSinkMessageByID
 .text.AllocateSubscriberSlot
                0x00000d58       0x68 .\CortexM3\ARM_GCC_493\Debug\SinkManager.o
                0x00000d58                AllocateSubscriberSlot
 .text.SinkHandler
                0x00000dc0      0x5c0 .\CortexM3\ARM_GCC_493\Debug\SinkManager.o
                0x00000dc0                SinkHandler
 .text.SinkBroadcast
                0x00001380       0x98 .\CortexM3\ARM_GCC_493\Debug\SinkManager.o
                0x00001380                SinkBroadcast
 .text.SinkFirstFound
                0x00001418       0xc0 .\CortexM3\ARM_GCC_493\Debug\SinkManager.o
                0x00001418                SinkFirstFound
 .text.SinkAllInterested
                0x000014d8       0xb4 .\CortexM3\ARM_GCC_493\Debug\SinkManager.o
                0x000014d8                SinkAllInterested
 .text.SinkBroadcastForever
                0x0000158c       0x94 .\CortexM3\ARM_GCC_493\Debug\SinkManager.o
                0x0000158c                SinkBroadcastForever
 .text.SinkCounterUpdateCallback
                0x00001620       0x70 .\CortexM3\ARM_GCC_493\Debug\SinkManager.o
                0x00001620                SinkCounterUpdateCallback
 .text.SinkReleaseByIDCallback
                0x00001690       0x1c .\CortexM3\ARM_GCC_493\Debug\SinkManager.o
                0x00001690                SinkReleaseByIDCallback
 .text.SinkReleaseByPtrCallback
                0x000016ac       0x20 .\CortexM3\ARM_GCC_493\Debug\SinkManager.o
                0x000016ac                SinkReleaseByPtrCallback
 .text.GetEepromBuffer
                0x000016cc       0x14 .\CortexM3\ARM_GCC_493\Debug\EepromManager.o
                0x000016cc                GetEepromBuffer
 .text.ClearEepromBuffer
                0x000016e0       0x14 .\CortexM3\ARM_GCC_493\Debug\EepromManager.o
                0x000016e0                ClearEepromBuffer
 .text.I2CBusLock
                0x000016f4       0x18 .\CortexM3\ARM_GCC_493\Debug\EepromManager.o
                0x000016f4                I2CBusLock
 .text.I2CBusUnlock
                0x0000170c       0x18 .\CortexM3\ARM_GCC_493\Debug\EepromManager.o
                0x0000170c                I2CBusUnlock
 .text.LoadEepromPage
                0x00001724       0x94 .\CortexM3\ARM_GCC_493\Debug\EepromManager.o
                0x00001724                LoadEepromPage
 .text.StoreEepromPage
                0x000017b8       0x8c .\CortexM3\ARM_GCC_493\Debug\EepromManager.o
                0x000017b8                StoreEepromPage
 .text.GetRtcBuffer
                0x00001844       0x14 .\CortexM3\ARM_GCC_493\Debug\RtcManager.o
                0x00001844                GetRtcBuffer
 .text.ClearRtcBuffer
                0x00001858       0x14 .\CortexM3\ARM_GCC_493\Debug\RtcManager.o
                0x00001858                ClearRtcBuffer
 .text.UpdateRTC
                0x0000186c       0xf8 .\CortexM3\ARM_GCC_493\Debug\RtcManager.o
                0x0000186c                UpdateRTC
 .text.ReadRTC  0x00001964       0x84 .\CortexM3\ARM_GCC_493\Debug\RtcManager.o
                0x00001964                ReadRTC
 .text.StartRtc
                0x000019e8       0x30 .\CortexM3\ARM_GCC_493\Debug\RtcManager.o
                0x000019e8                StartRtc
 .text.GlobalInitializer
                0x00001a18       0x48 .\CortexM3\ARM_GCC_493\Debug\Initializers.o
                0x00001a18                GlobalInitializer
 .text.InitTimers
                0x00001a60       0x24 .\CortexM3\ARM_GCC_493\Debug\Timers.o
                0x00001a60                InitTimers
 .text.CounterIsr
                0x00001a84       0x40 .\CortexM3\ARM_GCC_493\Debug\Timers.o
                0x00001a84                CounterIsr
 .text.DispenserStateIsr
                0x00001ac4       0x30 .\CortexM3\ARM_GCC_493\Debug\Timers.o
                0x00001ac4                DispenserStateIsr
 .text.WriteAuxPSoC
                0x00001af4       0x64 .\CortexM3\ARM_GCC_493\Debug\AuxPSoC.o
                0x00001af4                WriteAuxPSoC
 .text.WatchDogInitialize
                0x00001b58       0x48 .\CortexM3\ARM_GCC_493\Debug\WatchDogReset.o
                0x00001b58                WatchDogInitialize
 .text.WatchDogHandler
                0x00001ba0       0x18 .\CortexM3\ARM_GCC_493\Debug\WatchDogReset.o
                0x00001ba0                WatchDogHandler
 .text.WatchDogStartup
                0x00001bb8       0x18 .\CortexM3\ARM_GCC_493\Debug\WatchDogReset.o
                0x00001bb8                WatchDogStartup
 .text.DispenserBufferResolver
                0x00001bd0       0x7c .\CortexM3\ARM_GCC_493\Debug\DispenserResolver.o
                0x00001bd0                DispenserBufferResolver
 .text.DispenserUARTSend
                0x00001c4c       0x54 .\CortexM3\ARM_GCC_493\Debug\DispenserResolver.o
                0x00001c4c                DispenserUARTSend
 .text.DispenserSide1Listener
                0x00001ca0      0x14c .\CortexM3\ARM_GCC_493\Debug\DispenserBLL.o
                0x00001ca0                DispenserSide1Listener
 .text.DispenserSide2Listener
                0x00001dec      0x14c .\CortexM3\ARM_GCC_493\Debug\DispenserBLL.o
                0x00001dec                DispenserSide2Listener
 .text.DispenserUpdatePumpState
                0x00001f38      0x138 .\CortexM3\ARM_GCC_493\Debug\DispenserBLL.o
                0x00001f38                DispenserUpdatePumpState
 .text.DispenserUnlockPumpsOnEOT
                0x00002070       0xd4 .\CortexM3\ARM_GCC_493\Debug\DispenserBLL.o
                0x00002070                DispenserUnlockPumpsOnEOT
 .text.DispenserRestorePrices
                0x00002144       0xa4 .\CortexM3\ARM_GCC_493\Debug\DispenserBLL.o
                0x00002144                DispenserRestorePrices
 .text.DispenserAcquireConfiguration
                0x000021e8      0x108 .\CortexM3\ARM_GCC_493\Debug\DispenserBLL.o
                0x000021e8                DispenserAcquireConfiguration
 .text.DispenserConfigurePrices
                0x000022f0      0x12c .\CortexM3\ARM_GCC_493\Debug\DispenserBLL.o
                0x000022f0                DispenserConfigurePrices
 .text.DispenserConfigureSinglePrice
                0x0000241c      0x370 .\CortexM3\ARM_GCC_493\Debug\DispenserBLL.o
                0x0000241c                DispenserConfigureSinglePrice
 .text.DispenserAcquireTotals
                0x0000278c       0xa0 .\CortexM3\ARM_GCC_493\Debug\DispenserBLL.o
                0x0000278c                DispenserAcquireTotals
 .text.DispenserEnumeratePumps
                0x0000282c      0x148 .\CortexM3\ARM_GCC_493\Debug\DispenserBLL.o
                0x0000282c                DispenserEnumeratePumps
 .text.DispenserLoadEEPROMSettings
                0x00002974      0x1e4 .\CortexM3\ARM_GCC_493\Debug\DispenserBLL.o
                0x00002974                DispenserLoadEEPROMSettings
 .text.DispenserGetEepromPPUPageFromPumpID
                0x00002b58       0xb0 .\CortexM3\ARM_GCC_493\Debug\DispenserBLL.o
                0x00002b58                DispenserGetEepromPPUPageFromPumpID
 .text.GetPumpFromRemotePositionID
                0x00002c08       0x64 .\CortexM3\ARM_GCC_493\Debug\DispenserBLL.o
                0x00002c08                GetPumpFromRemotePositionID
 .text.DispenserSinkRegistration
                0x00002c6c      0x2a0 .\CortexM3\ARM_GCC_493\Debug\DispenserSink.o
                0x00002c6c                DispenserSinkRegistration
 .text.DispenserHandler
                0x00002f0c      0x250 .\CortexM3\ARM_GCC_493\Debug\DispenserSink.o
                0x00002f0c                DispenserHandler
 .text.DispenserTimeoutHandler
                0x0000315c       0xf8 .\CortexM3\ARM_GCC_493\Debug\DispenserSink.o
                0x0000315c                DispenserTimeoutHandler
 .text.DispenserDataReceptionHandler
                0x00003254      0x2a8 .\CortexM3\ARM_GCC_493\Debug\DispenserSink.o
                0x00003254                DispenserDataReceptionHandler
 .text.DispenserUpdateTimeouts
                0x000034fc       0x84 .\CortexM3\ARM_GCC_493\Debug\DispenserSink.o
                0x000034fc                DispenserUpdateTimeouts
 .text.Display1Logic
                0x00003580      0x1b4 .\CortexM3\ARM_GCC_493\Debug\DisplayBLL.o
                0x00003580                Display1Logic
 .text.Display2Logic
                0x00003734      0x1b4 .\CortexM3\ARM_GCC_493\Debug\DisplayBLL.o
                0x00003734                Display2Logic
 .text.DrawNumberOfCopies
                0x000038e8      0x170 .\CortexM3\ARM_GCC_493\Debug\DisplayBLL.o
                0x000038e8                DrawNumberOfCopies
 .text.CancelMessageDecorator
                0x00003a58       0xc4 .\CortexM3\ARM_GCC_493\Debug\DisplayBLL.o
                0x00003a58                CancelMessageDecorator
 .text.WorkShiftDecorator
                0x00003b1c       0xc4 .\CortexM3\ARM_GCC_493\Debug\DisplayBLL.o
                0x00003b1c                WorkShiftDecorator
 .text.InitiateWorkShiftValidation
                0x00003be0      0x144 .\CortexM3\ARM_GCC_493\Debug\DisplayBLL.o
                0x00003be0                InitiateWorkShiftValidation
 .text.RequestWorkShiftOperAuthorization
                0x00003d24      0x13c .\CortexM3\ARM_GCC_493\Debug\DisplayBLL.o
                0x00003d24                RequestWorkShiftOperAuthorization
 .text.AcceptedAuthorizationMessageDecorator
                0x00003e60      0x15c .\CortexM3\ARM_GCC_493\Debug\DisplayBLL.o
                0x00003e60                AcceptedAuthorizationMessageDecorator
 .text.ProductNameSelectionDecorator
                0x00003fbc      0x4fc .\CortexM3\ARM_GCC_493\Debug\DisplayBLL.o
                0x00003fbc                ProductNameSelectionDecorator
 .text.RejectedAuthorizationMessageDecorator
                0x000044b8      0x15c .\CortexM3\ARM_GCC_493\Debug\DisplayBLL.o
                0x000044b8                RejectedAuthorizationMessageDecorator
 .text.SendAuthorizationRequest4Credit
                0x00004614      0x234 .\CortexM3\ARM_GCC_493\Debug\DisplayBLL.o
                0x00004614                SendAuthorizationRequest4Credit
 .text.ValidateAuthorizationResponse4Credit
                0x00004848       0x94 .\CortexM3\ARM_GCC_493\Debug\DisplayBLL.o
                0x00004848                ValidateAuthorizationResponse4Credit
 .text.DisplayStationIDLoad
                0x000048dc       0x94 .\CortexM3\ARM_GCC_493\Debug\DisplayBLL.o
                0x000048dc                DisplayStationIDLoad
 .text.DisplayStationIDDecorator
                0x00004970       0xe4 .\CortexM3\ARM_GCC_493\Debug\DisplayBLL.o
                0x00004970                DisplayStationIDDecorator
 .text.DisplayStationIDStore
                0x00004a54       0xd4 .\CortexM3\ARM_GCC_493\Debug\DisplayBLL.o
                0x00004a54                DisplayStationIDStore
 .text.DisplayPumpIDOffsetLoad
                0x00004b28       0x80 .\CortexM3\ARM_GCC_493\Debug\DisplayBLL.o
                0x00004b28                DisplayPumpIDOffsetLoad
 .text.DisplayPumpIDOffsetDecorator
                0x00004ba8       0xe4 .\CortexM3\ARM_GCC_493\Debug\DisplayBLL.o
                0x00004ba8                DisplayPumpIDOffsetDecorator
 .text.DisplayPumpIDOffsetStore
                0x00004c8c       0xc4 .\CortexM3\ARM_GCC_493\Debug\DisplayBLL.o
                0x00004c8c                DisplayPumpIDOffsetStore
 .text.InitiateiButtonScan
                0x00004d50       0xb0 .\CortexM3\ARM_GCC_493\Debug\DisplayBLL.o
                0x00004d50                InitiateiButtonScan
 .text.TerminateiButtonScan
                0x00004e00       0x34 .\CortexM3\ARM_GCC_493\Debug\DisplayBLL.o
                0x00004e00                TerminateiButtonScan
 .text.iButtonScreenNotification
                0x00004e34       0x98 .\CortexM3\ARM_GCC_493\Debug\DisplayBLL.o
                0x00004e34                iButtonScreenNotification
 .text.DrawDateTime
                0x00004ecc      0x820 .\CortexM3\ARM_GCC_493\Debug\DisplayBLL.o
                0x00004ecc                DrawDateTime
 .text.InitiateUpdateDateTime
                0x000056ec       0xa8 .\CortexM3\ARM_GCC_493\Debug\DisplayBLL.o
                0x000056ec                InitiateUpdateDateTime
 .text.TerminateUpdateDateTime
                0x00005794       0x50 .\CortexM3\ARM_GCC_493\Debug\DisplayBLL.o
                0x00005794                TerminateUpdateDateTime
 .text.DisplayUpdateDateTime
                0x000057e4       0x2c .\CortexM3\ARM_GCC_493\Debug\DisplayBLL.o
                0x000057e4                DisplayUpdateDateTime
 .text.InitiateHomeAnimation
                0x00005810       0xa0 .\CortexM3\ARM_GCC_493\Debug\DisplayBLL.o
                0x00005810                InitiateHomeAnimation
 .text.TerminateHomeAnimation
                0x000058b0       0x50 .\CortexM3\ARM_GCC_493\Debug\DisplayBLL.o
                0x000058b0                TerminateHomeAnimation
 .text.DrawHomeDateTime
                0x00005900      0x788 .\CortexM3\ARM_GCC_493\Debug\DisplayBLL.o
                0x00005900                DrawHomeDateTime
 .text.DisplayUpdateHomeAnimation
                0x00006088      0xd38 .\CortexM3\ARM_GCC_493\Debug\DisplayBLL.o
                0x00006088                DisplayUpdateHomeAnimation
 .text.PrintcopyReceipt
                0x00006dc0       0xa0 .\CortexM3\ARM_GCC_493\Debug\DisplayBLL.o
                0x00006dc0                PrintcopyReceipt
 .text.PrintersWorking
                0x00006e60       0x5c .\CortexM3\ARM_GCC_493\Debug\DisplayBLL.o
                0x00006e60                PrintersWorking
 .text.EitherPrinterWorking
                0x00006ebc       0x70 .\CortexM3\ARM_GCC_493\Debug\DisplayBLL.o
                0x00006ebc                EitherPrinterWorking
 .text.DisplayGenericValidator
                0x00006f2c      0x174 .\CortexM3\ARM_GCC_493\Debug\DisplayBLL.o
                0x00006f2c                DisplayGenericValidator
 .text.CastCreditVolumeValue
                0x000070a0      0x164 .\CortexM3\ARM_GCC_493\Debug\DisplayBLL.o
                0x000070a0                CastCreditVolumeValue
 .text.DisplaySinkRegistration
                0x00007204      0x19c .\CortexM3\ARM_GCC_493\Debug\DisplaySink.o
                0x00007204                DisplaySinkRegistration
 .text.InitDisplays
                0x000073a0       0xd0 .\CortexM3\ARM_GCC_493\Debug\DisplaySink.o
                0x000073a0                InitDisplays
 .text.DisplayRaiseTimeoutsAndStateChanges
                0x00007470      0x304 .\CortexM3\ARM_GCC_493\Debug\DisplaySink.o
                0x00007470                DisplayRaiseTimeoutsAndStateChanges
 .text.DisplayOutputString
                0x00007774      0x138 .\CortexM3\ARM_GCC_493\Debug\DisplayUtils.o
                0x00007774                DisplayOutputString
 .text.ParseDisplayFlow
                0x000078ac       0xa8 .\CortexM3\ARM_GCC_493\Debug\DisplayUtils.o
                0x000078ac                ParseDisplayFlow
 .text.DisplayFlowInputValidator
                0x00007954       0x68 .\CortexM3\ARM_GCC_493\Debug\DisplayUtils.o
                0x00007954                DisplayFlowInputValidator
 .text.DisplayFlowInputHandler
                0x000079bc       0x68 .\CortexM3\ARM_GCC_493\Debug\DisplayUtils.o
                0x000079bc                DisplayFlowInputHandler
 .text.DisplayFlowDecorator
                0x00007a24       0x68 .\CortexM3\ARM_GCC_493\Debug\DisplayUtils.o
                0x00007a24                DisplayFlowDecorator
 .text.DisplayInitializer
                0x00007a8c       0x68 .\CortexM3\ARM_GCC_493\Debug\DisplayUtils.o
                0x00007a8c                DisplayInitializer
 .text.DisplayFinalizer
                0x00007af4       0x68 .\CortexM3\ARM_GCC_493\Debug\DisplayUtils.o
                0x00007af4                DisplayFinalizer
 .text.ParseDisplayStream
                0x00007b5c       0xac .\CortexM3\ARM_GCC_493\Debug\DisplayUtils.o
                0x00007b5c                ParseDisplayStream
 .text.GetDisplayFlowNode
                0x00007c08       0xa0 .\CortexM3\ARM_GCC_493\Debug\DisplayUtils.o
                0x00007c08                GetDisplayFlowNode
 .text.PrepareDisplayStructure
                0x00007ca8       0x70 .\CortexM3\ARM_GCC_493\Debug\DisplayUtils.o
                0x00007ca8                PrepareDisplayStructure
 .text.NonEmptyDataValidator
                0x00007d18       0x2c .\CortexM3\ARM_GCC_493\Debug\DisplayUtils.o
                0x00007d18                NonEmptyDataValidator
 .text.SecureConfigurationValidator
                0x00007d44       0x74 .\CortexM3\ARM_GCC_493\Debug\DisplayUtils.o
                0x00007d44                SecureConfigurationValidator
 .text.SaveNewPassword
                0x00007db8       0x48 .\CortexM3\ARM_GCC_493\Debug\DisplayUtils.o
                0x00007db8                SaveNewPassword
 .text.NonEmptyMoneyValidator
                0x00007e00      0x144 .\CortexM3\ARM_GCC_493\Debug\DisplayUtils.o
                0x00007e00                NonEmptyMoneyValidator
 .text.NonEmpty15ModuloValidator
                0x00007f44      0x11c .\CortexM3\ARM_GCC_493\Debug\DisplayUtils.o
                0x00007f44                NonEmpty15ModuloValidator
 .text.ValidatePumpAvailability4Positions
                0x00008060      0x1a4 .\CortexM3\ARM_GCC_493\Debug\DisplayUtils.o
                0x00008060                ValidatePumpAvailability4Positions
 .text.ValidatePumpAvailability21Positions
                0x00008204      0x15c .\CortexM3\ARM_GCC_493\Debug\DisplayUtils.o
                0x00008204                ValidatePumpAvailability21Positions
 .text.GetPumpsAvailability
                0x00008360      0x28c .\CortexM3\ARM_GCC_493\Debug\DisplayUtils.o
                0x00008360                GetPumpsAvailability
 .text.GetPumpsPrintState
                0x000085ec       0xe8 .\CortexM3\ARM_GCC_493\Debug\DisplayUtils.o
                0x000085ec                GetPumpsPrintState
 .text.DisplayProductSelectionInputHandler
                0x000086d4       0xb4 .\CortexM3\ARM_GCC_493\Debug\DisplayUtils.o
                0x000086d4                DisplayProductSelectionInputHandler
 .text.DisplayInputHandler
                0x00008788      0x14c .\CortexM3\ARM_GCC_493\Debug\DisplayUtils.o
                0x00008788                DisplayInputHandler
 .text.DisplayIDInputHandler
                0x000088d4      0x164 .\CortexM3\ARM_GCC_493\Debug\DisplayUtils.o
                0x000088d4                DisplayIDInputHandler
 .text.DisplayIntegerInputHandler
                0x00008a38      0x16c .\CortexM3\ARM_GCC_493\Debug\DisplayUtils.o
                0x00008a38                DisplayIntegerInputHandler
 .text.DisplayMoneyInputHandler
                0x00008ba4      0x204 .\CortexM3\ARM_GCC_493\Debug\DisplayUtils.o
                0x00008ba4                DisplayMoneyInputHandler
 .text.DisplayVolumeInputHandler
                0x00008da8      0x238 .\CortexM3\ARM_GCC_493\Debug\DisplayUtils.o
                0x00008da8                DisplayVolumeInputHandler
 .text.DisplayInputPasswordHandler
                0x00008fe0      0x190 .\CortexM3\ARM_GCC_493\Debug\DisplayUtils.o
                0x00008fe0                DisplayInputPasswordHandler
 .text.SequesterMessageSink
                0x00009170      0x140 .\CortexM3\ARM_GCC_493\Debug\DisplayUtils.o
                0x00009170                SequesterMessageSink
 .text.CleanMessageSink
                0x000092b0       0x38 .\CortexM3\ARM_GCC_493\Debug\DisplayUtils.o
                0x000092b0                CleanMessageSink
 .text.ReleaseMessageSink
                0x000092e8      0x180 .\CortexM3\ARM_GCC_493\Debug\DisplayUtils.o
                0x000092e8                ReleaseMessageSink
 .text.StoreTransactionData
                0x00009468      0x3d0 .\CortexM3\ARM_GCC_493\Debug\DisplayUtils.o
                0x00009468                StoreTransactionData
 .text.GetDisplayFromPumpID
                0x00009838       0xac .\CortexM3\ARM_GCC_493\Debug\DisplayUtils.o
                0x00009838                GetDisplayFromPumpID
 .text.UnmapCode
                0x000098e4       0x48 .\CortexM3\ARM_GCC_493\Debug\DisplayCharacterMap.o
                0x000098e4                UnmapCode
 .text.GetBufferIndexFromDisplayID
                0x0000992c       0x48 .\CortexM3\ARM_GCC_493\Debug\DisplayBufferScreenMap.o
                0x0000992c                GetBufferIndexFromDisplayID
 .text.GetBufferLengthFromDisplayID
                0x00009974       0x48 .\CortexM3\ARM_GCC_493\Debug\DisplayBufferScreenMap.o
                0x00009974                GetBufferLengthFromDisplayID
 .text.GetPumpIndexFromDisplay
                0x000099bc       0x5c .\CortexM3\ARM_GCC_493\Debug\DisplayBufferScreenMap.o
                0x000099bc                GetPumpIndexFromDisplay
 .text.Display1BufferResolver
                0x00009a18       0xf4 .\CortexM3\ARM_GCC_493\Debug\DisplayResolver.o
                0x00009a18                Display1BufferResolver
 .text.Display2BufferResolver
                0x00009b0c       0xf4 .\CortexM3\ARM_GCC_493\Debug\DisplayResolver.o
                0x00009b0c                Display2BufferResolver
 .text.Dislay1UARTSend
                0x00009c00       0x48 .\CortexM3\ARM_GCC_493\Debug\DisplayResolver.o
                0x00009c00                Dislay1UARTSend
 .text.PrintLogo
                0x00009c48       0x3c .\CortexM3\ARM_GCC_493\Debug\PrinterBLL.o
                0x00009c48                PrintLogo
 .text.Printer11Callback
                0x00009c84       0x54 .\CortexM3\ARM_GCC_493\Debug\PrinterBLL.o
                0x00009c84                Printer11Callback
 .text.Printer12Callback
                0x00009cd8       0x54 .\CortexM3\ARM_GCC_493\Debug\PrinterBLL.o
                0x00009cd8                Printer12Callback
 .text.Printer21Callback
                0x00009d2c       0x54 .\CortexM3\ARM_GCC_493\Debug\PrinterBLL.o
                0x00009d2c                Printer21Callback
 .text.Printer22Callback
                0x00009d80       0x54 .\CortexM3\ARM_GCC_493\Debug\PrinterBLL.o
                0x00009d80                Printer22Callback
 .text.Printer1GenericCallback
                0x00009dd4       0x1c .\CortexM3\ARM_GCC_493\Debug\PrinterBLL.o
                0x00009dd4                Printer1GenericCallback
 .text.Printer2GenericCallback
                0x00009df0       0x1c .\CortexM3\ARM_GCC_493\Debug\PrinterBLL.o
                0x00009df0                Printer2GenericCallback
 .text.MeasurePrinterASCIIBufferLength
                0x00009e0c       0x34 .\CortexM3\ARM_GCC_493\Debug\PrinterBLL.o
                0x00009e0c                MeasurePrinterASCIIBufferLength
 .text.PadSpacesToCenter
                0x00009e40       0x24 .\CortexM3\ARM_GCC_493\Debug\PrinterBLL.o
                0x00009e40                PadSpacesToCenter
 .text.GetProductNameFromPumpAndHose
                0x00009e64      0x3c8 .\CortexM3\ARM_GCC_493\Debug\PrinterBLL.o
                0x00009e64                GetProductNameFromPumpAndHose
 .text.FormatNumberLSDFirst
                0x0000a22c      0x140 .\CortexM3\ARM_GCC_493\Debug\PrinterBLL.o
                0x0000a22c                FormatNumberLSDFirst
 .text.Print    0x0000a36c     0x1134 .\CortexM3\ARM_GCC_493\Debug\PrinterBLL.o
                0x0000a36c                Print
 .text.PrintGeneric
                0x0000b4a0       0x44 .\CortexM3\ARM_GCC_493\Debug\PrinterBLL.o
                0x0000b4a0                PrintGeneric
 .text.PrinterSinkRegistration
                0x0000b4e4      0x108 .\CortexM3\ARM_GCC_493\Debug\PrinterSink.o
                0x0000b4e4                PrinterSinkRegistration
 .text.PrinterUARTSend
                0x0000b5ec       0x18 .\CortexM3\ARM_GCC_493\Debug\PrinterResolver.o
                0x0000b5ec                PrinterUARTSend
 .text.GetPrinterTemplateLine
                0x0000b604       0x48 .\CortexM3\ARM_GCC_493\Debug\PrinterTemplate.o
                0x0000b604                GetPrinterTemplateLine
 .text.GetPrinterVolumeTemplateTag
                0x0000b64c       0x48 .\CortexM3\ARM_GCC_493\Debug\PrinterTemplate.o
                0x0000b64c                GetPrinterVolumeTemplateTag
 .text.GetPrinterPriceTemplateTag
                0x0000b694       0x34 .\CortexM3\ARM_GCC_493\Debug\PrinterTemplate.o
                0x0000b694                GetPrinterPriceTemplateTag
 .text.InitProtocol
                0x0000b6c8      0x32c .\CortexM3\ARM_GCC_493\Debug\Advantage.o
                0x0000b6c8                InitProtocol
 .text.PumpIsInValidState
                0x0000b9f4       0x38 .\CortexM3\ARM_GCC_493\Debug\Advantage.o
                0x0000b9f4                PumpIsInValidState
 .text.PumpJobQueueClear
                0x0000ba2c       0x8c .\CortexM3\ARM_GCC_493\Debug\Advantage.o
                0x0000ba2c                PumpJobQueueClear
 .text.PumpJobAllocate
                0x0000bab8      0x144 .\CortexM3\ARM_GCC_493\Debug\Advantage.o
                0x0000bab8                PumpJobAllocate
 .text.PumpJobEnqueue
                0x0000bbfc       0x5c .\CortexM3\ARM_GCC_493\Debug\Advantage.o
                0x0000bbfc                PumpJobEnqueue
 .text.PumpJobQueuePeek
                0x0000bc58       0x30 .\CortexM3\ARM_GCC_493\Debug\Advantage.o
                0x0000bc58                PumpJobQueuePeek
 .text.PumpJobDequeue
                0x0000bc88       0xb8 .\CortexM3\ARM_GCC_493\Debug\Advantage.o
                0x0000bc88                PumpJobDequeue
 .text.PumpJobRotate
                0x0000bd40       0x78 .\CortexM3\ARM_GCC_493\Debug\Advantage.o
                0x0000bd40                PumpJobRotate
 .text.PumpTransactionalStateDequeue
                0x0000bdb8       0x60 .\CortexM3\ARM_GCC_493\Debug\Advantage.o
                0x0000bdb8                PumpTransactionalStateDequeue
 .text.PumpTransactionalStateEnqueue
                0x0000be18       0x20 .\CortexM3\ARM_GCC_493\Debug\Advantage.o
                0x0000be18                PumpTransactionalStateEnqueue
 .text.PumpTransactionalStateDeallocate
                0x0000be38       0x94 .\CortexM3\ARM_GCC_493\Debug\Advantage.o
                0x0000be38                PumpTransactionalStateDeallocate
 .text.PumpTransactionalStateFind
                0x0000becc       0x54 .\CortexM3\ARM_GCC_493\Debug\Advantage.o
                0x0000becc                PumpTransactionalStateFind
 .text.PumpTransactionalStateAllocate
                0x0000bf20       0x94 .\CortexM3\ARM_GCC_493\Debug\Advantage.o
                0x0000bf20                PumpTransactionalStateAllocate
 *fill*         0x0000bfb4        0x4 
 .text.PumpTransactionalStateLock
                0x0000bfb8       0x70 .\CortexM3\ARM_GCC_493\Debug\Advantage.o
                0x0000bfb8                PumpTransactionalStateLock
 .text.PumpTransactionalStateUnlock
                0x0000c028       0x20 .\CortexM3\ARM_GCC_493\Debug\Advantage.o
                0x0000c028                PumpTransactionalStateUnlock
 .text.PumpCleanUp
                0x0000c048       0xb4 .\CortexM3\ARM_GCC_493\Debug\Advantage.o
                0x0000c048                PumpCleanUp
 .text.GetTransactionByName
                0x0000c0fc       0x48 .\CortexM3\ARM_GCC_493\Debug\AdvantageFlow.o
                0x0000c0fc                GetTransactionByName
 .text.AcquirePumpStateResponse
                0x0000c144       0xb8 .\CortexM3\ARM_GCC_493\Debug\AdvantageImpl.o
                0x0000c144                AcquirePumpStateResponse
 .text.AcquireDatatoPumpResponse
                0x0000c1fc       0x48 .\CortexM3\ARM_GCC_493\Debug\AdvantageImpl.o
                0x0000c1fc                AcquireDatatoPumpResponse
 .text.ProcessPumpTransactionData
                0x0000c244      0xf9c .\CortexM3\ARM_GCC_493\Debug\AdvantageImpl.o
                0x0000c244                ProcessPumpTransactionData
 .text.ProcessPumpTotalsDataReport
                0x0000d1e0      0x154 .\CortexM3\ARM_GCC_493\Debug\AdvantageImpl.o
                0x0000d1e0                ProcessPumpTotalsDataReport
 .text.PumpJobTimeout
                0x0000d334       0x38 .\CortexM3\ARM_GCC_493\Debug\AdvantageImpl.o
                0x0000d334                PumpJobTimeout
 .text.PumpStateJobTimeout
                0x0000d36c       0x38 .\CortexM3\ARM_GCC_493\Debug\AdvantageImpl.o
                0x0000d36c                PumpStateJobTimeout
 .text.PumpAuthorization
                0x0000d3a4       0x84 .\CortexM3\ARM_GCC_493\Debug\AdvantageImpl.o
                0x0000d3a4                PumpAuthorization
 .text.PumpStartupAuthorization
                0x0000d428       0x70 .\CortexM3\ARM_GCC_493\Debug\AdvantageImpl.o
                0x0000d428                PumpStartupAuthorization
 .text.PumpStateRequest
                0x0000d498       0x60 .\CortexM3\ARM_GCC_493\Debug\AdvantageImpl.o
                0x0000d498                PumpStateRequest
 .text.PumpTransactionDataRequest
                0x0000d4f8       0x6c .\CortexM3\ARM_GCC_493\Debug\AdvantageImpl.o
                0x0000d4f8                PumpTransactionDataRequest
 .text.PumpTotalsDataRequest
                0x0000d564       0x6c .\CortexM3\ARM_GCC_493\Debug\AdvantageImpl.o
                0x0000d564                PumpTotalsDataRequest
 .text.PumpDataToPump
                0x0000d5d0       0x6c .\CortexM3\ARM_GCC_493\Debug\AdvantageImpl.o
                0x0000d5d0                PumpDataToPump
 .text.PumpCreditPresetHose
                0x0000d63c      0x3ac .\CortexM3\ARM_GCC_493\Debug\AdvantageImpl.o
                0x0000d63c                PumpCreditPresetHose
 .text.PumpPresetHose
                0x0000d9e8      0x378 .\CortexM3\ARM_GCC_493\Debug\AdvantageImpl.o
                0x0000d9e8                PumpPresetHose
 .text.PumpPresetNotification
                0x0000dd60      0x1d8 .\CortexM3\ARM_GCC_493\Debug\AdvantageImpl.o
                0x0000dd60                PumpPresetNotification
 .text.PumpCreditPresetNotification
                0x0000df38       0xac .\CortexM3\ARM_GCC_493\Debug\AdvantageImpl.o
                0x0000df38                PumpCreditPresetNotification
 .text.PumpFullPresetHose
                0x0000dfe4      0x328 .\CortexM3\ARM_GCC_493\Debug\AdvantageImpl.o
                0x0000dfe4                PumpFullPresetHose
 .text.PumpPpuChange
                0x0000e30c      0x2c4 .\CortexM3\ARM_GCC_493\Debug\AdvantageImpl.o
                0x0000e30c                PumpPpuChange
 .text.PumpDefault2CreditPpuChange
                0x0000e5d0      0x1b0 .\CortexM3\ARM_GCC_493\Debug\AdvantageImpl.o
                0x0000e5d0                PumpDefault2CreditPpuChange
 .text.PumpCredit2DefaultPpuChange
                0x0000e780      0x23c .\CortexM3\ARM_GCC_493\Debug\AdvantageImpl.o
                0x0000e780                PumpCredit2DefaultPpuChange
 .text.PumpStopRequest
                0x0000e9bc       0x6c .\CortexM3\ARM_GCC_493\Debug\AdvantageImpl.o
                0x0000e9bc                PumpStopRequest
 .text.PumpStopAllRequest
                0x0000ea28       0x60 .\CortexM3\ARM_GCC_493\Debug\AdvantageImpl.o
                0x0000ea28                PumpStopAllRequest
 .text.PumpCompleteConfiguration
                0x0000ea88       0xe8 .\CortexM3\ARM_GCC_493\Debug\AdvantageImpl.o
                0x0000ea88                PumpCompleteConfiguration
 .text.AcquirePumpCompleteConfiguration
                0x0000eb70      0x454 .\CortexM3\ARM_GCC_493\Debug\AdvantageImpl.o
                0x0000eb70                AcquirePumpCompleteConfiguration
 .text.AcquireDispenserLayoutInformation
                0x0000efc4      0x4c8 .\CortexM3\ARM_GCC_493\Debug\AdvantageImpl.o
                0x0000efc4                AcquireDispenserLayoutInformation
 .text.AcquirePumpSpecialFunctionResponseResolver
                0x0000f48c      0x128 .\CortexM3\ARM_GCC_493\Debug\AdvantageImpl.o
                0x0000f48c                AcquirePumpSpecialFunctionResponseResolver
 .text.PumpEnumeratorRequest
                0x0000f5b4       0x60 .\CortexM3\ARM_GCC_493\Debug\AdvantageImpl.o
                0x0000f5b4                PumpEnumeratorRequest
 .text.AcquirePumpEnumeratorResponse
                0x0000f614      0x240 .\CortexM3\ARM_GCC_493\Debug\AdvantageImpl.o
                0x0000f614                AcquirePumpEnumeratorResponse
 .text.PumpEnumeratorTimeout
                0x0000f854       0x6c .\CortexM3\ARM_GCC_493\Debug\AdvantageImpl.o
                0x0000f854                PumpEnumeratorTimeout
 .text.AcquirePumpTotalsResponseResolver
                0x0000f8c0      0x15c .\CortexM3\ARM_GCC_493\Debug\AdvantageImpl.o
                0x0000f8c0                AcquirePumpTotalsResponseResolver
 .text.AcquirePumpTransactionDataResponseResolver
                0x0000fa1c       0x4c .\CortexM3\ARM_GCC_493\Debug\AdvantageImpl.o
                0x0000fa1c                AcquirePumpTransactionDataResponseResolver
 .text.AdvantageActivateProgramming
                0x0000fa68       0xac .\CortexM3\ARM_GCC_493\Debug\AdvantageImpl.o
                0x0000fa68                AdvantageActivateProgramming
 .text.GetLRC   0x0000fb14       0x60 .\CortexM3\ARM_GCC_493\Debug\AdvantageImpl.o
                0x0000fb14                GetLRC
 .text.FindLRC  0x0000fb74       0x34 .\CortexM3\ARM_GCC_493\Debug\AdvantageImpl.o
                0x0000fb74                FindLRC
 .text.TerminateTransactionAndPrint
                0x0000fba8      0x248 .\CortexM3\ARM_GCC_493\Debug\AdvantageImpl.o
                0x0000fba8                TerminateTransactionAndPrint
 .text.CastVolumeValue
                0x0000fdf0      0x174 .\CortexM3\ARM_GCC_493\Debug\AdvantageImpl.o
                0x0000fdf0                CastVolumeValue
 .text.CastMoneyValue
                0x0000ff64      0x164 .\CortexM3\ARM_GCC_493\Debug\AdvantageImpl.o
                0x0000ff64                CastMoneyValue
 .text.TranslateSpecialFuncionDigit
                0x000100c8       0x48 .\CortexM3\ARM_GCC_493\Debug\AdvantageImpl.o
                0x000100c8                TranslateSpecialFuncionDigit
 .text.iButtonSinkRegistration
                0x00010110       0x5c .\CortexM3\ARM_GCC_493\Debug\iButtonSink.o
                0x00010110                iButtonSinkRegistration
 .text.iButton1Scan
                0x0001016c       0xb4 .\CortexM3\ARM_GCC_493\Debug\iButtonBLL.o
                0x0001016c                iButton1Scan
 .text.iButton2Scan
                0x00010220       0xa8 .\CortexM3\ARM_GCC_493\Debug\iButtonBLL.o
                0x00010220                iButton2Scan
 .text.iButtonResetPresenceSequence
                0x000102c8       0x84 .\CortexM3\ARM_GCC_493\Debug\iButtonProtocol.o
                0x000102c8                iButtonResetPresenceSequence
 .text.iButtonRead
                0x0001034c       0xbc .\CortexM3\ARM_GCC_493\Debug\iButtonProtocol.o
                0x0001034c                iButtonRead
 .text.iButtonWrite
                0x00010408       0xc4 .\CortexM3\ARM_GCC_493\Debug\iButtonProtocol.o
                0x00010408                iButtonWrite
 .text.RFSinkRegistration
                0x000104cc       0xdc .\CortexM3\ARM_GCC_493\Debug\RFSink.o
                0x000104cc                RFSinkRegistration
 .text.RFServerAutonomousMonitor
                0x000105a8       0x68 .\CortexM3\ARM_GCC_493\Debug\RFSink.o
                0x000105a8                RFServerAutonomousMonitor
 .text.RFServerRequestHandler
                0x00010610       0x68 .\CortexM3\ARM_GCC_493\Debug\RFBLL.o
                0x00010610                RFServerRequestHandler
 .text.RFErrorHandler
                0x00010678       0x14 .\CortexM3\ARM_GCC_493\Debug\RFBLL.o
                0x00010678                RFErrorHandler
 .text.GetRFRequestResolver
                0x0001068c       0x58 .\CortexM3\ARM_GCC_493\Debug\RFBLL.o
                0x0001068c                GetRFRequestResolver
 .text.RFUARTBufferResolver
                0x000106e4      0x1f8 .\CortexM3\ARM_GCC_493\Debug\RFResolver.o
                0x000106e4                RFUARTBufferResolver
 .text.RFUARTSend
                0x000108dc       0x4c .\CortexM3\ARM_GCC_493\Debug\RFResolver.o
                0x000108dc                RFUARTSend
 .text.RFGetPayloadLengthFromRequestCode
                0x00010928       0x48 .\CortexM3\ARM_GCC_493\Debug\RFServerStack.o
                0x00010928                RFGetPayloadLengthFromRequestCode
 .text.RFGetDynamicPayloadLengthFromRequestCode
                0x00010970       0x48 .\CortexM3\ARM_GCC_493\Debug\RFServerStack.o
                0x00010970                RFGetDynamicPayloadLengthFromRequestCode
 .text.RFGetCRC
                0x000109b8       0x6c .\CortexM3\ARM_GCC_493\Debug\RFServerStack.o
                0x000109b8                RFGetCRC
 .text.RFUnmapCommand2State
                0x00010a24       0x48 .\CortexM3\ARM_GCC_493\Debug\RFServerStack.o
                0x00010a24                RFUnmapCommand2State
 .text.RFStateReqResp
                0x00010a6c      0x3d8 .\CortexM3\ARM_GCC_493\Debug\RFServerStackImpl.o
                0x00010a6c                RFStateReqResp
 .text.RFCreditSerialAuthReqResp
                0x00010e44      0x26c .\CortexM3\ARM_GCC_493\Debug\RFServerStackImpl.o
                0x00010e44                RFCreditSerialAuthReqResp
 .text.RFCreditAuthorizationReqResp
                0x000110b0      0x408 .\CortexM3\ARM_GCC_493\Debug\RFServerStackImpl.o
                0x000110b0                RFCreditAuthorizationReqResp
 .text.RFCreditSalePresetReportReqResp
                0x000114b8      0x1f4 .\CortexM3\ARM_GCC_493\Debug\RFServerStackImpl.o
                0x000114b8                RFCreditSalePresetReportReqResp
 .text.RFCashSalePresetReportReqResp
                0x000116ac      0x438 .\CortexM3\ARM_GCC_493\Debug\RFServerStackImpl.o
                0x000116ac                RFCashSalePresetReportReqResp
 .text.RFCashCreditSaleFinalReportReqResp
                0x00011ae4      0x558 .\CortexM3\ARM_GCC_493\Debug\RFServerStackImpl.o
                0x00011ae4                RFCashCreditSaleFinalReportReqResp
 .text.RFTotalsDataReqResp
                0x0001203c      0x284 .\CortexM3\ARM_GCC_493\Debug\RFServerStackImpl.o
                0x0001203c                RFTotalsDataReqResp
 .text.RFTotalsDataReportReqResp
                0x000122c0      0xedc .\CortexM3\ARM_GCC_493\Debug\RFServerStackImpl.o
                0x000122c0                RFTotalsDataReportReqResp
 *fill*         0x0001319c        0x4 
 .text.RFPriceChangeReqResp
                0x000131a0      0x370 .\CortexM3\ARM_GCC_493\Debug\RFServerStackImpl.o
                0x000131a0                RFPriceChangeReqResp
 .text.RFGeneralPrintReqResp
                0x00013510      0x310 .\CortexM3\ARM_GCC_493\Debug\RFServerStackImpl.o
                0x00013510                RFGeneralPrintReqResp
 .text.RFCopyPrintReqResp
                0x00013820      0x310 .\CortexM3\ARM_GCC_493\Debug\RFServerStackImpl.o
                0x00013820                RFCopyPrintReqResp
 .text.RFCreditSalePrintReqResp
                0x00013b30      0x458 .\CortexM3\ARM_GCC_493\Debug\RFServerStackImpl.o
                0x00013b30                RFCreditSalePrintReqResp
 .text.RFCashSalePrintReqResp
                0x00013f88      0x2fc .\CortexM3\ARM_GCC_493\Debug\RFServerStackImpl.o
                0x00013f88                RFCashSalePrintReqResp
 .text.RFPendingCreditSaleReqResp
                0x00014284     0x12d4 .\CortexM3\ARM_GCC_493\Debug\RFServerStackImpl.o
                0x00014284                RFPendingCreditSaleReqResp
 .text.RFPendingCashSaleReqResp
                0x00015558     0x1054 .\CortexM3\ARM_GCC_493\Debug\RFServerStackImpl.o
                0x00015558                RFPendingCashSaleReqResp
 .text.RFBroadcastConfigurationReqResp
                0x000165ac      0x544 .\CortexM3\ARM_GCC_493\Debug\RFServerStackImpl.o
                0x000165ac                RFBroadcastConfigurationReqResp
 .text.RFPositionConfigurationReqResp
                0x00016af0      0x388 .\CortexM3\ARM_GCC_493\Debug\RFServerStackImpl.o
                0x00016af0                RFPositionConfigurationReqResp
 .text.RFIslandOperDataReqResp
                0x00016e78      0x2c0 .\CortexM3\ARM_GCC_493\Debug\RFServerStackImpl.o
                0x00016e78                RFIslandOperDataReqResp
 .text.RFIslandAdminReqResp
                0x00017138      0x350 .\CortexM3\ARM_GCC_493\Debug\RFServerStackImpl.o
                0x00017138                RFIslandAdminReqResp
 .text.GeneralPrintRequestPayloadSizeResolver
                0x00017488       0x20 .\CortexM3\ARM_GCC_493\Debug\RFServerStackImpl.o
                0x00017488                GeneralPrintRequestPayloadSizeResolver
 .text.main     0x000174a8       0x28 .\CortexM3\ARM_GCC_493\Debug\main.o
                0x000174a8                main
 .text.IntDefaultHandler
                0x000174d0        0x8 .\CortexM3\ARM_GCC_493\Debug\Cm3Start.o
                0x000174d0                IntDefaultHandler
 .text._sbrk    0x000174d8       0x50 .\CortexM3\ARM_GCC_493\Debug\Cm3Start.o
                0x000174d8                _sbrk
 .text.Start_c  0x00017528       0x98 .\CortexM3\ARM_GCC_493\Debug\Cm3Start.o
                0x00017528                Start_c
 .text.initialize_psoc
                0x000175c0       0x8c .\CortexM3\ARM_GCC_493\Debug\Cm3Start.o
                0x000175c0                initialize_psoc
 .text.CYMEMZERO
                0x0001764c       0x1c .\CortexM3\ARM_GCC_493\Debug\CorEx-Mux-Kernel.a(cyfitter_cfg.o)
 .text.CYCONFIGCPY
                0x00017668       0x1c .\CortexM3\ARM_GCC_493\Debug\CorEx-Mux-Kernel.a(cyfitter_cfg.o)
 .text.CyClockStartupError
                0x00017684        0xc .\CortexM3\ARM_GCC_493\Debug\CorEx-Mux-Kernel.a(cyfitter_cfg.o)
 .text.cfg_write_bytes32
                0x00017690       0x74 .\CortexM3\ARM_GCC_493\Debug\CorEx-Mux-Kernel.a(cyfitter_cfg.o)
 .text.ClockSetup
                0x00017704      0x17c .\CortexM3\ARM_GCC_493\Debug\CorEx-Mux-Kernel.a(cyfitter_cfg.o)
 .text.AnalogSetDefault
                0x00017880       0x44 .\CortexM3\ARM_GCC_493\Debug\CorEx-Mux-Kernel.a(cyfitter_cfg.o)
 .text.cyfitter_cfg
                0x000178c4      0x190 .\CortexM3\ARM_GCC_493\Debug\CorEx-Mux-Kernel.a(cyfitter_cfg.o)
                0x000178c4                cyfitter_cfg
 .text.RF_Physical_Start
                0x00017a54       0x20 .\CortexM3\ARM_GCC_493\Debug\CorEx-Mux-Kernel.a(RF_Physical.o)
                0x00017a54                RF_Physical_Start
 .text.RF_Physical_Init
                0x00017a74       0x58 .\CortexM3\ARM_GCC_493\Debug\CorEx-Mux-Kernel.a(RF_Physical.o)
                0x00017a74                RF_Physical_Init
 .text.RF_Physical_Enable
                0x00017acc       0x68 .\CortexM3\ARM_GCC_493\Debug\CorEx-Mux-Kernel.a(RF_Physical.o)
                0x00017acc                RF_Physical_Enable
 .text.RF_Physical_Stop
                0x00017b34       0x68 .\CortexM3\ARM_GCC_493\Debug\CorEx-Mux-Kernel.a(RF_Physical.o)
                0x00017b34                RF_Physical_Stop
 .text.RF_Physical_ReadControlRegister
                0x00017b9c       0x10 .\CortexM3\ARM_GCC_493\Debug\CorEx-Mux-Kernel.a(RF_Physical.o)
                0x00017b9c                RF_Physical_ReadControlRegister
 .text.RF_Physical_WriteControlRegister
                0x00017bac       0x14 .\CortexM3\ARM_GCC_493\Debug\CorEx-Mux-Kernel.a(RF_Physical.o)
                0x00017bac                RF_Physical_WriteControlRegister
 .text.RF_Physical_ReadRxData
                0x00017bc0       0x94 .\CortexM3\ARM_GCC_493\Debug\CorEx-Mux-Kernel.a(RF_Physical.o)
                0x00017bc0                RF_Physical_ReadRxData
 .text.RF_Physical_ReadRxStatus
                0x00017c54       0x40 .\CortexM3\ARM_GCC_493\Debug\CorEx-Mux-Kernel.a(RF_Physical.o)
                0x00017c54                RF_Physical_ReadRxStatus
 .text.RF_Physical_GetChar
                0x00017c94       0xbc .\CortexM3\ARM_GCC_493\Debug\CorEx-Mux-Kernel.a(RF_Physical.o)
                0x00017c94                RF_Physical_GetChar
 .text.RF_Physical_GetByte
                0x00017d50       0x44 .\CortexM3\ARM_GCC_493\Debug\CorEx-Mux-Kernel.a(RF_Physical.o)
                0x00017d50                RF_Physical_GetByte
 .text.RF_Physical_GetRxBufferSize
                0x00017d94       0x94 .\CortexM3\ARM_GCC_493\Debug\CorEx-Mux-Kernel.a(RF_Physical.o)
                0x00017d94                RF_Physical_GetRxBufferSize
 .text.RF_Physical_ClearRxBuffer
                0x00017e28       0x7c .\CortexM3\ARM_GCC_493\Debug\CorEx-Mux-Kernel.a(RF_Physical.o)
                0x00017e28                RF_Physical_ClearRxBuffer
 .text.RF_Physical_WriteTxData
                0x00017ea4       0x2c .\CortexM3\ARM_GCC_493\Debug\CorEx-Mux-Kernel.a(RF_Physical.o)
                0x00017ea4                RF_Physical_WriteTxData
 .text.RF_Physical_ReadTxStatus
                0x00017ed0       0x18 .\CortexM3\ARM_GCC_493\Debug\CorEx-Mux-Kernel.a(RF_Physical.o)
                0x00017ed0                RF_Physical_ReadTxStatus
 .text.RF_Physical_PutChar
                0x00017ee8       0x34 .\CortexM3\ARM_GCC_493\Debug\CorEx-Mux-Kernel.a(RF_Physical.o)
                0x00017ee8                RF_Physical_PutChar
 .text.RF_Physical_PutString
                0x00017f1c       0x40 .\CortexM3\ARM_GCC_493\Debug\CorEx-Mux-Kernel.a(RF_Physical.o)
                0x00017f1c                RF_Physical_PutString
 .text.RF_Physical_PutArray
                0x00017f5c       0x40 .\CortexM3\ARM_GCC_493\Debug\CorEx-Mux-Kernel.a(RF_Physical.o)
                0x00017f5c                RF_Physical_PutArray
 .text.RF_Physical_PutCRLF
                0x00017f9c       0x30 .\CortexM3\ARM_GCC_493\Debug\CorEx-Mux-Kernel.a(RF_Physical.o)
                0x00017f9c                RF_Physical_PutCRLF
 .text.RF_Physical_ClearTxBuffer
                0x00017fcc       0x40 .\CortexM3\ARM_GCC_493\Debug\CorEx-Mux-Kernel.a(RF_Physical.o)
                0x00017fcc                RF_Physical_ClearTxBuffer
 .text.RF_Physical_RXISR
                0x0001800c       0xf0 .\CortexM3\ARM_GCC_493\Debug\CorEx-Mux-Kernel.a(RF_Physical_INT.o)
                0x0001800c                RF_Physical_RXISR
 .text.RF_Physical_IntClock_Start
                0x000180fc       0x34 .\CortexM3\ARM_GCC_493\Debug\CorEx-Mux-Kernel.a(RF_Physical_IntClock.o)
                0x000180fc                RF_Physical_IntClock_Start
 .text.RF_Physical_IntClock_Stop
                0x00018130       0x34 .\CortexM3\ARM_GCC_493\Debug\CorEx-Mux-Kernel.a(RF_Physical_IntClock.o)
                0x00018130                RF_Physical_IntClock_Stop
 *fill*         0x00018164        0x4 
 .text          0x00018168       0x20 .\CortexM3\ARM_GCC_493\Debug\CorEx-Mux-Kernel.a(CyBootAsmGnu.o)
                0x00018168                CyDelayCycles
                0x00018178                CyEnterCriticalSection
                0x00018180                CyExitCriticalSection
 .text.CyHalt   0x00018188       0x18 .\CortexM3\ARM_GCC_493\Debug\CorEx-Mux-Kernel.a(CyLib.o)
                0x00018188                CyHalt
 .text.CyDelay  0x000181a0       0x44 .\CortexM3\ARM_GCC_493\Debug\CorEx-Mux-Kernel.a(CyLib.o)
                0x000181a0                CyDelay
 .text.CyDelayUs
                0x000181e4       0x24 .\CortexM3\ARM_GCC_493\Debug\CorEx-Mux-Kernel.a(CyLib.o)
                0x000181e4                CyDelayUs
 .text.CyDelayFreq
                0x00018208       0x7c .\CortexM3\ARM_GCC_493\Debug\CorEx-Mux-Kernel.a(CyLib.o)
                0x00018208                CyDelayFreq
 .text.CyWdtStart
                0x00018284       0x8c .\CortexM3\ARM_GCC_493\Debug\CorEx-Mux-Kernel.a(CyLib.o)
                0x00018284                CyWdtStart
 .text.CyWdtClear
                0x00018310       0x18 .\CortexM3\ARM_GCC_493\Debug\CorEx-Mux-Kernel.a(CyLib.o)
                0x00018310                CyWdtClear
 .text.CyIntSetVector
                0x00018328       0x50 .\CortexM3\ARM_GCC_493\Debug\CorEx-Mux-Kernel.a(CyLib.o)
                0x00018328                CyIntSetVector
 .text.CyIntSetPriority
                0x00018378       0x44 .\CortexM3\ARM_GCC_493\Debug\CorEx-Mux-Kernel.a(CyLib.o)
                0x00018378                CyIntSetPriority
 .text.Printer_Start
                0x000183bc       0x20 .\CortexM3\ARM_GCC_493\Debug\CorEx-Mux-Kernel.a(Printer.o)
                0x000183bc                Printer_Start
 .text.Printer_Init
                0x000183dc       0x40 .\CortexM3\ARM_GCC_493\Debug\CorEx-Mux-Kernel.a(Printer.o)
                0x000183dc                Printer_Init
 .text.Printer_Enable
                0x0001841c       0x58 .\CortexM3\ARM_GCC_493\Debug\CorEx-Mux-Kernel.a(Printer.o)
                0x0001841c                Printer_Enable
 .text.Printer_Stop
                0x00018474       0x58 .\CortexM3\ARM_GCC_493\Debug\CorEx-Mux-Kernel.a(Printer.o)
                0x00018474                Printer_Stop
 .text.Printer_ReadControlRegister
                0x000184cc       0x10 .\CortexM3\ARM_GCC_493\Debug\CorEx-Mux-Kernel.a(Printer.o)
                0x000184cc                Printer_ReadControlRegister
 .text.Printer_WriteControlRegister
                0x000184dc       0x14 .\CortexM3\ARM_GCC_493\Debug\CorEx-Mux-Kernel.a(Printer.o)
                0x000184dc                Printer_WriteControlRegister
 .text.Printer_ReadRxData
                0x000184f0       0x20 .\CortexM3\ARM_GCC_493\Debug\CorEx-Mux-Kernel.a(Printer.o)
                0x000184f0                Printer_ReadRxData
 .text.Printer_ReadRxStatus
                0x00018510       0x24 .\CortexM3\ARM_GCC_493\Debug\CorEx-Mux-Kernel.a(Printer.o)
                0x00018510                Printer_ReadRxStatus
 .text.Printer_GetChar
                0x00018534       0x44 .\CortexM3\ARM_GCC_493\Debug\CorEx-Mux-Kernel.a(Printer.o)
                0x00018534                Printer_GetChar
 .text.Printer_GetByte
                0x00018578       0x24 .\CortexM3\ARM_GCC_493\Debug\CorEx-Mux-Kernel.a(Printer.o)
                0x00018578                Printer_GetByte
 .text.Printer_GetRxBufferSize
                0x0001859c       0x30 .\CortexM3\ARM_GCC_493\Debug\CorEx-Mux-Kernel.a(Printer.o)
                0x0001859c                Printer_GetRxBufferSize
 .text.Printer_ClearRxBuffer
                0x000185cc       0x40 .\CortexM3\ARM_GCC_493\Debug\CorEx-Mux-Kernel.a(Printer.o)
                0x000185cc                Printer_ClearRxBuffer
 .text.Printer_WriteTxData
                0x0001860c       0x2c .\CortexM3\ARM_GCC_493\Debug\CorEx-Mux-Kernel.a(Printer.o)
                0x0001860c                Printer_WriteTxData
 .text.Printer_ReadTxStatus
                0x00018638       0x18 .\CortexM3\ARM_GCC_493\Debug\CorEx-Mux-Kernel.a(Printer.o)
                0x00018638                Printer_ReadTxStatus
 .text.Printer_PutChar
                0x00018650       0x34 .\CortexM3\ARM_GCC_493\Debug\CorEx-Mux-Kernel.a(Printer.o)
                0x00018650                Printer_PutChar
 .text.Printer_PutString
                0x00018684       0x40 .\CortexM3\ARM_GCC_493\Debug\CorEx-Mux-Kernel.a(Printer.o)
                0x00018684                Printer_PutString
 .text.Printer_PutArray
                0x000186c4       0x40 .\CortexM3\ARM_GCC_493\Debug\CorEx-Mux-Kernel.a(Printer.o)
                0x000186c4                Printer_PutArray
 .text.Printer_PutCRLF
                0x00018704       0x30 .\CortexM3\ARM_GCC_493\Debug\CorEx-Mux-Kernel.a(Printer.o)
                0x00018704                Printer_PutCRLF
 .text.Printer_ClearTxBuffer
                0x00018734       0x40 .\CortexM3\ARM_GCC_493\Debug\CorEx-Mux-Kernel.a(Printer.o)
                0x00018734                Printer_ClearTxBuffer
 .text.Dispenser_Start
                0x00018774       0x20 .\CortexM3\ARM_GCC_493\Debug\CorEx-Mux-Kernel.a(Dispenser.o)
                0x00018774                Dispenser_Start
 .text.Dispenser_Init
                0x00018794       0x58 .\CortexM3\ARM_GCC_493\Debug\CorEx-Mux-Kernel.a(Dispenser.o)
                0x00018794                Dispenser_Init
 .text.Dispenser_Enable
                0x000187ec       0x64 .\CortexM3\ARM_GCC_493\Debug\CorEx-Mux-Kernel.a(Dispenser.o)
                0x000187ec                Dispenser_Enable
 .text.Dispenser_Stop
                0x00018850       0x64 .\CortexM3\ARM_GCC_493\Debug\CorEx-Mux-Kernel.a(Dispenser.o)
                0x00018850                Dispenser_Stop
 .text.Dispenser_ReadControlRegister
                0x000188b4       0x10 .\CortexM3\ARM_GCC_493\Debug\CorEx-Mux-Kernel.a(Dispenser.o)
                0x000188b4                Dispenser_ReadControlRegister
 .text.Dispenser_WriteControlRegister
                0x000188c4       0x14 .\CortexM3\ARM_GCC_493\Debug\CorEx-Mux-Kernel.a(Dispenser.o)
                0x000188c4                Dispenser_WriteControlRegister
 .text.Dispenser_ReadRxData
                0x000188d8       0x94 .\CortexM3\ARM_GCC_493\Debug\CorEx-Mux-Kernel.a(Dispenser.o)
                0x000188d8                Dispenser_ReadRxData
 .text.Dispenser_ReadRxStatus
                0x0001896c       0x40 .\CortexM3\ARM_GCC_493\Debug\CorEx-Mux-Kernel.a(Dispenser.o)
                0x0001896c                Dispenser_ReadRxStatus
 .text.Dispenser_GetChar
                0x000189ac       0xb8 .\CortexM3\ARM_GCC_493\Debug\CorEx-Mux-Kernel.a(Dispenser.o)
                0x000189ac                Dispenser_GetChar
 .text.Dispenser_GetByte
                0x00018a64       0x44 .\CortexM3\ARM_GCC_493\Debug\CorEx-Mux-Kernel.a(Dispenser.o)
                0x00018a64                Dispenser_GetByte
 .text.Dispenser_GetRxBufferSize
                0x00018aa8       0x94 .\CortexM3\ARM_GCC_493\Debug\CorEx-Mux-Kernel.a(Dispenser.o)
                0x00018aa8                Dispenser_GetRxBufferSize
 .text.Dispenser_ClearRxBuffer
                0x00018b3c       0x7c .\CortexM3\ARM_GCC_493\Debug\CorEx-Mux-Kernel.a(Dispenser.o)
                0x00018b3c                Dispenser_ClearRxBuffer
 .text.Dispenser_WriteTxData
                0x00018bb8       0x2c .\CortexM3\ARM_GCC_493\Debug\CorEx-Mux-Kernel.a(Dispenser.o)
                0x00018bb8                Dispenser_WriteTxData
 .text.Dispenser_ReadTxStatus
                0x00018be4       0x18 .\CortexM3\ARM_GCC_493\Debug\CorEx-Mux-Kernel.a(Dispenser.o)
                0x00018be4                Dispenser_ReadTxStatus
 .text.Dispenser_PutChar
                0x00018bfc       0x34 .\CortexM3\ARM_GCC_493\Debug\CorEx-Mux-Kernel.a(Dispenser.o)
                0x00018bfc                Dispenser_PutChar
 .text.Dispenser_PutString
                0x00018c30       0x40 .\CortexM3\ARM_GCC_493\Debug\CorEx-Mux-Kernel.a(Dispenser.o)
                0x00018c30                Dispenser_PutString
 .text.Dispenser_PutArray
                0x00018c70       0x40 .\CortexM3\ARM_GCC_493\Debug\CorEx-Mux-Kernel.a(Dispenser.o)
                0x00018c70                Dispenser_PutArray
 .text.Dispenser_PutCRLF
                0x00018cb0       0x30 .\CortexM3\ARM_GCC_493\Debug\CorEx-Mux-Kernel.a(Dispenser.o)
                0x00018cb0                Dispenser_PutCRLF
 .text.Dispenser_ClearTxBuffer
                0x00018ce0       0x40 .\CortexM3\ARM_GCC_493\Debug\CorEx-Mux-Kernel.a(Dispenser.o)
                0x00018ce0                Dispenser_ClearTxBuffer
 .text.Dispenser_RXISR
                0x00018d20       0xec .\CortexM3\ARM_GCC_493\Debug\CorEx-Mux-Kernel.a(Dispenser_INT.o)
                0x00018d20                Dispenser_RXISR
 .text.Display1_Start
                0x00018e0c       0x20 .\CortexM3\ARM_GCC_493\Debug\CorEx-Mux-Kernel.a(Display1.o)
                0x00018e0c                Display1_Start
 .text.Display1_Init
                0x00018e2c       0x58 .\CortexM3\ARM_GCC_493\Debug\CorEx-Mux-Kernel.a(Display1.o)
                0x00018e2c                Display1_Init
 .text.Display1_Enable
                0x00018e84       0x68 .\CortexM3\ARM_GCC_493\Debug\CorEx-Mux-Kernel.a(Display1.o)
                0x00018e84                Display1_Enable
 .text.Display1_Stop
                0x00018eec       0x68 .\CortexM3\ARM_GCC_493\Debug\CorEx-Mux-Kernel.a(Display1.o)
                0x00018eec                Display1_Stop
 .text.Display1_ReadControlRegister
                0x00018f54       0x10 .\CortexM3\ARM_GCC_493\Debug\CorEx-Mux-Kernel.a(Display1.o)
                0x00018f54                Display1_ReadControlRegister
 .text.Display1_WriteControlRegister
                0x00018f64       0x14 .\CortexM3\ARM_GCC_493\Debug\CorEx-Mux-Kernel.a(Display1.o)
                0x00018f64                Display1_WriteControlRegister
 .text.Display1_ReadRxData
                0x00018f78       0x94 .\CortexM3\ARM_GCC_493\Debug\CorEx-Mux-Kernel.a(Display1.o)
                0x00018f78                Display1_ReadRxData
 .text.Display1_ReadRxStatus
                0x0001900c       0x40 .\CortexM3\ARM_GCC_493\Debug\CorEx-Mux-Kernel.a(Display1.o)
                0x0001900c                Display1_ReadRxStatus
 .text.Display1_GetChar
                0x0001904c       0xb8 .\CortexM3\ARM_GCC_493\Debug\CorEx-Mux-Kernel.a(Display1.o)
                0x0001904c                Display1_GetChar
 .text.Display1_GetByte
                0x00019104       0x44 .\CortexM3\ARM_GCC_493\Debug\CorEx-Mux-Kernel.a(Display1.o)
                0x00019104                Display1_GetByte
 .text.Display1_GetRxBufferSize
                0x00019148       0x90 .\CortexM3\ARM_GCC_493\Debug\CorEx-Mux-Kernel.a(Display1.o)
                0x00019148                Display1_GetRxBufferSize
 .text.Display1_ClearRxBuffer
                0x000191d8       0x7c .\CortexM3\ARM_GCC_493\Debug\CorEx-Mux-Kernel.a(Display1.o)
                0x000191d8                Display1_ClearRxBuffer
 .text.Display1_WriteTxData
                0x00019254       0x2c .\CortexM3\ARM_GCC_493\Debug\CorEx-Mux-Kernel.a(Display1.o)
                0x00019254                Display1_WriteTxData
 .text.Display1_ReadTxStatus
                0x00019280       0x18 .\CortexM3\ARM_GCC_493\Debug\CorEx-Mux-Kernel.a(Display1.o)
                0x00019280                Display1_ReadTxStatus
 .text.Display1_PutChar
                0x00019298       0x34 .\CortexM3\ARM_GCC_493\Debug\CorEx-Mux-Kernel.a(Display1.o)
                0x00019298                Display1_PutChar
 .text.Display1_PutString
                0x000192cc       0x40 .\CortexM3\ARM_GCC_493\Debug\CorEx-Mux-Kernel.a(Display1.o)
                0x000192cc                Display1_PutString
 .text.Display1_PutArray
                0x0001930c       0x40 .\CortexM3\ARM_GCC_493\Debug\CorEx-Mux-Kernel.a(Display1.o)
                0x0001930c                Display1_PutArray
 .text.Display1_PutCRLF
                0x0001934c       0x30 .\CortexM3\ARM_GCC_493\Debug\CorEx-Mux-Kernel.a(Display1.o)
                0x0001934c                Display1_PutCRLF
 .text.Display1_ClearTxBuffer
                0x0001937c       0x40 .\CortexM3\ARM_GCC_493\Debug\CorEx-Mux-Kernel.a(Display1.o)
                0x0001937c                Display1_ClearTxBuffer
 .text.Display1_RXISR
                0x000193bc       0xf0 .\CortexM3\ARM_GCC_493\Debug\CorEx-Mux-Kernel.a(Display1_INT.o)
                0x000193bc                Display1_RXISR
 .text.Display2_Start
                0x000194ac       0x20 .\CortexM3\ARM_GCC_493\Debug\CorEx-Mux-Kernel.a(Display2.o)
                0x000194ac                Display2_Start
 .text.Display2_Init
                0x000194cc       0x58 .\CortexM3\ARM_GCC_493\Debug\CorEx-Mux-Kernel.a(Display2.o)
                0x000194cc                Display2_Init
 .text.Display2_Enable
                0x00019524       0x68 .\CortexM3\ARM_GCC_493\Debug\CorEx-Mux-Kernel.a(Display2.o)
                0x00019524                Display2_Enable
 .text.Display2_Stop
                0x0001958c       0x68 .\CortexM3\ARM_GCC_493\Debug\CorEx-Mux-Kernel.a(Display2.o)
                0x0001958c                Display2_Stop
 .text.Display2_ReadControlRegister
                0x000195f4       0x10 .\CortexM3\ARM_GCC_493\Debug\CorEx-Mux-Kernel.a(Display2.o)
                0x000195f4                Display2_ReadControlRegister
 .text.Display2_WriteControlRegister
                0x00019604       0x14 .\CortexM3\ARM_GCC_493\Debug\CorEx-Mux-Kernel.a(Display2.o)
                0x00019604                Display2_WriteControlRegister
 .text.Display2_ReadRxData
                0x00019618       0x94 .\CortexM3\ARM_GCC_493\Debug\CorEx-Mux-Kernel.a(Display2.o)
                0x00019618                Display2_ReadRxData
 .text.Display2_ReadRxStatus
                0x000196ac       0x40 .\CortexM3\ARM_GCC_493\Debug\CorEx-Mux-Kernel.a(Display2.o)
                0x000196ac                Display2_ReadRxStatus
 .text.Display2_GetChar
                0x000196ec       0xb8 .\CortexM3\ARM_GCC_493\Debug\CorEx-Mux-Kernel.a(Display2.o)
                0x000196ec                Display2_GetChar
 .text.Display2_GetByte
                0x000197a4       0x44 .\CortexM3\ARM_GCC_493\Debug\CorEx-Mux-Kernel.a(Display2.o)
                0x000197a4                Display2_GetByte
 .text.Display2_GetRxBufferSize
                0x000197e8       0x90 .\CortexM3\ARM_GCC_493\Debug\CorEx-Mux-Kernel.a(Display2.o)
                0x000197e8                Display2_GetRxBufferSize
 .text.Display2_ClearRxBuffer
                0x00019878       0x7c .\CortexM3\ARM_GCC_493\Debug\CorEx-Mux-Kernel.a(Display2.o)
                0x00019878                Display2_ClearRxBuffer
 .text.Display2_WriteTxData
                0x000198f4       0x2c .\CortexM3\ARM_GCC_493\Debug\CorEx-Mux-Kernel.a(Display2.o)
                0x000198f4                Display2_WriteTxData
 .text.Display2_ReadTxStatus
                0x00019920       0x18 .\CortexM3\ARM_GCC_493\Debug\CorEx-Mux-Kernel.a(Display2.o)
                0x00019920                Display2_ReadTxStatus
 .text.Display2_PutChar
                0x00019938       0x34 .\CortexM3\ARM_GCC_493\Debug\CorEx-Mux-Kernel.a(Display2.o)
                0x00019938                Display2_PutChar
 .text.Display2_PutString
                0x0001996c       0x40 .\CortexM3\ARM_GCC_493\Debug\CorEx-Mux-Kernel.a(Display2.o)
                0x0001996c                Display2_PutString
 .text.Display2_PutArray
                0x000199ac       0x40 .\CortexM3\ARM_GCC_493\Debug\CorEx-Mux-Kernel.a(Display2.o)
                0x000199ac                Display2_PutArray
 .text.Display2_PutCRLF
                0x000199ec       0x30 .\CortexM3\ARM_GCC_493\Debug\CorEx-Mux-Kernel.a(Display2.o)
                0x000199ec                Display2_PutCRLF
 .text.Display2_ClearTxBuffer
                0x00019a1c       0x40 .\CortexM3\ARM_GCC_493\Debug\CorEx-Mux-Kernel.a(Display2.o)
                0x00019a1c                Display2_ClearTxBuffer
 .text.Display2_RXISR
                0x00019a5c       0xf0 .\CortexM3\ARM_GCC_493\Debug\CorEx-Mux-Kernel.a(Display2_INT.o)
                0x00019a5c                Display2_RXISR
 .text.Counter_ISR_StartEx
                0x00019b4c       0x24 .\CortexM3\ARM_GCC_493\Debug\CorEx-Mux-Kernel.a(Counter_ISR.o)
                0x00019b4c                Counter_ISR_StartEx
 .text.Counter_ISR_SetVector
                0x00019b70       0x24 .\CortexM3\ARM_GCC_493\Debug\CorEx-Mux-Kernel.a(Counter_ISR.o)
                0x00019b70                Counter_ISR_SetVector
 .text.Counter_ISR_SetPriority
                0x00019b94       0x24 .\CortexM3\ARM_GCC_493\Debug\CorEx-Mux-Kernel.a(Counter_ISR.o)
                0x00019b94                Counter_ISR_SetPriority
 .text.Counter_ISR_Enable
                0x00019bb8       0x18 .\CortexM3\ARM_GCC_493\Debug\CorEx-Mux-Kernel.a(Counter_ISR.o)
                0x00019bb8                Counter_ISR_Enable
 .text.Counter_ISR_Disable
                0x00019bd0       0x18 .\CortexM3\ARM_GCC_493\Debug\CorEx-Mux-Kernel.a(Counter_ISR.o)
                0x00019bd0                Counter_ISR_Disable
 .text.Display1_IntClock_Start
                0x00019be8       0x34 .\CortexM3\ARM_GCC_493\Debug\CorEx-Mux-Kernel.a(Display1_IntClock.o)
                0x00019be8                Display1_IntClock_Start
 .text.Display1_IntClock_Stop
                0x00019c1c       0x34 .\CortexM3\ARM_GCC_493\Debug\CorEx-Mux-Kernel.a(Display1_IntClock.o)
                0x00019c1c                Display1_IntClock_Stop
 .text.Display2_IntClock_Start
                0x00019c50       0x34 .\CortexM3\ARM_GCC_493\Debug\CorEx-Mux-Kernel.a(Display2_IntClock.o)
                0x00019c50                Display2_IntClock_Start
 .text.Display2_IntClock_Stop
                0x00019c84       0x34 .\CortexM3\ARM_GCC_493\Debug\CorEx-Mux-Kernel.a(Display2_IntClock.o)
                0x00019c84                Display2_IntClock_Stop
 .text.I2C_Bus_Init
                0x00019cb8       0x80 .\CortexM3\ARM_GCC_493\Debug\CorEx-Mux-Kernel.a(I2C_Bus.o)
                0x00019cb8                I2C_Bus_Init
 .text.I2C_Bus_Enable
                0x00019d38       0x44 .\CortexM3\ARM_GCC_493\Debug\CorEx-Mux-Kernel.a(I2C_Bus.o)
                0x00019d38                I2C_Bus_Enable
 .text.I2C_Bus_Start
                0x00019d7c       0x2c .\CortexM3\ARM_GCC_493\Debug\CorEx-Mux-Kernel.a(I2C_Bus.o)
                0x00019d7c                I2C_Bus_Start
 .text.I2C_Bus_ISR
                0x00019da8      0x3ac .\CortexM3\ARM_GCC_493\Debug\CorEx-Mux-Kernel.a(I2C_Bus_INT.o)
                0x00019da8                I2C_Bus_ISR
 .text.I2C_Bus_MasterSendStart
                0x0001a154       0xbc .\CortexM3\ARM_GCC_493\Debug\CorEx-Mux-Kernel.a(I2C_Bus_MASTER.o)
                0x0001a154                I2C_Bus_MasterSendStart
 .text.I2C_Bus_MasterSendRestart
                0x0001a210       0xa4 .\CortexM3\ARM_GCC_493\Debug\CorEx-Mux-Kernel.a(I2C_Bus_MASTER.o)
                0x0001a210                I2C_Bus_MasterSendRestart
 .text.I2C_Bus_MasterSendStop
                0x0001a2b4       0x58 .\CortexM3\ARM_GCC_493\Debug\CorEx-Mux-Kernel.a(I2C_Bus_MASTER.o)
                0x0001a2b4                I2C_Bus_MasterSendStop
 .text.I2C_Bus_MasterWriteByte
                0x0001a30c       0x80 .\CortexM3\ARM_GCC_493\Debug\CorEx-Mux-Kernel.a(I2C_Bus_MASTER.o)
                0x0001a30c                I2C_Bus_MasterWriteByte
 .text.I2C_Bus_MasterReadByte
                0x0001a38c       0x7c .\CortexM3\ARM_GCC_493\Debug\CorEx-Mux-Kernel.a(I2C_Bus_MASTER.o)
                0x0001a38c                I2C_Bus_MasterReadByte
 .text.I2C_Bus_MasterClearStatus
                0x0001a408       0x3c .\CortexM3\ARM_GCC_493\Debug\CorEx-Mux-Kernel.a(I2C_Bus_MASTER.o)
                0x0001a408                I2C_Bus_MasterClearStatus
 .text.iButton1_Write
                0x0001a444       0x3c .\CortexM3\ARM_GCC_493\Debug\CorEx-Mux-Kernel.a(iButton1.o)
                0x0001a444                iButton1_Write
 .text.iButton1_Read
                0x0001a480       0x20 .\CortexM3\ARM_GCC_493\Debug\CorEx-Mux-Kernel.a(iButton1.o)
                0x0001a480                iButton1_Read
 .text.iButton2_Write
                0x0001a4a0       0x34 .\CortexM3\ARM_GCC_493\Debug\CorEx-Mux-Kernel.a(iButton2.o)
                0x0001a4a0                iButton2_Write
 .text.iButton2_Read
                0x0001a4d4       0x1c .\CortexM3\ARM_GCC_493\Debug\CorEx-Mux-Kernel.a(iButton2.o)
                0x0001a4d4                iButton2_Read
 .text.eepromWP_Write
                0x0001a4f0       0x3c .\CortexM3\ARM_GCC_493\Debug\CorEx-Mux-Kernel.a(eepromWP.o)
                0x0001a4f0                eepromWP_Write
 .text.Timer_DispenserState_Init
                0x0001a52c       0x4c .\CortexM3\ARM_GCC_493\Debug\CorEx-Mux-Kernel.a(Timer_DispenserState.o)
                0x0001a52c                Timer_DispenserState_Init
 .text.Timer_DispenserState_Enable
                0x0001a578       0x20 .\CortexM3\ARM_GCC_493\Debug\CorEx-Mux-Kernel.a(Timer_DispenserState.o)
                0x0001a578                Timer_DispenserState_Enable
 .text.Timer_DispenserState_Start
                0x0001a598       0x20 .\CortexM3\ARM_GCC_493\Debug\CorEx-Mux-Kernel.a(Timer_DispenserState.o)
                0x0001a598                Timer_DispenserState_Start
 .text.Timer_DispenserState_SetInterruptMode
                0x0001a5b8       0x20 .\CortexM3\ARM_GCC_493\Debug\CorEx-Mux-Kernel.a(Timer_DispenserState.o)
                0x0001a5b8                Timer_DispenserState_SetInterruptMode
 .text.Timer_DispenserState_ReadStatusRegister
                0x0001a5d8       0x18 .\CortexM3\ARM_GCC_493\Debug\CorEx-Mux-Kernel.a(Timer_DispenserState.o)
                0x0001a5d8                Timer_DispenserState_ReadStatusRegister
 .text.Timer_DispenserState_WritePeriod
                0x0001a5f0       0x20 .\CortexM3\ARM_GCC_493\Debug\CorEx-Mux-Kernel.a(Timer_DispenserState.o)
                0x0001a5f0                Timer_DispenserState_WritePeriod
 .text.Timer_DispenserState_ReadCapture
                0x0001a610       0x18 .\CortexM3\ARM_GCC_493\Debug\CorEx-Mux-Kernel.a(Timer_DispenserState.o)
                0x0001a610                Timer_DispenserState_ReadCapture
 .text.Timer_DispenserState_WriteCounter
                0x0001a628       0x20 .\CortexM3\ARM_GCC_493\Debug\CorEx-Mux-Kernel.a(Timer_DispenserState.o)
                0x0001a628                Timer_DispenserState_WriteCounter
 .text.Timer_DispenserState_ReadCounter
                0x0001a648       0x20 .\CortexM3\ARM_GCC_493\Debug\CorEx-Mux-Kernel.a(Timer_DispenserState.o)
                0x0001a648                Timer_DispenserState_ReadCounter
 .text.Timer_DispenserState_ClearFIFO
                0x0001a668       0x1c .\CortexM3\ARM_GCC_493\Debug\CorEx-Mux-Kernel.a(Timer_DispenserState.o)
                0x0001a668                Timer_DispenserState_ClearFIFO
 .text.DispenserStateTimeout_ISR_StartEx
                0x0001a684       0x24 .\CortexM3\ARM_GCC_493\Debug\CorEx-Mux-Kernel.a(DispenserStateTimeout_ISR.o)
                0x0001a684                DispenserStateTimeout_ISR_StartEx
 .text.DispenserStateTimeout_ISR_SetVector
                0x0001a6a8       0x24 .\CortexM3\ARM_GCC_493\Debug\CorEx-Mux-Kernel.a(DispenserStateTimeout_ISR.o)
                0x0001a6a8                DispenserStateTimeout_ISR_SetVector
 .text.DispenserStateTimeout_ISR_SetPriority
                0x0001a6cc       0x24 .\CortexM3\ARM_GCC_493\Debug\CorEx-Mux-Kernel.a(DispenserStateTimeout_ISR.o)
                0x0001a6cc                DispenserStateTimeout_ISR_SetPriority
 .text.DispenserStateTimeout_ISR_Enable
                0x0001a6f0       0x18 .\CortexM3\ARM_GCC_493\Debug\CorEx-Mux-Kernel.a(DispenserStateTimeout_ISR.o)
                0x0001a6f0                DispenserStateTimeout_ISR_Enable
 .text.DispenserStateTimeout_ISR_Disable
                0x0001a708       0x18 .\CortexM3\ARM_GCC_493\Debug\CorEx-Mux-Kernel.a(DispenserStateTimeout_ISR.o)
                0x0001a708                DispenserStateTimeout_ISR_Disable
 .text.Timer_Tick_Init
                0x0001a720       0x9c .\CortexM3\ARM_GCC_493\Debug\CorEx-Mux-Kernel.a(Timer_Tick.o)
                0x0001a720                Timer_Tick_Init
 .text.Timer_Tick_Enable
                0x0001a7bc       0x48 .\CortexM3\ARM_GCC_493\Debug\CorEx-Mux-Kernel.a(Timer_Tick.o)
                0x0001a7bc                Timer_Tick_Enable
 .text.Timer_Tick_Start
                0x0001a804       0x20 .\CortexM3\ARM_GCC_493\Debug\CorEx-Mux-Kernel.a(Timer_Tick.o)
                0x0001a804                Timer_Tick_Start
 .text.Timer_Tick_SetInterruptMode
                0x0001a824       0x20 .\CortexM3\ARM_GCC_493\Debug\CorEx-Mux-Kernel.a(Timer_Tick.o)
                0x0001a824                Timer_Tick_SetInterruptMode
 .text.Timer_Tick_ReadStatusRegister
                0x0001a844       0x18 .\CortexM3\ARM_GCC_493\Debug\CorEx-Mux-Kernel.a(Timer_Tick.o)
                0x0001a844                Timer_Tick_ReadStatusRegister
 .text.Timer_Tick_WritePeriod
                0x0001a85c       0x24 .\CortexM3\ARM_GCC_493\Debug\CorEx-Mux-Kernel.a(Timer_Tick.o)
                0x0001a85c                Timer_Tick_WritePeriod
 .text.Timer_Tick_WriteCounter
                0x0001a880       0x20 .\CortexM3\ARM_GCC_493\Debug\CorEx-Mux-Kernel.a(Timer_Tick.o)
                0x0001a880                Timer_Tick_WriteCounter
 .text.Timer_Tick_ReadCounter
                0x0001a8a0       0x20 .\CortexM3\ARM_GCC_493\Debug\CorEx-Mux-Kernel.a(Timer_Tick.o)
                0x0001a8a0                Timer_Tick_ReadCounter
 .text.pow10    0x0001a8c0       0x10 c:/program files (x86)/cypress/psoc creator/3.3/psoc creator/import/gnu/arm/4.9.3/bin/../lib/gcc/arm-none-eabi/4.9.3/../../../../arm-none-eabi/lib/armv7-m\libm.a(lib_a-s_pow10.o)
                0x0001a8c0                pow10
 .text.round    0x0001a8d0       0xa0 c:/program files (x86)/cypress/psoc creator/3.3/psoc creator/import/gnu/arm/4.9.3/bin/../lib/gcc/arm-none-eabi/4.9.3/../../../../arm-none-eabi/lib/armv7-m\libm.a(lib_a-s_round.o)
                0x0001a8d0                round
 .text.pow      0x0001a970      0x2f0 c:/program files (x86)/cypress/psoc creator/3.3/psoc creator/import/gnu/arm/4.9.3/bin/../lib/gcc/arm-none-eabi/4.9.3/../../../../arm-none-eabi/lib/armv7-m\libm.a(lib_a-w_pow.o)
                0x0001a970                pow
 .text.__ieee754_pow
                0x0001ac60      0xaa0 c:/program files (x86)/cypress/psoc creator/3.3/psoc creator/import/gnu/arm/4.9.3/bin/../lib/gcc/arm-none-eabi/4.9.3/../../../../arm-none-eabi/lib/armv7-m\libm.a(lib_a-e_pow.o)
                0x0001ac60                __ieee754_pow
 .text.__ieee754_sqrt
                0x0001b700      0x18c c:/program files (x86)/cypress/psoc creator/3.3/psoc creator/import/gnu/arm/4.9.3/bin/../lib/gcc/arm-none-eabi/4.9.3/../../../../arm-none-eabi/lib/armv7-m\libm.a(lib_a-e_sqrt.o)
                0x0001b700                __ieee754_sqrt
 .text.fabs     0x0001b88c        0x8 c:/program files (x86)/cypress/psoc creator/3.3/psoc creator/import/gnu/arm/4.9.3/bin/../lib/gcc/arm-none-eabi/4.9.3/../../../../arm-none-eabi/lib/armv7-m\libm.a(lib_a-s_fabs.o)
                0x0001b88c                fabs
 .text.finite   0x0001b894        0xc c:/program files (x86)/cypress/psoc creator/3.3/psoc creator/import/gnu/arm/4.9.3/bin/../lib/gcc/arm-none-eabi/4.9.3/../../../../arm-none-eabi/lib/armv7-m\libm.a(lib_a-s_finite.o)
                0x0001b894                finite
 .text.__fpclassifyd
                0x0001b8a0       0x58 c:/program files (x86)/cypress/psoc creator/3.3/psoc creator/import/gnu/arm/4.9.3/bin/../lib/gcc/arm-none-eabi/4.9.3/../../../../arm-none-eabi/lib/armv7-m\libm.a(lib_a-s_fpclassify.o)
                0x0001b8a0                __fpclassifyd
 .text.matherr  0x0001b8f8        0x4 c:/program files (x86)/cypress/psoc creator/3.3/psoc creator/import/gnu/arm/4.9.3/bin/../lib/gcc/arm-none-eabi/4.9.3/../../../../arm-none-eabi/lib/armv7-m\libm.a(lib_a-s_matherr.o)
                0x0001b8f8                matherr
 .text.nan      0x0001b8fc        0xc c:/program files (x86)/cypress/psoc creator/3.3/psoc creator/import/gnu/arm/4.9.3/bin/../lib/gcc/arm-none-eabi/4.9.3/../../../../arm-none-eabi/lib/armv7-m\libm.a(lib_a-s_nan.o)
                0x0001b8fc                nan
 .text.rint     0x0001b908      0x11c c:/program files (x86)/cypress/psoc creator/3.3/psoc creator/import/gnu/arm/4.9.3/bin/../lib/gcc/arm-none-eabi/4.9.3/../../../../arm-none-eabi/lib/armv7-m\libm.a(lib_a-s_rint.o)
                0x0001b908                rint
 *fill*         0x0001ba24        0x4 
 .text.scalbn   0x0001ba28       0xf0 c:/program files (x86)/cypress/psoc creator/3.3/psoc creator/import/gnu/arm/4.9.3/bin/../lib/gcc/arm-none-eabi/4.9.3/../../../../arm-none-eabi/lib/armv7-m\libm.a(lib_a-s_scalbn.o)
                0x0001ba28                scalbn
 .text.copysign
                0x0001bb18       0x10 c:/program files (x86)/cypress/psoc creator/3.3/psoc creator/import/gnu/arm/4.9.3/bin/../lib/gcc/arm-none-eabi/4.9.3/../../../../arm-none-eabi/lib/armv7-m\libm.a(lib_a-s_copysign.o)
                0x0001bb18                copysign
 .text          0x0001bb28      0x370 c:/program files (x86)/cypress/psoc creator/3.3/psoc creator/import/gnu/arm/4.9.3/bin/../lib/gcc/arm-none-eabi/4.9.3/armv7-m\libgcc.a(_arm_addsubdf3.o)
                0x0001bb28                __aeabi_drsub
                0x0001bb30                __aeabi_dsub
                0x0001bb30                __subdf3
                0x0001bb34                __aeabi_dadd
                0x0001bb34                __adddf3
                0x0001bdac                __floatunsidf
                0x0001bdac                __aeabi_ui2d
                0x0001bdcc                __floatsidf
                0x0001bdcc                __aeabi_i2d
                0x0001bdf0                __aeabi_f2d
                0x0001bdf0                __extendsfdf2
                0x0001be2c                __floatundidf
                0x0001be2c                __aeabi_ul2d
                0x0001be3c                __floatdidf
                0x0001be3c                __aeabi_l2d
 .text          0x0001be98      0x424 c:/program files (x86)/cypress/psoc creator/3.3/psoc creator/import/gnu/arm/4.9.3/bin/../lib/gcc/arm-none-eabi/4.9.3/armv7-m\libgcc.a(_arm_muldivdf3.o)
                0x0001be98                __aeabi_dmul
                0x0001be98                __muldf3
                0x0001c0ec                __divdf3
                0x0001c0ec                __aeabi_ddiv
 .text          0x0001c2bc      0x110 c:/program files (x86)/cypress/psoc creator/3.3/psoc creator/import/gnu/arm/4.9.3/bin/../lib/gcc/arm-none-eabi/4.9.3/armv7-m\libgcc.a(_arm_cmpdf2.o)
                0x0001c2bc                __gtdf2
                0x0001c2bc                __gedf2
                0x0001c2c4                __ltdf2
                0x0001c2c4                __ledf2
                0x0001c2cc                __nedf2
                0x0001c2cc                __eqdf2
                0x0001c2cc                __cmpdf2
                0x0001c348                __aeabi_cdrcmple
                0x0001c358                __aeabi_cdcmpeq
                0x0001c358                __aeabi_cdcmple
                0x0001c368                __aeabi_dcmpeq
                0x0001c37c                __aeabi_dcmplt
                0x0001c390                __aeabi_dcmple
                0x0001c3a4                __aeabi_dcmpge
                0x0001c3b8                __aeabi_dcmpgt
 .text          0x0001c3cc       0x40 c:/program files (x86)/cypress/psoc creator/3.3/psoc creator/import/gnu/arm/4.9.3/bin/../lib/gcc/arm-none-eabi/4.9.3/armv7-m\libgcc.a(_arm_fixunsdfsi.o)
                0x0001c3cc                __aeabi_d2uiz
                0x0001c3cc                __fixunsdfsi
 .text          0x0001c40c       0x30 c:/program files (x86)/cypress/psoc creator/3.3/psoc creator/import/gnu/arm/4.9.3/bin/../lib/gcc/arm-none-eabi/4.9.3/armv7-m\libgcc.a(_aeabi_uldivmod.o)
                0x0001c40c                __aeabi_uldivmod
 .text          0x0001c43c       0x60 c:/program files (x86)/cypress/psoc creator/3.3/psoc creator/import/gnu/arm/4.9.3/bin/../lib/gcc/arm-none-eabi/4.9.3/armv7-m\libgcc.a(bpabi.o)
                0x0001c43c                __gnu_ldivmod_helper
                0x0001c46c                __gnu_uldivmod_helper
 .text          0x0001c49c        0x4 c:/program files (x86)/cypress/psoc creator/3.3/psoc creator/import/gnu/arm/4.9.3/bin/../lib/gcc/arm-none-eabi/4.9.3/armv7-m\libgcc.a(_dvmd_tls.o)
                0x0001c49c                __aeabi_idiv0
                0x0001c49c                __aeabi_ldiv0
 .text          0x0001c4a0      0x2ac c:/program files (x86)/cypress/psoc creator/3.3/psoc creator/import/gnu/arm/4.9.3/bin/../lib/gcc/arm-none-eabi/4.9.3/armv7-m\libgcc.a(_divdi3.o)
                0x0001c4a0                __divdi3
 .text          0x0001c74c      0x270 c:/program files (x86)/cypress/psoc creator/3.3/psoc creator/import/gnu/arm/4.9.3/bin/../lib/gcc/arm-none-eabi/4.9.3/armv7-m\libgcc.a(_udivdi3.o)
                0x0001c74c                __udivdi3
 .text.__errno  0x0001c9bc        0xc c:/program files (x86)/cypress/psoc creator/3.3/psoc creator/import/gnu/arm/4.9.3/bin/../lib/gcc/arm-none-eabi/4.9.3/../../../../arm-none-eabi/lib/armv7-m\libg_nano.a(lib_a-errno.o)
                0x0001c9bc                __errno
 .text.__libc_init_array
                0x0001c9c8       0x4c c:/program files (x86)/cypress/psoc creator/3.3/psoc creator/import/gnu/arm/4.9.3/bin/../lib/gcc/arm-none-eabi/4.9.3/../../../../arm-none-eabi/lib/armv7-m\libg_nano.a(lib_a-init.o)
                0x0001c9c8                __libc_init_array
 .text.memcpy   0x0001ca14       0x16 c:/program files (x86)/cypress/psoc creator/3.3/psoc creator/import/gnu/arm/4.9.3/bin/../lib/gcc/arm-none-eabi/4.9.3/../../../../arm-none-eabi/lib/armv7-m\libg_nano.a(lib_a-memcpy.o)
                0x0001ca14                memcpy
 .text.memset   0x0001ca2a       0x10 c:/program files (x86)/cypress/psoc creator/3.3/psoc creator/import/gnu/arm/4.9.3/bin/../lib/gcc/arm-none-eabi/4.9.3/../../../../arm-none-eabi/lib/armv7-m\libg_nano.a(lib_a-memset.o)
                0x0001ca2a                memset
 *fill*         0x0001ca3a        0x2 
 .text.rand     0x0001ca3c       0x74 c:/program files (x86)/cypress/psoc creator/3.3/psoc creator/import/gnu/arm/4.9.3/bin/../lib/gcc/arm-none-eabi/4.9.3/../../../../arm-none-eabi/lib/armv7-m\libg_nano.a(lib_a-rand.o)
                0x0001ca3c                rand
 .text.sprintf  0x0001cab0       0x48 c:/program files (x86)/cypress/psoc creator/3.3/psoc creator/import/gnu/arm/4.9.3/bin/../lib/gcc/arm-none-eabi/4.9.3/../../../../arm-none-eabi/lib/armv7-m\libg_nano.a(lib_a-sprintf.o)
                0x0001cab0                siprintf
                0x0001cab0                sprintf
 .text.strchr   0x0001caf8       0x1c c:/program files (x86)/cypress/psoc creator/3.3/psoc creator/import/gnu/arm/4.9.3/bin/../lib/gcc/arm-none-eabi/4.9.3/../../../../arm-none-eabi/lib/armv7-m\libg_nano.a(lib_a-strchr.o)
                0x0001caf8                strchr
 .text.strlen   0x0001cb14       0x10 c:/program files (x86)/cypress/psoc creator/3.3/psoc creator/import/gnu/arm/4.9.3/bin/../lib/gcc/arm-none-eabi/4.9.3/../../../../arm-none-eabi/lib/armv7-m\libg_nano.a(lib_a-strlen.o)
                0x0001cb14                strlen
 .text.strncmp  0x0001cb24       0x32 c:/program files (x86)/cypress/psoc creator/3.3/psoc creator/import/gnu/arm/4.9.3/bin/../lib/gcc/arm-none-eabi/4.9.3/../../../../arm-none-eabi/lib/armv7-m\libg_nano.a(lib_a-strncmp.o)
                0x0001cb24                strncmp
 *fill*         0x0001cb56        0x2 