Archive member included because of file (symbol)

.\CortexM3\ARM_GCC_493\Debug\CorEx-Mux-Kernel.a(cyfitter_cfg.o)
                              .\CortexM3\ARM_GCC_493\Debug\Cm3Start.o (cyfitter_cfg)
.\CortexM3\ARM_GCC_493\Debug\CorEx-Mux-Kernel.a(RF_Physical.o)
                              .\CortexM3\ARM_GCC_493\Debug\UARTManager.o (RF_Physical_Start)
.\CortexM3\ARM_GCC_493\Debug\CorEx-Mux-Kernel.a(RF_Physical_INT.o)
                              .\CortexM3\ARM_GCC_493\Debug\CorEx-Mux-Kernel.a(RF_Physical.o) (RF_Physical_RXISR)
.\CortexM3\ARM_GCC_493\Debug\CorEx-Mux-Kernel.a(RF_Physical_IntClock.o)
                              .\CortexM3\ARM_GCC_493\Debug\CorEx-Mux-Kernel.a(RF_Physical.o) (RF_Physical_IntClock_Start)
.\CortexM3\ARM_GCC_493\Debug\CorEx-Mux-Kernel.a(CyBootAsmGnu.o)
                              .\CortexM3\ARM_GCC_493\Debug\CorEx-Mux-Kernel.a(cyfitter_cfg.o) (CyDelayCycles)
.\CortexM3\ARM_GCC_493\Debug\CorEx-Mux-Kernel.a(CyLib.o)
                              .\CortexM3\ARM_GCC_493\Debug\Cm3Start.o (CyResetStatus)
.\CortexM3\ARM_GCC_493\Debug\CorEx-Mux-Kernel.a(cyPm.o)
                              .\CortexM3\ARM_GCC_493\Debug\CorEx-Mux-Kernel.a(CyLib.o) (CyPmReadStatus)
.\CortexM3\ARM_GCC_493\Debug\CorEx-Mux-Kernel.a(CRC_Security.o)
                              .\CortexM3\ARM_GCC_493\Debug\Security.o (CRC_Security_Start)
.\CortexM3\ARM_GCC_493\Debug\CorEx-Mux-Kernel.a(ShiftReg_Security.o)
                              .\CortexM3\ARM_GCC_493\Debug\Security.o (ShiftReg_Security_Start)
.\CortexM3\ARM_GCC_493\Debug\CorEx-Mux-Kernel.a(Clock_CRC.o)
                              .\CortexM3\ARM_GCC_493\Debug\Security.o (Clock_CRC_Write)
.\CortexM3\ARM_GCC_493\Debug\CorEx-Mux-Kernel.a(Reset_CRC.o)
                              .\CortexM3\ARM_GCC_493\Debug\Security.o (Reset_CRC_Write)
.\CortexM3\ARM_GCC_493\Debug\CorEx-Mux-Kernel.a(Printer.o)
                              .\CortexM3\ARM_GCC_493\Debug\UARTManager.o (Printer_Start)
.\CortexM3\ARM_GCC_493\Debug\CorEx-Mux-Kernel.a(Dispenser.o)
                              .\CortexM3\ARM_GCC_493\Debug\UARTManager.o (Dispenser_Start)
.\CortexM3\ARM_GCC_493\Debug\CorEx-Mux-Kernel.a(Dispenser_INT.o)
                              .\CortexM3\ARM_GCC_493\Debug\CorEx-Mux-Kernel.a(Dispenser.o) (Dispenser_RXISR)
.\CortexM3\ARM_GCC_493\Debug\CorEx-Mux-Kernel.a(Display1.o)
                              .\CortexM3\ARM_GCC_493\Debug\UARTManager.o (Display1_Start)
.\CortexM3\ARM_GCC_493\Debug\CorEx-Mux-Kernel.a(Display1_INT.o)
                              .\CortexM3\ARM_GCC_493\Debug\CorEx-Mux-Kernel.a(Display1.o) (Display1_RXISR)
.\CortexM3\ARM_GCC_493\Debug\CorEx-Mux-Kernel.a(Display2.o)
                              .\CortexM3\ARM_GCC_493\Debug\UARTManager.o (Display2_Start)
.\CortexM3\ARM_GCC_493\Debug\CorEx-Mux-Kernel.a(Display2_INT.o)
                              .\CortexM3\ARM_GCC_493\Debug\CorEx-Mux-Kernel.a(Display2.o) (Display2_RXISR)
.\CortexM3\ARM_GCC_493\Debug\CorEx-Mux-Kernel.a(Counter_ISR.o)
                              .\CortexM3\ARM_GCC_493\Debug\Timers.o (Counter_ISR_StartEx)
.\CortexM3\ARM_GCC_493\Debug\CorEx-Mux-Kernel.a(Display1_IntClock.o)
                              .\CortexM3\ARM_GCC_493\Debug\CorEx-Mux-Kernel.a(Display1.o) (Display1_IntClock_Start)
.\CortexM3\ARM_GCC_493\Debug\CorEx-Mux-Kernel.a(Display2_IntClock.o)
                              .\CortexM3\ARM_GCC_493\Debug\CorEx-Mux-Kernel.a(Display2.o) (Display2_IntClock_Start)
.\CortexM3\ARM_GCC_493\Debug\CorEx-Mux-Kernel.a(I2C_Bus.o)
                              .\CortexM3\ARM_GCC_493\Debug\Initializers.o (I2C_Bus_Start)
.\CortexM3\ARM_GCC_493\Debug\CorEx-Mux-Kernel.a(I2C_Bus_INT.o)
                              .\CortexM3\ARM_GCC_493\Debug\CorEx-Mux-Kernel.a(I2C_Bus.o) (I2C_Bus_ISR)
.\CortexM3\ARM_GCC_493\Debug\CorEx-Mux-Kernel.a(I2C_Bus_PM.o)
                              .\CortexM3\ARM_GCC_493\Debug\CorEx-Mux-Kernel.a(I2C_Bus.o) (I2C_Bus_backup)
.\CortexM3\ARM_GCC_493\Debug\CorEx-Mux-Kernel.a(I2C_Bus_MASTER.o)
                              .\CortexM3\ARM_GCC_493\Debug\CorEx-Mux-Kernel.a(I2C_Bus.o) (I2C_Bus_mstrStatus)
.\CortexM3\ARM_GCC_493\Debug\CorEx-Mux-Kernel.a(iButton1.o)
                              .\CortexM3\ARM_GCC_493\Debug\iButtonProtocol.o (iButton1_Write)
.\CortexM3\ARM_GCC_493\Debug\CorEx-Mux-Kernel.a(iButton2.o)
                              .\CortexM3\ARM_GCC_493\Debug\TestFile.o (iButton2_Write)
.\CortexM3\ARM_GCC_493\Debug\CorEx-Mux-Kernel.a(eepromWP.o)
                              .\CortexM3\ARM_GCC_493\Debug\EepromManager.o (eepromWP_Write)
.\CortexM3\ARM_GCC_493\Debug\CorEx-Mux-Kernel.a(Timer_DispenserState.o)
                              .\CortexM3\ARM_GCC_493\Debug\Timers.o (Timer_DispenserState_Start)
.\CortexM3\ARM_GCC_493\Debug\CorEx-Mux-Kernel.a(DispenserStateTimeout_ISR.o)
                              .\CortexM3\ARM_GCC_493\Debug\Timers.o (DispenserStateTimeout_ISR_StartEx)
.\CortexM3\ARM_GCC_493\Debug\CorEx-Mux-Kernel.a(Timer_Tick.o)
[...]
Memory Configuration

Name             Origin             Length             Attributes
rom              0x00000000         0x00040000         xr
ram              0x1fff8000         0x00010000         xrw
*default*        0x00000000         0xffffffff

Linker script and memory map

LOAD c:/program files (x86)/cypress/psoc creator/3.3/psoc creator/import/gnu/arm/4.9.3/bin/../lib/gcc/arm-none-eabi/4.9.3/armv7-m/crti.o
LOAD c:/program files (x86)/cypress/psoc creator/3.3/psoc creator/import/gnu/arm/4.9.3/bin/../lib/gcc/arm-none-eabi/4.9.3/armv7-m/crtbegin.o
LOAD c:/program files (x86)/cypress/psoc creator/3.3/psoc creator/import/gnu/arm/4.9.3/bin/../lib/gcc/arm-none-eabi/4.9.3/../../../../arm-none-eabi/lib/armv7-m/crt0.o
START GROUP
LOAD .\CortexM3\ARM_GCC_493\Debug\UARTManager.o
LOAD .\CortexM3\ARM_GCC_493\Debug\UARTResolver.o
LOAD .\CortexM3\ARM_GCC_493\Debug\UARTManagerSink.o
LOAD .\CortexM3\ARM_GCC_493\Debug\PseudoRTOS.o
LOAD .\CortexM3\ARM_GCC_493\Debug\Utils.o
LOAD .\CortexM3\ARM_GCC_493\Debug\Security.o
LOAD .\CortexM3\ARM_GCC_493\Debug\SinkManager.o
LOAD .\CortexM3\ARM_GCC_493\Debug\EepromManager.o
LOAD .\CortexM3\ARM_GCC_493\Debug\RtcManager.o
LOAD .\CortexM3\ARM_GCC_493\Debug\Initializers.o
LOAD .\CortexM3\ARM_GCC_493\Debug\Timers.o
LOAD .\CortexM3\ARM_GCC_493\Debug\TestFile.o
LOAD .\CortexM3\ARM_GCC_493\Debug\AuxPSoC.o
LOAD .\CortexM3\ARM_GCC_493\Debug\WatchDogReset.o
LOAD .\CortexM3\ARM_GCC_493\Debug\DispenserResolver.o
LOAD .\CortexM3\ARM_GCC_493\Debug\DispenserBLL.o
LOAD .\CortexM3\ARM_GCC_493\Debug\DispenserSink.o
LOAD .\CortexM3\ARM_GCC_493\Debug\DisplayBLL.o
LOAD .\CortexM3\ARM_GCC_493\Debug\DisplaySink.o
LOAD .\CortexM3\ARM_GCC_493\Debug\DisplayUtils.o
LOAD .\CortexM3\ARM_GCC_493\Debug\DisplayFlow.o
LOAD .\CortexM3\ARM_GCC_493\Debug\DisplayCharacterMap.o
LOAD .\CortexM3\ARM_GCC_493\Debug\DisplayBufferScreenMap.o
LOAD .\CortexM3\ARM_GCC_493\Debug\DisplayResolver.o
LOAD .\CortexM3\ARM_GCC_493\Debug\PrinterBLL.o
LOAD .\CortexM3\ARM_GCC_493\Debug\PrinterSink.o
LOAD .\CortexM3\ARM_GCC_493\Debug\PrinterResolver.o
LOAD .\CortexM3\ARM_GCC_493\Debug\PrinterTemplate.o
LOAD .\CortexM3\ARM_GCC_493\Debug\iButtonSink.o
LOAD .\CortexM3\ARM_GCC_493\Debug\iButtonBLL.o
LOAD .\CortexM3\ARM_GCC_493\Debug\iButtonProtocol.o
LOAD .\CortexM3\ARM_GCC_493\Debug\Prime.o
LOAD .\CortexM3\ARM_GCC_493\Debug\PrimeFlow.o
LOAD .\CortexM3\ARM_GCC_493\Debug\PrimeImpl.o
LOAD .\CortexM3\ARM_GCC_493\Debug\Encore.o
LOAD .\CortexM3\ARM_GCC_493\Debug\EncoreFlow.o
LOAD .\CortexM3\ARM_GCC_493\Debug\EncoreImpl.o
LOAD .\CortexM3\ARM_GCC_493\Debug\Advantage.o
LOAD .\CortexM3\ARM_GCC_493\Debug\AdvantageFlow.o
LOAD .\CortexM3\ARM_GCC_493\Debug\AdvantageImpl.o
LOAD .\CortexM3\ARM_GCC_493\Debug\RFSink.o
LOAD .\CortexM3\ARM_GCC_493\Debug\RFBLL.o
LOAD .\CortexM3\ARM_GCC_493\Debug\RFResolver.o
LOAD .\CortexM3\ARM_GCC_493\Debug\RFServerStack.o
LOAD .\CortexM3\ARM_GCC_493\Debug\RFServerStackImpl.o
LOAD .\CortexM3\ARM_GCC_493\Debug\ClientDefinitions.o
LOAD .\CortexM3\ARM_GCC_493\Debug\main.o
LOAD .\CortexM3\ARM_GCC_493\Debug\cymetadata.o
LOAD .\CortexM3\ARM_GCC_493\Debug\Cm3Start.o
LOAD .\CortexM3\ARM_GCC_493\Debug\CorEx-Mux-Kernel.a
LOAD C:\Program Files (x86)\Cypress\PSoC Creator\3.3\PSoC Creator\psoc\content\cycomponentlibrary\CyComponentLibrary.cylib\CortexM3\ARM_GCC_493\Debug\CyComponentLibrary.a
LOAD c:/program files (x86)/cypress/psoc creator/3.3/psoc creator/import/gnu/arm/4.9.3/bin/../lib/gcc/arm-none-eabi/4.9.3/../../../../arm-none-eabi/lib/armv7-m\libm.a
END GROUP
START GROUP
LOAD c:/program files (x86)/cypress/psoc creator/3.3/psoc creator/import/gnu/arm/4.9.3/bin/../lib/gcc/arm-none-eabi/4.9.3/armv7-m\libgcc.a
LOAD c:/program files (x86)/cypress/psoc creator/3.3/psoc creator/import/gnu/arm/4.9.3/bin/../lib/gcc/arm-none-eabi/4.9.3/../../../../arm-none-eabi/lib/armv7-m\libg_nano.a
LOAD c:/program files (x86)/cypress/psoc creator/3.3/psoc creator/import/gnu/arm/4.9.3/bin/../lib/gcc/arm-none-eabi/4.9.3/../../../../arm-none-eabi/lib/armv7-m\libc_nano.a
END GROUP
START GROUP
LOAD c:/program files (x86)/cypress/psoc creator/3.3/psoc creator/import/gnu/arm/4.9.3/bin/../lib/gcc/arm-none-eabi/4.9.3/armv7-m\libgcc.a
LOAD c:/program files (x86)/cypress/psoc creator/3.3/psoc creator/import/gnu/arm/4.9.3/bin/../lib/gcc/arm-none-eabi/4.9.3/../../../../arm-none-eabi/lib/armv7-m\libc_nano.a
END GROUP
LOAD c:/program files (x86)/cypress/psoc creator/3.3/psoc creator/import/gnu/arm/4.9.3/bin/../lib/gcc/arm-none-eabi/4.9.3/armv7-m/crtend.o
LOAD c:/program files (x86)/cypress/psoc creator/3.3/psoc creator/import/gnu/arm/4.9.3/bin/../lib/gcc/arm-none-eabi/4.9.3/armv7-m/crtn.o
START GROUP
LOAD c:/program files (x86)/cypress/psoc creator/3.3/psoc creator/import/gnu/arm/4.9.3/bin/../lib/gcc/arm-none-eabi/4.9.3/armv7-m\libgcc.a
LOAD c:/program files (x86)/cypress/psoc creator/3.3/psoc creator/import/gnu/arm/4.9.3/bin/../lib/gcc/arm-none-eabi/4.9.3/../../../../arm-none-eabi/lib/armv7-m\libc.a
LOAD c:/program files (x86)/cypress/psoc creator/3.3/psoc creator/import/gnu/arm/4.9.3/bin/../lib/gcc/arm-none-eabi/4.9.3/../../../../arm-none-eabi/lib/armv7-m\libnosys.a
END GROUP
                0x00000000                CY_APPL_ORIGIN = 0x0
                0x00000100                CY_FLASH_ROW_SIZE = 0x100
                0x00000020                CY_ECC_ROW_SIZE = 0x20
                0x00000000                CY_EE_IN_BTLDR = 0x0
                0x00000000                CY_APPL_LOADABLE = 0x0
                0x00000800                CY_EE_SIZE = 0x800
                0x00000001                CY_APPL_NUM = 0x1
                0x00000001                CY_APPL_MAX = 0x1
                0x00000040                CY_METADATA_SIZE = 0x40
                0x00000000                CY_APPL_LOADABLE = 0x0
                0x00000000                CY_CHECKSUM_EXCLUDE_SIZE = ALIGN (0x0, CY_FLASH_ROW_SIZE)
                0x20007530                PROVIDE (__cy_heap_start, _end)
                0x00000001                PROVIDE (__cy_region_num, ((__cy_regions_end - __cy_regions) / 0x10))
                0x20008000                PROVIDE (__cy_stack, (ORIGIN (ram) + 0x10000))
                0x20007800                PROVIDE (__cy_heap_end, (__cy_stack - 0x800))

.cybootloader   0x00000000        0x0
 *(.cybootloader)
                0x00000000                appl1_start = CY_APPL_ORIGIN?CY_APPL_ORIGIN:ALIGN (CY_FLASH_ROW_SIZE)
                0x0001ff00                appl2_start = (appl1_start + ALIGN ((((0x40000 - appl1_start) - (0x2 * CY_FLASH_ROW_SIZE)) / 0x2), CY_FLASH_ROW_SIZE))
                0x00000000                appl_start = (CY_APPL_NUM == 0x1)?appl1_start:appl2_start
                0x00000000                ecc_offset = ((appl_start / CY_FLASH_ROW_SIZE) * CY_ECC_ROW_SIZE)
                0x00000000                ee_offset = (CY_APPL_LOADABLE && ! (CY_EE_IN_BTLDR))?((CY_EE_SIZE / CY_APPL_MAX) * (CY_APPL_NUM - 0x1)):0x0
                0x00000800                ee_size = (CY_APPL_LOADABLE && ! (CY_EE_IN_BTLDR))?(CY_EE_SIZE / CY_APPL_MAX):CY_EE_SIZE
                0x00000000                PROVIDE (CY_ECC_OFFSET, ecc_offset)

.text           0x00000000    0x1d5d2
 CREATE_OBJECT_SYMBOLS
                0x00000000                PROVIDE (__cy_interrupt_vector, RomVectors)
 *(.romvectors)
 .romvectors    0x00000000       0x10 .\CortexM3\ARM_GCC_493\Debug\Cm3Start.o
                0x00000000                RomVectors
                0x00000001                ASSERT ((. != __cy_interrupt_vector), No interrupt vector)
                0x00000001                ASSERT (CY_APPL_ORIGIN?(SIZEOF (.cybootloader) <= CY_APPL_ORIGIN):0x1, Wrong image location)
                0x00000010                PROVIDE (__cy_reset, Reset)
 *(.text.Reset)
 .text.Reset    0x00000010       0x18 .\CortexM3\ARM_GCC_493\Debug\Cm3Start.o
                0x00000010                Reset
                0x00000001                ASSERT ((. != __cy_reset), No reset code)
 *(.dma_init)
                0x00000001                ASSERT ((((appl_start + .) <= 0x10000) || 0x1), DMA Init must be within the first 64k of flash)
 *(.text .text.* .gnu.linkonce.t.*)
 .text          0x00000028       0x5c c:/program files (x86)/cypress/psoc creator/3.3/psoc creator/import/gnu/arm/4.9.3/bin/../lib/gcc/arm-none-eabi/4.9.3/armv7-m/crtbegin.o
 .text.UARTGlobalHandler
                0x00000084       0x50 .\CortexM3\ARM_GCC_493\Debug\UARTManager.o
                0x00000084                UARTGlobalHandler
 .text.GetUARTManager
                0x000000d4       0x3c .\CortexM3\ARM_GCC_493\Debug\UARTManager.o
                0x000000d4                GetUARTManager
 .text.GetUARTMessageSlot
                0x00000110       0xb4 .\CortexM3\ARM_GCC_493\Debug\UARTManager.o
                0x00000110                GetUARTMessageSlot
 .text.InitUARTManager
                0x000001c4       0x84 .\CortexM3\ARM_GCC_493\Debug\UARTManager.o
                0x000001c4                InitUARTManager
 .text.ReleaseMessage
                0x00000248       0x34 .\CortexM3\ARM_GCC_493\Debug\UARTManager.o
                0x00000248                ReleaseMessage
 .text.InvokeResolver
                0x0000027c       0x54 .\CortexM3\ARM_GCC_493\Debug\UARTResolver.o
                0x0000027c                InvokeResolver
 .text.UARTSinkRegistration
                0x000002d0        0xc .\CortexM3\ARM_GCC_493\Debug\UARTManagerSink.o
                0x000002d0                UARTSinkRegistration
 .text.loop_push
                0x000002dc       0x3c .\CortexM3\ARM_GCC_493\Debug\PseudoRTOS.o
                0x000002dc                loop_push
 .text.loop_invoke
                0x00000318       0x4c .\CortexM3\ARM_GCC_493\Debug\PseudoRTOS.o
                0x00000318                loop_invoke
 .text.B78AD90CF552D9B30A
                0x00000364      0x1dc .\CortexM3\ARM_GCC_493\Debug\Utils.o
                0x00000364                B78AD90CF552D9B30A
 .text.PSTRBUFFTOGG
                0x00000540       0x7c .\CortexM3\ARM_GCC_493\Debug\Utils.o
                0x00000540                PSTRBUFFTOGG
 .text.LSDBCDBUFF2HEX
                0x000005bc       0x94 .\CortexM3\ARM_GCC_493\Debug\Utils.o
                0x000005bc                LSDBCDBUFF2HEX
 .text.CRCCheck
                0x00000650       0x58 .\CortexM3\ARM_GCC_493\Debug\Security.o
                0x00000650                CRCCheck
 .text.RawCRCCheck
                0x000006a8       0x44 .\CortexM3\ARM_GCC_493\Debug\Security.o
                0x000006a8                RawCRCCheck
 .text.SinkManagerRegistration
                0x000006ec      0x148 .\CortexM3\ARM_GCC_493\Debug\SinkManager.o
                0x000006ec                SinkManagerRegistration
 *fill*         0x00000834        0x4 
 .text.AllocateMessageSlot
                0x00000838      0x150 .\CortexM3\ARM_GCC_493\Debug\SinkManager.o
                0x00000838                AllocateMessageSlot
 .text.FindSinkMessage
                0x00000988       0xc8 .\CortexM3\ARM_GCC_493\Debug\SinkManager.o
                0x00000988                FindSinkMessage
 .text.AllocateMessageSlotConditional
                0x00000a50      0x190 .\CortexM3\ARM_GCC_493\Debug\SinkManager.o
                0x00000a50                AllocateMessageSlotConditional
 .text.AllocateMessageArraySlotConditional
                0x00000be0      0x100 .\CortexM3\ARM_GCC_493\Debug\SinkManager.o
                0x00000be0                AllocateMessageArraySlotConditional
 .text.ReleaseSinkMessage
                0x00000ce0       0x2c .\CortexM3\ARM_GCC_493\Debug\SinkManager.o
                0x00000ce0                ReleaseSinkMessage
 .text.ReleaseSinkMessageByID
                0x00000d0c       0x4c .\CortexM3\ARM_GCC_493\Debug\SinkManager.o
                0x00000d0c                ReleaseSinkMessageByID
 .text.AllocateSubscriberSlot
                0x00000d58       0x68 .\CortexM3\ARM_GCC_493\Debug\SinkManager.o
                0x00000d58                AllocateSubscriberSlot
 .text.SinkHandler
                0x00000dc0      0x5c0 .\CortexM3\ARM_GCC_493\Debug\SinkManager.o
                0x00000dc0                SinkHandler
 .text.SinkBroadcast
                0x00001380       0x98 .\CortexM3\ARM_GCC_493\Debug\SinkManager.o
                0x00001380                SinkBroadcast
 .text.SinkFirstFound
                0x00001418       0xc0 .\CortexM3\ARM_GCC_493\Debug\SinkManager.o
                0x00001418                SinkFirstFound
 .text.SinkAllInterested
                0x000014d8       0xb4 .\CortexM3\ARM_GCC_493\Debug\SinkManager.o
                0x000014d8                SinkAllInterested
 .text.SinkBroadcastForever
                0x0000158c       0x94 .\CortexM3\ARM_GCC_493\Debug\SinkManager.o
                0x0000158c                SinkBroadcastForever
 .text.SinkCounterUpdateCallback
                0x00001620       0x70 .\CortexM3\ARM_GCC_493\Debug\SinkManager.o
                0x00001620                SinkCounterUpdateCallback
 .text.SinkReleaseByIDCallback
                0x00001690       0x1c .\CortexM3\ARM_GCC_493\Debug\SinkManager.o
                0x00001690                SinkReleaseByIDCallback
 .text.SinkReleaseByPtrCallback
                0x000016ac       0x20 .\CortexM3\ARM_GCC_493\Debug\SinkManager.o
                0x000016ac                SinkReleaseByPtrCallback
 .text.GetEepromBuffer
                0x000016cc       0x14 .\CortexM3\ARM_GCC_493\Debug\EepromManager.o
                0x000016cc                GetEepromBuffer
 .text.I2CBusUnlock
                0x000016e0       0x14 .\CortexM3\ARM_GCC_493\Debug\EepromManager.o
                0x000016e0                I2CBusUnlock
 .text.LoadEepromPage
                0x000016f4       0x94 .\CortexM3\ARM_GCC_493\Debug\EepromManager.o
                0x000016f4                LoadEepromPage
 .text.I2CBusLock
                0x00001788       0xc8 .\CortexM3\ARM_GCC_493\Debug\EepromManager.o
                0x00001788                I2CBusLock
 .text.StoreEepromPage
                0x00001850       0x8c .\CortexM3\ARM_GCC_493\Debug\EepromManager.o
                0x00001850                StoreEepromPage
 .text.ClearEepromBuffer
                0x000018dc       0x14 .\CortexM3\ARM_GCC_493\Debug\EepromManager.o
                0x000018dc                ClearEepromBuffer
 .text.GetRtcBuffer
                0x000018f0       0x14 .\CortexM3\ARM_GCC_493\Debug\RtcManager.o
                0x000018f0                GetRtcBuffer
 .text.ClearRtcBuffer
                0x00001904       0x14 .\CortexM3\ARM_GCC_493\Debug\RtcManager.o
                0x00001904                ClearRtcBuffer
 .text.UpdateRTC
                0x00001918       0xf8 .\CortexM3\ARM_GCC_493\Debug\RtcManager.o
                0x00001918                UpdateRTC
 .text.ReadRTC  0x00001a10       0x84 .\CortexM3\ARM_GCC_493\Debug\RtcManager.o
                0x00001a10                ReadRTC
 .text.StartRtc
                0x00001a94       0x30 .\CortexM3\ARM_GCC_493\Debug\RtcManager.o
                0x00001a94                StartRtc
 .text.GlobalInitializer
                0x00001ac4       0x48 .\CortexM3\ARM_GCC_493\Debug\Initializers.o
                0x00001ac4                GlobalInitializer
 .text.InitTimers
                0x00001b0c       0x24 .\CortexM3\ARM_GCC_493\Debug\Timers.o
                0x00001b0c                InitTimers
 .text.CounterIsr
                0x00001b30       0x40 .\CortexM3\ARM_GCC_493\Debug\Timers.o
                0x00001b30                CounterIsr
 .text.DispenserStateIsr
                0x00001b70       0x30 .\CortexM3\ARM_GCC_493\Debug\Timers.o
                0x00001b70                DispenserStateIsr
 .text.WriteAuxPSoC
                0x00001ba0       0x64 .\CortexM3\ARM_GCC_493\Debug\AuxPSoC.o
                0x00001ba0                WriteAuxPSoC
 .text.WatchDogInitialize
                0x00001c04       0x48 .\CortexM3\ARM_GCC_493\Debug\WatchDogReset.o
                0x00001c04                WatchDogInitialize
 .text.WatchDogHandler
                0x00001c4c       0x18 .\CortexM3\ARM_GCC_493\Debug\WatchDogReset.o
                0x00001c4c                WatchDogHandler
 .text.WatchDogStartup
                0x00001c64       0x18 .\CortexM3\ARM_GCC_493\Debug\WatchDogReset.o
                0x00001c64                WatchDogStartup
 .text.DispenserBufferResolver
                0x00001c7c       0x7c .\CortexM3\ARM_GCC_493\Debug\DispenserResolver.o
                0x00001c7c                DispenserBufferResolver
 .text.DispenserUARTSend
                0x00001cf8       0x54 .\CortexM3\ARM_GCC_493\Debug\DispenserResolver.o
                0x00001cf8                DispenserUARTSend
 .text.DispenserHoseActiveState
                0x00001d4c       0x90 .\CortexM3\ARM_GCC_493\Debug\DispenserBLL.o
                0x00001d4c                DispenserHoseActiveState
 .text.DispenserExecuteCreditTransaction
                0x00001ddc       0x90 .\CortexM3\ARM_GCC_493\Debug\DispenserBLL.o
                0x00001ddc                DispenserExecuteCreditTransaction
 .text.DispenserExecuteCashTransaction
                0x00001e6c       0x94 .\CortexM3\ARM_GCC_493\Debug\DispenserBLL.o
                0x00001e6c                DispenserExecuteCashTransaction
 .text.DispenserBeepWarning
                0x00001f00       0x90 .\CortexM3\ARM_GCC_493\Debug\DispenserBLL.o
                0x00001f00                DispenserBeepWarning
 .text.DispenserUpdatePumpState
                0x00001f90      0x138 .\CortexM3\ARM_GCC_493\Debug\DispenserBLL.o
                0x00001f90                DispenserUpdatePumpState
 .text.DispenserUnlockPumpsOnEOT
                0x000020c8       0xd4 .\CortexM3\ARM_GCC_493\Debug\DispenserBLL.o
                0x000020c8                DispenserUnlockPumpsOnEOT
 .text.DispenserUnlockPumpsOnEOTStartup
                0x0000219c       0xac .\CortexM3\ARM_GCC_493\Debug\DispenserBLL.o
                0x0000219c                DispenserUnlockPumpsOnEOTStartup
 .text.DispenserRestorePrices
                0x00002248       0xa4 .\CortexM3\ARM_GCC_493\Debug\DispenserBLL.o
                0x00002248                DispenserRestorePrices
 .text.DispenserAcquireConfiguration
                0x000022ec      0x114 .\CortexM3\ARM_GCC_493\Debug\DispenserBLL.o
                0x000022ec                DispenserAcquireConfiguration
 .text.DispenserConfigurePrices
                0x00002400      0x12c .\CortexM3\ARM_GCC_493\Debug\DispenserBLL.o
                0x00002400                DispenserConfigurePrices
 .text.DispenserConfigureSinglePrice
                0x0000252c      0x370 .\CortexM3\ARM_GCC_493\Debug\DispenserBLL.o
                0x0000252c                DispenserConfigureSinglePrice
 .text.DispenserAcquireTotals
                0x0000289c       0xa0 .\CortexM3\ARM_GCC_493\Debug\DispenserBLL.o
                0x0000289c                DispenserAcquireTotals
 .text.DispenserEnumeratePumps
                0x0000293c      0x150 .\CortexM3\ARM_GCC_493\Debug\DispenserBLL.o
                0x0000293c                DispenserEnumeratePumps
 .text.DispenserLoadEEPROMSettings
                0x00002a8c      0x1ec .\CortexM3\ARM_GCC_493\Debug\DispenserBLL.o
                0x00002a8c                DispenserLoadEEPROMSettings
 .text.DispenserGetEepromPPUPageFromPumpID
                0x00002c78       0xb4 .\CortexM3\ARM_GCC_493\Debug\DispenserBLL.o
                0x00002c78                DispenserGetEepromPPUPageFromPumpID
 .text.GetPumpFromRemotePositionID
                0x00002d2c       0x64 .\CortexM3\ARM_GCC_493\Debug\DispenserBLL.o
                0x00002d2c                GetPumpFromRemotePositionID
 .text.DispenserSide1Listener
                0x00002d90      0x17c .\CortexM3\ARM_GCC_493\Debug\DispenserBLL.o
                0x00002d90                DispenserSide1Listener
 .text.DispenserSide2Listener
                0x00002f0c      0x17c .\CortexM3\ARM_GCC_493\Debug\DispenserBLL.o
                0x00002f0c                DispenserSide2Listener
 .text.DispenserTimeoutHandler
                0x00003088       0xf8 .\CortexM3\ARM_GCC_493\Debug\DispenserSink.o
                0x00003088                DispenserTimeoutHandler
 .text.DispenserDataReceptionHandler
                0x00003180      0x2b0 .\CortexM3\ARM_GCC_493\Debug\DispenserSink.o
                0x00003180                DispenserDataReceptionHandler
 .text.DispenserUpdateTimeouts
                0x00003430       0x84 .\CortexM3\ARM_GCC_493\Debug\DispenserSink.o
                0x00003430                DispenserUpdateTimeouts
 .text.DispenserHandler
                0x000034b4      0x250 .\CortexM3\ARM_GCC_493\Debug\DispenserSink.o
                0x000034b4                DispenserHandler
 .text.DispenserSinkRegistration
                0x00003704      0x31c .\CortexM3\ARM_GCC_493\Debug\DispenserSink.o
                0x00003704                DispenserSinkRegistration
 .text.WorkShiftDecorator
                0x00003a20       0xc4 .\CortexM3\ARM_GCC_493\Debug\DisplayBLL.o
                0x00003a20                WorkShiftDecorator
 .text.InitiateWorkShiftValidation
                0x00003ae4      0x144 .\CortexM3\ARM_GCC_493\Debug\DisplayBLL.o
                0x00003ae4                InitiateWorkShiftValidation
 .text.RequestWorkShiftOperAuthorization
                0x00003c28      0x13c .\CortexM3\ARM_GCC_493\Debug\DisplayBLL.o
                0x00003c28                RequestWorkShiftOperAuthorization
 .text.DrawNumberOfCopies
                0x00003d64      0x170 .\CortexM3\ARM_GCC_493\Debug\DisplayBLL.o
                0x00003d64                DrawNumberOfCopies
 .text.CancelMessageDecorator
                0x00003ed4       0xc4 .\CortexM3\ARM_GCC_493\Debug\DisplayBLL.o
                0x00003ed4                CancelMessageDecorator
 .text.AcceptedAuthorizationMessageDecorator
                0x00003f98      0x15c .\CortexM3\ARM_GCC_493\Debug\DisplayBLL.o
                0x00003f98                AcceptedAuthorizationMessageDecorator
 .text.ProductNameSelectionDecorator
                0x000040f4      0x500 .\CortexM3\ARM_GCC_493\Debug\DisplayBLL.o
                0x000040f4                ProductNameSelectionDecorator
 .text.RejectedAuthorizationMessageDecorator
                0x000045f4      0x15c .\CortexM3\ARM_GCC_493\Debug\DisplayBLL.o
                0x000045f4                RejectedAuthorizationMessageDecorator
 .text.ValidateAuthorizationResponse4Credit
                0x00004750       0x94 .\CortexM3\ARM_GCC_493\Debug\DisplayBLL.o
                0x00004750                ValidateAuthorizationResponse4Credit
 .text.SendAuthorizationRequest4Credit
                0x000047e4      0x234 .\CortexM3\ARM_GCC_493\Debug\DisplayBLL.o
                0x000047e4                SendAuthorizationRequest4Credit
 .text.DisplayStationIDDecorator
                0x00004a18       0xe4 .\CortexM3\ARM_GCC_493\Debug\DisplayBLL.o
                0x00004a18                DisplayStationIDDecorator
 .text.DisplayStationIDStore
                0x00004afc       0xd4 .\CortexM3\ARM_GCC_493\Debug\DisplayBLL.o
                0x00004afc                DisplayStationIDStore
 .text.DisplayStationIDLoad
                0x00004bd0       0x94 .\CortexM3\ARM_GCC_493\Debug\DisplayBLL.o
                0x00004bd0                DisplayStationIDLoad
 .text.DisplayPumpIDOffsetLoad
                0x00004c64       0x80 .\CortexM3\ARM_GCC_493\Debug\DisplayBLL.o
                0x00004c64                DisplayPumpIDOffsetLoad
 .text.DisplayPumpIDOffsetDecorator
                0x00004ce4       0xe4 .\CortexM3\ARM_GCC_493\Debug\DisplayBLL.o
                0x00004ce4                DisplayPumpIDOffsetDecorator
 .text.DisplayPumpIDOffsetStore
                0x00004dc8       0xc4 .\CortexM3\ARM_GCC_493\Debug\DisplayBLL.o
                0x00004dc8                DisplayPumpIDOffsetStore
 .text.iButtonScreenNotification
                0x00004e8c       0x98 .\CortexM3\ARM_GCC_493\Debug\DisplayBLL.o
                0x00004e8c                iButtonScreenNotification
 .text.TerminateiButtonScan
                0x00004f24       0x34 .\CortexM3\ARM_GCC_493\Debug\DisplayBLL.o
                0x00004f24                TerminateiButtonScan
 .text.InitiateiButtonScan
                0x00004f58       0xb0 .\CortexM3\ARM_GCC_493\Debug\DisplayBLL.o
                0x00004f58                InitiateiButtonScan
 .text.DrawDateTime
                0x00005008      0x820 .\CortexM3\ARM_GCC_493\Debug\DisplayBLL.o
                0x00005008                DrawDateTime
 .text.DrawHomeDateTime
                0x00005828      0x788 .\CortexM3\ARM_GCC_493\Debug\DisplayBLL.o
                0x00005828                DrawHomeDateTime
 .text.DisplayUpdateHomeAnimation
                0x00005fb0      0xcb8 .\CortexM3\ARM_GCC_493\Debug\DisplayBLL.o
                0x00005fb0                DisplayUpdateHomeAnimation
 .text.InitiateUpdateDateTime
                0x00006c68       0xa8 .\CortexM3\ARM_GCC_493\Debug\DisplayBLL.o
                0x00006c68                InitiateUpdateDateTime
 .text.TerminateUpdateDateTime
                0x00006d10       0x50 .\CortexM3\ARM_GCC_493\Debug\DisplayBLL.o
                0x00006d10                TerminateUpdateDateTime
 .text.InitiateHomeAnimation
                0x00006d60       0xa0 .\CortexM3\ARM_GCC_493\Debug\DisplayBLL.o
                0x00006d60                InitiateHomeAnimation
 .text.DisplayUpdateDateTime
                0x00006e00       0x2c .\CortexM3\ARM_GCC_493\Debug\DisplayBLL.o
                0x00006e00                DisplayUpdateDateTime
 .text.TerminateHomeAnimation
                0x00006e2c       0x50 .\CortexM3\ARM_GCC_493\Debug\DisplayBLL.o
                0x00006e2c                TerminateHomeAnimation
 .text.DisplayGenericValidator
                0x00006e7c      0x174 .\CortexM3\ARM_GCC_493\Debug\DisplayBLL.o
                0x00006e7c                DisplayGenericValidator
 .text.PrintersWorking
                0x00006ff0       0x64 .\CortexM3\ARM_GCC_493\Debug\DisplayBLL.o
                0x00006ff0                PrintersWorking
 .text.EitherPrinterWorking
                0x00007054       0x78 .\CortexM3\ARM_GCC_493\Debug\DisplayBLL.o
                0x00007054                EitherPrinterWorking
 .text.CastCreditVolumeValue
                0x000070cc      0x164 .\CortexM3\ARM_GCC_493\Debug\DisplayBLL.o
                0x000070cc                CastCreditVolumeValue
 .text.Display1Logic
                0x00007230      0x1b4 .\CortexM3\ARM_GCC_493\Debug\DisplayBLL.o
                0x00007230                Display1Logic
 .text.PrintcopyReceipt
                0x000073e4       0xa0 .\CortexM3\ARM_GCC_493\Debug\DisplayBLL.o
                0x000073e4                PrintcopyReceipt
 .text.Display2Logic
                0x00007484      0x1b4 .\CortexM3\ARM_GCC_493\Debug\DisplayBLL.o
                0x00007484                Display2Logic
 .text.DisplaySinkRegistration
                0x00007638      0x19c .\CortexM3\ARM_GCC_493\Debug\DisplaySink.o
                0x00007638                DisplaySinkRegistration
 .text.InitDisplays
                0x000077d4       0xd0 .\CortexM3\ARM_GCC_493\Debug\DisplaySink.o
                0x000077d4                InitDisplays
 .text.DisplayRaiseTimeoutsAndStateChanges
                0x000078a4      0x300 .\CortexM3\ARM_GCC_493\Debug\DisplaySink.o
                0x000078a4                DisplayRaiseTimeoutsAndStateChanges
 .text.DisplayOutputString
                0x00007ba4      0x138 .\CortexM3\ARM_GCC_493\Debug\DisplayUtils.o
                0x00007ba4                DisplayOutputString
 .text.ParseDisplayFlow
                0x00007cdc       0xa8 .\CortexM3\ARM_GCC_493\Debug\DisplayUtils.o
                0x00007cdc                ParseDisplayFlow
 .text.DisplayFlowInputHandler
                0x00007d84       0x68 .\CortexM3\ARM_GCC_493\Debug\DisplayUtils.o
                0x00007d84                DisplayFlowInputHandler
 .text.DisplayFlowInputValidator
                0x00007dec       0x68 .\CortexM3\ARM_GCC_493\Debug\DisplayUtils.o
                0x00007dec                DisplayFlowInputValidator
 .text.DisplayInitializer
                0x00007e54       0x68 .\CortexM3\ARM_GCC_493\Debug\DisplayUtils.o
                0x00007e54                DisplayInitializer
 .text.DisplayFlowDecorator
                0x00007ebc       0x68 .\CortexM3\ARM_GCC_493\Debug\DisplayUtils.o
                0x00007ebc                DisplayFlowDecorator
 .text.DisplayFinalizer
                0x00007f24       0x68 .\CortexM3\ARM_GCC_493\Debug\DisplayUtils.o
                0x00007f24                DisplayFinalizer
 .text.ParseDisplayStream
                0x00007f8c       0xac .\CortexM3\ARM_GCC_493\Debug\DisplayUtils.o
                0x00007f8c                ParseDisplayStream
 .text.GetDisplayFlowNode
                0x00008038       0xa0 .\CortexM3\ARM_GCC_493\Debug\DisplayUtils.o
                0x00008038                GetDisplayFlowNode
 .text.PrepareDisplayStructure
                0x000080d8       0x70 .\CortexM3\ARM_GCC_493\Debug\DisplayUtils.o
                0x000080d8                PrepareDisplayStructure
 .text.NonEmptyDataValidator
                0x00008148       0x2c .\CortexM3\ARM_GCC_493\Debug\DisplayUtils.o
                0x00008148                NonEmptyDataValidator
 .text.SecureConfigurationValidator
                0x00008174       0x74 .\CortexM3\ARM_GCC_493\Debug\DisplayUtils.o
                0x00008174                SecureConfigurationValidator
 .text.SaveNewPassword
                0x000081e8       0x48 .\CortexM3\ARM_GCC_493\Debug\DisplayUtils.o
                0x000081e8                SaveNewPassword
 .text.DisplayIntegerInputHandler
                0x00008230      0x16c .\CortexM3\ARM_GCC_493\Debug\DisplayUtils.o
                0x00008230                DisplayIntegerInputHandler
 .text.DisplayMoneyInputHandler
                0x0000839c      0x204 .\CortexM3\ARM_GCC_493\Debug\DisplayUtils.o
                0x0000839c                DisplayMoneyInputHandler
 .text.DisplayVolumeInputHandler
                0x000085a0      0x238 .\CortexM3\ARM_GCC_493\Debug\DisplayUtils.o
                0x000085a0                DisplayVolumeInputHandler
 .text.NonEmptyMoneyValidator
                0x000087d8      0x144 .\CortexM3\ARM_GCC_493\Debug\DisplayUtils.o
                0x000087d8                NonEmptyMoneyValidator
 .text.NonEmpty15ModuloValidator
                0x0000891c      0x11c .\CortexM3\ARM_GCC_493\Debug\DisplayUtils.o
                0x0000891c                NonEmpty15ModuloValidator
 .text.ValidatePumpAvailability4Positions
                0x00008a38      0x1a4 .\CortexM3\ARM_GCC_493\Debug\DisplayUtils.o
                0x00008a38                ValidatePumpAvailability4Positions
 .text.ValidatePumpAvailability21Positions
                0x00008bdc      0x15c .\CortexM3\ARM_GCC_493\Debug\DisplayUtils.o
                0x00008bdc                ValidatePumpAvailability21Positions
 .text.GetPumpsAvailability
                0x00008d38      0x28c .\CortexM3\ARM_GCC_493\Debug\DisplayUtils.o
                0x00008d38                GetPumpsAvailability
 .text.GetPumpsPrintState
                0x00008fc4       0xe8 .\CortexM3\ARM_GCC_493\Debug\DisplayUtils.o
                0x00008fc4                GetPumpsPrintState
 .text.DisplayInputHandler
                0x000090ac      0x14c .\CortexM3\ARM_GCC_493\Debug\DisplayUtils.o
                0x000090ac                DisplayInputHandler
 .text.DisplayIDInputHandler
                0x000091f8      0x164 .\CortexM3\ARM_GCC_493\Debug\DisplayUtils.o
                0x000091f8                DisplayIDInputHandler
 .text.DisplayInputPasswordHandler
                0x0000935c      0x190 .\CortexM3\ARM_GCC_493\Debug\DisplayUtils.o
                0x0000935c                DisplayInputPasswordHandler
 .text.GetDisplayFromPumpID
                0x000094ec       0xb0 .\CortexM3\ARM_GCC_493\Debug\DisplayUtils.o
                0x000094ec                GetDisplayFromPumpID
 .text.DisplayProductSelectionInputHandler
                0x0000959c       0xb4 .\CortexM3\ARM_GCC_493\Debug\DisplayUtils.o
                0x0000959c                DisplayProductSelectionInputHandler
 .text.CleanMessageSink
                0x00009650       0x40 .\CortexM3\ARM_GCC_493\Debug\DisplayUtils.o
                0x00009650                CleanMessageSink
 .text.SequesterMessageSink
                0x00009690      0x148 .\CortexM3\ARM_GCC_493\Debug\DisplayUtils.o
                0x00009690                SequesterMessageSink
 .text.ReleaseMessageSink
                0x000097d8      0x1a8 .\CortexM3\ARM_GCC_493\Debug\DisplayUtils.o
                0x000097d8                ReleaseMessageSink
 .text.StoreTransactionData
                0x00009980      0x3d0 .\CortexM3\ARM_GCC_493\Debug\DisplayUtils.o
                0x00009980                StoreTransactionData
 .text.UnmapCode
                0x00009d50       0x48 .\CortexM3\ARM_GCC_493\Debug\DisplayCharacterMap.o
                0x00009d50                UnmapCode
 .text.GetBufferIndexFromDisplayID
                0x00009d98       0x48 .\CortexM3\ARM_GCC_493\Debug\DisplayBufferScreenMap.o
                0x00009d98                GetBufferIndexFromDisplayID
 .text.GetBufferLengthFromDisplayID
                0x00009de0       0x48 .\CortexM3\ARM_GCC_493\Debug\DisplayBufferScreenMap.o
                0x00009de0                GetBufferLengthFromDisplayID
 .text.GetPumpIndexFromDisplay
                0x00009e28       0x78 .\CortexM3\ARM_GCC_493\Debug\DisplayBufferScreenMap.o
                0x00009e28                GetPumpIndexFromDisplay
 .text.Display1BufferResolver
                0x00009ea0       0xf4 .\CortexM3\ARM_GCC_493\Debug\DisplayResolver.o
                0x00009ea0                Display1BufferResolver
 .text.Display2BufferResolver
                0x00009f94       0xf4 .\CortexM3\ARM_GCC_493\Debug\DisplayResolver.o
                0x00009f94                Display2BufferResolver
 .text.Dislay1UARTSend
                0x0000a088       0x48 .\CortexM3\ARM_GCC_493\Debug\DisplayResolver.o
                0x0000a088                Dislay1UARTSend
 .text.PrintLogo
                0x0000a0d0       0x3c .\CortexM3\ARM_GCC_493\Debug\PrinterBLL.o
                0x0000a0d0                PrintLogo
 .text.Printer11Callback
                0x0000a10c       0x54 .\CortexM3\ARM_GCC_493\Debug\PrinterBLL.o
                0x0000a10c                Printer11Callback
 .text.Printer12Callback
                0x0000a160       0x54 .\CortexM3\ARM_GCC_493\Debug\PrinterBLL.o
                0x0000a160                Printer12Callback
 .text.Printer21Callback
                0x0000a1b4       0x54 .\CortexM3\ARM_GCC_493\Debug\PrinterBLL.o
                0x0000a1b4                Printer21Callback
 .text.Printer22Callback
                0x0000a208       0x54 .\CortexM3\ARM_GCC_493\Debug\PrinterBLL.o
                0x0000a208                Printer22Callback
 .text.Printer1GenericCallback
                0x0000a25c       0x1c .\CortexM3\ARM_GCC_493\Debug\PrinterBLL.o
                0x0000a25c                Printer1GenericCallback
 .text.Printer2GenericCallback
                0x0000a278       0x1c .\CortexM3\ARM_GCC_493\Debug\PrinterBLL.o
                0x0000a278                Printer2GenericCallback
 .text.MeasurePrinterASCIIBufferLength
                0x0000a294       0x34 .\CortexM3\ARM_GCC_493\Debug\PrinterBLL.o
                0x0000a294                MeasurePrinterASCIIBufferLength
 .text.Printer1GenericCallbacklogo
                0x0000a2c8       0x18 .\CortexM3\ARM_GCC_493\Debug\PrinterBLL.o
                0x0000a2c8                Printer1GenericCallbacklogo
 .text.Printer2GenericCallbacklogo
                0x0000a2e0       0x18 .\CortexM3\ARM_GCC_493\Debug\PrinterBLL.o
                0x0000a2e0                Printer2GenericCallbacklogo
 .text.PadSpacesToCenter
                0x0000a2f8       0x24 .\CortexM3\ARM_GCC_493\Debug\PrinterBLL.o
                0x0000a2f8                PadSpacesToCenter
 .text.GetProductNameFromPumpAndHose
                0x0000a31c      0x3c8 .\CortexM3\ARM_GCC_493\Debug\PrinterBLL.o
                0x0000a31c                GetProductNameFromPumpAndHose
 .text.FormatNumberLSDFirst
                0x0000a6e4      0x140 .\CortexM3\ARM_GCC_493\Debug\PrinterBLL.o
                0x0000a6e4                FormatNumberLSDFirst
 .text.Print    0x0000a824     0x1014 .\CortexM3\ARM_GCC_493\Debug\PrinterBLL.o
                0x0000a824                Print
 .text.PrintGeneric
                0x0000b838       0x44 .\CortexM3\ARM_GCC_493\Debug\PrinterBLL.o
                0x0000b838                PrintGeneric
 .text.PrinterSinkRegistration
                0x0000b87c      0x148 .\CortexM3\ARM_GCC_493\Debug\PrinterSink.o
                0x0000b87c                PrinterSinkRegistration
 .text.PrinterUARTSend
                0x0000b9c4       0x14 .\CortexM3\ARM_GCC_493\Debug\PrinterResolver.o
                0x0000b9c4                PrinterUARTSend
 .text.GetPrinterTemplateLine
                0x0000b9d8       0x48 .\CortexM3\ARM_GCC_493\Debug\PrinterTemplate.o
                0x0000b9d8                GetPrinterTemplateLine
 .text.GetPrinterVolumeTemplateTag
                0x0000ba20       0x48 .\CortexM3\ARM_GCC_493\Debug\PrinterTemplate.o
                0x0000ba20                GetPrinterVolumeTemplateTag
 .text.GetPrinterPriceTemplateTag
                0x0000ba68       0x34 .\CortexM3\ARM_GCC_493\Debug\PrinterTemplate.o
                0x0000ba68                GetPrinterPriceTemplateTag
 .text.iButtonSinkRegistration
                0x0000ba9c       0x5c .\CortexM3\ARM_GCC_493\Debug\iButtonSink.o
                0x0000ba9c                iButtonSinkRegistration
 .text.iButton1Scan
                0x0000baf8       0xb4 .\CortexM3\ARM_GCC_493\Debug\iButtonBLL.o
                0x0000baf8                iButton1Scan
 .text.iButton2Scan
                0x0000bbac       0xa8 .\CortexM3\ARM_GCC_493\Debug\iButtonBLL.o
                0x0000bbac                iButton2Scan
 .text.iButtonResetPresenceSequence
                0x0000bc54       0x84 .\CortexM3\ARM_GCC_493\Debug\iButtonProtocol.o
                0x0000bc54                iButtonResetPresenceSequence
 .text.iButtonRead
                0x0000bcd8       0xbc .\CortexM3\ARM_GCC_493\Debug\iButtonProtocol.o
                0x0000bcd8                iButtonRead
 .text.iButtonWrite
                0x0000bd94       0xc4 .\CortexM3\ARM_GCC_493\Debug\iButtonProtocol.o
                0x0000bd94                iButtonWrite
 .text.InitProtocol
                0x0000be58      0x32c .\CortexM3\ARM_GCC_493\Debug\Prime.o
                0x0000be58                InitProtocol
 .text.PumpIsInValidState
                0x0000c184       0x38 .\CortexM3\ARM_GCC_493\Debug\Prime.o
                0x0000c184                PumpIsInValidState
 .text.PumpJobQueueClear
                0x0000c1bc       0x8c .\CortexM3\ARM_GCC_493\Debug\Prime.o
                0x0000c1bc                PumpJobQueueClear
 .text.PumpJobAllocate
                0x0000c248      0x144 .\CortexM3\ARM_GCC_493\Debug\Prime.o
                0x0000c248                PumpJobAllocate
 .text.PumpJobEnqueue
                0x0000c38c       0x5c .\CortexM3\ARM_GCC_493\Debug\Prime.o
                0x0000c38c                PumpJobEnqueue
 .text.PumpJobQueuePeek
                0x0000c3e8       0x30 .\CortexM3\ARM_GCC_493\Debug\Prime.o
                0x0000c3e8                PumpJobQueuePeek
 .text.PumpJobDequeue
                0x0000c418       0xb8 .\CortexM3\ARM_GCC_493\Debug\Prime.o
                0x0000c418                PumpJobDequeue
 .text.PumpJobRotate
                0x0000c4d0       0x78 .\CortexM3\ARM_GCC_493\Debug\Prime.o
                0x0000c4d0                PumpJobRotate
 .text.PumpTransactionalStateDequeue
                0x0000c548       0x60 .\CortexM3\ARM_GCC_493\Debug\Prime.o
                0x0000c548                PumpTransactionalStateDequeue
 .text.PumpTransactionalStateEnqueue
                0x0000c5a8       0x1c .\CortexM3\ARM_GCC_493\Debug\Prime.o
                0x0000c5a8                PumpTransactionalStateEnqueue
 .text.PumpTransactionalStateDeallocate
                0x0000c5c4       0x94 .\CortexM3\ARM_GCC_493\Debug\Prime.o
                0x0000c5c4                PumpTransactionalStateDeallocate
 .text.PumpTransactionalStateFind
                0x0000c658       0x54 .\CortexM3\ARM_GCC_493\Debug\Prime.o
                0x0000c658                PumpTransactionalStateFind
 .text.PumpTransactionalStateAllocate
                0x0000c6ac       0x94 .\CortexM3\ARM_GCC_493\Debug\Prime.o
                0x0000c6ac                PumpTransactionalStateAllocate
 .text.PumpTransactionalStateLock
                0x0000c740       0x70 .\CortexM3\ARM_GCC_493\Debug\Prime.o
                0x0000c740                PumpTransactionalStateLock
 .text.PumpTransactionalStateUnlock
                0x0000c7b0       0x20 .\CortexM3\ARM_GCC_493\Debug\Prime.o
                0x0000c7b0                PumpTransactionalStateUnlock
 .text.PumpCleanUp
                0x0000c7d0       0xb4 .\CortexM3\ARM_GCC_493\Debug\Prime.o
                0x0000c7d0                PumpCleanUp
 .text.GetTransactionByName
                0x0000c884       0x48 .\CortexM3\ARM_GCC_493\Debug\PrimeFlow.o
                0x0000c884                GetTransactionByName
 .text.AcquirePumpStateResponse
                0x0000c8cc       0xa4 .\CortexM3\ARM_GCC_493\Debug\PrimeImpl.o
                0x0000c8cc                AcquirePumpStateResponse
 .text.AcquireDatatoPumpResponse
                0x0000c970       0x48 .\CortexM3\ARM_GCC_493\Debug\PrimeImpl.o
                0x0000c970                AcquireDatatoPumpResponse
 .text.ProcessPumpRTMoneyRequest
                0x0000c9b8       0xe0 .\CortexM3\ARM_GCC_493\Debug\PrimeImpl.o
                0x0000c9b8                ProcessPumpRTMoneyRequest
 .text.ProcessPumpRTHoseVolumeRequest
                0x0000ca98       0xf4 .\CortexM3\ARM_GCC_493\Debug\PrimeImpl.o
                0x0000ca98                ProcessPumpRTHoseVolumeRequest
 .text.ProcessPumpTransactionData
                0x0000cb8c      0x8f4 .\CortexM3\ARM_GCC_493\Debug\PrimeImpl.o
                0x0000cb8c                ProcessPumpTransactionData
 .text.ProcessPumpTotalsDataReport
                0x0000d480      0x174 .\CortexM3\ARM_GCC_493\Debug\PrimeImpl.o
                0x0000d480                ProcessPumpTotalsDataReport
 .text.PumpJobTimeout
                0x0000d5f4       0x38 .\CortexM3\ARM_GCC_493\Debug\PrimeImpl.o
                0x0000d5f4                PumpJobTimeout
 .text.PumpStateJobTimeout
                0x0000d62c       0x38 .\CortexM3\ARM_GCC_493\Debug\PrimeImpl.o
                0x0000d62c                PumpStateJobTimeout
 .text.PumpAuthorization
                0x0000d664       0x84 .\CortexM3\ARM_GCC_493\Debug\PrimeImpl.o
                0x0000d664                PumpAuthorization
 .text.PumpStartupAuthorization
                0x0000d6e8       0x70 .\CortexM3\ARM_GCC_493\Debug\PrimeImpl.o
                0x0000d6e8                PumpStartupAuthorization
 .text.PumpStateRequest
                0x0000d758       0x60 .\CortexM3\ARM_GCC_493\Debug\PrimeImpl.o
                0x0000d758                PumpStateRequest
 .text.PumpRTMoneyRequest
                0x0000d7b8       0x6c .\CortexM3\ARM_GCC_493\Debug\PrimeImpl.o
                0x0000d7b8                PumpRTMoneyRequest
 .text.PumpRTHoseVolumeRequest
                0x0000d824       0x6c .\CortexM3\ARM_GCC_493\Debug\PrimeImpl.o
                0x0000d824                PumpRTHoseVolumeRequest
 .text.PumpTransactionDataRequest
                0x0000d890       0x6c .\CortexM3\ARM_GCC_493\Debug\PrimeImpl.o
                0x0000d890                PumpTransactionDataRequest
 .text.PumpTotalsDataRequest
                0x0000d8fc       0x6c .\CortexM3\ARM_GCC_493\Debug\PrimeImpl.o
                0x0000d8fc                PumpTotalsDataRequest
 .text.PumpDataToPump
                0x0000d968       0x6c .\CortexM3\ARM_GCC_493\Debug\PrimeImpl.o
                0x0000d968                PumpDataToPump
 .text.PumpPresetHose
                0x0000d9d4      0x14c .\CortexM3\ARM_GCC_493\Debug\PrimeImpl.o
                0x0000d9d4                PumpPresetHose
 .text.PumpCreditPresetHose
                0x0000db20      0x160 .\CortexM3\ARM_GCC_493\Debug\PrimeImpl.o
                0x0000db20                PumpCreditPresetHose
 .text.PumpPresetNotification
                0x0000dc80      0x178 .\CortexM3\ARM_GCC_493\Debug\PrimeImpl.o
                0x0000dc80                PumpPresetNotification
 .text.PumpCreditPresetNotification
                0x0000ddf8       0xac .\CortexM3\ARM_GCC_493\Debug\PrimeImpl.o
                0x0000ddf8                PumpCreditPresetNotification
 .text.PumpFullPresetHose
                0x0000dea4      0x178 .\CortexM3\ARM_GCC_493\Debug\PrimeImpl.o
                0x0000dea4                PumpFullPresetHose
 .text.PumpPpuChange
                0x0000e01c      0x260 .\CortexM3\ARM_GCC_493\Debug\PrimeImpl.o
                0x0000e01c                PumpPpuChange
 .text.PumpDefault2CreditPpuChange
                0x0000e27c      0x154 .\CortexM3\ARM_GCC_493\Debug\PrimeImpl.o
                0x0000e27c                PumpDefault2CreditPpuChange
 .text.PumpCredit2DefaultPpuChange
                0x0000e3d0      0x1e4 .\CortexM3\ARM_GCC_493\Debug\PrimeImpl.o
                0x0000e3d0                PumpCredit2DefaultPpuChange
 .text.PumpStopRequest
                0x0000e5b4       0x6c .\CortexM3\ARM_GCC_493\Debug\PrimeImpl.o
                0x0000e5b4                PumpStopRequest
 .text.PumpStopAllRequest
                0x0000e620       0x60 .\CortexM3\ARM_GCC_493\Debug\PrimeImpl.o
                0x0000e620                PumpStopAllRequest
 .text.PumpCompleteConfiguration
                0x0000e680       0xe8 .\CortexM3\ARM_GCC_493\Debug\PrimeImpl.o
                0x0000e680                PumpCompleteConfiguration
 .text.PumpHoseActiveState
                0x0000e768       0xec .\CortexM3\ARM_GCC_493\Debug\PrimeImpl.o
                0x0000e768                PumpHoseActiveState
 .text.AcquirePumpHoseActiveState
                0x0000e854      0x1a0 .\CortexM3\ARM_GCC_493\Debug\PrimeImpl.o
                0x0000e854                AcquirePumpHoseActiveState
 .text.AcquirePumpCompleteConfiguration
                0x0000e9f4     0x1038 .\CortexM3\ARM_GCC_493\Debug\PrimeImpl.o
                0x0000e9f4                AcquirePumpCompleteConfiguration
 .text.AcquireDispenserLayoutInformation
                0x0000fa2c      0x1e4 .\CortexM3\ARM_GCC_493\Debug\PrimeImpl.o
                0x0000fa2c                AcquireDispenserLayoutInformation
 .text.AcquirePumpSpecialFunctionResponseResolver
                0x0000fc10      0x124 .\CortexM3\ARM_GCC_493\Debug\PrimeImpl.o
                0x0000fc10                AcquirePumpSpecialFunctionResponseResolver
 .text.PumpEnumeratorRequest
                0x0000fd34       0x60 .\CortexM3\ARM_GCC_493\Debug\PrimeImpl.o
                0x0000fd34                PumpEnumeratorRequest
 .text.AcquirePumpEnumeratorResponse
                0x0000fd94      0x240 .\CortexM3\ARM_GCC_493\Debug\PrimeImpl.o
                0x0000fd94                AcquirePumpEnumeratorResponse
 .text.PumpEnumeratorTimeout
                0x0000ffd4       0x6c .\CortexM3\ARM_GCC_493\Debug\PrimeImpl.o
                0x0000ffd4                PumpEnumeratorTimeout
 .text.AcquirePumpTotalsResponseResolver
                0x00010040       0xb8 .\CortexM3\ARM_GCC_493\Debug\PrimeImpl.o
                0x00010040                AcquirePumpTotalsResponseResolver
 .text.PrimeActivateProgramming
                0x000100f8       0xac .\CortexM3\ARM_GCC_493\Debug\PrimeImpl.o
                0x000100f8                PrimeActivateProgramming
 .text.GetLRC   0x000101a4       0x60 .\CortexM3\ARM_GCC_493\Debug\PrimeImpl.o
                0x000101a4                GetLRC
 .text.FindLRC  0x00010204       0x30 .\CortexM3\ARM_GCC_493\Debug\PrimeImpl.o
                0x00010204                FindLRC
 .text.InitiateTransaction
                0x00010234       0x2c .\CortexM3\ARM_GCC_493\Debug\PrimeImpl.o
                0x00010234                InitiateTransaction
 .text.TerminateTransaction
                0x00010260       0x2c .\CortexM3\ARM_GCC_493\Debug\PrimeImpl.o
                0x00010260                TerminateTransaction
 .text.TerminateTransactionAndPrint
                0x0001028c      0x208 .\CortexM3\ARM_GCC_493\Debug\PrimeImpl.o
                0x0001028c                TerminateTransactionAndPrint
 .text.CastVolumeValue
                0x00010494      0x164 .\CortexM3\ARM_GCC_493\Debug\PrimeImpl.o
                0x00010494                CastVolumeValue
 .text.CastMoneyValue
                0x000105f8      0x164 .\CortexM3\ARM_GCC_493\Debug\PrimeImpl.o
                0x000105f8                CastMoneyValue
 .text.TranslateSpecialFuncionDigit
                0x0001075c       0x48 .\CortexM3\ARM_GCC_493\Debug\PrimeImpl.o
                0x0001075c                TranslateSpecialFuncionDigit
 .text.RFSinkRegistration
                0x000107a4       0xdc .\CortexM3\ARM_GCC_493\Debug\RFSink.o
                0x000107a4                RFSinkRegistration
 .text.RFServerAutonomousMonitor
                0x00010880       0x64 .\CortexM3\ARM_GCC_493\Debug\RFSink.o
                0x00010880                RFServerAutonomousMonitor
 .text.RFServerRequestHandler
                0x000108e4       0x68 .\CortexM3\ARM_GCC_493\Debug\RFBLL.o
                0x000108e4                RFServerRequestHandler
 .text.RFErrorHandler
                0x0001094c       0x14 .\CortexM3\ARM_GCC_493\Debug\RFBLL.o
                0x0001094c                RFErrorHandler
 .text.GetRFRequestResolver
                0x00010960       0x58 .\CortexM3\ARM_GCC_493\Debug\RFBLL.o
                0x00010960                GetRFRequestResolver
 .text.RFUARTBufferResolver
                0x000109b8      0x1f8 .\CortexM3\ARM_GCC_493\Debug\RFResolver.o
                0x000109b8                RFUARTBufferResolver
 .text.RFUARTSend
                0x00010bb0       0x4c .\CortexM3\ARM_GCC_493\Debug\RFResolver.o
                0x00010bb0                RFUARTSend
 .text.RFGetPayloadLengthFromRequestCode
                0x00010bfc       0x48 .\CortexM3\ARM_GCC_493\Debug\RFServerStack.o
                0x00010bfc                RFGetPayloadLengthFromRequestCode
 .text.RFGetDynamicPayloadLengthFromRequestCode
                0x00010c44       0x48 .\CortexM3\ARM_GCC_493\Debug\RFServerStack.o
                0x00010c44                RFGetDynamicPayloadLengthFromRequestCode
 .text.RFGetCRC
                0x00010c8c       0x6c .\CortexM3\ARM_GCC_493\Debug\RFServerStack.o
                0x00010c8c                RFGetCRC
 .text.RFUnmapCommand2State
                0x00010cf8       0x48 .\CortexM3\ARM_GCC_493\Debug\RFServerStack.o
                0x00010cf8                RFUnmapCommand2State
 .text.RFStateReqResp
                0x00010d40      0x3d8 .\CortexM3\ARM_GCC_493\Debug\RFServerStackImpl.o
                0x00010d40                RFStateReqResp
 .text.RFCreditSerialAuthReqResp
                0x00011118      0x26c .\CortexM3\ARM_GCC_493\Debug\RFServerStackImpl.o
                0x00011118                RFCreditSerialAuthReqResp
 .text.RFCreditAuthorizationReqResp
                0x00011384      0x408 .\CortexM3\ARM_GCC_493\Debug\RFServerStackImpl.o
                0x00011384                RFCreditAuthorizationReqResp
 .text.RFCreditSalePresetReportReqResp
                0x0001178c      0x1f4 .\CortexM3\ARM_GCC_493\Debug\RFServerStackImpl.o
                0x0001178c                RFCreditSalePresetReportReqResp
 .text.RFCashSalePresetReportReqResp
                0x00011980      0x438 .\CortexM3\ARM_GCC_493\Debug\RFServerStackImpl.o
                0x00011980                RFCashSalePresetReportReqResp
 .text.RFCashCreditSaleFinalReportReqResp
                0x00011db8      0x558 .\CortexM3\ARM_GCC_493\Debug\RFServerStackImpl.o
                0x00011db8                RFCashCreditSaleFinalReportReqResp
 .text.RFTotalsDataReqResp
                0x00012310      0x284 .\CortexM3\ARM_GCC_493\Debug\RFServerStackImpl.o
                0x00012310                RFTotalsDataReqResp
 .text.RFTotalsDataReportReqResp
                0x00012594      0xedc .\CortexM3\ARM_GCC_493\Debug\RFServerStackImpl.o
                0x00012594                RFTotalsDataReportReqResp
 .text.RFPriceChangeReqResp
                0x00013470      0x370 .\CortexM3\ARM_GCC_493\Debug\RFServerStackImpl.o
                0x00013470                RFPriceChangeReqResp
 .text.RFGeneralPrintReqResp
                0x000137e0      0x30c .\CortexM3\ARM_GCC_493\Debug\RFServerStackImpl.o
                0x000137e0                RFGeneralPrintReqResp
 .text.RFCreditSalePrintReqResp
                0x00013aec      0x458 .\CortexM3\ARM_GCC_493\Debug\RFServerStackImpl.o
                0x00013aec                RFCreditSalePrintReqResp
 .text.RFCashSalePrintReqResp
                0x00013f44      0x2fc .\CortexM3\ARM_GCC_493\Debug\RFServerStackImpl.o
                0x00013f44                RFCashSalePrintReqResp
 .text.RFPendingCreditSaleReqResp
                0x00014240     0x12d4 .\CortexM3\ARM_GCC_493\Debug\RFServerStackImpl.o
                0x00014240                RFPendingCreditSaleReqResp
 .text.RFPendingCashSaleReqResp
                0x00015514     0x1054 .\CortexM3\ARM_GCC_493\Debug\RFServerStackImpl.o
                0x00015514                RFPendingCashSaleReqResp
 .text.RFBroadcastConfigurationReqResp
                0x00016568      0x548 .\CortexM3\ARM_GCC_493\Debug\RFServerStackImpl.o
                0x00016568                RFBroadcastConfigurationReqResp
 .text.RFPositionConfigurationReqResp
                0x00016ab0      0x38c .\CortexM3\ARM_GCC_493\Debug\RFServerStackImpl.o
                0x00016ab0                RFPositionConfigurationReqResp
 .text.RFIslandOperDataReqResp
                0x00016e3c      0x2c0 .\CortexM3\ARM_GCC_493\Debug\RFServerStackImpl.o
                0x00016e3c                RFIslandOperDataReqResp
 .text.RFIslandAdminReqResp
                0x000170fc      0x350 .\CortexM3\ARM_GCC_493\Debug\RFServerStackImpl.o
                0x000170fc                RFIslandAdminReqResp
 .text.GeneralPrintRequestPayloadSizeResolver
                0x0001744c       0x20 .\CortexM3\ARM_GCC_493\Debug\RFServerStackImpl.o
                0x0001744c                GeneralPrintRequestPayloadSizeResolver
 .text.RFCopyPrintReqResp
                0x0001746c      0x2e0 .\CortexM3\ARM_GCC_493\Debug\RFServerStackImpl.o
                0x0001746c                RFCopyPrintReqResp
 .text.main     0x0001774c       0x28 .\CortexM3\ARM_GCC_493\Debug\main.o
                0x0001774c                main
 .text.IntDefaultHandler
                0x00017774        0x8 .\CortexM3\ARM_GCC_493\Debug\Cm3Start.o
                0x00017774                IntDefaultHandler
 .text._sbrk    0x0001777c       0x50 .\CortexM3\ARM_GCC_493\Debug\Cm3Start.o
                0x0001777c                _sbrk
 .text.Start_c  0x000177cc       0x98 .\CortexM3\ARM_GCC_493\Debug\Cm3Start.o
                0x000177cc                Start_c
 .text.initialize_psoc
                0x00017864       0x8c .\CortexM3\ARM_GCC_493\Debug\Cm3Start.o
                0x00017864                initialize_psoc
 .text.CYMEMZERO
                0x000178f0       0x1c .\CortexM3\ARM_GCC_493\Debug\CorEx-Mux-Kernel.a(cyfitter_cfg.o)
 .text.CYCONFIGCPY
                0x0001790c       0x1c .\CortexM3\ARM_GCC_493\Debug\CorEx-Mux-Kernel.a(cyfitter_cfg.o)
 .text.CyClockStartupError
                0x00017928        0xc .\CortexM3\ARM_GCC_493\Debug\CorEx-Mux-Kernel.a(cyfitter_cfg.o)
 .text.cfg_write_bytes32
                0x00017934       0x74 .\CortexM3\ARM_GCC_493\Debug\CorEx-Mux-Kernel.a(cyfitter_cfg.o)
 .text.ClockSetup
                0x000179a8      0x17c .\CortexM3\ARM_GCC_493\Debug\CorEx-Mux-Kernel.a(cyfitter_cfg.o)
 .text.AnalogSetDefault
                0x00017b24       0x44 .\CortexM3\ARM_GCC_493\Debug\CorEx-Mux-Kernel.a(cyfitter_cfg.o)
 .text.cyfitter_cfg
                0x00017b68      0x190 .\CortexM3\ARM_GCC_493\Debug\CorEx-Mux-Kernel.a(cyfitter_cfg.o)
                0x00017b68                cyfitter_cfg
 .text.RF_Physical_Start
                0x00017cf8       0x20 .\CortexM3\ARM_GCC_493\Debug\CorEx-Mux-Kernel.a(RF_Physical.o)
                0x00017cf8                RF_Physical_Start
 .text.RF_Physical_Init
                0x00017d18       0x58 .\CortexM3\ARM_GCC_493\Debug\CorEx-Mux-Kernel.a(RF_Physical.o)
                0x00017d18                RF_Physical_Init
 .text.RF_Physical_Enable
                0x00017d70       0x68 .\CortexM3\ARM_GCC_493\Debug\CorEx-Mux-Kernel.a(RF_Physical.o)
                0x00017d70                RF_Physical_Enable
 .text.RF_Physical_Stop
                0x00017dd8       0x68 .\CortexM3\ARM_GCC_493\Debug\CorEx-Mux-Kernel.a(RF_Physical.o)
                0x00017dd8                RF_Physical_Stop
 .text.RF_Physical_ReadControlRegister
                0x00017e40       0x10 .\CortexM3\ARM_GCC_493\Debug\CorEx-Mux-Kernel.a(RF_Physical.o)
                0x00017e40                RF_Physical_ReadControlRegister
 .text.RF_Physical_WriteControlRegister
                0x00017e50       0x14 .\CortexM3\ARM_GCC_493\Debug\CorEx-Mux-Kernel.a(RF_Physical.o)
                0x00017e50                RF_Physical_WriteControlRegister
 .text.RF_Physical_ReadRxData
                0x00017e64       0x94 .\CortexM3\ARM_GCC_493\Debug\CorEx-Mux-Kernel.a(RF_Physical.o)
                0x00017e64                RF_Physical_ReadRxData
 .text.RF_Physical_ReadRxStatus
                0x00017ef8       0x40 .\CortexM3\ARM_GCC_493\Debug\CorEx-Mux-Kernel.a(RF_Physical.o)
                0x00017ef8                RF_Physical_ReadRxStatus
 .text.RF_Physical_GetChar
                0x00017f38       0xbc .\CortexM3\ARM_GCC_493\Debug\CorEx-Mux-Kernel.a(RF_Physical.o)
                0x00017f38                RF_Physical_GetChar
 .text.RF_Physical_GetByte
                0x00017ff4       0x44 .\CortexM3\ARM_GCC_493\Debug\CorEx-Mux-Kernel.a(RF_Physical.o)
                0x00017ff4                RF_Physical_GetByte
 .text.RF_Physical_GetRxBufferSize
                0x00018038       0x94 .\CortexM3\ARM_GCC_493\Debug\CorEx-Mux-Kernel.a(RF_Physical.o)
                0x00018038                RF_Physical_GetRxBufferSize
 .text.RF_Physical_ClearRxBuffer
                0x000180cc       0x7c .\CortexM3\ARM_GCC_493\Debug\CorEx-Mux-Kernel.a(RF_Physical.o)
                0x000180cc                RF_Physical_ClearRxBuffer
 .text.RF_Physical_WriteTxData
                0x00018148       0x2c .\CortexM3\ARM_GCC_493\Debug\CorEx-Mux-Kernel.a(RF_Physical.o)
                0x00018148                RF_Physical_WriteTxData
 .text.RF_Physical_ReadTxStatus
                0x00018174       0x18 .\CortexM3\ARM_GCC_493\Debug\CorEx-Mux-Kernel.a(RF_Physical.o)
                0x00018174                RF_Physical_ReadTxStatus
 .text.RF_Physical_PutChar
                0x0001818c       0x34 .\CortexM3\ARM_GCC_493\Debug\CorEx-Mux-Kernel.a(RF_Physical.o)
                0x0001818c                RF_Physical_PutChar
 .text.RF_Physical_PutString
                0x000181c0       0x40 .\CortexM3\ARM_GCC_493\Debug\CorEx-Mux-Kernel.a(RF_Physical.o)
                0x000181c0                RF_Physical_PutString
 .text.RF_Physical_PutArray
                0x00018200       0x40 .\CortexM3\ARM_GCC_493\Debug\CorEx-Mux-Kernel.a(RF_Physical.o)
                0x00018200                RF_Physical_PutArray
 .text.RF_Physical_PutCRLF
                0x00018240       0x30 .\CortexM3\ARM_GCC_493\Debug\CorEx-Mux-Kernel.a(RF_Physical.o)
                0x00018240                RF_Physical_PutCRLF
 .text.RF_Physical_ClearTxBuffer
                0x00018270       0x40 .\CortexM3\ARM_GCC_493\Debug\CorEx-Mux-Kernel.a(RF_Physical.o)
                0x00018270                RF_Physical_ClearTxBuffer
 .text.RF_Physical_RXISR
                0x000182b0       0xf0 .\CortexM3\ARM_GCC_493\Debug\CorEx-Mux-Kernel.a(RF_Physical_INT.o)
                0x000182b0                RF_Physical_RXISR
 .text.RF_Physical_IntClock_Start
                0x000183a0       0x34 .\CortexM3\ARM_GCC_493\Debug\CorEx-Mux-Kernel.a(RF_Physical_IntClock.o)
                0x000183a0                RF_Physical_IntClock_Start
 .text.RF_Physical_IntClock_Stop
                0x000183d4       0x34 .\CortexM3\ARM_GCC_493\Debug\CorEx-Mux-Kernel.a(RF_Physical_IntClock.o)
                0x000183d4                RF_Physical_IntClock_Stop
 .text          0x00018408       0x20 .\CortexM3\ARM_GCC_493\Debug\CorEx-Mux-Kernel.a(CyBootAsmGnu.o)
                0x00018408                CyDelayCycles
                0x00018418                CyEnterCriticalSection
                0x00018420                CyExitCriticalSection
 .text.CyHalt   0x00018428       0x18 .\CortexM3\ARM_GCC_493\Debug\CorEx-Mux-Kernel.a(CyLib.o)
                0x00018428                CyHalt
 .text.CyDelay  0x00018440       0x44 .\CortexM3\ARM_GCC_493\Debug\CorEx-Mux-Kernel.a(CyLib.o)
                0x00018440                CyDelay
 .text.CyDelayUs
                0x00018484       0x24 .\CortexM3\ARM_GCC_493\Debug\CorEx-Mux-Kernel.a(CyLib.o)
                0x00018484                CyDelayUs
 .text.CyDelayFreq
                0x000184a8       0x7c .\CortexM3\ARM_GCC_493\Debug\CorEx-Mux-Kernel.a(CyLib.o)
                0x000184a8                CyDelayFreq
 .text.CyWdtStart
                0x00018524       0x8c .\CortexM3\ARM_GCC_493\Debug\CorEx-Mux-Kernel.a(CyLib.o)
                0x00018524                CyWdtStart
 .text.CyWdtClear
                0x000185b0       0x18 .\CortexM3\ARM_GCC_493\Debug\CorEx-Mux-Kernel.a(CyLib.o)
                0x000185b0                CyWdtClear
 .text.CyIntSetVector
                0x000185c8       0x50 .\CortexM3\ARM_GCC_493\Debug\CorEx-Mux-Kernel.a(CyLib.o)
                0x000185c8                CyIntSetVector
 .text.CyIntSetPriority
                0x00018618       0x44 .\CortexM3\ARM_GCC_493\Debug\CorEx-Mux-Kernel.a(CyLib.o)
                0x00018618                CyIntSetPriority
 .text.Printer_Start
                0x0001865c       0x20 .\CortexM3\ARM_GCC_493\Debug\CorEx-Mux-Kernel.a(Printer.o)
                0x0001865c                Printer_Start
 .text.Printer_Init
                0x0001867c       0x40 .\CortexM3\ARM_GCC_493\Debug\CorEx-Mux-Kernel.a(Printer.o)
                0x0001867c                Printer_Init
 .text.Printer_Enable
                0x000186bc       0x58 .\CortexM3\ARM_GCC_493\Debug\CorEx-Mux-Kernel.a(Printer.o)
                0x000186bc                Printer_Enable
 .text.Printer_Stop
                0x00018714       0x58 .\CortexM3\ARM_GCC_493\Debug\CorEx-Mux-Kernel.a(Printer.o)
                0x00018714                Printer_Stop
 .text.Printer_ReadControlRegister
                0x0001876c       0x10 .\CortexM3\ARM_GCC_493\Debug\CorEx-Mux-Kernel.a(Printer.o)
                0x0001876c                Printer_ReadControlRegister
 .text.Printer_WriteControlRegister
                0x0001877c       0x14 .\CortexM3\ARM_GCC_493\Debug\CorEx-Mux-Kernel.a(Printer.o)
                0x0001877c                Printer_WriteControlRegister
 .text.Printer_ReadRxData
                0x00018790       0x20 .\CortexM3\ARM_GCC_493\Debug\CorEx-Mux-Kernel.a(Printer.o)
                0x00018790                Printer_ReadRxData
 .text.Printer_ReadRxStatus
                0x000187b0       0x24 .\CortexM3\ARM_GCC_493\Debug\CorEx-Mux-Kernel.a(Printer.o)
                0x000187b0                Printer_ReadRxStatus
 .text.Printer_GetChar
                0x000187d4       0x44 .\CortexM3\ARM_GCC_493\Debug\CorEx-Mux-Kernel.a(Printer.o)
                0x000187d4                Printer_GetChar
 .text.Printer_GetByte
                0x00018818       0x24 .\CortexM3\ARM_GCC_493\Debug\CorEx-Mux-Kernel.a(Printer.o)
                0x00018818                Printer_GetByte
 .text.Printer_GetRxBufferSize
                0x0001883c       0x30 .\CortexM3\ARM_GCC_493\Debug\CorEx-Mux-Kernel.a(Printer.o)
                0x0001883c                Printer_GetRxBufferSize
 .text.Printer_ClearRxBuffer
                0x0001886c       0x40 .\CortexM3\ARM_GCC_493\Debug\CorEx-Mux-Kernel.a(Printer.o)
                0x0001886c                Printer_ClearRxBuffer
 .text.Printer_WriteTxData
                0x000188ac       0x2c .\CortexM3\ARM_GCC_493\Debug\CorEx-Mux-Kernel.a(Printer.o)
                0x000188ac                Printer_WriteTxData
 .text.Printer_ReadTxStatus
                0x000188d8       0x18 .\CortexM3\ARM_GCC_493\Debug\CorEx-Mux-Kernel.a(Printer.o)
                0x000188d8                Printer_ReadTxStatus
 .text.Printer_PutChar
                0x000188f0       0x34 .\CortexM3\ARM_GCC_493\Debug\CorEx-Mux-Kernel.a(Printer.o)
                0x000188f0                Printer_PutChar
 .text.Printer_PutString
                0x00018924       0x40 .\CortexM3\ARM_GCC_493\Debug\CorEx-Mux-Kernel.a(Printer.o)
                0x00018924                Printer_PutString
 .text.Printer_PutArray
                0x00018964       0x40 .\CortexM3\ARM_GCC_493\Debug\CorEx-Mux-Kernel.a(Printer.o)
                0x00018964                Printer_PutArray
 .text.Printer_PutCRLF
                0x000189a4       0x30 .\CortexM3\ARM_GCC_493\Debug\CorEx-Mux-Kernel.a(Printer.o)
                0x000189a4                Printer_PutCRLF
 .text.Printer_ClearTxBuffer
                0x000189d4       0x40 .\CortexM3\ARM_GCC_493\Debug\CorEx-Mux-Kernel.a(Printer.o)
                0x000189d4                Printer_ClearTxBuffer
 .text.Dispenser_Start
                0x00018a14       0x20 .\CortexM3\ARM_GCC_493\Debug\CorEx-Mux-Kernel.a(Dispenser.o)
                0x00018a14                Dispenser_Start
 .text.Dispenser_Init
                0x00018a34       0x58 .\CortexM3\ARM_GCC_493\Debug\CorEx-Mux-Kernel.a(Dispenser.o)
                0x00018a34                Dispenser_Init
 .text.Dispenser_Enable
                0x00018a8c       0x64 .\CortexM3\ARM_GCC_493\Debug\CorEx-Mux-Kernel.a(Dispenser.o)
                0x00018a8c                Dispenser_Enable
 .text.Dispenser_Stop
                0x00018af0       0x64 .\CortexM3\ARM_GCC_493\Debug\CorEx-Mux-Kernel.a(Dispenser.o)
                0x00018af0                Dispenser_Stop
 .text.Dispenser_ReadControlRegister
                0x00018b54       0x10 .\CortexM3\ARM_GCC_493\Debug\CorEx-Mux-Kernel.a(Dispenser.o)
                0x00018b54                Dispenser_ReadControlRegister
 .text.Dispenser_WriteControlRegister
                0x00018b64       0x14 .\CortexM3\ARM_GCC_493\Debug\CorEx-Mux-Kernel.a(Dispenser.o)
                0x00018b64                Dispenser_WriteControlRegister
 .text.Dispenser_ReadRxData
                0x00018b78       0x94 .\CortexM3\ARM_GCC_493\Debug\CorEx-Mux-Kernel.a(Dispenser.o)
                0x00018b78                Dispenser_ReadRxData
 .text.Dispenser_ReadRxStatus
                0x00018c0c       0x40 .\CortexM3\ARM_GCC_493\Debug\CorEx-Mux-Kernel.a(Dispenser.o)
                0x00018c0c                Dispenser_ReadRxStatus
 .text.Dispenser_GetChar
                0x00018c4c       0xb8 .\CortexM3\ARM_GCC_493\Debug\CorEx-Mux-Kernel.a(Dispenser.o)
                0x00018c4c                Dispenser_GetChar
 .text.Dispenser_GetByte
                0x00018d04       0x44 .\CortexM3\ARM_GCC_493\Debug\CorEx-Mux-Kernel.a(Dispenser.o)
                0x00018d04                Dispenser_GetByte
 .text.Dispenser_GetRxBufferSize
                0x00018d48       0x94 .\CortexM3\ARM_GCC_493\Debug\CorEx-Mux-Kernel.a(Dispenser.o)
                0x00018d48                Dispenser_GetRxBufferSize
 .text.Dispenser_ClearRxBuffer
                0x00018ddc       0x7c .\CortexM3\ARM_GCC_493\Debug\CorEx-Mux-Kernel.a(Dispenser.o)
                0x00018ddc                Dispenser_ClearRxBuffer
 .text.Dispenser_WriteTxData
                0x00018e58       0x2c .\CortexM3\ARM_GCC_493\Debug\CorEx-Mux-Kernel.a(Dispenser.o)
                0x00018e58                Dispenser_WriteTxData
 .text.Dispenser_ReadTxStatus
                0x00018e84       0x18 .\CortexM3\ARM_GCC_493\Debug\CorEx-Mux-Kernel.a(Dispenser.o)
                0x00018e84                Dispenser_ReadTxStatus
 .text.Dispenser_PutChar
                0x00018e9c       0x34 .\CortexM3\ARM_GCC_493\Debug\CorEx-Mux-Kernel.a(Dispenser.o)
                0x00018e9c                Dispenser_PutChar
 .text.Dispenser_PutString
                0x00018ed0       0x40 .\CortexM3\ARM_GCC_493\Debug\CorEx-Mux-Kernel.a(Dispenser.o)
                0x00018ed0                Dispenser_PutString
 .text.Dispenser_PutArray
                0x00018f10       0x40 .\CortexM3\ARM_GCC_493\Debug\CorEx-Mux-Kernel.a(Dispenser.o)
                0x00018f10                Dispenser_PutArray
 .text.Dispenser_PutCRLF
                0x00018f50       0x30 .\CortexM3\ARM_GCC_493\Debug\CorEx-Mux-Kernel.a(Dispenser.o)
                0x00018f50                Dispenser_PutCRLF
 .text.Dispenser_ClearTxBuffer
                0x00018f80       0x40 .\CortexM3\ARM_GCC_493\Debug\CorEx-Mux-Kernel.a(Dispenser.o)
                0x00018f80                Dispenser_ClearTxBuffer
 .text.Dispenser_RXISR
                0x00018fc0       0xec .\CortexM3\ARM_GCC_493\Debug\CorEx-Mux-Kernel.a(Dispenser_INT.o)
                0x00018fc0                Dispenser_RXISR
 .text.Display1_Start
                0x000190ac       0x20 .\CortexM3\ARM_GCC_493\Debug\CorEx-Mux-Kernel.a(Display1.o)
                0x000190ac                Display1_Start
 .text.Display1_Init
                0x000190cc       0x58 .\CortexM3\ARM_GCC_493\Debug\CorEx-Mux-Kernel.a(Display1.o)
                0x000190cc                Display1_Init
 .text.Display1_Enable
                0x00019124       0x68 .\CortexM3\ARM_GCC_493\Debug\CorEx-Mux-Kernel.a(Display1.o)
                0x00019124                Display1_Enable
 .text.Display1_Stop
                0x0001918c       0x68 .\CortexM3\ARM_GCC_493\Debug\CorEx-Mux-Kernel.a(Display1.o)
                0x0001918c                Display1_Stop
 .text.Display1_ReadControlRegister
                0x000191f4       0x10 .\CortexM3\ARM_GCC_493\Debug\CorEx-Mux-Kernel.a(Display1.o)
                0x000191f4                Display1_ReadControlRegister
 .text.Display1_WriteControlRegister
                0x00019204       0x14 .\CortexM3\ARM_GCC_493\Debug\CorEx-Mux-Kernel.a(Display1.o)
                0x00019204                Display1_WriteControlRegister
 .text.Display1_ReadRxData
                0x00019218       0x94 .\CortexM3\ARM_GCC_493\Debug\CorEx-Mux-Kernel.a(Display1.o)
                0x00019218                Display1_ReadRxData
 .text.Display1_ReadRxStatus
                0x000192ac       0x40 .\CortexM3\ARM_GCC_493\Debug\CorEx-Mux-Kernel.a(Display1.o)
                0x000192ac                Display1_ReadRxStatus
 .text.Display1_GetChar
                0x000192ec       0xb8 .\CortexM3\ARM_GCC_493\Debug\CorEx-Mux-Kernel.a(Display1.o)
                0x000192ec                Display1_GetChar
 .text.Display1_GetByte
                0x000193a4       0x44 .\CortexM3\ARM_GCC_493\Debug\CorEx-Mux-Kernel.a(Display1.o)
                0x000193a4                Display1_GetByte
 .text.Display1_GetRxBufferSize
                0x000193e8       0x90 .\CortexM3\ARM_GCC_493\Debug\CorEx-Mux-Kernel.a(Display1.o)
                0x000193e8                Display1_GetRxBufferSize
 .text.Display1_ClearRxBuffer
                0x00019478       0x7c .\CortexM3\ARM_GCC_493\Debug\CorEx-Mux-Kernel.a(Display1.o)
                0x00019478                Display1_ClearRxBuffer
 .text.Display1_WriteTxData
                0x000194f4       0x2c .\CortexM3\ARM_GCC_493\Debug\CorEx-Mux-Kernel.a(Display1.o)
                0x000194f4                Display1_WriteTxData
 .text.Display1_ReadTxStatus
                0x00019520       0x18 .\CortexM3\ARM_GCC_493\Debug\CorEx-Mux-Kernel.a(Display1.o)
                0x00019520                Display1_ReadTxStatus
 .text.Display1_PutChar
                0x00019538       0x34 .\CortexM3\ARM_GCC_493\Debug\CorEx-Mux-Kernel.a(Display1.o)
                0x00019538                Display1_PutChar
 .text.Display1_PutString
                0x0001956c       0x40 .\CortexM3\ARM_GCC_493\Debug\CorEx-Mux-Kernel.a(Display1.o)
                0x0001956c                Display1_PutString
 .text.Display1_PutArray
                0x000195ac       0x40 .\CortexM3\ARM_GCC_493\Debug\CorEx-Mux-Kernel.a(Display1.o)
                0x000195ac                Display1_PutArray
 .text.Display1_PutCRLF
                0x000195ec       0x30 .\CortexM3\ARM_GCC_493\Debug\CorEx-Mux-Kernel.a(Display1.o)
                0x000195ec                Display1_PutCRLF
 .text.Display1_ClearTxBuffer
                0x0001961c       0x40 .\CortexM3\ARM_GCC_493\Debug\CorEx-Mux-Kernel.a(Display1.o)
                0x0001961c                Display1_ClearTxBuffer
 .text.Display1_RXISR
                0x0001965c       0xf0 .\CortexM3\ARM_GCC_493\Debug\CorEx-Mux-Kernel.a(Display1_INT.o)
                0x0001965c                Display1_RXISR
 .text.Display2_Start
                0x0001974c       0x20 .\CortexM3\ARM_GCC_493\Debug\CorEx-Mux-Kernel.a(Display2.o)
                0x0001974c                Display2_Start
 .text.Display2_Init
                0x0001976c       0x58 .\CortexM3\ARM_GCC_493\Debug\CorEx-Mux-Kernel.a(Display2.o)
                0x0001976c                Display2_Init
 .text.Display2_Enable
                0x000197c4       0x68 .\CortexM3\ARM_GCC_493\Debug\CorEx-Mux-Kernel.a(Display2.o)
                0x000197c4                Display2_Enable
 .text.Display2_Stop
                0x0001982c       0x68 .\CortexM3\ARM_GCC_493\Debug\CorEx-Mux-Kernel.a(Display2.o)
                0x0001982c                Display2_Stop
 .text.Display2_ReadControlRegister
                0x00019894       0x10 .\CortexM3\ARM_GCC_493\Debug\CorEx-Mux-Kernel.a(Display2.o)
                0x00019894                Display2_ReadControlRegister
 .text.Display2_WriteControlRegister
                0x000198a4       0x14 .\CortexM3\ARM_GCC_493\Debug\CorEx-Mux-Kernel.a(Display2.o)
                0x000198a4                Display2_WriteControlRegister
 .text.Display2_ReadRxData
                0x000198b8       0x94 .\CortexM3\ARM_GCC_493\Debug\CorEx-Mux-Kernel.a(Display2.o)
                0x000198b8                Display2_ReadRxData
 .text.Display2_ReadRxStatus
                0x0001994c       0x40 .\CortexM3\ARM_GCC_493\Debug\CorEx-Mux-Kernel.a(Display2.o)
                0x0001994c                Display2_ReadRxStatus
 .text.Display2_GetChar
                0x0001998c       0xb8 .\CortexM3\ARM_GCC_493\Debug\CorEx-Mux-Kernel.a(Display2.o)
                0x0001998c                Display2_GetChar
 .text.Display2_GetByte
                0x00019a44       0x44 .\CortexM3\ARM_GCC_493\Debug\CorEx-Mux-Kernel.a(Display2.o)
                0x00019a44                Display2_GetByte
 .text.Display2_GetRxBufferSize
                0x00019a88       0x90 .\CortexM3\ARM_GCC_493\Debug\CorEx-Mux-Kernel.a(Display2.o)
                0x00019a88                Display2_GetRxBufferSize
 .text.Display2_ClearRxBuffer
                0x00019b18       0x7c .\CortexM3\ARM_GCC_493\Debug\CorEx-Mux-Kernel.a(Display2.o)
                0x00019b18                Display2_ClearRxBuffer
 .text.Display2_WriteTxData
                0x00019b94       0x2c .\CortexM3\ARM_GCC_493\Debug\CorEx-Mux-Kernel.a(Display2.o)
                0x00019b94                Display2_WriteTxData
 .text.Display2_ReadTxStatus
                0x00019bc0       0x18 .\CortexM3\ARM_GCC_493\Debug\CorEx-Mux-Kernel.a(Display2.o)
                0x00019bc0                Display2_ReadTxStatus
 .text.Display2_PutChar
                0x00019bd8       0x34 .\CortexM3\ARM_GCC_493\Debug\CorEx-Mux-Kernel.a(Display2.o)
                0x00019bd8                Display2_PutChar
 .text.Display2_PutString
                0x00019c0c       0x40 .\CortexM3\ARM_GCC_493\Debug\CorEx-Mux-Kernel.a(Display2.o)
                0x00019c0c                Display2_PutString
 .text.Display2_PutArray
                0x00019c4c       0x40 .\CortexM3\ARM_GCC_493\Debug\CorEx-Mux-Kernel.a(Display2.o)
                0x00019c4c                Display2_PutArray
 .text.Display2_PutCRLF
                0x00019c8c       0x30 .\CortexM3\ARM_GCC_493\Debug\CorEx-Mux-Kernel.a(Display2.o)
                0x00019c8c                Display2_PutCRLF
 .text.Display2_ClearTxBuffer
                0x00019cbc       0x40 .\CortexM3\ARM_GCC_493\Debug\CorEx-Mux-Kernel.a(Display2.o)
                0x00019cbc                Display2_ClearTxBuffer
 .text.Display2_RXISR
                0x00019cfc       0xf0 .\CortexM3\ARM_GCC_493\Debug\CorEx-Mux-Kernel.a(Display2_INT.o)
                0x00019cfc                Display2_RXISR
 .text.Counter_ISR_StartEx
                0x00019dec       0x24 .\CortexM3\ARM_GCC_493\Debug\CorEx-Mux-Kernel.a(Counter_ISR.o)
                0x00019dec                Counter_ISR_StartEx
 .text.Counter_ISR_SetVector
                0x00019e10       0x24 .\CortexM3\ARM_GCC_493\Debug\CorEx-Mux-Kernel.a(Counter_ISR.o)
                0x00019e10                Counter_ISR_SetVector
 .text.Counter_ISR_SetPriority
                0x00019e34       0x24 .\CortexM3\ARM_GCC_493\Debug\CorEx-Mux-Kernel.a(Counter_ISR.o)
                0x00019e34                Counter_ISR_SetPriority
 .text.Counter_ISR_Enable
                0x00019e58       0x18 .\CortexM3\ARM_GCC_493\Debug\CorEx-Mux-Kernel.a(Counter_ISR.o)
                0x00019e58                Counter_ISR_Enable
 .text.Counter_ISR_Disable
                0x00019e70       0x18 .\CortexM3\ARM_GCC_493\Debug\CorEx-Mux-Kernel.a(Counter_ISR.o)
                0x00019e70                Counter_ISR_Disable
 .text.Display1_IntClock_Start
                0x00019e88       0x34 .\CortexM3\ARM_GCC_493\Debug\CorEx-Mux-Kernel.a(Display1_IntClock.o)
                0x00019e88                Display1_IntClock_Start
 .text.Display1_IntClock_Stop
                0x00019ebc       0x34 .\CortexM3\ARM_GCC_493\Debug\CorEx-Mux-Kernel.a(Display1_IntClock.o)
                0x00019ebc                Display1_IntClock_Stop
 .text.Display2_IntClock_Start
                0x00019ef0       0x34 .\CortexM3\ARM_GCC_493\Debug\CorEx-Mux-Kernel.a(Display2_IntClock.o)
                0x00019ef0                Display2_IntClock_Start
 .text.Display2_IntClock_Stop
                0x00019f24       0x34 .\CortexM3\ARM_GCC_493\Debug\CorEx-Mux-Kernel.a(Display2_IntClock.o)
                0x00019f24                Display2_IntClock_Stop
 .text.I2C_Bus_Init
                0x00019f58       0x80 .\CortexM3\ARM_GCC_493\Debug\CorEx-Mux-Kernel.a(I2C_Bus.o)
                0x00019f58                I2C_Bus_Init
 .text.I2C_Bus_Enable
                0x00019fd8       0x44 .\CortexM3\ARM_GCC_493\Debug\CorEx-Mux-Kernel.a(I2C_Bus.o)
                0x00019fd8                I2C_Bus_Enable
 .text.I2C_Bus_Start
                0x0001a01c       0x2c .\CortexM3\ARM_GCC_493\Debug\CorEx-Mux-Kernel.a(I2C_Bus.o)
                0x0001a01c                I2C_Bus_Start
 .text.I2C_Bus_ISR
                0x0001a048      0x3ac .\CortexM3\ARM_GCC_493\Debug\CorEx-Mux-Kernel.a(I2C_Bus_INT.o)
                0x0001a048                I2C_Bus_ISR
 .text.I2C_Bus_MasterSendStart
                0x0001a3f4       0xbc .\CortexM3\ARM_GCC_493\Debug\CorEx-Mux-Kernel.a(I2C_Bus_MASTER.o)
                0x0001a3f4                I2C_Bus_MasterSendStart
 .text.I2C_Bus_MasterSendRestart
                0x0001a4b0       0xa4 .\CortexM3\ARM_GCC_493\Debug\CorEx-Mux-Kernel.a(I2C_Bus_MASTER.o)
                0x0001a4b0                I2C_Bus_MasterSendRestart
 .text.I2C_Bus_MasterSendStop
                0x0001a554       0x58 .\CortexM3\ARM_GCC_493\Debug\CorEx-Mux-Kernel.a(I2C_Bus_MASTER.o)
                0x0001a554                I2C_Bus_MasterSendStop
 .text.I2C_Bus_MasterWriteByte
                0x0001a5ac       0x80 .\CortexM3\ARM_GCC_493\Debug\CorEx-Mux-Kernel.a(I2C_Bus_MASTER.o)
                0x0001a5ac                I2C_Bus_MasterWriteByte
 .text.I2C_Bus_MasterReadByte
                0x0001a62c       0x7c .\CortexM3\ARM_GCC_493\Debug\CorEx-Mux-Kernel.a(I2C_Bus_MASTER.o)
                0x0001a62c                I2C_Bus_MasterReadByte
 .text.I2C_Bus_MasterClearStatus
                0x0001a6a8       0x3c .\CortexM3\ARM_GCC_493\Debug\CorEx-Mux-Kernel.a(I2C_Bus_MASTER.o)
                0x0001a6a8                I2C_Bus_MasterClearStatus
 .text.iButton1_Write
                0x0001a6e4       0x3c .\CortexM3\ARM_GCC_493\Debug\CorEx-Mux-Kernel.a(iButton1.o)
                0x0001a6e4                iButton1_Write
 .text.iButton1_Read
                0x0001a720       0x20 .\CortexM3\ARM_GCC_493\Debug\CorEx-Mux-Kernel.a(iButton1.o)
                0x0001a720                iButton1_Read
 .text.iButton2_Write
                0x0001a740       0x34 .\CortexM3\ARM_GCC_493\Debug\CorEx-Mux-Kernel.a(iButton2.o)
                0x0001a740                iButton2_Write
 .text.iButton2_Read
                0x0001a774       0x1c .\CortexM3\ARM_GCC_493\Debug\CorEx-Mux-Kernel.a(iButton2.o)
                0x0001a774                iButton2_Read
 .text.eepromWP_Write
                0x0001a790       0x3c .\CortexM3\ARM_GCC_493\Debug\CorEx-Mux-Kernel.a(eepromWP.o)
                0x0001a790                eepromWP_Write
 .text.Timer_DispenserState_Init
                0x0001a7cc       0x4c .\CortexM3\ARM_GCC_493\Debug\CorEx-Mux-Kernel.a(Timer_DispenserState.o)
                0x0001a7cc                Timer_DispenserState_Init
 .text.Timer_DispenserState_Enable
                0x0001a818       0x20 .\CortexM3\ARM_GCC_493\Debug\CorEx-Mux-Kernel.a(Timer_DispenserState.o)
                0x0001a818                Timer_DispenserState_Enable
 .text.Timer_DispenserState_Start
                0x0001a838       0x20 .\CortexM3\ARM_GCC_493\Debug\CorEx-Mux-Kernel.a(Timer_DispenserState.o)
                0x0001a838                Timer_DispenserState_Start
 .text.Timer_DispenserState_SetInterruptMode
                0x0001a858       0x20 .\CortexM3\ARM_GCC_493\Debug\CorEx-Mux-Kernel.a(Timer_DispenserState.o)
                0x0001a858                Timer_DispenserState_SetInterruptMode
 .text.Timer_DispenserState_ReadStatusRegister
                0x0001a878       0x18 .\CortexM3\ARM_GCC_493\Debug\CorEx-Mux-Kernel.a(Timer_DispenserState.o)
                0x0001a878                Timer_DispenserState_ReadStatusRegister
 .text.Timer_DispenserState_WritePeriod
                0x0001a890       0x20 .\CortexM3\ARM_GCC_493\Debug\CorEx-Mux-Kernel.a(Timer_DispenserState.o)
                0x0001a890                Timer_DispenserState_WritePeriod
 .text.Timer_DispenserState_ReadCapture
                0x0001a8b0       0x18 .\CortexM3\ARM_GCC_493\Debug\CorEx-Mux-Kernel.a(Timer_DispenserState.o)
                0x0001a8b0                Timer_DispenserState_ReadCapture
 .text.Timer_DispenserState_WriteCounter
                0x0001a8c8       0x20 .\CortexM3\ARM_GCC_493\Debug\CorEx-Mux-Kernel.a(Timer_DispenserState.o)
                0x0001a8c8                Timer_DispenserState_WriteCounter
 .text.Timer_DispenserState_ReadCounter
                0x0001a8e8       0x20 .\CortexM3\ARM_GCC_493\Debug\CorEx-Mux-Kernel.a(Timer_DispenserState.o)
                0x0001a8e8                Timer_DispenserState_ReadCounter
 .text.Timer_DispenserState_ClearFIFO
                0x0001a908       0x1c .\CortexM3\ARM_GCC_493\Debug\CorEx-Mux-Kernel.a(Timer_DispenserState.o)
                0x0001a908                Timer_DispenserState_ClearFIFO
 .text.DispenserStateTimeout_ISR_StartEx
                0x0001a924       0x24 .\CortexM3\ARM_GCC_493\Debug\CorEx-Mux-Kernel.a(DispenserStateTimeout_ISR.o)
                0x0001a924                DispenserStateTimeout_ISR_StartEx
 .text.DispenserStateTimeout_ISR_SetVector
                0x0001a948       0x24 .\CortexM3\ARM_GCC_493\Debug\CorEx-Mux-Kernel.a(DispenserStateTimeout_ISR.o)
                0x0001a948                DispenserStateTimeout_ISR_SetVector
 .text.DispenserStateTimeout_ISR_SetPriority
                0x0001a96c       0x24 .\CortexM3\ARM_GCC_493\Debug\CorEx-Mux-Kernel.a(DispenserStateTimeout_ISR.o)
                0x0001a96c                DispenserStateTimeout_ISR_SetPriority
 .text.DispenserStateTimeout_ISR_Enable
                0x0001a990       0x18 .\CortexM3\ARM_GCC_493\Debug\CorEx-Mux-Kernel.a(DispenserStateTimeout_ISR.o)
                0x0001a990                DispenserStateTimeout_ISR_Enable
 .text.DispenserStateTimeout_ISR_Disable
                0x0001a9a8       0x18 .\CortexM3\ARM_GCC_493\Debug\CorEx-Mux-Kernel.a(DispenserStateTimeout_ISR.o)
                0x0001a9a8                DispenserStateTimeout_ISR_Disable
 .text.Timer_Tick_Init
                0x0001a9c0       0x9c .\CortexM3\ARM_GCC_493\Debug\CorEx-Mux-Kernel.a(Timer_Tick.o)
                0x0001a9c0                Timer_Tick_Init
 .text.Timer_Tick_Enable
                0x0001aa5c       0x48 .\CortexM3\ARM_GCC_493\Debug\CorEx-Mux-Kernel.a(Timer_Tick.o)
                0x0001aa5c                Timer_Tick_Enable
 .text.Timer_Tick_Start
                0x0001aaa4       0x20 .\CortexM3\ARM_GCC_493\Debug\CorEx-Mux-Kernel.a(Timer_Tick.o)
                0x0001aaa4                Timer_Tick_Start
 .text.Timer_Tick_SetInterruptMode
                0x0001aac4       0x20 .\CortexM3\ARM_GCC_493\Debug\CorEx-Mux-Kernel.a(Timer_Tick.o)
                0x0001aac4                Timer_Tick_SetInterruptMode
 .text.Timer_Tick_ReadStatusRegister
                0x0001aae4       0x18 .\CortexM3\ARM_GCC_493\Debug\CorEx-Mux-Kernel.a(Timer_Tick.o)
                0x0001aae4                Timer_Tick_ReadStatusRegister
 .text.Timer_Tick_WritePeriod
                0x0001aafc       0x24 .\CortexM3\ARM_GCC_493\Debug\CorEx-Mux-Kernel.a(Timer_Tick.o)
                0x0001aafc                Timer_Tick_WritePeriod
 .text.Timer_Tick_WriteCounter
                0x0001ab20       0x20 .\CortexM3\ARM_GCC_493\Debug\CorEx-Mux-Kernel.a(Timer_Tick.o)
                0x0001ab20                Timer_Tick_WriteCounter
 .text.Timer_Tick_ReadCounter
                0x0001ab40       0x20 .\CortexM3\ARM_GCC_493\Debug\CorEx-Mux-Kernel.a(Timer_Tick.o)
                0x0001ab40                Timer_Tick_ReadCounter
 .text.pow10    0x0001ab60       0x10 c:/program files (x86)/cypress/psoc creator/3.3/psoc creator/import/gnu/arm/4.9.3/bin/../lib/gcc/arm-none-eabi/4.9.3/../../../../arm-none-eabi/lib/armv7-m\libm.a(lib_a-s_pow10.o)
                0x0001ab60                pow10
 .text.round    0x0001ab70       0xa0 c:/program files (x86)/cypress/psoc creator/3.3/psoc creator/import/gnu/arm/4.9.3/bin/../lib/gcc/arm-none-eabi/4.9.3/../../../../arm-none-eabi/lib/armv7-m\libm.a(lib_a-s_round.o)
                0x0001ab70                round
 .text.pow      0x0001ac10      0x2f0 c:/program files (x86)/cypress/psoc creator/3.3/psoc creator/import/gnu/arm/4.9.3/bin/../lib/gcc/arm-none-eabi/4.9.3/../../../../arm-none-eabi/lib/armv7-m\libm.a(lib_a-w_pow.o)
                0x0001ac10                pow
 .text.__ieee754_pow
                0x0001af00      0xaa0 c:/program files (x86)/cypress/psoc creator/3.3/psoc creator/import/gnu/arm/4.9.3/bin/../lib/gcc/arm-none-eabi/4.9.3/../../../../arm-none-eabi/lib/armv7-m\libm.a(lib_a-e_pow.o)
                0x0001af00                __ieee754_pow
 .text.__ieee754_sqrt
                0x0001b9a0      0x18c c:/program files (x86)/cypress/psoc creator/3.3/psoc creator/import/gnu/arm/4.9.3/bin/../lib/gcc/arm-none-eabi/4.9.3/../../../../arm-none-eabi/lib/armv7-m\libm.a(lib_a-e_sqrt.o)
                0x0001b9a0                __ieee754_sqrt
 .text.fabs     0x0001bb2c        0x8 c:/program files (x86)/cypress/psoc creator/3.3/psoc creator/import/gnu/arm/4.9.3/bin/../lib/gcc/arm-none-eabi/4.9.3/../../../../arm-none-eabi/lib/armv7-m\libm.a(lib_a-s_fabs.o)
                0x0001bb2c                fabs
 .text.finite   0x0001bb34        0xc c:/program files (x86)/cypress/psoc creator/3.3/psoc creator/import/gnu/arm/4.9.3/bin/../lib/gcc/arm-none-eabi/4.9.3/../../../../arm-none-eabi/lib/armv7-m\libm.a(lib_a-s_finite.o)
                0x0001bb34                finite
 .text.__fpclassifyd
                0x0001bb40       0x58 c:/program files (x86)/cypress/psoc creator/3.3/psoc creator/import/gnu/arm/4.9.3/bin/../lib/gcc/arm-none-eabi/4.9.3/../../../../arm-none-eabi/lib/armv7-m\libm.a(lib_a-s_fpclassify.o)
                0x0001bb40                __fpclassifyd
 .text.matherr  0x0001bb98        0x4 c:/program files (x86)/cypress/psoc creator/3.3/psoc creator/import/gnu/arm/4.9.3/bin/../lib/gcc/arm-none-eabi/4.9.3/../../../../arm-none-eabi/lib/armv7-m\libm.a(lib_a-s_matherr.o)
                0x0001bb98                matherr
 .text.nan      0x0001bb9c        0xc c:/program files (x86)/cypress/psoc creator/3.3/psoc creator/import/gnu/arm/4.9.3/bin/../lib/gcc/arm-none-eabi/4.9.3/../../../../arm-none-eabi/lib/armv7-m\libm.a(lib_a-s_nan.o)
                0x0001bb9c                nan
 .text.rint     0x0001bba8      0x11c c:/program files (x86)/cypress/psoc creator/3.3/psoc creator/import/gnu/arm/4.9.3/bin/../lib/gcc/arm-none-eabi/4.9.3/../../../../arm-none-eabi/lib/armv7-m\libm.a(lib_a-s_rint.o)
                0x0001bba8                rint
 *fill*         0x0001bcc4        0x4 
 .text.scalbn   0x0001bcc8       0xf0 c:/program files (x86)/cypress/psoc creator/3.3/psoc creator/import/gnu/arm/4.9.3/bin/../lib/gcc/arm-none-eabi/4.9.3/../../../../arm-none-eabi/lib/armv7-m\libm.a(lib_a-s_scalbn.o)
                0x0001bcc8                scalbn
 .text.copysign
                0x0001bdb8       0x10 c:/program files (x86)/cypress/psoc creator/3.3/psoc creator/import/gnu/arm/4.9.3/bin/../lib/gcc/arm-none-eabi/4.9.3/../../../../arm-none-eabi/lib/armv7-m\libm.a(lib_a-s_copysign.o)
                0x0001bdb8                copysign
 .text          0x0001bdc8      0x370 c:/program files (x86)/cypress/psoc creator/3.3/psoc creator/import/gnu/arm/4.9.3/bin/../lib/gcc/arm-none-eabi/4.9.3/armv7-m\libgcc.a(_arm_addsubdf3.o)
                0x0001bdc8                __aeabi_drsub
                0x0001bdd0                __aeabi_dsub
                0x0001bdd0                __subdf3
                0x0001bdd4                __aeabi_dadd
                0x0001bdd4                __adddf3
                0x0001c04c                __floatunsidf
                0x0001c04c                __aeabi_ui2d
                0x0001c06c                __floatsidf
                0x0001c06c                __aeabi_i2d
                0x0001c090                __aeabi_f2d
                0x0001c090                __extendsfdf2
                0x0001c0cc                __floatundidf
                0x0001c0cc                __aeabi_ul2d
                0x0001c0dc                __floatdidf
                0x0001c0dc                __aeabi_l2d
 .text          0x0001c138      0x424 c:/program files (x86)/cypress/psoc creator/3.3/psoc creator/import/gnu/arm/4.9.3/bin/../lib/gcc/arm-none-eabi/4.9.3/armv7-m\libgcc.a(_arm_muldivdf3.o)
                0x0001c138                __aeabi_dmul
                0x0001c138                __muldf3
                0x0001c38c                __divdf3
                0x0001c38c                __aeabi_ddiv
 .text          0x0001c55c      0x110 c:/program files (x86)/cypress/psoc creator/3.3/psoc creator/import/gnu/arm/4.9.3/bin/../lib/gcc/arm-none-eabi/4.9.3/armv7-m\libgcc.a(_arm_cmpdf2.o)
                0x0001c55c                __gtdf2
                0x0001c55c                __gedf2
                0x0001c564                __ltdf2
                0x0001c564                __ledf2
                0x0001c56c                __nedf2
                0x0001c56c                __eqdf2
                0x0001c56c                __cmpdf2
                0x0001c5e8                __aeabi_cdrcmple
                0x0001c5f8                __aeabi_cdcmpeq
                0x0001c5f8                __aeabi_cdcmple
                0x0001c608                __aeabi_dcmpeq
                0x0001c61c                __aeabi_dcmplt
                0x0001c630                __aeabi_dcmple
                0x0001c644                __aeabi_dcmpge
                0x0001c658                __aeabi_dcmpgt
 .text          0x0001c66c       0x40 c:/program files (x86)/cypress/psoc creator/3.3/psoc creator/import/gnu/arm/4.9.3/bin/../lib/gcc/arm-none-eabi/4.9.3/armv7-m\libgcc.a(_arm_fixunsdfsi.o)
                0x0001c66c                __aeabi_d2uiz
                0x0001c66c                __fixunsdfsi
 .text          0x0001c6ac       0x30 c:/program files (x86)/cypress/psoc creator/3.3/psoc creator/import/gnu/arm/4.9.3/bin/../lib/gcc/arm-none-eabi/4.9.3/armv7-m\libgcc.a(_aeabi_uldivmod.o)
                0x0001c6ac                __aeabi_uldivmod
 .text          0x0001c6dc       0x60 c:/program files (x86)/cypress/psoc creator/3.3/psoc creator/import/gnu/arm/4.9.3/bin/../lib/gcc/arm-none-eabi/4.9.3/armv7-m\libgcc.a(bpabi.o)
                0x0001c6dc                __gnu_ldivmod_helper
                0x0001c70c                __gnu_uldivmod_helper
 .text          0x0001c73c        0x4 c:/program files (x86)/cypress/psoc creator/3.3/psoc creator/import/gnu/arm/4.9.3/bin/../lib/gcc/arm-none-eabi/4.9.3/armv7-m\libgcc.a(_dvmd_tls.o)
                0x0001c73c                __aeabi_idiv0
                0x0001c73c                __aeabi_ldiv0
 .text          0x0001c740      0x2ac c:/program files (x86)/cypress/psoc creator/3.3/psoc creator/import/gnu/arm/4.9.3/bin/../lib/gcc/arm-none-eabi/4.9.3/armv7-m\libgcc.a(_divdi3.o)
                0x0001c740                __divdi3
 .text          0x0001c9ec      0x270 c:/program files (x86)/cypress/psoc creator/3.3/psoc creator/import/gnu/arm/4.9.3/bin/../lib/gcc/arm-none-eabi/4.9.3/armv7-m\libgcc.a(_udivdi3.o)
                0x0001c9ec                __udivdi3
 .text.__errno  0x0001cc5c        0xc c:/program files (x86)/cypress/psoc creator/3.3/psoc creator/import/gnu/arm/4.9.3/bin/../lib/gcc/arm-none-eabi/4.9.3/../../../../arm-none-eabi/lib/armv7-m\libg_nano.a(lib_a-errno.o)
                0x0001cc5c                __errno
 .text.__libc_init_array
                0x0001cc68       0x4c c:/program files (x86)/cypress/psoc creator/3.3/psoc creator/import/gnu/arm/4.9.3/bin/../lib/gcc/arm-none-eabi/4.9.3/../../../../arm-none-eabi/lib/armv7-m\libg_nano.a(lib_a-init.o)
                0x0001cc68                __libc_init_array