Archive member included because of file (symbol)

.\CortexM3\ARM_GCC_493\Debug\CorEx-Mux-Kernel.a(cyfitter_cfg.o)
                              .\CortexM3\ARM_GCC_493\Debug\Cm3Start.o (cyfitter_cfg)
.\CortexM3\ARM_GCC_493\Debug\CorEx-Mux-Kernel.a(RF_Physical.o)
                              .\CortexM3\ARM_GCC_493\Debug\UARTManager.o (RF_Physical_Start)
.\CortexM3\ARM_GCC_493\Debug\CorEx-Mux-Kernel.a(RF_Physical_INT.o)
                              .\CortexM3\ARM_GCC_493\Debug\CorEx-Mux-Kernel.a(RF_Physical.o) (RF_Physical_RXISR)
.\CortexM3\ARM_GCC_493\Debug\CorEx-Mux-Kernel.a(RF_Physical_IntClock.o)
                              .\CortexM3\ARM_GCC_493\Debug\CorEx-Mux-Kernel.a(RF_Physical.o) (RF_Physical_IntClock_Start)
.\CortexM3\ARM_GCC_493\Debug\CorEx-Mux-Kernel.a(CyBootAsmGnu.o)
                              .\CortexM3\ARM_GCC_493\Debug\CorEx-Mux-Kernel.a(cyfitter_cfg.o) (CyDelayCycles)
.\CortexM3\ARM_GCC_493\Debug\CorEx-Mux-Kernel.a(CyLib.o)
                              .\CortexM3\ARM_GCC_493\Debug\Cm3Start.o (CyResetStatus)
.\CortexM3\ARM_GCC_493\Debug\CorEx-Mux-Kernel.a(cyPm.o)
                              .\CortexM3\ARM_GCC_493\Debug\CorEx-Mux-Kernel.a(CyLib.o) (CyPmReadStatus)
.\CortexM3\ARM_GCC_493\Debug\CorEx-Mux-Kernel.a(CRC_Security.o)
                              .\CortexM3\ARM_GCC_493\Debug\Security.o (CRC_Security_Start)
.\CortexM3\ARM_GCC_493\Debug\CorEx-Mux-Kernel.a(ShiftReg_Security.o)
                              .\CortexM3\ARM_GCC_493\Debug\Security.o (ShiftReg_Security_Start)
.\CortexM3\ARM_GCC_493\Debug\CorEx-Mux-Kernel.a(Clock_CRC.o)
                              .\CortexM3\ARM_GCC_493\Debug\Security.o (Clock_CRC_Write)
.\CortexM3\ARM_GCC_493\Debug\CorEx-Mux-Kernel.a(Reset_CRC.o)
                              .\CortexM3\ARM_GCC_493\Debug\Security.o (Reset_CRC_Write)
.\CortexM3\ARM_GCC_493\Debug\CorEx-Mux-Kernel.a(Printer.o)
                              .\CortexM3\ARM_GCC_493\Debug\UARTManager.o (Printer_Start)
.\CortexM3\ARM_GCC_493\Debug\CorEx-Mux-Kernel.a(Dispenser.o)
                              .\CortexM3\ARM_GCC_493\Debug\UARTManager.o (Dispenser_Start)
.\CortexM3\ARM_GCC_493\Debug\CorEx-Mux-Kernel.a(Dispenser_INT.o)
                              .\CortexM3\ARM_GCC_493\Debug\CorEx-Mux-Kernel.a(Dispenser.o) (Dispenser_RXISR)
.\CortexM3\ARM_GCC_493\Debug\CorEx-Mux-Kernel.a(Display1.o)
                              .\CortexM3\ARM_GCC_493\Debug\UARTManager.o (Display1_Start)
.\CortexM3\ARM_GCC_493\Debug\CorEx-Mux-Kernel.a(Display1_INT.o)
                              .\CortexM3\ARM_GCC_493\Debug\CorEx-Mux-Kernel.a(Display1.o) (Display1_RXISR)
.\CortexM3\ARM_GCC_493\Debug\CorEx-Mux-Kernel.a(Display2.o)
                              .\CortexM3\ARM_GCC_493\Debug\UARTManager.o (Display2_Start)
.\CortexM3\ARM_GCC_493\Debug\CorEx-Mux-Kernel.a(Display2_INT.o)
                              .\CortexM3\ARM_GCC_493\Debug\CorEx-Mux-Kernel.a(Display2.o) (Display2_RXISR)
.\CortexM3\ARM_GCC_493\Debug\CorEx-Mux-Kernel.a(Counter_ISR.o)
                              .\CortexM3\ARM_GCC_493\Debug\Timers.o (Counter_ISR_StartEx)
.\CortexM3\ARM_GCC_493\Debug\CorEx-Mux-Kernel.a(Display1_IntClock.o)
                              .\CortexM3\ARM_GCC_493\Debug\CorEx-Mux-Kernel.a(Display1.o) (Display1_IntClock_Start)
.\CortexM3\ARM_GCC_493\Debug\CorEx-Mux-Kernel.a(Display2_IntClock.o)
                              .\CortexM3\ARM_GCC_493\Debug\CorEx-Mux-Kernel.a(Display2.o) (Display2_IntClock_Start)
.\CortexM3\ARM_GCC_493\Debug\CorEx-Mux-Kernel.a(I2C_Bus.o)
                              .\CortexM3\ARM_GCC_493\Debug\Initializers.o (I2C_Bus_Start)
.\CortexM3\ARM_GCC_493\Debug\CorEx-Mux-Kernel.a(I2C_Bus_INT.o)
                              .\CortexM3\ARM_GCC_493\Debug\CorEx-Mux-Kernel.a(I2C_Bus.o) (I2C_Bus_ISR)
.\CortexM3\ARM_GCC_493\Debug\CorEx-Mux-Kernel.a(I2C_Bus_PM.o)
                              .\CortexM3\ARM_GCC_493\Debug\CorEx-Mux-Kernel.a(I2C_Bus.o) (I2C_Bus_backup)
.\CortexM3\ARM_GCC_493\Debug\CorEx-Mux-Kernel.a(I2C_Bus_MASTER.o)
                              .\CortexM3\ARM_GCC_493\Debug\CorEx-Mux-Kernel.a(I2C_Bus.o) (I2C_Bus_mstrStatus)
.\CortexM3\ARM_GCC_493\Debug\CorEx-Mux-Kernel.a(iButton1.o)
                              .\CortexM3\ARM_GCC_493\Debug\iButtonProtocol.o (iButton1_Write)
.\CortexM3\ARM_GCC_493\Debug\CorEx-Mux-Kernel.a(iButton2.o)
                              .\CortexM3\ARM_GCC_493\Debug\TestFile.o (iButton2_Write)
.\CortexM3\ARM_GCC_493\Debug\CorEx-Mux-Kernel.a(eepromWP.o)
                              .\CortexM3\ARM_GCC_493\Debug\EepromManager.o (eepromWP_Write)
.\CortexM3\ARM_GCC_493\Debug\CorEx-Mux-Kernel.a(Timer_DispenserState.o)
                              .\CortexM3\ARM_GCC_493\Debug\Timers.o (Timer_DispenserState_Start)
.\CortexM3\ARM_GCC_493\Debug\CorEx-Mux-Kernel.a(DispenserStateTimeout_ISR.o)
                              .\CortexM3\ARM_GCC_493\Debug\Timers.o (DispenserStateTimeout_ISR_StartEx)
.\CortexM3\ARM_GCC_493\Debug\CorEx-Mux-Kernel.a(Timer_Tick.o)
[...]
Memory Configuration

Name             Origin             Length             Attributes
rom              0x00000000         0x00040000         xr
ram              0x1fff8000         0x00010000         xrw
*default*        0x00000000         0xffffffff

Linker script and memory map

LOAD c:/program files (x86)/cypress/psoc creator/3.3/psoc creator/import/gnu/arm/4.9.3/bin/../lib/gcc/arm-none-eabi/4.9.3/armv7-m/crti.o
LOAD c:/program files (x86)/cypress/psoc creator/3.3/psoc creator/import/gnu/arm/4.9.3/bin/../lib/gcc/arm-none-eabi/4.9.3/armv7-m/crtbegin.o
LOAD c:/program files (x86)/cypress/psoc creator/3.3/psoc creator/import/gnu/arm/4.9.3/bin/../lib/gcc/arm-none-eabi/4.9.3/../../../../arm-none-eabi/lib/armv7-m/crt0.o
START GROUP
LOAD .\CortexM3\ARM_GCC_493\Debug\UARTManager.o
LOAD .\CortexM3\ARM_GCC_493\Debug\UARTResolver.o
LOAD .\CortexM3\ARM_GCC_493\Debug\UARTManagerSink.o
LOAD .\CortexM3\ARM_GCC_493\Debug\PseudoRTOS.o
LOAD .\CortexM3\ARM_GCC_493\Debug\Utils.o
LOAD .\CortexM3\ARM_GCC_493\Debug\Security.o
LOAD .\CortexM3\ARM_GCC_493\Debug\SinkManager.o
LOAD .\CortexM3\ARM_GCC_493\Debug\EepromManager.o
LOAD .\CortexM3\ARM_GCC_493\Debug\RtcManager.o
LOAD .\CortexM3\ARM_GCC_493\Debug\Initializers.o
LOAD .\CortexM3\ARM_GCC_493\Debug\Timers.o
LOAD .\CortexM3\ARM_GCC_493\Debug\TestFile.o
LOAD .\CortexM3\ARM_GCC_493\Debug\AuxPSoC.o
LOAD .\CortexM3\ARM_GCC_493\Debug\WatchDogReset.o
LOAD .\CortexM3\ARM_GCC_493\Debug\DispenserResolver.o
LOAD .\CortexM3\ARM_GCC_493\Debug\DispenserBLL.o
LOAD .\CortexM3\ARM_GCC_493\Debug\DispenserSink.o
LOAD .\CortexM3\ARM_GCC_493\Debug\DisplayBLL.o
LOAD .\CortexM3\ARM_GCC_493\Debug\DisplaySink.o
LOAD .\CortexM3\ARM_GCC_493\Debug\DisplayUtils.o
LOAD .\CortexM3\ARM_GCC_493\Debug\DisplayFlow.o
LOAD .\CortexM3\ARM_GCC_493\Debug\DisplayCharacterMap.o
LOAD .\CortexM3\ARM_GCC_493\Debug\DisplayBufferScreenMap.o
LOAD .\CortexM3\ARM_GCC_493\Debug\DisplayResolver.o
LOAD .\CortexM3\ARM_GCC_493\Debug\PrinterBLL.o
LOAD .\CortexM3\ARM_GCC_493\Debug\PrinterSink.o
LOAD .\CortexM3\ARM_GCC_493\Debug\PrinterResolver.o
LOAD .\CortexM3\ARM_GCC_493\Debug\PrinterTemplate.o
LOAD .\CortexM3\ARM_GCC_493\Debug\iButtonSink.o
LOAD .\CortexM3\ARM_GCC_493\Debug\iButtonBLL.o
LOAD .\CortexM3\ARM_GCC_493\Debug\iButtonProtocol.o
LOAD .\CortexM3\ARM_GCC_493\Debug\Prime.o
LOAD .\CortexM3\ARM_GCC_493\Debug\PrimeFlow.o
LOAD .\CortexM3\ARM_GCC_493\Debug\PrimeImpl.o
LOAD .\CortexM3\ARM_GCC_493\Debug\Encore.o
LOAD .\CortexM3\ARM_GCC_493\Debug\EncoreFlow.o
LOAD .\CortexM3\ARM_GCC_493\Debug\EncoreImpl.o
LOAD .\CortexM3\ARM_GCC_493\Debug\Advantage.o
LOAD .\CortexM3\ARM_GCC_493\Debug\AdvantageFlow.o
LOAD .\CortexM3\ARM_GCC_493\Debug\AdvantageImpl.o
LOAD .\CortexM3\ARM_GCC_493\Debug\RFSink.o
LOAD .\CortexM3\ARM_GCC_493\Debug\RFBLL.o
LOAD .\CortexM3\ARM_GCC_493\Debug\RFResolver.o
LOAD .\CortexM3\ARM_GCC_493\Debug\RFServerStack.o
LOAD .\CortexM3\ARM_GCC_493\Debug\RFServerStackImpl.o
LOAD .\CortexM3\ARM_GCC_493\Debug\ClientDefinitions.o
LOAD .\CortexM3\ARM_GCC_493\Debug\main.o
LOAD .\CortexM3\ARM_GCC_493\Debug\cymetadata.o
LOAD .\CortexM3\ARM_GCC_493\Debug\Cm3Start.o
LOAD .\CortexM3\ARM_GCC_493\Debug\CorEx-Mux-Kernel.a
LOAD C:\Program Files (x86)\Cypress\PSoC Creator\3.3\PSoC Creator\psoc\content\cycomponentlibrary\CyComponentLibrary.cylib\CortexM3\ARM_GCC_493\Debug\CyComponentLibrary.a
LOAD c:/program files (x86)/cypress/psoc creator/3.3/psoc creator/import/gnu/arm/4.9.3/bin/../lib/gcc/arm-none-eabi/4.9.3/../../../../arm-none-eabi/lib/armv7-m\libm.a
END GROUP
START GROUP
LOAD c:/program files (x86)/cypress/psoc creator/3.3/psoc creator/import/gnu/arm/4.9.3/bin/../lib/gcc/arm-none-eabi/4.9.3/armv7-m\libgcc.a
LOAD c:/program files (x86)/cypress/psoc creator/3.3/psoc creator/import/gnu/arm/4.9.3/bin/../lib/gcc/arm-none-eabi/4.9.3/../../../../arm-none-eabi/lib/armv7-m\libg_nano.a
LOAD c:/program files (x86)/cypress/psoc creator/3.3/psoc creator/import/gnu/arm/4.9.3/bin/../lib/gcc/arm-none-eabi/4.9.3/../../../../arm-none-eabi/lib/armv7-m\libc_nano.a
END GROUP
START GROUP
LOAD c:/program files (x86)/cypress/psoc creator/3.3/psoc creator/import/gnu/arm/4.9.3/bin/../lib/gcc/arm-none-eabi/4.9.3/armv7-m\libgcc.a
LOAD c:/program files (x86)/cypress/psoc creator/3.3/psoc creator/import/gnu/arm/4.9.3/bin/../lib/gcc/arm-none-eabi/4.9.3/../../../../arm-none-eabi/lib/armv7-m\libc_nano.a
END GROUP
LOAD c:/program files (x86)/cypress/psoc creator/3.3/psoc creator/import/gnu/arm/4.9.3/bin/../lib/gcc/arm-none-eabi/4.9.3/armv7-m/crtend.o
LOAD c:/program files (x86)/cypress/psoc creator/3.3/psoc creator/import/gnu/arm/4.9.3/bin/../lib/gcc/arm-none-eabi/4.9.3/armv7-m/crtn.o
START GROUP
LOAD c:/program files (x86)/cypress/psoc creator/3.3/psoc creator/import/gnu/arm/4.9.3/bin/../lib/gcc/arm-none-eabi/4.9.3/armv7-m\libgcc.a
LOAD c:/program files (x86)/cypress/psoc creator/3.3/psoc creator/import/gnu/arm/4.9.3/bin/../lib/gcc/arm-none-eabi/4.9.3/../../../../arm-none-eabi/lib/armv7-m\libc.a
LOAD c:/program files (x86)/cypress/psoc creator/3.3/psoc creator/import/gnu/arm/4.9.3/bin/../lib/gcc/arm-none-eabi/4.9.3/../../../../arm-none-eabi/lib/armv7-m\libnosys.a
END GROUP
                0x00000000                CY_APPL_ORIGIN = 0x0
                0x00000100                CY_FLASH_ROW_SIZE = 0x100
                0x00000020                CY_ECC_ROW_SIZE = 0x20
                0x00000000                CY_EE_IN_BTLDR = 0x0
                0x00000000                CY_APPL_LOADABLE = 0x0
                0x00000800                CY_EE_SIZE = 0x800
                0x00000001                CY_APPL_NUM = 0x1
                0x00000001                CY_APPL_MAX = 0x1
                0x00000040                CY_METADATA_SIZE = 0x40
                0x00000000                CY_APPL_LOADABLE = 0x0
                0x00000000                CY_CHECKSUM_EXCLUDE_SIZE = ALIGN (0x0, CY_FLASH_ROW_SIZE)
                0x20007360                PROVIDE (__cy_heap_start, _end)
                0x00000001                PROVIDE (__cy_region_num, ((__cy_regions_end - __cy_regions) / 0x10))
                0x20008000                PROVIDE (__cy_stack, (ORIGIN (ram) + 0x10000))
                0x20007800                PROVIDE (__cy_heap_end, (__cy_stack - 0x800))

.cybootloader   0x00000000        0x0
 *(.cybootloader)
                0x00000000                appl1_start = CY_APPL_ORIGIN?CY_APPL_ORIGIN:ALIGN (CY_FLASH_ROW_SIZE)
                0x0001ff00                appl2_start = (appl1_start + ALIGN ((((0x40000 - appl1_start) - (0x2 * CY_FLASH_ROW_SIZE)) / 0x2), CY_FLASH_ROW_SIZE))
                0x00000000                appl_start = (CY_APPL_NUM == 0x1)?appl1_start:appl2_start
                0x00000000                ecc_offset = ((appl_start / CY_FLASH_ROW_SIZE) * CY_ECC_ROW_SIZE)
                0x00000000                ee_offset = (CY_APPL_LOADABLE && ! (CY_EE_IN_BTLDR))?((CY_EE_SIZE / CY_APPL_MAX) * (CY_APPL_NUM - 0x1)):0x0
                0x00000800                ee_size = (CY_APPL_LOADABLE && ! (CY_EE_IN_BTLDR))?(CY_EE_SIZE / CY_APPL_MAX):CY_EE_SIZE
                0x00000000                PROVIDE (CY_ECC_OFFSET, ecc_offset)

.text           0x00000000    0x1d972
 CREATE_OBJECT_SYMBOLS
                0x00000000                PROVIDE (__cy_interrupt_vector, RomVectors)
 *(.romvectors)
 .romvectors    0x00000000       0x10 .\CortexM3\ARM_GCC_493\Debug\Cm3Start.o
                0x00000000                RomVectors
                0x00000001                ASSERT ((. != __cy_interrupt_vector), No interrupt vector)
                0x00000001                ASSERT (CY_APPL_ORIGIN?(SIZEOF (.cybootloader) <= CY_APPL_ORIGIN):0x1, Wrong image location)
                0x00000010                PROVIDE (__cy_reset, Reset)
 *(.text.Reset)
 .text.Reset    0x00000010       0x18 .\CortexM3\ARM_GCC_493\Debug\Cm3Start.o
                0x00000010                Reset
                0x00000001                ASSERT ((. != __cy_reset), No reset code)
 *(.dma_init)
                0x00000001                ASSERT ((((appl_start + .) <= 0x10000) || 0x1), DMA Init must be within the first 64k of flash)
 *(.text .text.* .gnu.linkonce.t.*)
 .text          0x00000028       0x5c c:/program files (x86)/cypress/psoc creator/3.3/psoc creator/import/gnu/arm/4.9.3/bin/../lib/gcc/arm-none-eabi/4.9.3/armv7-m/crtbegin.o
 .text.UARTGlobalHandler
                0x00000084       0x50 .\CortexM3\ARM_GCC_493\Debug\UARTManager.o
                0x00000084                UARTGlobalHandler
 .text.GetUARTManager
                0x000000d4       0x3c .\CortexM3\ARM_GCC_493\Debug\UARTManager.o
                0x000000d4                GetUARTManager
 .text.GetUARTMessageSlot
                0x00000110       0xb4 .\CortexM3\ARM_GCC_493\Debug\UARTManager.o
                0x00000110                GetUARTMessageSlot
 .text.InitUARTManager
                0x000001c4       0x84 .\CortexM3\ARM_GCC_493\Debug\UARTManager.o
                0x000001c4                InitUARTManager
 .text.ReleaseMessage
                0x00000248       0x34 .\CortexM3\ARM_GCC_493\Debug\UARTManager.o
                0x00000248                ReleaseMessage
 .text.InvokeResolver
                0x0000027c       0x54 .\CortexM3\ARM_GCC_493\Debug\UARTResolver.o
                0x0000027c                InvokeResolver
 .text.UARTSinkRegistration
                0x000002d0        0xc .\CortexM3\ARM_GCC_493\Debug\UARTManagerSink.o
                0x000002d0                UARTSinkRegistration
 .text.loop_push
                0x000002dc       0x3c .\CortexM3\ARM_GCC_493\Debug\PseudoRTOS.o
                0x000002dc                loop_push
 .text.loop_invoke
                0x00000318       0x4c .\CortexM3\ARM_GCC_493\Debug\PseudoRTOS.o
                0x00000318                loop_invoke
 .text.B78AD90CF552D9B30A
                0x00000364      0x1dc .\CortexM3\ARM_GCC_493\Debug\Utils.o
                0x00000364                B78AD90CF552D9B30A
 .text.PSTRBUFFTOGG
                0x00000540       0x7c .\CortexM3\ARM_GCC_493\Debug\Utils.o
                0x00000540                PSTRBUFFTOGG
 .text.LSDBCDBUFF2HEX
                0x000005bc       0x94 .\CortexM3\ARM_GCC_493\Debug\Utils.o
                0x000005bc                LSDBCDBUFF2HEX
 .text.CRCCheck
                0x00000650       0x58 .\CortexM3\ARM_GCC_493\Debug\Security.o
                0x00000650                CRCCheck
 .text.RawCRCCheck
                0x000006a8       0x44 .\CortexM3\ARM_GCC_493\Debug\Security.o
                0x000006a8                RawCRCCheck
 .text.SinkManagerRegistration
                0x000006ec      0x148 .\CortexM3\ARM_GCC_493\Debug\SinkManager.o
                0x000006ec                SinkManagerRegistration
 *fill*         0x00000834        0x4 
 .text.AllocateMessageSlot
                0x00000838      0x150 .\CortexM3\ARM_GCC_493\Debug\SinkManager.o
                0x00000838                AllocateMessageSlot
 .text.FindSinkMessage
                0x00000988       0xc8 .\CortexM3\ARM_GCC_493\Debug\SinkManager.o
                0x00000988                FindSinkMessage
 .text.AllocateMessageSlotConditional
                0x00000a50      0x190 .\CortexM3\ARM_GCC_493\Debug\SinkManager.o
                0x00000a50                AllocateMessageSlotConditional
 .text.AllocateMessageArraySlotConditional
                0x00000be0      0x100 .\CortexM3\ARM_GCC_493\Debug\SinkManager.o
                0x00000be0                AllocateMessageArraySlotConditional
 .text.ReleaseSinkMessage
                0x00000ce0       0x2c .\CortexM3\ARM_GCC_493\Debug\SinkManager.o
                0x00000ce0                ReleaseSinkMessage
 .text.ReleaseSinkMessageByID
                0x00000d0c       0x4c .\CortexM3\ARM_GCC_493\Debug\SinkManager.o
                0x00000d0c                ReleaseSinkMessageByID
 .text.AllocateSubscriberSlot
                0x00000d58       0x68 .\CortexM3\ARM_GCC_493\Debug\SinkManager.o
                0x00000d58                AllocateSubscriberSlot
 .text.SinkHandler
                0x00000dc0      0x5c0 .\CortexM3\ARM_GCC_493\Debug\SinkManager.o
                0x00000dc0                SinkHandler
 .text.SinkBroadcast
                0x00001380       0x98 .\CortexM3\ARM_GCC_493\Debug\SinkManager.o
                0x00001380                SinkBroadcast
 .text.SinkFirstFound
                0x00001418       0xc0 .\CortexM3\ARM_GCC_493\Debug\SinkManager.o
                0x00001418                SinkFirstFound
 .text.SinkAllInterested
                0x000014d8       0xb4 .\CortexM3\ARM_GCC_493\Debug\SinkManager.o
                0x000014d8                SinkAllInterested
 .text.SinkBroadcastForever
                0x0000158c       0x94 .\CortexM3\ARM_GCC_493\Debug\SinkManager.o
                0x0000158c                SinkBroadcastForever
 .text.SinkCounterUpdateCallback
                0x00001620       0x70 .\CortexM3\ARM_GCC_493\Debug\SinkManager.o
                0x00001620                SinkCounterUpdateCallback
 .text.SinkReleaseByIDCallback
                0x00001690       0x1c .\CortexM3\ARM_GCC_493\Debug\SinkManager.o
                0x00001690                SinkReleaseByIDCallback
 .text.SinkReleaseByPtrCallback
                0x000016ac       0x20 .\CortexM3\ARM_GCC_493\Debug\SinkManager.o
                0x000016ac                SinkReleaseByPtrCallback
 .text.GetEepromBuffer
                0x000016cc       0x14 .\CortexM3\ARM_GCC_493\Debug\EepromManager.o
                0x000016cc                GetEepromBuffer
 .text.I2CBusUnlock
                0x000016e0       0x14 .\CortexM3\ARM_GCC_493\Debug\EepromManager.o
                0x000016e0                I2CBusUnlock
 .text.LoadEepromPage
                0x000016f4       0x94 .\CortexM3\ARM_GCC_493\Debug\EepromManager.o
                0x000016f4                LoadEepromPage
 .text.I2CBusLock
                0x00001788       0xc8 .\CortexM3\ARM_GCC_493\Debug\EepromManager.o
                0x00001788                I2CBusLock
 .text.StoreEepromPage
                0x00001850       0x8c .\CortexM3\ARM_GCC_493\Debug\EepromManager.o
                0x00001850                StoreEepromPage
 .text.ClearEepromBuffer
                0x000018dc       0x14 .\CortexM3\ARM_GCC_493\Debug\EepromManager.o
                0x000018dc                ClearEepromBuffer
 .text.GetRtcBuffer
                0x000018f0       0x14 .\CortexM3\ARM_GCC_493\Debug\RtcManager.o
                0x000018f0                GetRtcBuffer
 .text.ClearRtcBuffer
                0x00001904       0x14 .\CortexM3\ARM_GCC_493\Debug\RtcManager.o
                0x00001904                ClearRtcBuffer
 .text.UpdateRTC
                0x00001918       0xf8 .\CortexM3\ARM_GCC_493\Debug\RtcManager.o
                0x00001918                UpdateRTC
 .text.ReadRTC  0x00001a10       0x84 .\CortexM3\ARM_GCC_493\Debug\RtcManager.o
                0x00001a10                ReadRTC
 .text.StartRtc
                0x00001a94       0x30 .\CortexM3\ARM_GCC_493\Debug\RtcManager.o
                0x00001a94                StartRtc
 .text.GlobalInitializer
                0x00001ac4       0x48 .\CortexM3\ARM_GCC_493\Debug\Initializers.o
                0x00001ac4                GlobalInitializer
 .text.InitTimers
                0x00001b0c       0x24 .\CortexM3\ARM_GCC_493\Debug\Timers.o
                0x00001b0c                InitTimers
 .text.CounterIsr
                0x00001b30       0x40 .\CortexM3\ARM_GCC_493\Debug\Timers.o
                0x00001b30                CounterIsr
 .text.DispenserStateIsr
                0x00001b70       0x30 .\CortexM3\ARM_GCC_493\Debug\Timers.o
                0x00001b70                DispenserStateIsr
 .text.WriteAuxPSoC
                0x00001ba0       0x64 .\CortexM3\ARM_GCC_493\Debug\AuxPSoC.o
                0x00001ba0                WriteAuxPSoC
 .text.WatchDogInitialize
                0x00001c04       0x48 .\CortexM3\ARM_GCC_493\Debug\WatchDogReset.o
                0x00001c04                WatchDogInitialize
 .text.WatchDogHandler
                0x00001c4c       0x18 .\CortexM3\ARM_GCC_493\Debug\WatchDogReset.o
                0x00001c4c                WatchDogHandler
 .text.WatchDogStartup
                0x00001c64       0x18 .\CortexM3\ARM_GCC_493\Debug\WatchDogReset.o
                0x00001c64                WatchDogStartup
 .text.DispenserBufferResolver
                0x00001c7c       0x7c .\CortexM3\ARM_GCC_493\Debug\DispenserResolver.o
                0x00001c7c                DispenserBufferResolver
 .text.DispenserUARTSend
                0x00001cf8       0x54 .\CortexM3\ARM_GCC_493\Debug\DispenserResolver.o
                0x00001cf8                DispenserUARTSend
 .text.DispenserBeepWarning
                0x00001d4c       0x90 .\CortexM3\ARM_GCC_493\Debug\DispenserBLL.o
                0x00001d4c                DispenserBeepWarning
 .text.DispenserUpdatePumpState
                0x00001ddc      0x138 .\CortexM3\ARM_GCC_493\Debug\DispenserBLL.o
                0x00001ddc                DispenserUpdatePumpState
 .text.DispenserUnlockPumpsOnEOT
                0x00001f14       0xd4 .\CortexM3\ARM_GCC_493\Debug\DispenserBLL.o
                0x00001f14                DispenserUnlockPumpsOnEOT
 .text.DispenserUnlockPumpsOnEOTStartup
                0x00001fe8       0xac .\CortexM3\ARM_GCC_493\Debug\DispenserBLL.o
                0x00001fe8                DispenserUnlockPumpsOnEOTStartup
 .text.DispenserRestorePrices
                0x00002094       0xa4 .\CortexM3\ARM_GCC_493\Debug\DispenserBLL.o
                0x00002094                DispenserRestorePrices
 .text.DispenserAcquireConfiguration
                0x00002138      0x114 .\CortexM3\ARM_GCC_493\Debug\DispenserBLL.o
                0x00002138                DispenserAcquireConfiguration
 .text.DispenserConfigurePrices
                0x0000224c      0x12c .\CortexM3\ARM_GCC_493\Debug\DispenserBLL.o
                0x0000224c                DispenserConfigurePrices
 .text.DispenserConfigureSinglePrice
                0x00002378      0x370 .\CortexM3\ARM_GCC_493\Debug\DispenserBLL.o
                0x00002378                DispenserConfigureSinglePrice
 .text.DispenserAcquireTotals
                0x000026e8       0xa0 .\CortexM3\ARM_GCC_493\Debug\DispenserBLL.o
                0x000026e8                DispenserAcquireTotals
 .text.DispenserEnumeratePumps
                0x00002788      0x150 .\CortexM3\ARM_GCC_493\Debug\DispenserBLL.o
                0x00002788                DispenserEnumeratePumps
 .text.DispenserLoadEEPROMSettings
                0x000028d8      0x1ec .\CortexM3\ARM_GCC_493\Debug\DispenserBLL.o
                0x000028d8                DispenserLoadEEPROMSettings
 .text.DispenserGetEepromPPUPageFromPumpID
                0x00002ac4       0xb4 .\CortexM3\ARM_GCC_493\Debug\DispenserBLL.o
                0x00002ac4                DispenserGetEepromPPUPageFromPumpID
 .text.GetPumpFromRemotePositionID
                0x00002b78       0x64 .\CortexM3\ARM_GCC_493\Debug\DispenserBLL.o
                0x00002b78                GetPumpFromRemotePositionID
 .text.DispenserSide1Listener
                0x00002bdc      0x14c .\CortexM3\ARM_GCC_493\Debug\DispenserBLL.o
                0x00002bdc                DispenserSide1Listener
 .text.DispenserSide2Listener
                0x00002d28      0x14c .\CortexM3\ARM_GCC_493\Debug\DispenserBLL.o
                0x00002d28                DispenserSide2Listener
 .text.DispenserTimeoutHandler
                0x00002e74       0xf8 .\CortexM3\ARM_GCC_493\Debug\DispenserSink.o
                0x00002e74                DispenserTimeoutHandler
 .text.DispenserDataReceptionHandler
                0x00002f6c      0x2b0 .\CortexM3\ARM_GCC_493\Debug\DispenserSink.o
                0x00002f6c                DispenserDataReceptionHandler
 .text.DispenserUpdateTimeouts
                0x0000321c       0x84 .\CortexM3\ARM_GCC_493\Debug\DispenserSink.o
                0x0000321c                DispenserUpdateTimeouts
 .text.DispenserHandler
                0x000032a0      0x250 .\CortexM3\ARM_GCC_493\Debug\DispenserSink.o
                0x000032a0                DispenserHandler
 .text.DispenserSinkRegistration
                0x000034f0      0x2c0 .\CortexM3\ARM_GCC_493\Debug\DispenserSink.o
                0x000034f0                DispenserSinkRegistration
 .text.WorkShiftDecorator
                0x000037b0       0xc4 .\CortexM3\ARM_GCC_493\Debug\DisplayBLL.o
                0x000037b0                WorkShiftDecorator
 .text.InitiateWorkShiftValidation
                0x00003874      0x144 .\CortexM3\ARM_GCC_493\Debug\DisplayBLL.o
                0x00003874                InitiateWorkShiftValidation
 .text.RequestWorkShiftOperAuthorization
                0x000039b8      0x13c .\CortexM3\ARM_GCC_493\Debug\DisplayBLL.o
                0x000039b8                RequestWorkShiftOperAuthorization
 .text.DrawNumberOfCopies
                0x00003af4      0x170 .\CortexM3\ARM_GCC_493\Debug\DisplayBLL.o
                0x00003af4                DrawNumberOfCopies
 .text.CancelMessageDecorator
                0x00003c64       0xc4 .\CortexM3\ARM_GCC_493\Debug\DisplayBLL.o
                0x00003c64                CancelMessageDecorator
 .text.AcceptedAuthorizationMessageDecorator
                0x00003d28      0x15c .\CortexM3\ARM_GCC_493\Debug\DisplayBLL.o
                0x00003d28                AcceptedAuthorizationMessageDecorator
 .text.ProductNameSelectionDecorator
                0x00003e84      0x500 .\CortexM3\ARM_GCC_493\Debug\DisplayBLL.o
                0x00003e84                ProductNameSelectionDecorator
 .text.RejectedAuthorizationMessageDecorator
                0x00004384      0x15c .\CortexM3\ARM_GCC_493\Debug\DisplayBLL.o
                0x00004384                RejectedAuthorizationMessageDecorator
 .text.ValidateAuthorizationResponse4Credit
                0x000044e0       0x94 .\CortexM3\ARM_GCC_493\Debug\DisplayBLL.o
                0x000044e0                ValidateAuthorizationResponse4Credit
 .text.SendAuthorizationRequest4Credit
                0x00004574      0x234 .\CortexM3\ARM_GCC_493\Debug\DisplayBLL.o
                0x00004574                SendAuthorizationRequest4Credit
 .text.DisplayStationIDDecorator
                0x000047a8       0xe4 .\CortexM3\ARM_GCC_493\Debug\DisplayBLL.o
                0x000047a8                DisplayStationIDDecorator
 .text.DisplayStationIDStore
                0x0000488c       0xd4 .\CortexM3\ARM_GCC_493\Debug\DisplayBLL.o
                0x0000488c                DisplayStationIDStore
 .text.DisplayStationIDLoad
                0x00004960       0x94 .\CortexM3\ARM_GCC_493\Debug\DisplayBLL.o
                0x00004960                DisplayStationIDLoad
 .text.DisplayPumpIDOffsetLoad
                0x000049f4       0x80 .\CortexM3\ARM_GCC_493\Debug\DisplayBLL.o
                0x000049f4                DisplayPumpIDOffsetLoad
 .text.DisplayPumpIDOffsetDecorator
                0x00004a74       0xe4 .\CortexM3\ARM_GCC_493\Debug\DisplayBLL.o
                0x00004a74                DisplayPumpIDOffsetDecorator
 .text.DisplayPumpIDOffsetStore
                0x00004b58       0xc4 .\CortexM3\ARM_GCC_493\Debug\DisplayBLL.o
                0x00004b58                DisplayPumpIDOffsetStore
 .text.iButtonScreenNotification
                0x00004c1c       0x98 .\CortexM3\ARM_GCC_493\Debug\DisplayBLL.o
                0x00004c1c                iButtonScreenNotification
 .text.TerminateiButtonScan
                0x00004cb4       0x34 .\CortexM3\ARM_GCC_493\Debug\DisplayBLL.o
                0x00004cb4                TerminateiButtonScan
 .text.InitiateiButtonScan
                0x00004ce8       0xb0 .\CortexM3\ARM_GCC_493\Debug\DisplayBLL.o
                0x00004ce8                InitiateiButtonScan
 .text.DrawDateTime
                0x00004d98      0x820 .\CortexM3\ARM_GCC_493\Debug\DisplayBLL.o
                0x00004d98                DrawDateTime
 .text.DrawHomeDateTime
                0x000055b8      0x788 .\CortexM3\ARM_GCC_493\Debug\DisplayBLL.o
                0x000055b8                DrawHomeDateTime
 .text.DisplayUpdateHomeAnimation
                0x00005d40      0xd30 .\CortexM3\ARM_GCC_493\Debug\DisplayBLL.o
                0x00005d40                DisplayUpdateHomeAnimation
 .text.InitiateUpdateDateTime
                0x00006a70       0xa8 .\CortexM3\ARM_GCC_493\Debug\DisplayBLL.o
                0x00006a70                InitiateUpdateDateTime
 .text.TerminateUpdateDateTime
                0x00006b18       0x50 .\CortexM3\ARM_GCC_493\Debug\DisplayBLL.o
                0x00006b18                TerminateUpdateDateTime
 .text.InitiateHomeAnimation
                0x00006b68       0xa0 .\CortexM3\ARM_GCC_493\Debug\DisplayBLL.o
                0x00006b68                InitiateHomeAnimation
 .text.DisplayUpdateDateTime
                0x00006c08       0x2c .\CortexM3\ARM_GCC_493\Debug\DisplayBLL.o
                0x00006c08                DisplayUpdateDateTime
 .text.TerminateHomeAnimation
                0x00006c34       0x50 .\CortexM3\ARM_GCC_493\Debug\DisplayBLL.o
                0x00006c34                TerminateHomeAnimation
 .text.DisplayGenericValidator
                0x00006c84      0x270 .\CortexM3\ARM_GCC_493\Debug\DisplayBLL.o
                0x00006c84                DisplayGenericValidator
 .text.PrintersWorking
                0x00006ef4       0x64 .\CortexM3\ARM_GCC_493\Debug\DisplayBLL.o
                0x00006ef4                PrintersWorking
 .text.EitherPrinterWorking
                0x00006f58       0x78 .\CortexM3\ARM_GCC_493\Debug\DisplayBLL.o
                0x00006f58                EitherPrinterWorking
 .text.CastCreditVolumeValue
                0x00006fd0      0x164 .\CortexM3\ARM_GCC_493\Debug\DisplayBLL.o
                0x00006fd0                CastCreditVolumeValue
 .text.Display1Logic
                0x00007134      0x1b4 .\CortexM3\ARM_GCC_493\Debug\DisplayBLL.o
                0x00007134                Display1Logic
 .text.PrintcopyReceipt
                0x000072e8       0xa0 .\CortexM3\ARM_GCC_493\Debug\DisplayBLL.o
                0x000072e8                PrintcopyReceipt
 .text.Display2Logic
                0x00007388      0x1b4 .\CortexM3\ARM_GCC_493\Debug\DisplayBLL.o
                0x00007388                Display2Logic
 .text.DisplaySinkRegistration
                0x0000753c      0x19c .\CortexM3\ARM_GCC_493\Debug\DisplaySink.o
                0x0000753c                DisplaySinkRegistration
 .text.InitDisplays
                0x000076d8       0xd0 .\CortexM3\ARM_GCC_493\Debug\DisplaySink.o
                0x000076d8                InitDisplays
 .text.DisplayRaiseTimeoutsAndStateChanges
                0x000077a8      0x300 .\CortexM3\ARM_GCC_493\Debug\DisplaySink.o
                0x000077a8                DisplayRaiseTimeoutsAndStateChanges
 .text.DisplayOutputString
                0x00007aa8      0x138 .\CortexM3\ARM_GCC_493\Debug\DisplayUtils.o
                0x00007aa8                DisplayOutputString
 .text.ParseDisplayFlow
                0x00007be0       0xa8 .\CortexM3\ARM_GCC_493\Debug\DisplayUtils.o
                0x00007be0                ParseDisplayFlow
 .text.DisplayFlowInputHandler
                0x00007c88       0x68 .\CortexM3\ARM_GCC_493\Debug\DisplayUtils.o
                0x00007c88                DisplayFlowInputHandler
 .text.DisplayFlowInputValidator
                0x00007cf0       0x68 .\CortexM3\ARM_GCC_493\Debug\DisplayUtils.o
                0x00007cf0                DisplayFlowInputValidator
 .text.DisplayInitializer
                0x00007d58       0x68 .\CortexM3\ARM_GCC_493\Debug\DisplayUtils.o
                0x00007d58                DisplayInitializer
 .text.DisplayFlowDecorator
                0x00007dc0       0x68 .\CortexM3\ARM_GCC_493\Debug\DisplayUtils.o
                0x00007dc0                DisplayFlowDecorator
 .text.DisplayFinalizer
                0x00007e28       0x68 .\CortexM3\ARM_GCC_493\Debug\DisplayUtils.o
                0x00007e28                DisplayFinalizer
 .text.ParseDisplayStream
                0x00007e90       0xac .\CortexM3\ARM_GCC_493\Debug\DisplayUtils.o
                0x00007e90                ParseDisplayStream
 .text.GetDisplayFlowNode
                0x00007f3c       0xa0 .\CortexM3\ARM_GCC_493\Debug\DisplayUtils.o
                0x00007f3c                GetDisplayFlowNode
 .text.PrepareDisplayStructure
                0x00007fdc       0x70 .\CortexM3\ARM_GCC_493\Debug\DisplayUtils.o
                0x00007fdc                PrepareDisplayStructure
 .text.NonEmptyDataValidator
                0x0000804c       0x2c .\CortexM3\ARM_GCC_493\Debug\DisplayUtils.o
                0x0000804c                NonEmptyDataValidator
 .text.SecureConfigurationValidator
                0x00008078       0x74 .\CortexM3\ARM_GCC_493\Debug\DisplayUtils.o
                0x00008078                SecureConfigurationValidator
 .text.SaveNewPassword
                0x000080ec       0x48 .\CortexM3\ARM_GCC_493\Debug\DisplayUtils.o
                0x000080ec                SaveNewPassword
 .text.DisplayIntegerInputHandler
                0x00008134      0x16c .\CortexM3\ARM_GCC_493\Debug\DisplayUtils.o
                0x00008134                DisplayIntegerInputHandler
 .text.DisplayMoneyInputHandler
                0x000082a0      0x204 .\CortexM3\ARM_GCC_493\Debug\DisplayUtils.o
                0x000082a0                DisplayMoneyInputHandler
 .text.DisplayVolumeInputHandler
                0x000084a4      0x238 .\CortexM3\ARM_GCC_493\Debug\DisplayUtils.o
                0x000084a4                DisplayVolumeInputHandler
 .text.NonEmptyMoneyValidator
                0x000086dc      0x144 .\CortexM3\ARM_GCC_493\Debug\DisplayUtils.o
                0x000086dc                NonEmptyMoneyValidator
 .text.NonEmpty15ModuloValidator
                0x00008820      0x11c .\CortexM3\ARM_GCC_493\Debug\DisplayUtils.o
                0x00008820                NonEmpty15ModuloValidator
 .text.ValidatePumpAvailability4Positions
                0x0000893c      0x1a4 .\CortexM3\ARM_GCC_493\Debug\DisplayUtils.o
                0x0000893c                ValidatePumpAvailability4Positions
 .text.ValidatePumpAvailability21Positions
                0x00008ae0      0x15c .\CortexM3\ARM_GCC_493\Debug\DisplayUtils.o
                0x00008ae0                ValidatePumpAvailability21Positions
 .text.GetPumpsAvailability
                0x00008c3c      0x28c .\CortexM3\ARM_GCC_493\Debug\DisplayUtils.o
                0x00008c3c                GetPumpsAvailability
 .text.GetPumpsPrintState
                0x00008ec8       0xe8 .\CortexM3\ARM_GCC_493\Debug\DisplayUtils.o
                0x00008ec8                GetPumpsPrintState
 .text.DisplayInputHandler
                0x00008fb0      0x14c .\CortexM3\ARM_GCC_493\Debug\DisplayUtils.o
                0x00008fb0                DisplayInputHandler
 .text.DisplayIDInputHandler
                0x000090fc      0x164 .\CortexM3\ARM_GCC_493\Debug\DisplayUtils.o
                0x000090fc                DisplayIDInputHandler
 .text.DisplayInputPasswordHandler
                0x00009260      0x190 .\CortexM3\ARM_GCC_493\Debug\DisplayUtils.o
                0x00009260                DisplayInputPasswordHandler
 .text.GetDisplayFromPumpID
                0x000093f0       0xb0 .\CortexM3\ARM_GCC_493\Debug\DisplayUtils.o
                0x000093f0                GetDisplayFromPumpID
 .text.DisplayProductSelectionInputHandler
                0x000094a0       0xb4 .\CortexM3\ARM_GCC_493\Debug\DisplayUtils.o
                0x000094a0                DisplayProductSelectionInputHandler
 .text.CleanMessageSink
                0x00009554       0x40 .\CortexM3\ARM_GCC_493\Debug\DisplayUtils.o
                0x00009554                CleanMessageSink
 .text.SequesterMessageSink
                0x00009594      0x148 .\CortexM3\ARM_GCC_493\Debug\DisplayUtils.o
                0x00009594                SequesterMessageSink
 .text.ReleaseMessageSink
                0x000096dc      0x1a8 .\CortexM3\ARM_GCC_493\Debug\DisplayUtils.o
                0x000096dc                ReleaseMessageSink
 .text.StoreTransactionData
                0x00009884      0x3d0 .\CortexM3\ARM_GCC_493\Debug\DisplayUtils.o
                0x00009884                StoreTransactionData
 .text.UnmapCode
                0x00009c54       0x48 .\CortexM3\ARM_GCC_493\Debug\DisplayCharacterMap.o
                0x00009c54                UnmapCode
 .text.GetBufferIndexFromDisplayID
                0x00009c9c       0x48 .\CortexM3\ARM_GCC_493\Debug\DisplayBufferScreenMap.o
                0x00009c9c                GetBufferIndexFromDisplayID
 .text.GetBufferLengthFromDisplayID
                0x00009ce4       0x48 .\CortexM3\ARM_GCC_493\Debug\DisplayBufferScreenMap.o
                0x00009ce4                GetBufferLengthFromDisplayID
 .text.GetPumpIndexFromDisplay
                0x00009d2c       0x78 .\CortexM3\ARM_GCC_493\Debug\DisplayBufferScreenMap.o
                0x00009d2c                GetPumpIndexFromDisplay
 .text.Display1BufferResolver
                0x00009da4       0xf4 .\CortexM3\ARM_GCC_493\Debug\DisplayResolver.o
                0x00009da4                Display1BufferResolver
 .text.Display2BufferResolver
                0x00009e98       0xf4 .\CortexM3\ARM_GCC_493\Debug\DisplayResolver.o
                0x00009e98                Display2BufferResolver
 .text.Dislay1UARTSend
                0x00009f8c       0x48 .\CortexM3\ARM_GCC_493\Debug\DisplayResolver.o
                0x00009f8c                Dislay1UARTSend
 .text.PrintLogo
                0x00009fd4       0x3c .\CortexM3\ARM_GCC_493\Debug\PrinterBLL.o
                0x00009fd4                PrintLogo
 .text.Printer11Callback
                0x0000a010       0x54 .\CortexM3\ARM_GCC_493\Debug\PrinterBLL.o
                0x0000a010                Printer11Callback
 .text.Printer12Callback
                0x0000a064       0x54 .\CortexM3\ARM_GCC_493\Debug\PrinterBLL.o
                0x0000a064                Printer12Callback
 .text.Printer21Callback
                0x0000a0b8       0x54 .\CortexM3\ARM_GCC_493\Debug\PrinterBLL.o
                0x0000a0b8                Printer21Callback
 .text.Printer22Callback
                0x0000a10c       0x54 .\CortexM3\ARM_GCC_493\Debug\PrinterBLL.o
                0x0000a10c                Printer22Callback
 .text.Printer1GenericCallback
                0x0000a160       0x1c .\CortexM3\ARM_GCC_493\Debug\PrinterBLL.o
                0x0000a160                Printer1GenericCallback
 .text.Printer2GenericCallback
                0x0000a17c       0x1c .\CortexM3\ARM_GCC_493\Debug\PrinterBLL.o
                0x0000a17c                Printer2GenericCallback
 .text.MeasurePrinterASCIIBufferLength
                0x0000a198       0x34 .\CortexM3\ARM_GCC_493\Debug\PrinterBLL.o
                0x0000a198                MeasurePrinterASCIIBufferLength
 .text.Printer1GenericCallbacklogo
                0x0000a1cc       0x18 .\CortexM3\ARM_GCC_493\Debug\PrinterBLL.o
                0x0000a1cc                Printer1GenericCallbacklogo
 .text.Printer2GenericCallbacklogo
                0x0000a1e4       0x18 .\CortexM3\ARM_GCC_493\Debug\PrinterBLL.o
                0x0000a1e4                Printer2GenericCallbacklogo
 .text.PadSpacesToCenter
                0x0000a1fc       0x24 .\CortexM3\ARM_GCC_493\Debug\PrinterBLL.o
                0x0000a1fc                PadSpacesToCenter
 .text.GetProductNameFromPumpAndHose
                0x0000a220      0x3c8 .\CortexM3\ARM_GCC_493\Debug\PrinterBLL.o
                0x0000a220                GetProductNameFromPumpAndHose
 .text.FormatNumberLSDFirst
                0x0000a5e8      0x140 .\CortexM3\ARM_GCC_493\Debug\PrinterBLL.o
                0x0000a5e8                FormatNumberLSDFirst
 .text.Print    0x0000a728     0x11a0 .\CortexM3\ARM_GCC_493\Debug\PrinterBLL.o
                0x0000a728                Print
 .text.PrintGeneric
                0x0000b8c8       0x44 .\CortexM3\ARM_GCC_493\Debug\PrinterBLL.o
                0x0000b8c8                PrintGeneric
 .text.PrinterSinkRegistration
                0x0000b90c      0x148 .\CortexM3\ARM_GCC_493\Debug\PrinterSink.o
                0x0000b90c                PrinterSinkRegistration
 .text.PrinterUARTSend
                0x0000ba54       0x14 .\CortexM3\ARM_GCC_493\Debug\PrinterResolver.o
                0x0000ba54                PrinterUARTSend
 .text.GetPrinterTemplateLine
                0x0000ba68       0x48 .\CortexM3\ARM_GCC_493\Debug\PrinterTemplate.o
                0x0000ba68                GetPrinterTemplateLine
 .text.GetPrinterVolumeTemplateTag
                0x0000bab0       0x48 .\CortexM3\ARM_GCC_493\Debug\PrinterTemplate.o
                0x0000bab0                GetPrinterVolumeTemplateTag
 .text.GetPrinterPriceTemplateTag
                0x0000baf8       0x34 .\CortexM3\ARM_GCC_493\Debug\PrinterTemplate.o
                0x0000baf8                GetPrinterPriceTemplateTag
 .text.iButtonSinkRegistration
                0x0000bb2c       0x5c .\CortexM3\ARM_GCC_493\Debug\iButtonSink.o
                0x0000bb2c                iButtonSinkRegistration
 .text.iButton1Scan
                0x0000bb88       0xb4 .\CortexM3\ARM_GCC_493\Debug\iButtonBLL.o
                0x0000bb88                iButton1Scan
 .text.iButton2Scan
                0x0000bc3c       0xa8 .\CortexM3\ARM_GCC_493\Debug\iButtonBLL.o
                0x0000bc3c                iButton2Scan
 .text.iButtonResetPresenceSequence
                0x0000bce4       0x84 .\CortexM3\ARM_GCC_493\Debug\iButtonProtocol.o
                0x0000bce4                iButtonResetPresenceSequence
 .text.iButtonRead
                0x0000bd68       0xbc .\CortexM3\ARM_GCC_493\Debug\iButtonProtocol.o
                0x0000bd68                iButtonRead
 .text.iButtonWrite
                0x0000be24       0xc4 .\CortexM3\ARM_GCC_493\Debug\iButtonProtocol.o
                0x0000be24                iButtonWrite
 .text.InitProtocol
                0x0000bee8      0x32c .\CortexM3\ARM_GCC_493\Debug\Advantage.o
                0x0000bee8                InitProtocol
 .text.PumpIsInValidState
                0x0000c214       0x38 .\CortexM3\ARM_GCC_493\Debug\Advantage.o
                0x0000c214                PumpIsInValidState
 .text.PumpJobQueueClear
                0x0000c24c       0x8c .\CortexM3\ARM_GCC_493\Debug\Advantage.o
                0x0000c24c                PumpJobQueueClear
 .text.PumpJobAllocate
                0x0000c2d8      0x144 .\CortexM3\ARM_GCC_493\Debug\Advantage.o
                0x0000c2d8                PumpJobAllocate
 .text.PumpJobEnqueue
                0x0000c41c       0x5c .\CortexM3\ARM_GCC_493\Debug\Advantage.o
                0x0000c41c                PumpJobEnqueue
 .text.PumpJobQueuePeek
                0x0000c478       0x30 .\CortexM3\ARM_GCC_493\Debug\Advantage.o
                0x0000c478                PumpJobQueuePeek
 .text.PumpJobDequeue
                0x0000c4a8       0xb8 .\CortexM3\ARM_GCC_493\Debug\Advantage.o
                0x0000c4a8                PumpJobDequeue
 .text.PumpJobRotate
                0x0000c560       0x78 .\CortexM3\ARM_GCC_493\Debug\Advantage.o
                0x0000c560                PumpJobRotate
 .text.PumpTransactionalStateDequeue
                0x0000c5d8       0x60 .\CortexM3\ARM_GCC_493\Debug\Advantage.o
                0x0000c5d8                PumpTransactionalStateDequeue
 .text.PumpTransactionalStateEnqueue
                0x0000c638       0x20 .\CortexM3\ARM_GCC_493\Debug\Advantage.o
                0x0000c638                PumpTransactionalStateEnqueue
 .text.PumpTransactionalStateDeallocate
                0x0000c658       0x94 .\CortexM3\ARM_GCC_493\Debug\Advantage.o
                0x0000c658                PumpTransactionalStateDeallocate
 .text.PumpTransactionalStateFind
                0x0000c6ec       0x54 .\CortexM3\ARM_GCC_493\Debug\Advantage.o
                0x0000c6ec                PumpTransactionalStateFind
 .text.PumpTransactionalStateAllocate
                0x0000c740       0x94 .\CortexM3\ARM_GCC_493\Debug\Advantage.o
                0x0000c740                PumpTransactionalStateAllocate
 *fill*         0x0000c7d4        0x4 
 .text.PumpTransactionalStateLock
                0x0000c7d8       0x70 .\CortexM3\ARM_GCC_493\Debug\Advantage.o
                0x0000c7d8                PumpTransactionalStateLock
 .text.PumpTransactionalStateUnlock
                0x0000c848       0x20 .\CortexM3\ARM_GCC_493\Debug\Advantage.o
                0x0000c848                PumpTransactionalStateUnlock
 .text.PumpCleanUp
                0x0000c868       0xb4 .\CortexM3\ARM_GCC_493\Debug\Advantage.o
                0x0000c868                PumpCleanUp
 .text.GetTransactionByName
                0x0000c91c       0x48 .\CortexM3\ARM_GCC_493\Debug\AdvantageFlow.o
                0x0000c91c                GetTransactionByName
 .text.AcquirePumpStateResponse
                0x0000c964      0x134 .\CortexM3\ARM_GCC_493\Debug\AdvantageImpl.o
                0x0000c964                AcquirePumpStateResponse
 .text.AcquireDatatoPumpResponse
                0x0000ca98       0x50 .\CortexM3\ARM_GCC_493\Debug\AdvantageImpl.o
                0x0000ca98                AcquireDatatoPumpResponse
 .text.ProcessPumpTransactionData
                0x0000cae8      0xf9c .\CortexM3\ARM_GCC_493\Debug\AdvantageImpl.o
                0x0000cae8                ProcessPumpTransactionData
 .text.ProcessPumpTotalsDataReport
                0x0000da84      0x1a8 .\CortexM3\ARM_GCC_493\Debug\AdvantageImpl.o
                0x0000da84                ProcessPumpTotalsDataReport
 .text.PumpJobTimeout
                0x0000dc2c       0x38 .\CortexM3\ARM_GCC_493\Debug\AdvantageImpl.o
                0x0000dc2c                PumpJobTimeout
 .text.PumpStateJobTimeout
                0x0000dc64       0x38 .\CortexM3\ARM_GCC_493\Debug\AdvantageImpl.o
                0x0000dc64                PumpStateJobTimeout
 .text.PumpAuthorization
                0x0000dc9c       0x84 .\CortexM3\ARM_GCC_493\Debug\AdvantageImpl.o
                0x0000dc9c                PumpAuthorization
 .text.PumpStartupAuthorization
                0x0000dd20       0x70 .\CortexM3\ARM_GCC_493\Debug\AdvantageImpl.o
                0x0000dd20                PumpStartupAuthorization
 .text.PumpStateRequest
                0x0000dd90       0x60 .\CortexM3\ARM_GCC_493\Debug\AdvantageImpl.o
                0x0000dd90                PumpStateRequest
 .text.PumpTransactionDataRequest
                0x0000ddf0       0x6c .\CortexM3\ARM_GCC_493\Debug\AdvantageImpl.o
                0x0000ddf0                PumpTransactionDataRequest
 .text.PumpTotalsDataRequest
                0x0000de5c       0x6c .\CortexM3\ARM_GCC_493\Debug\AdvantageImpl.o
                0x0000de5c                PumpTotalsDataRequest
 .text.PumpDataToPump
                0x0000dec8       0x6c .\CortexM3\ARM_GCC_493\Debug\AdvantageImpl.o
                0x0000dec8                PumpDataToPump
 .text.PumpCreditPresetHose
                0x0000df34      0x3ac .\CortexM3\ARM_GCC_493\Debug\AdvantageImpl.o
                0x0000df34                PumpCreditPresetHose
 .text.PumpPresetHose
                0x0000e2e0      0x3ac .\CortexM3\ARM_GCC_493\Debug\AdvantageImpl.o
                0x0000e2e0                PumpPresetHose
 .text.PumpPresetNotification
                0x0000e68c      0x214 .\CortexM3\ARM_GCC_493\Debug\AdvantageImpl.o
                0x0000e68c                PumpPresetNotification
 .text.PumpCreditPresetNotification
                0x0000e8a0       0xe8 .\CortexM3\ARM_GCC_493\Debug\AdvantageImpl.o
                0x0000e8a0                PumpCreditPresetNotification
 .text.PumpFullPresetHose
                0x0000e988      0x35c .\CortexM3\ARM_GCC_493\Debug\AdvantageImpl.o
                0x0000e988                PumpFullPresetHose
 .text.PumpPpuChange
                0x0000ece4      0x2c4 .\CortexM3\ARM_GCC_493\Debug\AdvantageImpl.o
                0x0000ece4                PumpPpuChange
 .text.PumpDefault2CreditPpuChange
                0x0000efa8      0x1b0 .\CortexM3\ARM_GCC_493\Debug\AdvantageImpl.o
                0x0000efa8                PumpDefault2CreditPpuChange
 .text.PumpCredit2DefaultPpuChange
                0x0000f158      0x23c .\CortexM3\ARM_GCC_493\Debug\AdvantageImpl.o
                0x0000f158                PumpCredit2DefaultPpuChange
 .text.PumpStopRequest
                0x0000f394       0x6c .\CortexM3\ARM_GCC_493\Debug\AdvantageImpl.o
                0x0000f394                PumpStopRequest
 .text.PumpStopAllRequest
                0x0000f400       0x60 .\CortexM3\ARM_GCC_493\Debug\AdvantageImpl.o
                0x0000f400                PumpStopAllRequest
 .text.PumpCompleteConfiguration
                0x0000f460       0xe8 .\CortexM3\ARM_GCC_493\Debug\AdvantageImpl.o
                0x0000f460                PumpCompleteConfiguration
 .text.AcquirePumpCompleteConfiguration
                0x0000f548      0x45c .\CortexM3\ARM_GCC_493\Debug\AdvantageImpl.o
                0x0000f548                AcquirePumpCompleteConfiguration
 .text.AcquireDispenserLayoutInformation
                0x0000f9a4      0x4c8 .\CortexM3\ARM_GCC_493\Debug\AdvantageImpl.o
                0x0000f9a4                AcquireDispenserLayoutInformation
 .text.AcquirePumpSpecialFunctionResponseResolver
                0x0000fe6c      0x128 .\CortexM3\ARM_GCC_493\Debug\AdvantageImpl.o
                0x0000fe6c                AcquirePumpSpecialFunctionResponseResolver
 .text.PumpEnumeratorRequest
                0x0000ff94       0x60 .\CortexM3\ARM_GCC_493\Debug\AdvantageImpl.o
                0x0000ff94                PumpEnumeratorRequest
 .text.AcquirePumpEnumeratorResponse
                0x0000fff4      0x240 .\CortexM3\ARM_GCC_493\Debug\AdvantageImpl.o
                0x0000fff4                AcquirePumpEnumeratorResponse
 .text.PumpEnumeratorTimeout
                0x00010234       0x6c .\CortexM3\ARM_GCC_493\Debug\AdvantageImpl.o
                0x00010234                PumpEnumeratorTimeout
 .text.AcquirePumpTotalsResponseResolver
                0x000102a0      0x15c .\CortexM3\ARM_GCC_493\Debug\AdvantageImpl.o
                0x000102a0                AcquirePumpTotalsResponseResolver
 .text.AcquirePumpTransactionDataResponseResolver
                0x000103fc       0x4c .\CortexM3\ARM_GCC_493\Debug\AdvantageImpl.o
                0x000103fc                AcquirePumpTransactionDataResponseResolver
 .text.AdvantageActivateProgramming
                0x00010448       0xac .\CortexM3\ARM_GCC_493\Debug\AdvantageImpl.o
                0x00010448                AdvantageActivateProgramming
 .text.GetLRC   0x000104f4       0x60 .\CortexM3\ARM_GCC_493\Debug\AdvantageImpl.o
                0x000104f4                GetLRC
 .text.FindLRC  0x00010554       0x34 .\CortexM3\ARM_GCC_493\Debug\AdvantageImpl.o
                0x00010554                FindLRC
 .text.TerminateTransactionAndPrint
                0x00010588      0x248 .\CortexM3\ARM_GCC_493\Debug\AdvantageImpl.o
                0x00010588                TerminateTransactionAndPrint
 .text.CastVolumeValue
                0x000107d0      0x174 .\CortexM3\ARM_GCC_493\Debug\AdvantageImpl.o
                0x000107d0                CastVolumeValue
 .text.CastMoneyValue
                0x00010944      0x164 .\CortexM3\ARM_GCC_493\Debug\AdvantageImpl.o
                0x00010944                CastMoneyValue
 .text.TranslateSpecialFuncionDigit
                0x00010aa8       0x48 .\CortexM3\ARM_GCC_493\Debug\AdvantageImpl.o
                0x00010aa8                TranslateSpecialFuncionDigit
 .text.RFSinkRegistration
                0x00010af0       0xdc .\CortexM3\ARM_GCC_493\Debug\RFSink.o
                0x00010af0                RFSinkRegistration
 .text.RFServerAutonomousMonitor
                0x00010bcc       0x64 .\CortexM3\ARM_GCC_493\Debug\RFSink.o
                0x00010bcc                RFServerAutonomousMonitor
 .text.RFServerRequestHandler
                0x00010c30       0x68 .\CortexM3\ARM_GCC_493\Debug\RFBLL.o
                0x00010c30                RFServerRequestHandler
 .text.RFErrorHandler
                0x00010c98       0x14 .\CortexM3\ARM_GCC_493\Debug\RFBLL.o
                0x00010c98                RFErrorHandler
 .text.GetRFRequestResolver
                0x00010cac       0x58 .\CortexM3\ARM_GCC_493\Debug\RFBLL.o
                0x00010cac                GetRFRequestResolver
 .text.RFUARTBufferResolver
                0x00010d04      0x1f8 .\CortexM3\ARM_GCC_493\Debug\RFResolver.o
                0x00010d04                RFUARTBufferResolver
 .text.RFUARTSend
                0x00010efc       0x4c .\CortexM3\ARM_GCC_493\Debug\RFResolver.o
                0x00010efc                RFUARTSend
 .text.RFGetPayloadLengthFromRequestCode
                0x00010f48       0x48 .\CortexM3\ARM_GCC_493\Debug\RFServerStack.o
                0x00010f48                RFGetPayloadLengthFromRequestCode
 .text.RFGetDynamicPayloadLengthFromRequestCode
                0x00010f90       0x48 .\CortexM3\ARM_GCC_493\Debug\RFServerStack.o
                0x00010f90                RFGetDynamicPayloadLengthFromRequestCode
 .text.RFGetCRC
                0x00010fd8       0x6c .\CortexM3\ARM_GCC_493\Debug\RFServerStack.o
                0x00010fd8                RFGetCRC
 .text.RFUnmapCommand2State
                0x00011044       0x48 .\CortexM3\ARM_GCC_493\Debug\RFServerStack.o
                0x00011044                RFUnmapCommand2State
 .text.RFStateReqResp
                0x0001108c      0x40c .\CortexM3\ARM_GCC_493\Debug\RFServerStackImpl.o
                0x0001108c                RFStateReqResp
 .text.RFCreditSerialAuthReqResp
                0x00011498      0x26c .\CortexM3\ARM_GCC_493\Debug\RFServerStackImpl.o
                0x00011498                RFCreditSerialAuthReqResp
 .text.RFCreditAuthorizationReqResp
                0x00011704      0x408 .\CortexM3\ARM_GCC_493\Debug\RFServerStackImpl.o
                0x00011704                RFCreditAuthorizationReqResp
 .text.RFCreditSalePresetReportReqResp
                0x00011b0c      0x1f4 .\CortexM3\ARM_GCC_493\Debug\RFServerStackImpl.o
                0x00011b0c                RFCreditSalePresetReportReqResp
 .text.RFCashSalePresetReportReqResp
                0x00011d00      0x448 .\CortexM3\ARM_GCC_493\Debug\RFServerStackImpl.o
                0x00011d00                RFCashSalePresetReportReqResp
 .text.RFCashCreditSaleFinalReportReqResp
                0x00012148      0x558 .\CortexM3\ARM_GCC_493\Debug\RFServerStackImpl.o
                0x00012148                RFCashCreditSaleFinalReportReqResp
 .text.RFTotalsDataReqResp
                0x000126a0      0x284 .\CortexM3\ARM_GCC_493\Debug\RFServerStackImpl.o
                0x000126a0                RFTotalsDataReqResp
 .text.RFTotalsDataReportReqResp
                0x00012924      0xedc .\CortexM3\ARM_GCC_493\Debug\RFServerStackImpl.o
                0x00012924                RFTotalsDataReportReqResp
 .text.RFPriceChangeReqResp
                0x00013800      0x370 .\CortexM3\ARM_GCC_493\Debug\RFServerStackImpl.o
                0x00013800                RFPriceChangeReqResp
 .text.RFGeneralPrintReqResp
                0x00013b70      0x30c .\CortexM3\ARM_GCC_493\Debug\RFServerStackImpl.o
                0x00013b70                RFGeneralPrintReqResp
 .text.RFCreditSalePrintReqResp
                0x00013e7c      0x458 .\CortexM3\ARM_GCC_493\Debug\RFServerStackImpl.o
                0x00013e7c                RFCreditSalePrintReqResp
 .text.RFCashSalePrintReqResp
                0x000142d4      0x2fc .\CortexM3\ARM_GCC_493\Debug\RFServerStackImpl.o
                0x000142d4                RFCashSalePrintReqResp
 .text.RFPendingCreditSaleReqResp
                0x000145d0     0x12d4 .\CortexM3\ARM_GCC_493\Debug\RFServerStackImpl.o
                0x000145d0                RFPendingCreditSaleReqResp
 .text.RFPendingCashSaleReqResp
                0x000158a4     0x1054 .\CortexM3\ARM_GCC_493\Debug\RFServerStackImpl.o
                0x000158a4                RFPendingCashSaleReqResp
 .text.RFBroadcastConfigurationReqResp
                0x000168f8      0x548 .\CortexM3\ARM_GCC_493\Debug\RFServerStackImpl.o
                0x000168f8                RFBroadcastConfigurationReqResp
 .text.RFPositionConfigurationReqResp
                0x00016e40      0x38c .\CortexM3\ARM_GCC_493\Debug\RFServerStackImpl.o
                0x00016e40                RFPositionConfigurationReqResp
 .text.RFIslandOperDataReqResp
                0x000171cc      0x2c0 .\CortexM3\ARM_GCC_493\Debug\RFServerStackImpl.o
                0x000171cc                RFIslandOperDataReqResp
 .text.RFIslandAdminReqResp
                0x0001748c      0x350 .\CortexM3\ARM_GCC_493\Debug\RFServerStackImpl.o
                0x0001748c                RFIslandAdminReqResp
 .text.GeneralPrintRequestPayloadSizeResolver
                0x000177dc       0x20 .\CortexM3\ARM_GCC_493\Debug\RFServerStackImpl.o
                0x000177dc                GeneralPrintRequestPayloadSizeResolver
 .text.RFCopyPrintReqResp
                0x000177fc      0x2ec .\CortexM3\ARM_GCC_493\Debug\RFServerStackImpl.o
                0x000177fc                RFCopyPrintReqResp
 .text.main     0x00017ae8       0x28 .\CortexM3\ARM_GCC_493\Debug\main.o
                0x00017ae8                main
 .text.IntDefaultHandler
                0x00017b10        0x8 .\CortexM3\ARM_GCC_493\Debug\Cm3Start.o
                0x00017b10                IntDefaultHandler
 .text._sbrk    0x00017b18       0x50 .\CortexM3\ARM_GCC_493\Debug\Cm3Start.o
                0x00017b18                _sbrk
 .text.Start_c  0x00017b68       0x98 .\CortexM3\ARM_GCC_493\Debug\Cm3Start.o
                0x00017b68                Start_c
 .text.initialize_psoc
                0x00017c00       0x8c .\CortexM3\ARM_GCC_493\Debug\Cm3Start.o
                0x00017c00                initialize_psoc
 .text.CYMEMZERO
                0x00017c8c       0x1c .\CortexM3\ARM_GCC_493\Debug\CorEx-Mux-Kernel.a(cyfitter_cfg.o)
 .text.CYCONFIGCPY
                0x00017ca8       0x1c .\CortexM3\ARM_GCC_493\Debug\CorEx-Mux-Kernel.a(cyfitter_cfg.o)
 .text.CyClockStartupError
                0x00017cc4        0xc .\CortexM3\ARM_GCC_493\Debug\CorEx-Mux-Kernel.a(cyfitter_cfg.o)
 .text.cfg_write_bytes32
                0x00017cd0       0x74 .\CortexM3\ARM_GCC_493\Debug\CorEx-Mux-Kernel.a(cyfitter_cfg.o)
 .text.ClockSetup
                0x00017d44      0x17c .\CortexM3\ARM_GCC_493\Debug\CorEx-Mux-Kernel.a(cyfitter_cfg.o)
 .text.AnalogSetDefault
                0x00017ec0       0x44 .\CortexM3\ARM_GCC_493\Debug\CorEx-Mux-Kernel.a(cyfitter_cfg.o)
 .text.cyfitter_cfg
                0x00017f04      0x190 .\CortexM3\ARM_GCC_493\Debug\CorEx-Mux-Kernel.a(cyfitter_cfg.o)
                0x00017f04                cyfitter_cfg
 .text.RF_Physical_Start
                0x00018094       0x20 .\CortexM3\ARM_GCC_493\Debug\CorEx-Mux-Kernel.a(RF_Physical.o)
                0x00018094                RF_Physical_Start
 .text.RF_Physical_Init
                0x000180b4       0x58 .\CortexM3\ARM_GCC_493\Debug\CorEx-Mux-Kernel.a(RF_Physical.o)
                0x000180b4                RF_Physical_Init
 .text.RF_Physical_Enable
                0x0001810c       0x68 .\CortexM3\ARM_GCC_493\Debug\CorEx-Mux-Kernel.a(RF_Physical.o)
                0x0001810c                RF_Physical_Enable
 .text.RF_Physical_Stop
                0x00018174       0x68 .\CortexM3\ARM_GCC_493\Debug\CorEx-Mux-Kernel.a(RF_Physical.o)
                0x00018174                RF_Physical_Stop
 .text.RF_Physical_ReadControlRegister
                0x000181dc       0x10 .\CortexM3\ARM_GCC_493\Debug\CorEx-Mux-Kernel.a(RF_Physical.o)
                0x000181dc                RF_Physical_ReadControlRegister
 .text.RF_Physical_WriteControlRegister
                0x000181ec       0x14 .\CortexM3\ARM_GCC_493\Debug\CorEx-Mux-Kernel.a(RF_Physical.o)
                0x000181ec                RF_Physical_WriteControlRegister
 .text.RF_Physical_ReadRxData
                0x00018200       0x94 .\CortexM3\ARM_GCC_493\Debug\CorEx-Mux-Kernel.a(RF_Physical.o)
                0x00018200                RF_Physical_ReadRxData
 .text.RF_Physical_ReadRxStatus
                0x00018294       0x40 .\CortexM3\ARM_GCC_493\Debug\CorEx-Mux-Kernel.a(RF_Physical.o)
                0x00018294                RF_Physical_ReadRxStatus
 .text.RF_Physical_GetChar
                0x000182d4       0xbc .\CortexM3\ARM_GCC_493\Debug\CorEx-Mux-Kernel.a(RF_Physical.o)
                0x000182d4                RF_Physical_GetChar
 .text.RF_Physical_GetByte
                0x00018390       0x44 .\CortexM3\ARM_GCC_493\Debug\CorEx-Mux-Kernel.a(RF_Physical.o)
                0x00018390                RF_Physical_GetByte
 .text.RF_Physical_GetRxBufferSize
                0x000183d4       0x94 .\CortexM3\ARM_GCC_493\Debug\CorEx-Mux-Kernel.a(RF_Physical.o)
                0x000183d4                RF_Physical_GetRxBufferSize
 .text.RF_Physical_ClearRxBuffer
                0x00018468       0x7c .\CortexM3\ARM_GCC_493\Debug\CorEx-Mux-Kernel.a(RF_Physical.o)
                0x00018468                RF_Physical_ClearRxBuffer
 .text.RF_Physical_WriteTxData
                0x000184e4       0x2c .\CortexM3\ARM_GCC_493\Debug\CorEx-Mux-Kernel.a(RF_Physical.o)
                0x000184e4                RF_Physical_WriteTxData
 .text.RF_Physical_ReadTxStatus
                0x00018510       0x18 .\CortexM3\ARM_GCC_493\Debug\CorEx-Mux-Kernel.a(RF_Physical.o)
                0x00018510                RF_Physical_ReadTxStatus
 .text.RF_Physical_PutChar
                0x00018528       0x34 .\CortexM3\ARM_GCC_493\Debug\CorEx-Mux-Kernel.a(RF_Physical.o)
                0x00018528                RF_Physical_PutChar
 .text.RF_Physical_PutString
                0x0001855c       0x40 .\CortexM3\ARM_GCC_493\Debug\CorEx-Mux-Kernel.a(RF_Physical.o)
                0x0001855c                RF_Physical_PutString
 .text.RF_Physical_PutArray
                0x0001859c       0x40 .\CortexM3\ARM_GCC_493\Debug\CorEx-Mux-Kernel.a(RF_Physical.o)
                0x0001859c                RF_Physical_PutArray
 .text.RF_Physical_PutCRLF
                0x000185dc       0x30 .\CortexM3\ARM_GCC_493\Debug\CorEx-Mux-Kernel.a(RF_Physical.o)
                0x000185dc                RF_Physical_PutCRLF
 .text.RF_Physical_ClearTxBuffer
                0x0001860c       0x40 .\CortexM3\ARM_GCC_493\Debug\CorEx-Mux-Kernel.a(RF_Physical.o)
                0x0001860c                RF_Physical_ClearTxBuffer
 .text.RF_Physical_RXISR
                0x0001864c       0xf0 .\CortexM3\ARM_GCC_493\Debug\CorEx-Mux-Kernel.a(RF_Physical_INT.o)
                0x0001864c                RF_Physical_RXISR
 .text.RF_Physical_IntClock_Start
                0x0001873c       0x34 .\CortexM3\ARM_GCC_493\Debug\CorEx-Mux-Kernel.a(RF_Physical_IntClock.o)
                0x0001873c                RF_Physical_IntClock_Start
 .text.RF_Physical_IntClock_Stop
                0x00018770       0x34 .\CortexM3\ARM_GCC_493\Debug\CorEx-Mux-Kernel.a(RF_Physical_IntClock.o)
                0x00018770                RF_Physical_IntClock_Stop
 *fill*         0x000187a4        0x4 
 .text          0x000187a8       0x20 .\CortexM3\ARM_GCC_493\Debug\CorEx-Mux-Kernel.a(CyBootAsmGnu.o)
                0x000187a8                CyDelayCycles
                0x000187b8                CyEnterCriticalSection
                0x000187c0                CyExitCriticalSection
 .text.CyHalt   0x000187c8       0x18 .\CortexM3\ARM_GCC_493\Debug\CorEx-Mux-Kernel.a(CyLib.o)
                0x000187c8                CyHalt
 .text.CyDelay  0x000187e0       0x44 .\CortexM3\ARM_GCC_493\Debug\CorEx-Mux-Kernel.a(CyLib.o)
                0x000187e0                CyDelay
 .text.CyDelayUs
                0x00018824       0x24 .\CortexM3\ARM_GCC_493\Debug\CorEx-Mux-Kernel.a(CyLib.o)
                0x00018824                CyDelayUs
 .text.CyDelayFreq
                0x00018848       0x7c .\CortexM3\ARM_GCC_493\Debug\CorEx-Mux-Kernel.a(CyLib.o)
                0x00018848                CyDelayFreq
 .text.CyWdtStart
                0x000188c4       0x8c .\CortexM3\ARM_GCC_493\Debug\CorEx-Mux-Kernel.a(CyLib.o)
                0x000188c4                CyWdtStart
 .text.CyWdtClear
                0x00018950       0x18 .\CortexM3\ARM_GCC_493\Debug\CorEx-Mux-Kernel.a(CyLib.o)
                0x00018950                CyWdtClear
 .text.CyIntSetVector
                0x00018968       0x50 .\CortexM3\ARM_GCC_493\Debug\CorEx-Mux-Kernel.a(CyLib.o)
                0x00018968                CyIntSetVector
 .text.CyIntSetPriority
                0x000189b8       0x44 .\CortexM3\ARM_GCC_493\Debug\CorEx-Mux-Kernel.a(CyLib.o)
                0x000189b8                CyIntSetPriority
 .text.Printer_Start
                0x000189fc       0x20 .\CortexM3\ARM_GCC_493\Debug\CorEx-Mux-Kernel.a(Printer.o)
                0x000189fc                Printer_Start
 .text.Printer_Init
                0x00018a1c       0x40 .\CortexM3\ARM_GCC_493\Debug\CorEx-Mux-Kernel.a(Printer.o)
                0x00018a1c                Printer_Init
 .text.Printer_Enable
                0x00018a5c       0x58 .\CortexM3\ARM_GCC_493\Debug\CorEx-Mux-Kernel.a(Printer.o)
                0x00018a5c                Printer_Enable
 .text.Printer_Stop
                0x00018ab4       0x58 .\CortexM3\ARM_GCC_493\Debug\CorEx-Mux-Kernel.a(Printer.o)
                0x00018ab4                Printer_Stop
 .text.Printer_ReadControlRegister
                0x00018b0c       0x10 .\CortexM3\ARM_GCC_493\Debug\CorEx-Mux-Kernel.a(Printer.o)
                0x00018b0c                Printer_ReadControlRegister
 .text.Printer_WriteControlRegister
                0x00018b1c       0x14 .\CortexM3\ARM_GCC_493\Debug\CorEx-Mux-Kernel.a(Printer.o)
                0x00018b1c                Printer_WriteControlRegister
 .text.Printer_ReadRxData
                0x00018b30       0x20 .\CortexM3\ARM_GCC_493\Debug\CorEx-Mux-Kernel.a(Printer.o)
                0x00018b30                Printer_ReadRxData
 .text.Printer_ReadRxStatus
                0x00018b50       0x24 .\CortexM3\ARM_GCC_493\Debug\CorEx-Mux-Kernel.a(Printer.o)
                0x00018b50                Printer_ReadRxStatus
 .text.Printer_GetChar
                0x00018b74       0x44 .\CortexM3\ARM_GCC_493\Debug\CorEx-Mux-Kernel.a(Printer.o)
                0x00018b74                Printer_GetChar
 .text.Printer_GetByte
                0x00018bb8       0x24 .\CortexM3\ARM_GCC_493\Debug\CorEx-Mux-Kernel.a(Printer.o)
                0x00018bb8                Printer_GetByte
 .text.Printer_GetRxBufferSize
                0x00018bdc       0x30 .\CortexM3\ARM_GCC_493\Debug\CorEx-Mux-Kernel.a(Printer.o)
                0x00018bdc                Printer_GetRxBufferSize
 .text.Printer_ClearRxBuffer
                0x00018c0c       0x40 .\CortexM3\ARM_GCC_493\Debug\CorEx-Mux-Kernel.a(Printer.o)
                0x00018c0c                Printer_ClearRxBuffer
 .text.Printer_WriteTxData
                0x00018c4c       0x2c .\CortexM3\ARM_GCC_493\Debug\CorEx-Mux-Kernel.a(Printer.o)
                0x00018c4c                Printer_WriteTxData
 .text.Printer_ReadTxStatus
                0x00018c78       0x18 .\CortexM3\ARM_GCC_493\Debug\CorEx-Mux-Kernel.a(Printer.o)
                0x00018c78                Printer_ReadTxStatus
 .text.Printer_PutChar
                0x00018c90       0x34 .\CortexM3\ARM_GCC_493\Debug\CorEx-Mux-Kernel.a(Printer.o)
                0x00018c90                Printer_PutChar
 .text.Printer_PutString
                0x00018cc4       0x40 .\CortexM3\ARM_GCC_493\Debug\CorEx-Mux-Kernel.a(Printer.o)
                0x00018cc4                Printer_PutString
 .text.Printer_PutArray
                0x00018d04       0x40 .\CortexM3\ARM_GCC_493\Debug\CorEx-Mux-Kernel.a(Printer.o)
                0x00018d04                Printer_PutArray
 .text.Printer_PutCRLF
                0x00018d44       0x30 .\CortexM3\ARM_GCC_493\Debug\CorEx-Mux-Kernel.a(Printer.o)
                0x00018d44                Printer_PutCRLF
 .text.Printer_ClearTxBuffer
                0x00018d74       0x40 .\CortexM3\ARM_GCC_493\Debug\CorEx-Mux-Kernel.a(Printer.o)
                0x00018d74                Printer_ClearTxBuffer
 .text.Dispenser_Start
                0x00018db4       0x20 .\CortexM3\ARM_GCC_493\Debug\CorEx-Mux-Kernel.a(Dispenser.o)
                0x00018db4                Dispenser_Start
 .text.Dispenser_Init
                0x00018dd4       0x58 .\CortexM3\ARM_GCC_493\Debug\CorEx-Mux-Kernel.a(Dispenser.o)
                0x00018dd4                Dispenser_Init
 .text.Dispenser_Enable
                0x00018e2c       0x64 .\CortexM3\ARM_GCC_493\Debug\CorEx-Mux-Kernel.a(Dispenser.o)
                0x00018e2c                Dispenser_Enable
 .text.Dispenser_Stop
                0x00018e90       0x64 .\CortexM3\ARM_GCC_493\Debug\CorEx-Mux-Kernel.a(Dispenser.o)
                0x00018e90                Dispenser_Stop
 .text.Dispenser_ReadControlRegister
                0x00018ef4       0x10 .\CortexM3\ARM_GCC_493\Debug\CorEx-Mux-Kernel.a(Dispenser.o)
                0x00018ef4                Dispenser_ReadControlRegister
 .text.Dispenser_WriteControlRegister
                0x00018f04       0x14 .\CortexM3\ARM_GCC_493\Debug\CorEx-Mux-Kernel.a(Dispenser.o)
                0x00018f04                Dispenser_WriteControlRegister
 .text.Dispenser_ReadRxData
                0x00018f18       0x94 .\CortexM3\ARM_GCC_493\Debug\CorEx-Mux-Kernel.a(Dispenser.o)
                0x00018f18                Dispenser_ReadRxData
 .text.Dispenser_ReadRxStatus
                0x00018fac       0x40 .\CortexM3\ARM_GCC_493\Debug\CorEx-Mux-Kernel.a(Dispenser.o)
                0x00018fac                Dispenser_ReadRxStatus
 .text.Dispenser_GetChar
                0x00018fec       0xb8 .\CortexM3\ARM_GCC_493\Debug\CorEx-Mux-Kernel.a(Dispenser.o)
                0x00018fec                Dispenser_GetChar
 .text.Dispenser_GetByte
                0x000190a4       0x44 .\CortexM3\ARM_GCC_493\Debug\CorEx-Mux-Kernel.a(Dispenser.o)
                0x000190a4                Dispenser_GetByte
 .text.Dispenser_GetRxBufferSize
                0x000190e8       0x94 .\CortexM3\ARM_GCC_493\Debug\CorEx-Mux-Kernel.a(Dispenser.o)
                0x000190e8                Dispenser_GetRxBufferSize
 .text.Dispenser_ClearRxBuffer
                0x0001917c       0x7c .\CortexM3\ARM_GCC_493\Debug\CorEx-Mux-Kernel.a(Dispenser.o)
                0x0001917c                Dispenser_ClearRxBuffer
 .text.Dispenser_WriteTxData
                0x000191f8       0x2c .\CortexM3\ARM_GCC_493\Debug\CorEx-Mux-Kernel.a(Dispenser.o)
                0x000191f8                Dispenser_WriteTxData
 .text.Dispenser_ReadTxStatus
                0x00019224       0x18 .\CortexM3\ARM_GCC_493\Debug\CorEx-Mux-Kernel.a(Dispenser.o)
                0x00019224                Dispenser_ReadTxStatus
 .text.Dispenser_PutChar
                0x0001923c       0x34 .\CortexM3\ARM_GCC_493\Debug\CorEx-Mux-Kernel.a(Dispenser.o)
                0x0001923c                Dispenser_PutChar
 .text.Dispenser_PutString
                0x00019270       0x40 .\CortexM3\ARM_GCC_493\Debug\CorEx-Mux-Kernel.a(Dispenser.o)
                0x00019270                Dispenser_PutString
 .text.Dispenser_PutArray
                0x000192b0       0x40 .\CortexM3\ARM_GCC_493\Debug\CorEx-Mux-Kernel.a(Dispenser.o)
                0x000192b0                Dispenser_PutArray
 .text.Dispenser_PutCRLF
                0x000192f0       0x30 .\CortexM3\ARM_GCC_493\Debug\CorEx-Mux-Kernel.a(Dispenser.o)
                0x000192f0                Dispenser_PutCRLF
 .text.Dispenser_ClearTxBuffer
                0x00019320       0x40 .\CortexM3\ARM_GCC_493\Debug\CorEx-Mux-Kernel.a(Dispenser.o)
                0x00019320                Dispenser_ClearTxBuffer
 .text.Dispenser_RXISR
                0x00019360       0xec .\CortexM3\ARM_GCC_493\Debug\CorEx-Mux-Kernel.a(Dispenser_INT.o)
                0x00019360                Dispenser_RXISR
 .text.Display1_Start
                0x0001944c       0x20 .\CortexM3\ARM_GCC_493\Debug\CorEx-Mux-Kernel.a(Display1.o)
                0x0001944c                Display1_Start
 .text.Display1_Init
                0x0001946c       0x58 .\CortexM3\ARM_GCC_493\Debug\CorEx-Mux-Kernel.a(Display1.o)
                0x0001946c                Display1_Init
 .text.Display1_Enable
                0x000194c4       0x68 .\CortexM3\ARM_GCC_493\Debug\CorEx-Mux-Kernel.a(Display1.o)
                0x000194c4                Display1_Enable
 .text.Display1_Stop
                0x0001952c       0x68 .\CortexM3\ARM_GCC_493\Debug\CorEx-Mux-Kernel.a(Display1.o)
                0x0001952c                Display1_Stop
 .text.Display1_ReadControlRegister
                0x00019594       0x10 .\CortexM3\ARM_GCC_493\Debug\CorEx-Mux-Kernel.a(Display1.o)
                0x00019594                Display1_ReadControlRegister
 .text.Display1_WriteControlRegister
                0x000195a4       0x14 .\CortexM3\ARM_GCC_493\Debug\CorEx-Mux-Kernel.a(Display1.o)
                0x000195a4                Display1_WriteControlRegister
 .text.Display1_ReadRxData
                0x000195b8       0x94 .\CortexM3\ARM_GCC_493\Debug\CorEx-Mux-Kernel.a(Display1.o)
                0x000195b8                Display1_ReadRxData
 .text.Display1_ReadRxStatus
                0x0001964c       0x40 .\CortexM3\ARM_GCC_493\Debug\CorEx-Mux-Kernel.a(Display1.o)
                0x0001964c                Display1_ReadRxStatus
 .text.Display1_GetChar
                0x0001968c       0xb8 .\CortexM3\ARM_GCC_493\Debug\CorEx-Mux-Kernel.a(Display1.o)
                0x0001968c                Display1_GetChar
 .text.Display1_GetByte
                0x00019744       0x44 .\CortexM3\ARM_GCC_493\Debug\CorEx-Mux-Kernel.a(Display1.o)
                0x00019744                Display1_GetByte
 .text.Display1_GetRxBufferSize
                0x00019788       0x90 .\CortexM3\ARM_GCC_493\Debug\CorEx-Mux-Kernel.a(Display1.o)
                0x00019788                Display1_GetRxBufferSize
 .text.Display1_ClearRxBuffer
                0x00019818       0x7c .\CortexM3\ARM_GCC_493\Debug\CorEx-Mux-Kernel.a(Display1.o)
                0x00019818                Display1_ClearRxBuffer
 .text.Display1_WriteTxData
                0x00019894       0x2c .\CortexM3\ARM_GCC_493\Debug\CorEx-Mux-Kernel.a(Display1.o)
                0x00019894                Display1_WriteTxData
 .text.Display1_ReadTxStatus
                0x000198c0       0x18 .\CortexM3\ARM_GCC_493\Debug\CorEx-Mux-Kernel.a(Display1.o)
                0x000198c0                Display1_ReadTxStatus
 .text.Display1_PutChar
                0x000198d8       0x34 .\CortexM3\ARM_GCC_493\Debug\CorEx-Mux-Kernel.a(Display1.o)
                0x000198d8                Display1_PutChar
 .text.Display1_PutString
                0x0001990c       0x40 .\CortexM3\ARM_GCC_493\Debug\CorEx-Mux-Kernel.a(Display1.o)
                0x0001990c                Display1_PutString
 .text.Display1_PutArray
                0x0001994c       0x40 .\CortexM3\ARM_GCC_493\Debug\CorEx-Mux-Kernel.a(Display1.o)
                0x0001994c                Display1_PutArray
 .text.Display1_PutCRLF
                0x0001998c       0x30 .\CortexM3\ARM_GCC_493\Debug\CorEx-Mux-Kernel.a(Display1.o)
                0x0001998c                Display1_PutCRLF
 .text.Display1_ClearTxBuffer
                0x000199bc       0x40 .\CortexM3\ARM_GCC_493\Debug\CorEx-Mux-Kernel.a(Display1.o)
                0x000199bc                Display1_ClearTxBuffer
 .text.Display1_RXISR
                0x000199fc       0xf0 .\CortexM3\ARM_GCC_493\Debug\CorEx-Mux-Kernel.a(Display1_INT.o)
                0x000199fc                Display1_RXISR
 .text.Display2_Start
                0x00019aec       0x20 .\CortexM3\ARM_GCC_493\Debug\CorEx-Mux-Kernel.a(Display2.o)
                0x00019aec                Display2_Start
 .text.Display2_Init
                0x00019b0c       0x58 .\CortexM3\ARM_GCC_493\Debug\CorEx-Mux-Kernel.a(Display2.o)
                0x00019b0c                Display2_Init
 .text.Display2_Enable
                0x00019b64       0x68 .\CortexM3\ARM_GCC_493\Debug\CorEx-Mux-Kernel.a(Display2.o)
                0x00019b64                Display2_Enable
 .text.Display2_Stop
                0x00019bcc       0x68 .\CortexM3\ARM_GCC_493\Debug\CorEx-Mux-Kernel.a(Display2.o)
                0x00019bcc                Display2_Stop
 .text.Display2_ReadControlRegister
                0x00019c34       0x10 .\CortexM3\ARM_GCC_493\Debug\CorEx-Mux-Kernel.a(Display2.o)
                0x00019c34                Display2_ReadControlRegister
 .text.Display2_WriteControlRegister
                0x00019c44       0x14 .\CortexM3\ARM_GCC_493\Debug\CorEx-Mux-Kernel.a(Display2.o)
                0x00019c44                Display2_WriteControlRegister
 .text.Display2_ReadRxData
                0x00019c58       0x94 .\CortexM3\ARM_GCC_493\Debug\CorEx-Mux-Kernel.a(Display2.o)
                0x00019c58                Display2_ReadRxData
 .text.Display2_ReadRxStatus
                0x00019cec       0x40 .\CortexM3\ARM_GCC_493\Debug\CorEx-Mux-Kernel.a(Display2.o)
                0x00019cec                Display2_ReadRxStatus
 .text.Display2_GetChar
                0x00019d2c       0xb8 .\CortexM3\ARM_GCC_493\Debug\CorEx-Mux-Kernel.a(Display2.o)
                0x00019d2c                Display2_GetChar
 .text.Display2_GetByte
                0x00019de4       0x44 .\CortexM3\ARM_GCC_493\Debug\CorEx-Mux-Kernel.a(Display2.o)
                0x00019de4                Display2_GetByte
 .text.Display2_GetRxBufferSize
                0x00019e28       0x90 .\CortexM3\ARM_GCC_493\Debug\CorEx-Mux-Kernel.a(Display2.o)
                0x00019e28                Display2_GetRxBufferSize
 .text.Display2_ClearRxBuffer
                0x00019eb8       0x7c .\CortexM3\ARM_GCC_493\Debug\CorEx-Mux-Kernel.a(Display2.o)
                0x00019eb8                Display2_ClearRxBuffer
 .text.Display2_WriteTxData
                0x00019f34       0x2c .\CortexM3\ARM_GCC_493\Debug\CorEx-Mux-Kernel.a(Display2.o)
                0x00019f34                Display2_WriteTxData
 .text.Display2_ReadTxStatus
                0x00019f60       0x18 .\CortexM3\ARM_GCC_493\Debug\CorEx-Mux-Kernel.a(Display2.o)
                0x00019f60                Display2_ReadTxStatus
 .text.Display2_PutChar
                0x00019f78       0x34 .\CortexM3\ARM_GCC_493\Debug\CorEx-Mux-Kernel.a(Display2.o)
                0x00019f78                Display2_PutChar
 .text.Display2_PutString
                0x00019fac       0x40 .\CortexM3\ARM_GCC_493\Debug\CorEx-Mux-Kernel.a(Display2.o)
                0x00019fac                Display2_PutString
 .text.Display2_PutArray
                0x00019fec       0x40 .\CortexM3\ARM_GCC_493\Debug\CorEx-Mux-Kernel.a(Display2.o)
                0x00019fec                Display2_PutArray
 .text.Display2_PutCRLF
                0x0001a02c       0x30 .\CortexM3\ARM_GCC_493\Debug\CorEx-Mux-Kernel.a(Display2.o)
                0x0001a02c                Display2_PutCRLF
 .text.Display2_ClearTxBuffer
                0x0001a05c       0x40 .\CortexM3\ARM_GCC_493\Debug\CorEx-Mux-Kernel.a(Display2.o)
                0x0001a05c                Display2_ClearTxBuffer
 .text.Display2_RXISR
                0x0001a09c       0xf0 .\CortexM3\ARM_GCC_493\Debug\CorEx-Mux-Kernel.a(Display2_INT.o)
                0x0001a09c                Display2_RXISR
 .text.Counter_ISR_StartEx
                0x0001a18c       0x24 .\CortexM3\ARM_GCC_493\Debug\CorEx-Mux-Kernel.a(Counter_ISR.o)
                0x0001a18c                Counter_ISR_StartEx
 .text.Counter_ISR_SetVector
                0x0001a1b0       0x24 .\CortexM3\ARM_GCC_493\Debug\CorEx-Mux-Kernel.a(Counter_ISR.o)
                0x0001a1b0                Counter_ISR_SetVector
 .text.Counter_ISR_SetPriority
                0x0001a1d4       0x24 .\CortexM3\ARM_GCC_493\Debug\CorEx-Mux-Kernel.a(Counter_ISR.o)
                0x0001a1d4                Counter_ISR_SetPriority
 .text.Counter_ISR_Enable
                0x0001a1f8       0x18 .\CortexM3\ARM_GCC_493\Debug\CorEx-Mux-Kernel.a(Counter_ISR.o)
                0x0001a1f8                Counter_ISR_Enable
 .text.Counter_ISR_Disable
                0x0001a210       0x18 .\CortexM3\ARM_GCC_493\Debug\CorEx-Mux-Kernel.a(Counter_ISR.o)
                0x0001a210                Counter_ISR_Disable
 .text.Display1_IntClock_Start
                0x0001a228       0x34 .\CortexM3\ARM_GCC_493\Debug\CorEx-Mux-Kernel.a(Display1_IntClock.o)
                0x0001a228                Display1_IntClock_Start
 .text.Display1_IntClock_Stop
                0x0001a25c       0x34 .\CortexM3\ARM_GCC_493\Debug\CorEx-Mux-Kernel.a(Display1_IntClock.o)
                0x0001a25c                Display1_IntClock_Stop
 .text.Display2_IntClock_Start
                0x0001a290       0x34 .\CortexM3\ARM_GCC_493\Debug\CorEx-Mux-Kernel.a(Display2_IntClock.o)
                0x0001a290                Display2_IntClock_Start
 .text.Display2_IntClock_Stop
                0x0001a2c4       0x34 .\CortexM3\ARM_GCC_493\Debug\CorEx-Mux-Kernel.a(Display2_IntClock.o)
                0x0001a2c4                Display2_IntClock_Stop
 .text.I2C_Bus_Init
                0x0001a2f8       0x80 .\CortexM3\ARM_GCC_493\Debug\CorEx-Mux-Kernel.a(I2C_Bus.o)
                0x0001a2f8                I2C_Bus_Init
 .text.I2C_Bus_Enable
                0x0001a378       0x44 .\CortexM3\ARM_GCC_493\Debug\CorEx-Mux-Kernel.a(I2C_Bus.o)
                0x0001a378                I2C_Bus_Enable
 .text.I2C_Bus_Start
                0x0001a3bc       0x2c .\CortexM3\ARM_GCC_493\Debug\CorEx-Mux-Kernel.a(I2C_Bus.o)
                0x0001a3bc                I2C_Bus_Start
 .text.I2C_Bus_ISR
                0x0001a3e8      0x3ac .\CortexM3\ARM_GCC_493\Debug\CorEx-Mux-Kernel.a(I2C_Bus_INT.o)
                0x0001a3e8                I2C_Bus_ISR
 .text.I2C_Bus_MasterSendStart
                0x0001a794       0xbc .\CortexM3\ARM_GCC_493\Debug\CorEx-Mux-Kernel.a(I2C_Bus_MASTER.o)
                0x0001a794                I2C_Bus_MasterSendStart
 .text.I2C_Bus_MasterSendRestart
                0x0001a850       0xa4 .\CortexM3\ARM_GCC_493\Debug\CorEx-Mux-Kernel.a(I2C_Bus_MASTER.o)
                0x0001a850                I2C_Bus_MasterSendRestart
 .text.I2C_Bus_MasterSendStop
                0x0001a8f4       0x58 .\CortexM3\ARM_GCC_493\Debug\CorEx-Mux-Kernel.a(I2C_Bus_MASTER.o)
                0x0001a8f4                I2C_Bus_MasterSendStop
 .text.I2C_Bus_MasterWriteByte
                0x0001a94c       0x80 .\CortexM3\ARM_GCC_493\Debug\CorEx-Mux-Kernel.a(I2C_Bus_MASTER.o)
                0x0001a94c                I2C_Bus_MasterWriteByte
 .text.I2C_Bus_MasterReadByte
                0x0001a9cc       0x7c .\CortexM3\ARM_GCC_493\Debug\CorEx-Mux-Kernel.a(I2C_Bus_MASTER.o)
                0x0001a9cc                I2C_Bus_MasterReadByte
 .text.I2C_Bus_MasterClearStatus
                0x0001aa48       0x3c .\CortexM3\ARM_GCC_493\Debug\CorEx-Mux-Kernel.a(I2C_Bus_MASTER.o)
                0x0001aa48                I2C_Bus_MasterClearStatus
 .text.iButton1_Write
                0x0001aa84       0x3c .\CortexM3\ARM_GCC_493\Debug\CorEx-Mux-Kernel.a(iButton1.o)
                0x0001aa84                iButton1_Write
 .text.iButton1_Read
                0x0001aac0       0x20 .\CortexM3\ARM_GCC_493\Debug\CorEx-Mux-Kernel.a(iButton1.o)
                0x0001aac0                iButton1_Read
 .text.iButton2_Write
                0x0001aae0       0x34 .\CortexM3\ARM_GCC_493\Debug\CorEx-Mux-Kernel.a(iButton2.o)
                0x0001aae0                iButton2_Write
 .text.iButton2_Read
                0x0001ab14       0x1c .\CortexM3\ARM_GCC_493\Debug\CorEx-Mux-Kernel.a(iButton2.o)
                0x0001ab14                iButton2_Read
 .text.eepromWP_Write
                0x0001ab30       0x3c .\CortexM3\ARM_GCC_493\Debug\CorEx-Mux-Kernel.a(eepromWP.o)
                0x0001ab30                eepromWP_Write
 .text.Timer_DispenserState_Init
                0x0001ab6c       0x4c .\CortexM3\ARM_GCC_493\Debug\CorEx-Mux-Kernel.a(Timer_DispenserState.o)
                0x0001ab6c                Timer_DispenserState_Init
 .text.Timer_DispenserState_Enable
                0x0001abb8       0x20 .\CortexM3\ARM_GCC_493\Debug\CorEx-Mux-Kernel.a(Timer_DispenserState.o)
                0x0001abb8                Timer_DispenserState_Enable
 .text.Timer_DispenserState_Start
                0x0001abd8       0x20 .\CortexM3\ARM_GCC_493\Debug\CorEx-Mux-Kernel.a(Timer_DispenserState.o)
                0x0001abd8                Timer_DispenserState_Start
 .text.Timer_DispenserState_SetInterruptMode
                0x0001abf8       0x20 .\CortexM3\ARM_GCC_493\Debug\CorEx-Mux-Kernel.a(Timer_DispenserState.o)
                0x0001abf8                Timer_DispenserState_SetInterruptMode
 .text.Timer_DispenserState_ReadStatusRegister
                0x0001ac18       0x18 .\CortexM3\ARM_GCC_493\Debug\CorEx-Mux-Kernel.a(Timer_DispenserState.o)
                0x0001ac18                Timer_DispenserState_ReadStatusRegister
 .text.Timer_DispenserState_WritePeriod
                0x0001ac30       0x20 .\CortexM3\ARM_GCC_493\Debug\CorEx-Mux-Kernel.a(Timer_DispenserState.o)
                0x0001ac30                Timer_DispenserState_WritePeriod
 .text.Timer_DispenserState_ReadCapture
                0x0001ac50       0x18 .\CortexM3\ARM_GCC_493\Debug\CorEx-Mux-Kernel.a(Timer_DispenserState.o)
                0x0001ac50                Timer_DispenserState_ReadCapture
 .text.Timer_DispenserState_WriteCounter
                0x0001ac68       0x20 .\CortexM3\ARM_GCC_493\Debug\CorEx-Mux-Kernel.a(Timer_DispenserState.o)
                0x0001ac68                Timer_DispenserState_WriteCounter
 .text.Timer_DispenserState_ReadCounter
                0x0001ac88       0x20 .\CortexM3\ARM_GCC_493\Debug\CorEx-Mux-Kernel.a(Timer_DispenserState.o)
                0x0001ac88                Timer_DispenserState_ReadCounter
 .text.Timer_DispenserState_ClearFIFO
                0x0001aca8       0x1c .\CortexM3\ARM_GCC_493\Debug\CorEx-Mux-Kernel.a(Timer_DispenserState.o)
                0x0001aca8                Timer_DispenserState_ClearFIFO
 .text.DispenserStateTimeout_ISR_StartEx
                0x0001acc4       0x24 .\CortexM3\ARM_GCC_493\Debug\CorEx-Mux-Kernel.a(DispenserStateTimeout_ISR.o)
                0x0001acc4                DispenserStateTimeout_ISR_StartEx
 .text.DispenserStateTimeout_ISR_SetVector
                0x0001ace8       0x24 .\CortexM3\ARM_GCC_493\Debug\CorEx-Mux-Kernel.a(DispenserStateTimeout_ISR.o)
                0x0001ace8                DispenserStateTimeout_ISR_SetVector
 .text.DispenserStateTimeout_ISR_SetPriority
                0x0001ad0c       0x24 .\CortexM3\ARM_GCC_493\Debug\CorEx-Mux-Kernel.a(DispenserStateTimeout_ISR.o)
                0x0001ad0c                DispenserStateTimeout_ISR_SetPriority
 .text.DispenserStateTimeout_ISR_Enable
                0x0001ad30       0x18 .\CortexM3\ARM_GCC_493\Debug\CorEx-Mux-Kernel.a(DispenserStateTimeout_ISR.o)
                0x0001ad30                DispenserStateTimeout_ISR_Enable
 .text.DispenserStateTimeout_ISR_Disable
                0x0001ad48       0x18 .\CortexM3\ARM_GCC_493\Debug\CorEx-Mux-Kernel.a(DispenserStateTimeout_ISR.o)
                0x0001ad48                DispenserStateTimeout_ISR_Disable
 .text.Timer_Tick_Init
                0x0001ad60       0x9c .\CortexM3\ARM_GCC_493\Debug\CorEx-Mux-Kernel.a(Timer_Tick.o)
                0x0001ad60                Timer_Tick_Init
 .text.Timer_Tick_Enable
                0x0001adfc       0x48 .\CortexM3\ARM_GCC_493\Debug\CorEx-Mux-Kernel.a(Timer_Tick.o)
                0x0001adfc                Timer_Tick_Enable
 .text.Timer_Tick_Start
                0x0001ae44       0x20 .\CortexM3\ARM_GCC_493\Debug\CorEx-Mux-Kernel.a(Timer_Tick.o)
                0x0001ae44                Timer_Tick_Start
 .text.Timer_Tick_SetInterruptMode
                0x0001ae64       0x20 .\CortexM3\ARM_GCC_493\Debug\CorEx-Mux-Kernel.a(Timer_Tick.o)
                0x0001ae64                Timer_Tick_SetInterruptMode
 .text.Timer_Tick_ReadStatusRegister
                0x0001ae84       0x18 .\CortexM3\ARM_GCC_493\Debug\CorEx-Mux-Kernel.a(Timer_Tick.o)
                0x0001ae84                Timer_Tick_ReadStatusRegister
 .text.Timer_Tick_WritePeriod
                0x0001ae9c       0x24 .\CortexM3\ARM_GCC_493\Debug\CorEx-Mux-Kernel.a(Timer_Tick.o)
                0x0001ae9c                Timer_Tick_WritePeriod
 .text.Timer_Tick_WriteCounter
                0x0001aec0       0x20 .\CortexM3\ARM_GCC_493\Debug\CorEx-Mux-Kernel.a(Timer_Tick.o)
                0x0001aec0                Timer_Tick_WriteCounter
 .text.Timer_Tick_ReadCounter
                0x0001aee0       0x20 .\CortexM3\ARM_GCC_493\Debug\CorEx-Mux-Kernel.a(Timer_Tick.o)
                0x0001aee0                Timer_Tick_ReadCounter
 .text.pow10    0x0001af00       0x10 c:/program files (x86)/cypress/psoc creator/3.3/psoc creator/import/gnu/arm/4.9.3/bin/../lib/gcc/arm-none-eabi/4.9.3/../../../../arm-none-eabi/lib/armv7-m\libm.a(lib_a-s_pow10.o)
                0x0001af00                pow10
 .text.round    0x0001af10       0xa0 c:/program files (x86)/cypress/psoc creator/3.3/psoc creator/import/gnu/arm/4.9.3/bin/../lib/gcc/arm-none-eabi/4.9.3/../../../../arm-none-eabi/lib/armv7-m\libm.a(lib_a-s_round.o)
                0x0001af10                round
 .text.pow      0x0001afb0      0x2f0 c:/program files (x86)/cypress/psoc creator/3.3/psoc creator/import/gnu/arm/4.9.3/bin/../lib/gcc/arm-none-eabi/4.9.3/../../../../arm-none-eabi/lib/armv7-m\libm.a(lib_a-w_pow.o)
                0x0001afb0                pow
 .text.__ieee754_pow
                0x0001b2a0      0xaa0 c:/program files (x86)/cypress/psoc creator/3.3/psoc creator/import/gnu/arm/4.9.3/bin/../lib/gcc/arm-none-eabi/4.9.3/../../../../arm-none-eabi/lib/armv7-m\libm.a(lib_a-e_pow.o)
                0x0001b2a0                __ieee754_pow
 .text.__ieee754_sqrt
                0x0001bd40      0x18c c:/program files (x86)/cypress/psoc creator/3.3/psoc creator/import/gnu/arm/4.9.3/bin/../lib/gcc/arm-none-eabi/4.9.3/../../../../arm-none-eabi/lib/armv7-m\libm.a(lib_a-e_sqrt.o)
                0x0001bd40                __ieee754_sqrt
 .text.fabs     0x0001becc        0x8 c:/program files (x86)/cypress/psoc creator/3.3/psoc creator/import/gnu/arm/4.9.3/bin/../lib/gcc/arm-none-eabi/4.9.3/../../../../arm-none-eabi/lib/armv7-m\libm.a(lib_a-s_fabs.o)
                0x0001becc                fabs
 .text.finite   0x0001bed4        0xc c:/program files (x86)/cypress/psoc creator/3.3/psoc creator/import/gnu/arm/4.9.3/bin/../lib/gcc/arm-none-eabi/4.9.3/../../../../arm-none-eabi/lib/armv7-m\libm.a(lib_a-s_finite.o)
                0x0001bed4                finite
 .text.__fpclassifyd
                0x0001bee0       0x58 c:/program files (x86)/cypress/psoc creator/3.3/psoc creator/import/gnu/arm/4.9.3/bin/../lib/gcc/arm-none-eabi/4.9.3/../../../../arm-none-eabi/lib/armv7-m\libm.a(lib_a-s_fpclassify.o)
                0x0001bee0                __fpclassifyd
 .text.matherr  0x0001bf38        0x4 c:/program files (x86)/cypress/psoc creator/3.3/psoc creator/import/gnu/arm/4.9.3/bin/../lib/gcc/arm-none-eabi/4.9.3/../../../../arm-none-eabi/lib/armv7-m\libm.a(lib_a-s_matherr.o)
                0x0001bf38                matherr
 .text.nan      0x0001bf3c        0xc c:/program files (x86)/cypress/psoc creator/3.3/psoc creator/import/gnu/arm/4.9.3/bin/../lib/gcc/arm-none-eabi/4.9.3/../../../../arm-none-eabi/lib/armv7-m\libm.a(lib_a-s_nan.o)
                0x0001bf3c                nan
 .text.rint     0x0001bf48      0x11c c:/program files (x86)/cypress/psoc creator/3.3/psoc creator/import/gnu/arm/4.9.3/bin/../lib/gcc/arm-none-eabi/4.9.3/../../../../arm-none-eabi/lib/armv7-m\libm.a(lib_a-s_rint.o)
                0x0001bf48                rint
 *fill*         0x0001c064        0x4 
 .text.scalbn   0x0001c068       0xf0 c:/program files (x86)/cypress/psoc creator/3.3/psoc creator/import/gnu/arm/4.9.3/bin/../lib/gcc/arm-none-eabi/4.9.3/../../../../arm-none-eabi/lib/armv7-m\libm.a(lib_a-s_scalbn.o)
                0x0001c068                scalbn
 .text.copysign
                0x0001c158       0x10 c:/program files (x86)/cypress/psoc creator/3.3/psoc creator/import/gnu/arm/4.9.3/bin/../lib/gcc/arm-none-eabi/4.9.3/../../../../arm-none-eabi/lib/armv7-m\libm.a(lib_a-s_copysign.o)
                0x0001c158                copysign
 .text          0x0001c168      0x370 c:/program files (x86)/cypress/psoc creator/3.3/psoc creator/import/gnu/arm/4.9.3/bin/../lib/gcc/arm-none-eabi/4.9.3/armv7-m\libgcc.a(_arm_addsubdf3.o)
                0x0001c168                __aeabi_drsub
                0x0001c170                __aeabi_dsub
                0x0001c170                __subdf3
                0x0001c174                __aeabi_dadd
                0x0001c174                __adddf3
                0x0001c3ec                __floatunsidf
                0x0001c3ec                __aeabi_ui2d
                0x0001c40c                __floatsidf
                0x0001c40c                __aeabi_i2d
                0x0001c430                __aeabi_f2d
                0x0001c430                __extendsfdf2
                0x0001c46c                __floatundidf
                0x0001c46c                __aeabi_ul2d
                0x0001c47c                __floatdidf
                0x0001c47c                __aeabi_l2d
 .text          0x0001c4d8      0x424 c:/program files (x86)/cypress/psoc creator/3.3/psoc creator/import/gnu/arm/4.9.3/bin/../lib/gcc/arm-none-eabi/4.9.3/armv7-m\libgcc.a(_arm_muldivdf3.o)
                0x0001c4d8                __aeabi_dmul
                0x0001c4d8                __muldf3
                0x0001c72c                __divdf3
                0x0001c72c                __aeabi_ddiv
 .text          0x0001c8fc      0x110 c:/program files (x86)/cypress/psoc creator/3.3/psoc creator/import/gnu/arm/4.9.3/bin/../lib/gcc/arm-none-eabi/4.9.3/armv7-m\libgcc.a(_arm_cmpdf2.o)
                0x0001c8fc                __gtdf2
                0x0001c8fc                __gedf2
                0x0001c904                __ltdf2
                0x0001c904                __ledf2
                0x0001c90c                __nedf2
                0x0001c90c                __eqdf2
                0x0001c90c                __cmpdf2
                0x0001c988                __aeabi_cdrcmple
                0x0001c998                __aeabi_cdcmpeq
                0x0001c998                __aeabi_cdcmple
                0x0001c9a8                __aeabi_dcmpeq
                0x0001c9bc                __aeabi_dcmplt
                0x0001c9d0                __aeabi_dcmple
                0x0001c9e4                __aeabi_dcmpge
                0x0001c9f8                __aeabi_dcmpgt
 .text          0x0001ca0c       0x40 c:/program files (x86)/cypress/psoc creator/3.3/psoc creator/import/gnu/arm/4.9.3/bin/../lib/gcc/arm-none-eabi/4.9.3/armv7-m\libgcc.a(_arm_fixunsdfsi.o)
                0x0001ca0c                __aeabi_d2uiz
                0x0001ca0c                __fixunsdfsi
 .text          0x0001ca4c       0x30 c:/program files (x86)/cypress/psoc creator/3.3/psoc creator/import/gnu/arm/4.9.3/bin/../lib/gcc/arm-none-eabi/4.9.3/armv7-m\libgcc.a(_aeabi_uldivmod.o)
                0x0001ca4c                __aeabi_uldivmod
 .text          0x0001ca7c       0x60 c:/program files (x86)/cypress/psoc creator/3.3/psoc creator/import/gnu/arm/4.9.3/bin/../lib/gcc/arm-none-eabi/4.9.3/armv7-m\libgcc.a(bpabi.o)
                0x0001ca7c                __gnu_ldivmod_helper
                0x0001caac                __gnu_uldivmod_helper
 .text          0x0001cadc        0x4 c:/program files (x86)/cypress/psoc creator/3.3/psoc creator/import/gnu/arm/4.9.3/bin/../lib/gcc/arm-none-eabi/4.9.3/armv7-m\libgcc.a(_dvmd_tls.o)
                0x0001cadc                __aeabi_idiv0
                0x0001cadc                __aeabi_ldiv0
 .text          0x0001cae0      0x2ac c:/program files (x86)/cypress/psoc creator/3.3/psoc creator/import/gnu/arm/4.9.3/bin/../lib/gcc/arm-none-eabi/4.9.3/armv7-m\libgcc.a(_divdi3.o)
                0x0001cae0                __divdi3
 .text          0x0001cd8c      0x270 c:/program files (x86)/cypress/psoc creator/3.3/psoc creator/import/gnu/arm/4.9.3/bin/../lib/gcc/arm-none-eabi/4.9.3/armv7-m\libgcc.a(_udivdi3.o)
                0x0001cd8c                __udivdi3
 .text.__errno  0x0001cffc        0xc c:/program files (x86)/cypress/psoc creator/3.3/psoc creator/import/gnu/arm/4.9.3/bin/../lib/gcc/arm-none-eabi/4.9.3/../../../../arm-none-eabi/lib/armv7-m\libg_nano.a(lib_a-errno.o)
                0x0001cffc                __errno
 .text.__libc_init_array
                0x0001d008       0x4c c:/program files (x86)/cypress/psoc creator/3.3/psoc creator/import/gnu/arm/4.9.3/bin/../lib/gcc/arm-none-eabi/4.9.3/../../../../arm-none-eabi/lib/armv7-m\libg_nano.a(lib_a-init.o)
                0x0001d008                __libc_init_array
 .text.memcpy   0x0001d054       0x16 c:/program files (x86)/cypress/psoc creator/3.3/psoc creator/import/gnu/arm/4.9.3/bin/../lib/gcc/arm-none-eabi/4.9.3/../../../../arm-none-eabi/lib/armv7-m\libg_nano.a(lib_a-memcpy.o)
                0x0001d054                memcpy
 .text.memset   0x0001d06a       0x10 c:/program files (x86)/cypress/psoc creator/3.3/psoc creator/import/gnu/arm/4.9.3/bin/../lib/gcc/arm-none-eabi/4.9.3/../../../../arm-none-eabi/lib/armv7-m\libg_nano.a(lib_a-memset.o)
                0x0001d06a                memset
 *fill*         0x0001d07a        0x2 
 .text.rand     0x0001d07c       0x74 c:/program files (x86)/cypress/psoc creator/3.3/psoc creator/import/gnu/arm/4.9.3/bin/../lib/gcc/arm-none-eabi/4.9.3/../../../../arm-none-eabi/lib/armv7-m\libg_nano.a(lib_a-rand.o)
                0x0001d07c                rand
 .text.sprintf  0x0001d0f0       0x48 c:/program files (x86)/cypress/psoc creator/3.3/psoc creator/import/gnu/arm/4.9.3/bin/../lib/gcc/arm-none-eabi/4.9.3/../../../../arm-none-eabi/lib/armv7-m\libg_nano.a(lib_a-sprintf.o)
                0x0001d0f0                siprintf
                0x0001d0f0                sprintf
 .text.strchr   0x0001d138       0x1c c:/program files (x86)/cypress/psoc creator/3.3/psoc creator/import/gnu/arm/4.9.3/bin/../lib/gcc/arm-none-eabi/4.9.3/../../../../arm-none-eabi/lib/armv7-m\libg_nano.a(lib_a-strchr.o)
                0x0001d138                strchr