Archive member included because of file (symbol)

.\CortexM3\ARM_GCC_493\Debug\CorEx-Mux-Kernel.a(cyfitter_cfg.o)
                              .\CortexM3\ARM_GCC_493\Debug\Cm3Start.o (cyfitter_cfg)
.\CortexM3\ARM_GCC_493\Debug\CorEx-Mux-Kernel.a(RF_Physical.o)
                              .\CortexM3\ARM_GCC_493\Debug\UARTManager.o (RF_Physical_Start)
.\CortexM3\ARM_GCC_493\Debug\CorEx-Mux-Kernel.a(RF_Physical_INT.o)
                              .\CortexM3\ARM_GCC_493\Debug\CorEx-Mux-Kernel.a(RF_Physical.o) (RF_Physical_RXISR)
.\CortexM3\ARM_GCC_493\Debug\CorEx-Mux-Kernel.a(RF_Physical_IntClock.o)
                              .\CortexM3\ARM_GCC_493\Debug\CorEx-Mux-Kernel.a(RF_Physical.o) (RF_Physical_IntClock_Start)
.\CortexM3\ARM_GCC_493\Debug\CorEx-Mux-Kernel.a(CyBootAsmGnu.o)
                              .\CortexM3\ARM_GCC_493\Debug\CorEx-Mux-Kernel.a(cyfitter_cfg.o) (CyDelayCycles)
.\CortexM3\ARM_GCC_493\Debug\CorEx-Mux-Kernel.a(CyLib.o)
                              .\CortexM3\ARM_GCC_493\Debug\Cm3Start.o (CyResetStatus)
.\CortexM3\ARM_GCC_493\Debug\CorEx-Mux-Kernel.a(cyPm.o)
                              .\CortexM3\ARM_GCC_493\Debug\CorEx-Mux-Kernel.a(CyLib.o) (CyPmReadStatus)
.\CortexM3\ARM_GCC_493\Debug\CorEx-Mux-Kernel.a(CRC_Security.o)
                              .\CortexM3\ARM_GCC_493\Debug\Security.o (CRC_Security_Start)
.\CortexM3\ARM_GCC_493\Debug\CorEx-Mux-Kernel.a(ShiftReg_Security.o)
                              .\CortexM3\ARM_GCC_493\Debug\Security.o (ShiftReg_Security_Start)
.\CortexM3\ARM_GCC_493\Debug\CorEx-Mux-Kernel.a(Clock_CRC.o)
                              .\CortexM3\ARM_GCC_493\Debug\Security.o (Clock_CRC_Write)
.\CortexM3\ARM_GCC_493\Debug\CorEx-Mux-Kernel.a(Reset_CRC.o)
                              .\CortexM3\ARM_GCC_493\Debug\Security.o (Reset_CRC_Write)
.\CortexM3\ARM_GCC_493\Debug\CorEx-Mux-Kernel.a(Printer.o)
                              .\CortexM3\ARM_GCC_493\Debug\UARTManager.o (Printer_Start)
.\CortexM3\ARM_GCC_493\Debug\CorEx-Mux-Kernel.a(Dispenser.o)
                              .\CortexM3\ARM_GCC_493\Debug\UARTManager.o (Dispenser_Start)
.\CortexM3\ARM_GCC_493\Debug\CorEx-Mux-Kernel.a(Dispenser_INT.o)
                              .\CortexM3\ARM_GCC_493\Debug\CorEx-Mux-Kernel.a(Dispenser.o) (Dispenser_RXISR)
.\CortexM3\ARM_GCC_493\Debug\CorEx-Mux-Kernel.a(Display1.o)
                              .\CortexM3\ARM_GCC_493\Debug\UARTManager.o (Display1_Start)
.\CortexM3\ARM_GCC_493\Debug\CorEx-Mux-Kernel.a(Display1_INT.o)
                              .\CortexM3\ARM_GCC_493\Debug\CorEx-Mux-Kernel.a(Display1.o) (Display1_RXISR)
.\CortexM3\ARM_GCC_493\Debug\CorEx-Mux-Kernel.a(Display2.o)
                              .\CortexM3\ARM_GCC_493\Debug\UARTManager.o (Display2_Start)
.\CortexM3\ARM_GCC_493\Debug\CorEx-Mux-Kernel.a(Display2_INT.o)
                              .\CortexM3\ARM_GCC_493\Debug\CorEx-Mux-Kernel.a(Display2.o) (Display2_RXISR)
.\CortexM3\ARM_GCC_493\Debug\CorEx-Mux-Kernel.a(Counter_ISR.o)
                              .\CortexM3\ARM_GCC_493\Debug\Timers.o (Counter_ISR_StartEx)
.\CortexM3\ARM_GCC_493\Debug\CorEx-Mux-Kernel.a(Display1_IntClock.o)
                              .\CortexM3\ARM_GCC_493\Debug\CorEx-Mux-Kernel.a(Display1.o) (Display1_IntClock_Start)
.\CortexM3\ARM_GCC_493\Debug\CorEx-Mux-Kernel.a(Display2_IntClock.o)
                              .\CortexM3\ARM_GCC_493\Debug\CorEx-Mux-Kernel.a(Display2.o) (Display2_IntClock_Start)
.\CortexM3\ARM_GCC_493\Debug\CorEx-Mux-Kernel.a(I2C_Bus.o)
                              .\CortexM3\ARM_GCC_493\Debug\Initializers.o (I2C_Bus_Start)
.\CortexM3\ARM_GCC_493\Debug\CorEx-Mux-Kernel.a(I2C_Bus_INT.o)
                              .\CortexM3\ARM_GCC_493\Debug\CorEx-Mux-Kernel.a(I2C_Bus.o) (I2C_Bus_ISR)
.\CortexM3\ARM_GCC_493\Debug\CorEx-Mux-Kernel.a(I2C_Bus_PM.o)
                              .\CortexM3\ARM_GCC_493\Debug\CorEx-Mux-Kernel.a(I2C_Bus.o) (I2C_Bus_backup)
.\CortexM3\ARM_GCC_493\Debug\CorEx-Mux-Kernel.a(I2C_Bus_MASTER.o)
                              .\CortexM3\ARM_GCC_493\Debug\CorEx-Mux-Kernel.a(I2C_Bus.o) (I2C_Bus_mstrStatus)
.\CortexM3\ARM_GCC_493\Debug\CorEx-Mux-Kernel.a(iButton1.o)
                              .\CortexM3\ARM_GCC_493\Debug\iButtonProtocol.o (iButton1_Write)
.\CortexM3\ARM_GCC_493\Debug\CorEx-Mux-Kernel.a(iButton2.o)
                              .\CortexM3\ARM_GCC_493\Debug\TestFile.o (iButton2_Write)
.\CortexM3\ARM_GCC_493\Debug\CorEx-Mux-Kernel.a(eepromWP.o)
                              .\CortexM3\ARM_GCC_493\Debug\EepromManager.o (eepromWP_Write)
.\CortexM3\ARM_GCC_493\Debug\CorEx-Mux-Kernel.a(Timer_DispenserState.o)
                              .\CortexM3\ARM_GCC_493\Debug\Timers.o (Timer_DispenserState_Start)
.\CortexM3\ARM_GCC_493\Debug\CorEx-Mux-Kernel.a(DispenserStateTimeout_ISR.o)
                              .\CortexM3\ARM_GCC_493\Debug\Timers.o (DispenserStateTimeout_ISR_StartEx)
.\CortexM3\ARM_GCC_493\Debug\CorEx-Mux-Kernel.a(Timer_Tick.o)
[...]
Memory Configuration

Name             Origin             Length             Attributes
rom              0x00000000         0x00040000         xr
ram              0x1fff8000         0x00010000         xrw
*default*        0x00000000         0xffffffff

Linker script and memory map

LOAD c:/program files (x86)/cypress/psoc creator/3.3/psoc creator/import/gnu/arm/4.9.3/bin/../lib/gcc/arm-none-eabi/4.9.3/armv7-m/crti.o
LOAD c:/program files (x86)/cypress/psoc creator/3.3/psoc creator/import/gnu/arm/4.9.3/bin/../lib/gcc/arm-none-eabi/4.9.3/armv7-m/crtbegin.o
LOAD c:/program files (x86)/cypress/psoc creator/3.3/psoc creator/import/gnu/arm/4.9.3/bin/../lib/gcc/arm-none-eabi/4.9.3/../../../../arm-none-eabi/lib/armv7-m/crt0.o
START GROUP
LOAD .\CortexM3\ARM_GCC_493\Debug\UARTManager.o
LOAD .\CortexM3\ARM_GCC_493\Debug\UARTResolver.o
LOAD .\CortexM3\ARM_GCC_493\Debug\UARTManagerSink.o
LOAD .\CortexM3\ARM_GCC_493\Debug\PseudoRTOS.o
LOAD .\CortexM3\ARM_GCC_493\Debug\Utils.o
LOAD .\CortexM3\ARM_GCC_493\Debug\Security.o
LOAD .\CortexM3\ARM_GCC_493\Debug\SinkManager.o
LOAD .\CortexM3\ARM_GCC_493\Debug\EepromManager.o
LOAD .\CortexM3\ARM_GCC_493\Debug\RtcManager.o
LOAD .\CortexM3\ARM_GCC_493\Debug\Initializers.o
LOAD .\CortexM3\ARM_GCC_493\Debug\Timers.o
LOAD .\CortexM3\ARM_GCC_493\Debug\TestFile.o
LOAD .\CortexM3\ARM_GCC_493\Debug\AuxPSoC.o
LOAD .\CortexM3\ARM_GCC_493\Debug\WatchDogReset.o
LOAD .\CortexM3\ARM_GCC_493\Debug\DispenserResolver.o
LOAD .\CortexM3\ARM_GCC_493\Debug\DispenserBLL.o
LOAD .\CortexM3\ARM_GCC_493\Debug\DispenserSink.o
LOAD .\CortexM3\ARM_GCC_493\Debug\DisplayBLL.o
LOAD .\CortexM3\ARM_GCC_493\Debug\DisplaySink.o
LOAD .\CortexM3\ARM_GCC_493\Debug\DisplayUtils.o
LOAD .\CortexM3\ARM_GCC_493\Debug\DisplayFlow.o
LOAD .\CortexM3\ARM_GCC_493\Debug\DisplayCharacterMap.o
LOAD .\CortexM3\ARM_GCC_493\Debug\DisplayBufferScreenMap.o
LOAD .\CortexM3\ARM_GCC_493\Debug\DisplayResolver.o
LOAD .\CortexM3\ARM_GCC_493\Debug\PrinterBLL.o
LOAD .\CortexM3\ARM_GCC_493\Debug\PrinterSink.o
LOAD .\CortexM3\ARM_GCC_493\Debug\PrinterResolver.o
LOAD .\CortexM3\ARM_GCC_493\Debug\PrinterTemplate.o
LOAD .\CortexM3\ARM_GCC_493\Debug\iButtonSink.o
LOAD .\CortexM3\ARM_GCC_493\Debug\iButtonBLL.o
LOAD .\CortexM3\ARM_GCC_493\Debug\iButtonProtocol.o
LOAD .\CortexM3\ARM_GCC_493\Debug\Prime.o
LOAD .\CortexM3\ARM_GCC_493\Debug\PrimeFlow.o
LOAD .\CortexM3\ARM_GCC_493\Debug\PrimeImpl.o
LOAD .\CortexM3\ARM_GCC_493\Debug\Encore.o
LOAD .\CortexM3\ARM_GCC_493\Debug\EncoreFlow.o
LOAD .\CortexM3\ARM_GCC_493\Debug\EncoreImpl.o
LOAD .\CortexM3\ARM_GCC_493\Debug\Advantage.o
LOAD .\CortexM3\ARM_GCC_493\Debug\AdvantageFlow.o
LOAD .\CortexM3\ARM_GCC_493\Debug\AdvantageImpl.o
LOAD .\CortexM3\ARM_GCC_493\Debug\RFSink.o
LOAD .\CortexM3\ARM_GCC_493\Debug\RFBLL.o
LOAD .\CortexM3\ARM_GCC_493\Debug\RFResolver.o
LOAD .\CortexM3\ARM_GCC_493\Debug\RFServerStack.o
LOAD .\CortexM3\ARM_GCC_493\Debug\RFServerStackImpl.o
LOAD .\CortexM3\ARM_GCC_493\Debug\ClientDefinitions.o
LOAD .\CortexM3\ARM_GCC_493\Debug\main.o
LOAD .\CortexM3\ARM_GCC_493\Debug\cymetadata.o
LOAD .\CortexM3\ARM_GCC_493\Debug\Cm3Start.o
LOAD .\CortexM3\ARM_GCC_493\Debug\CorEx-Mux-Kernel.a
LOAD C:\Program Files (x86)\Cypress\PSoC Creator\3.3\PSoC Creator\psoc\content\cycomponentlibrary\CyComponentLibrary.cylib\CortexM3\ARM_GCC_493\Debug\CyComponentLibrary.a
LOAD c:/program files (x86)/cypress/psoc creator/3.3/psoc creator/import/gnu/arm/4.9.3/bin/../lib/gcc/arm-none-eabi/4.9.3/../../../../arm-none-eabi/lib/armv7-m\libm.a
END GROUP
START GROUP
LOAD c:/program files (x86)/cypress/psoc creator/3.3/psoc creator/import/gnu/arm/4.9.3/bin/../lib/gcc/arm-none-eabi/4.9.3/armv7-m\libgcc.a
LOAD c:/program files (x86)/cypress/psoc creator/3.3/psoc creator/import/gnu/arm/4.9.3/bin/../lib/gcc/arm-none-eabi/4.9.3/../../../../arm-none-eabi/lib/armv7-m\libg_nano.a
LOAD c:/program files (x86)/cypress/psoc creator/3.3/psoc creator/import/gnu/arm/4.9.3/bin/../lib/gcc/arm-none-eabi/4.9.3/../../../../arm-none-eabi/lib/armv7-m\libc_nano.a
END GROUP
START GROUP
LOAD c:/program files (x86)/cypress/psoc creator/3.3/psoc creator/import/gnu/arm/4.9.3/bin/../lib/gcc/arm-none-eabi/4.9.3/armv7-m\libgcc.a
LOAD c:/program files (x86)/cypress/psoc creator/3.3/psoc creator/import/gnu/arm/4.9.3/bin/../lib/gcc/arm-none-eabi/4.9.3/../../../../arm-none-eabi/lib/armv7-m\libc_nano.a
END GROUP
LOAD c:/program files (x86)/cypress/psoc creator/3.3/psoc creator/import/gnu/arm/4.9.3/bin/../lib/gcc/arm-none-eabi/4.9.3/armv7-m/crtend.o
LOAD c:/program files (x86)/cypress/psoc creator/3.3/psoc creator/import/gnu/arm/4.9.3/bin/../lib/gcc/arm-none-eabi/4.9.3/armv7-m/crtn.o
START GROUP
LOAD c:/program files (x86)/cypress/psoc creator/3.3/psoc creator/import/gnu/arm/4.9.3/bin/../lib/gcc/arm-none-eabi/4.9.3/armv7-m\libgcc.a
LOAD c:/program files (x86)/cypress/psoc creator/3.3/psoc creator/import/gnu/arm/4.9.3/bin/../lib/gcc/arm-none-eabi/4.9.3/../../../../arm-none-eabi/lib/armv7-m\libc.a
LOAD c:/program files (x86)/cypress/psoc creator/3.3/psoc creator/import/gnu/arm/4.9.3/bin/../lib/gcc/arm-none-eabi/4.9.3/../../../../arm-none-eabi/lib/armv7-m\libnosys.a
END GROUP
                0x00000000                CY_APPL_ORIGIN = 0x0
                0x00000100                CY_FLASH_ROW_SIZE = 0x100
                0x00000020                CY_ECC_ROW_SIZE = 0x20
                0x00000000                CY_EE_IN_BTLDR = 0x0
                0x00000000                CY_APPL_LOADABLE = 0x0
                0x00000800                CY_EE_SIZE = 0x800
                0x00000001                CY_APPL_NUM = 0x1
                0x00000001                CY_APPL_MAX = 0x1
                0x00000040                CY_METADATA_SIZE = 0x40
                0x00000000                CY_APPL_LOADABLE = 0x0
                0x00000000                CY_CHECKSUM_EXCLUDE_SIZE = ALIGN (0x0, CY_FLASH_ROW_SIZE)
                0x20007368                PROVIDE (__cy_heap_start, _end)
                0x00000001                PROVIDE (__cy_region_num, ((__cy_regions_end - __cy_regions) / 0x10))
                0x20008000                PROVIDE (__cy_stack, (ORIGIN (ram) + 0x10000))
                0x20007800                PROVIDE (__cy_heap_end, (__cy_stack - 0x800))

.cybootloader   0x00000000        0x0
 *(.cybootloader)
                0x00000000                appl1_start = CY_APPL_ORIGIN?CY_APPL_ORIGIN:ALIGN (CY_FLASH_ROW_SIZE)
                0x0001ff00                appl2_start = (appl1_start + ALIGN ((((0x40000 - appl1_start) - (0x2 * CY_FLASH_ROW_SIZE)) / 0x2), CY_FLASH_ROW_SIZE))
                0x00000000                appl_start = (CY_APPL_NUM == 0x1)?appl1_start:appl2_start
                0x00000000                ecc_offset = ((appl_start / CY_FLASH_ROW_SIZE) * CY_ECC_ROW_SIZE)
                0x00000000                ee_offset = (CY_APPL_LOADABLE && ! (CY_EE_IN_BTLDR))?((CY_EE_SIZE / CY_APPL_MAX) * (CY_APPL_NUM - 0x1)):0x0
                0x00000800                ee_size = (CY_APPL_LOADABLE && ! (CY_EE_IN_BTLDR))?(CY_EE_SIZE / CY_APPL_MAX):CY_EE_SIZE
                0x00000000                PROVIDE (CY_ECC_OFFSET, ecc_offset)

.text           0x00000000    0x1da02
 CREATE_OBJECT_SYMBOLS
                0x00000000                PROVIDE (__cy_interrupt_vector, RomVectors)
 *(.romvectors)
 .romvectors    0x00000000       0x10 .\CortexM3\ARM_GCC_493\Debug\Cm3Start.o
                0x00000000                RomVectors
                0x00000001                ASSERT ((. != __cy_interrupt_vector), No interrupt vector)
                0x00000001                ASSERT (CY_APPL_ORIGIN?(SIZEOF (.cybootloader) <= CY_APPL_ORIGIN):0x1, Wrong image location)
                0x00000010                PROVIDE (__cy_reset, Reset)
 *(.text.Reset)
 .text.Reset    0x00000010       0x18 .\CortexM3\ARM_GCC_493\Debug\Cm3Start.o
                0x00000010                Reset
                0x00000001                ASSERT ((. != __cy_reset), No reset code)
 *(.dma_init)
                0x00000001                ASSERT ((((appl_start + .) <= 0x10000) || 0x1), DMA Init must be within the first 64k of flash)
 *(.text .text.* .gnu.linkonce.t.*)
 .text          0x00000028       0x5c c:/program files (x86)/cypress/psoc creator/3.3/psoc creator/import/gnu/arm/4.9.3/bin/../lib/gcc/arm-none-eabi/4.9.3/armv7-m/crtbegin.o
 .text.UARTGlobalHandler
                0x00000084       0x50 .\CortexM3\ARM_GCC_493\Debug\UARTManager.o
                0x00000084                UARTGlobalHandler
 .text.GetUARTManager
                0x000000d4       0x3c .\CortexM3\ARM_GCC_493\Debug\UARTManager.o
                0x000000d4                GetUARTManager
 .text.GetUARTMessageSlot
                0x00000110       0xb4 .\CortexM3\ARM_GCC_493\Debug\UARTManager.o
                0x00000110                GetUARTMessageSlot
 .text.InitUARTManager
                0x000001c4       0x84 .\CortexM3\ARM_GCC_493\Debug\UARTManager.o
                0x000001c4                InitUARTManager
 .text.ReleaseMessage
                0x00000248       0x34 .\CortexM3\ARM_GCC_493\Debug\UARTManager.o
                0x00000248                ReleaseMessage
 .text.InvokeResolver
                0x0000027c       0x54 .\CortexM3\ARM_GCC_493\Debug\UARTResolver.o
                0x0000027c                InvokeResolver
 .text.UARTSinkRegistration
                0x000002d0        0xc .\CortexM3\ARM_GCC_493\Debug\UARTManagerSink.o
                0x000002d0                UARTSinkRegistration
 .text.loop_push
                0x000002dc       0x3c .\CortexM3\ARM_GCC_493\Debug\PseudoRTOS.o
                0x000002dc                loop_push
 .text.loop_invoke
                0x00000318       0x4c .\CortexM3\ARM_GCC_493\Debug\PseudoRTOS.o
                0x00000318                loop_invoke
 .text.B78AD90CF552D9B30A
                0x00000364      0x1dc .\CortexM3\ARM_GCC_493\Debug\Utils.o
                0x00000364                B78AD90CF552D9B30A
 .text.PSTRBUFFTOGG
                0x00000540       0x7c .\CortexM3\ARM_GCC_493\Debug\Utils.o
                0x00000540                PSTRBUFFTOGG
 .text.LSDBCDBUFF2HEX
                0x000005bc       0x94 .\CortexM3\ARM_GCC_493\Debug\Utils.o
                0x000005bc                LSDBCDBUFF2HEX
 .text.CRCCheck
                0x00000650       0x58 .\CortexM3\ARM_GCC_493\Debug\Security.o
                0x00000650                CRCCheck
 .text.RawCRCCheck
                0x000006a8       0x44 .\CortexM3\ARM_GCC_493\Debug\Security.o
                0x000006a8                RawCRCCheck
 .text.SinkManagerRegistration
                0x000006ec      0x148 .\CortexM3\ARM_GCC_493\Debug\SinkManager.o
                0x000006ec                SinkManagerRegistration
 *fill*         0x00000834        0x4 
 .text.AllocateMessageSlot
                0x00000838      0x150 .\CortexM3\ARM_GCC_493\Debug\SinkManager.o
                0x00000838                AllocateMessageSlot
 .text.FindSinkMessage
                0x00000988       0xc8 .\CortexM3\ARM_GCC_493\Debug\SinkManager.o
                0x00000988                FindSinkMessage
 .text.AllocateMessageSlotConditional
                0x00000a50      0x190 .\CortexM3\ARM_GCC_493\Debug\SinkManager.o
                0x00000a50                AllocateMessageSlotConditional
 .text.AllocateMessageArraySlotConditional
                0x00000be0      0x100 .\CortexM3\ARM_GCC_493\Debug\SinkManager.o
                0x00000be0                AllocateMessageArraySlotConditional
 .text.ReleaseSinkMessage
                0x00000ce0       0x2c .\CortexM3\ARM_GCC_493\Debug\SinkManager.o
                0x00000ce0                ReleaseSinkMessage
 .text.ReleaseSinkMessageByID
                0x00000d0c       0x4c .\CortexM3\ARM_GCC_493\Debug\SinkManager.o
                0x00000d0c                ReleaseSinkMessageByID
 .text.AllocateSubscriberSlot
                0x00000d58       0x68 .\CortexM3\ARM_GCC_493\Debug\SinkManager.o
                0x00000d58                AllocateSubscriberSlot
 .text.SinkHandler
                0x00000dc0      0x5c0 .\CortexM3\ARM_GCC_493\Debug\SinkManager.o
                0x00000dc0                SinkHandler
 .text.SinkBroadcast
                0x00001380       0x98 .\CortexM3\ARM_GCC_493\Debug\SinkManager.o
                0x00001380                SinkBroadcast
 .text.SinkFirstFound
                0x00001418       0xc0 .\CortexM3\ARM_GCC_493\Debug\SinkManager.o
                0x00001418                SinkFirstFound
 .text.SinkAllInterested
                0x000014d8       0xb4 .\CortexM3\ARM_GCC_493\Debug\SinkManager.o
                0x000014d8                SinkAllInterested
 .text.SinkBroadcastForever
                0x0000158c       0x94 .\CortexM3\ARM_GCC_493\Debug\SinkManager.o
                0x0000158c                SinkBroadcastForever
 .text.SinkCounterUpdateCallback
                0x00001620       0x70 .\CortexM3\ARM_GCC_493\Debug\SinkManager.o
                0x00001620                SinkCounterUpdateCallback
 .text.SinkReleaseByIDCallback
                0x00001690       0x1c .\CortexM3\ARM_GCC_493\Debug\SinkManager.o
                0x00001690                SinkReleaseByIDCallback
 .text.SinkReleaseByPtrCallback
                0x000016ac       0x20 .\CortexM3\ARM_GCC_493\Debug\SinkManager.o
                0x000016ac                SinkReleaseByPtrCallback
 .text.GetEepromBuffer
                0x000016cc       0x14 .\CortexM3\ARM_GCC_493\Debug\EepromManager.o
                0x000016cc                GetEepromBuffer
 .text.I2CBusUnlock
                0x000016e0       0x14 .\CortexM3\ARM_GCC_493\Debug\EepromManager.o
                0x000016e0                I2CBusUnlock
 .text.LoadEepromPage
                0x000016f4       0x94 .\CortexM3\ARM_GCC_493\Debug\EepromManager.o
                0x000016f4                LoadEepromPage
 .text.I2CBusLock
                0x00001788       0xc8 .\CortexM3\ARM_GCC_493\Debug\EepromManager.o
                0x00001788                I2CBusLock
 .text.StoreEepromPage
                0x00001850       0x8c .\CortexM3\ARM_GCC_493\Debug\EepromManager.o
                0x00001850                StoreEepromPage
 .text.ClearEepromBuffer
                0x000018dc       0x14 .\CortexM3\ARM_GCC_493\Debug\EepromManager.o
                0x000018dc                ClearEepromBuffer
 .text.GetRtcBuffer
                0x000018f0       0x14 .\CortexM3\ARM_GCC_493\Debug\RtcManager.o
                0x000018f0                GetRtcBuffer
 .text.ClearRtcBuffer
                0x00001904       0x14 .\CortexM3\ARM_GCC_493\Debug\RtcManager.o
                0x00001904                ClearRtcBuffer
 .text.UpdateRTC
                0x00001918       0xf8 .\CortexM3\ARM_GCC_493\Debug\RtcManager.o
                0x00001918                UpdateRTC
 .text.ReadRTC  0x00001a10       0x84 .\CortexM3\ARM_GCC_493\Debug\RtcManager.o
                0x00001a10                ReadRTC
 .text.StartRtc
                0x00001a94       0x30 .\CortexM3\ARM_GCC_493\Debug\RtcManager.o
                0x00001a94                StartRtc
 .text.GlobalInitializer
                0x00001ac4       0x48 .\CortexM3\ARM_GCC_493\Debug\Initializers.o
                0x00001ac4                GlobalInitializer
 .text.InitTimers
                0x00001b0c       0x24 .\CortexM3\ARM_GCC_493\Debug\Timers.o
                0x00001b0c                InitTimers
 .text.CounterIsr
                0x00001b30       0x40 .\CortexM3\ARM_GCC_493\Debug\Timers.o
                0x00001b30                CounterIsr
 .text.DispenserStateIsr
                0x00001b70       0x30 .\CortexM3\ARM_GCC_493\Debug\Timers.o
                0x00001b70                DispenserStateIsr
 .text.WriteAuxPSoC
                0x00001ba0       0x64 .\CortexM3\ARM_GCC_493\Debug\AuxPSoC.o
                0x00001ba0                WriteAuxPSoC
 .text.WatchDogInitialize
                0x00001c04       0x48 .\CortexM3\ARM_GCC_493\Debug\WatchDogReset.o
                0x00001c04                WatchDogInitialize
 .text.WatchDogHandler
                0x00001c4c       0x18 .\CortexM3\ARM_GCC_493\Debug\WatchDogReset.o
                0x00001c4c                WatchDogHandler
 .text.WatchDogStartup
                0x00001c64       0x18 .\CortexM3\ARM_GCC_493\Debug\WatchDogReset.o
                0x00001c64                WatchDogStartup
 .text.DispenserBufferResolver
                0x00001c7c       0x7c .\CortexM3\ARM_GCC_493\Debug\DispenserResolver.o
                0x00001c7c                DispenserBufferResolver
 .text.DispenserUARTSend
                0x00001cf8       0x54 .\CortexM3\ARM_GCC_493\Debug\DispenserResolver.o
                0x00001cf8                DispenserUARTSend
 .text.DispenserBeepWarning
                0x00001d4c       0x90 .\CortexM3\ARM_GCC_493\Debug\DispenserBLL.o
                0x00001d4c                DispenserBeepWarning
 .text.DispenserUpdatePumpState
                0x00001ddc      0x138 .\CortexM3\ARM_GCC_493\Debug\DispenserBLL.o
                0x00001ddc                DispenserUpdatePumpState
 .text.DispenserUnlockPumpsOnEOT
                0x00001f14       0xd4 .\CortexM3\ARM_GCC_493\Debug\DispenserBLL.o
                0x00001f14                DispenserUnlockPumpsOnEOT
 .text.DispenserUnlockPumpsOnEOTStartup
                0x00001fe8       0xac .\CortexM3\ARM_GCC_493\Debug\DispenserBLL.o
                0x00001fe8                DispenserUnlockPumpsOnEOTStartup
 .text.DispenserRestorePrices
                0x00002094       0xa4 .\CortexM3\ARM_GCC_493\Debug\DispenserBLL.o
                0x00002094                DispenserRestorePrices
 .text.DispenserAcquireConfiguration
                0x00002138      0x114 .\CortexM3\ARM_GCC_493\Debug\DispenserBLL.o
                0x00002138                DispenserAcquireConfiguration
 .text.DispenserConfigurePrices
                0x0000224c      0x12c .\CortexM3\ARM_GCC_493\Debug\DispenserBLL.o
                0x0000224c                DispenserConfigurePrices
 .text.DispenserConfigureSinglePrice
                0x00002378      0x370 .\CortexM3\ARM_GCC_493\Debug\DispenserBLL.o
                0x00002378                DispenserConfigureSinglePrice
 .text.DispenserAcquireTotals
                0x000026e8       0xa0 .\CortexM3\ARM_GCC_493\Debug\DispenserBLL.o
                0x000026e8                DispenserAcquireTotals
 .text.DispenserEnumeratePumps
                0x00002788      0x150 .\CortexM3\ARM_GCC_493\Debug\DispenserBLL.o
                0x00002788                DispenserEnumeratePumps
 .text.DispenserLoadEEPROMSettings
                0x000028d8      0x1ec .\CortexM3\ARM_GCC_493\Debug\DispenserBLL.o
                0x000028d8                DispenserLoadEEPROMSettings
 .text.DispenserGetEepromPPUPageFromPumpID
                0x00002ac4       0xb4 .\CortexM3\ARM_GCC_493\Debug\DispenserBLL.o
                0x00002ac4                DispenserGetEepromPPUPageFromPumpID
 .text.GetPumpFromRemotePositionID
                0x00002b78       0x64 .\CortexM3\ARM_GCC_493\Debug\DispenserBLL.o
                0x00002b78                GetPumpFromRemotePositionID
 .text.DispenserSide1Listener
                0x00002bdc      0x14c .\CortexM3\ARM_GCC_493\Debug\DispenserBLL.o
                0x00002bdc                DispenserSide1Listener
 .text.DispenserSide2Listener
                0x00002d28      0x14c .\CortexM3\ARM_GCC_493\Debug\DispenserBLL.o
                0x00002d28                DispenserSide2Listener
 .text.DispenserTimeoutHandler
                0x00002e74       0xf8 .\CortexM3\ARM_GCC_493\Debug\DispenserSink.o
                0x00002e74                DispenserTimeoutHandler
 .text.DispenserDataReceptionHandler
                0x00002f6c      0x2b0 .\CortexM3\ARM_GCC_493\Debug\DispenserSink.o
                0x00002f6c                DispenserDataReceptionHandler
 .text.DispenserUpdateTimeouts
                0x0000321c       0x84 .\CortexM3\ARM_GCC_493\Debug\DispenserSink.o
                0x0000321c                DispenserUpdateTimeouts
 .text.DispenserHandler
                0x000032a0      0x250 .\CortexM3\ARM_GCC_493\Debug\DispenserSink.o
                0x000032a0                DispenserHandler
 .text.DispenserSinkRegistration
                0x000034f0      0x2c0 .\CortexM3\ARM_GCC_493\Debug\DispenserSink.o
                0x000034f0                DispenserSinkRegistration
 .text.WorkShiftDecorator
                0x000037b0       0xc4 .\CortexM3\ARM_GCC_493\Debug\DisplayBLL.o
                0x000037b0                WorkShiftDecorator
 .text.InitiateWorkShiftValidation
                0x00003874      0x144 .\CortexM3\ARM_GCC_493\Debug\DisplayBLL.o
                0x00003874                InitiateWorkShiftValidation
 .text.RequestWorkShiftOperAuthorization
                0x000039b8      0x13c .\CortexM3\ARM_GCC_493\Debug\DisplayBLL.o
                0x000039b8                RequestWorkShiftOperAuthorization
 .text.DrawNumberOfCopies
                0x00003af4      0x170 .\CortexM3\ARM_GCC_493\Debug\DisplayBLL.o
                0x00003af4                DrawNumberOfCopies
 .text.CancelMessageDecorator
                0x00003c64       0xc4 .\CortexM3\ARM_GCC_493\Debug\DisplayBLL.o
                0x00003c64                CancelMessageDecorator
 .text.AcceptedAuthorizationMessageDecorator
                0x00003d28      0x15c .\CortexM3\ARM_GCC_493\Debug\DisplayBLL.o
                0x00003d28                AcceptedAuthorizationMessageDecorator
 .text.ProductNameSelectionDecorator
                0x00003e84      0x500 .\CortexM3\ARM_GCC_493\Debug\DisplayBLL.o
                0x00003e84                ProductNameSelectionDecorator
 .text.RejectedAuthorizationMessageDecorator
                0x00004384      0x15c .\CortexM3\ARM_GCC_493\Debug\DisplayBLL.o
                0x00004384                RejectedAuthorizationMessageDecorator
 .text.ValidateAuthorizationResponse4Credit
                0x000044e0       0x94 .\CortexM3\ARM_GCC_493\Debug\DisplayBLL.o
                0x000044e0                ValidateAuthorizationResponse4Credit
 .text.SendAuthorizationRequest4Credit
                0x00004574      0x234 .\CortexM3\ARM_GCC_493\Debug\DisplayBLL.o
                0x00004574                SendAuthorizationRequest4Credit
 .text.DisplayStationIDDecorator
                0x000047a8       0xe4 .\CortexM3\ARM_GCC_493\Debug\DisplayBLL.o
                0x000047a8                DisplayStationIDDecorator
 .text.DisplayStationIDStore
                0x0000488c       0xd4 .\CortexM3\ARM_GCC_493\Debug\DisplayBLL.o
                0x0000488c                DisplayStationIDStore
 .text.DisplayStationIDLoad
                0x00004960       0x94 .\CortexM3\ARM_GCC_493\Debug\DisplayBLL.o
                0x00004960                DisplayStationIDLoad
 .text.DisplayPumpIDOffsetLoad
                0x000049f4       0x80 .\CortexM3\ARM_GCC_493\Debug\DisplayBLL.o
                0x000049f4                DisplayPumpIDOffsetLoad
 .text.DisplayPumpIDOffsetDecorator
                0x00004a74       0xe4 .\CortexM3\ARM_GCC_493\Debug\DisplayBLL.o
                0x00004a74                DisplayPumpIDOffsetDecorator
 .text.DisplayPumpIDOffsetStore
                0x00004b58       0xc4 .\CortexM3\ARM_GCC_493\Debug\DisplayBLL.o
                0x00004b58                DisplayPumpIDOffsetStore
 .text.iButtonScreenNotification
                0x00004c1c       0xd4 .\CortexM3\ARM_GCC_493\Debug\DisplayBLL.o
                0x00004c1c                iButtonScreenNotification
 .text.TerminateiButtonScan
                0x00004cf0       0x34 .\CortexM3\ARM_GCC_493\Debug\DisplayBLL.o
                0x00004cf0                TerminateiButtonScan
 .text.InitiateiButtonScan
                0x00004d24       0xb0 .\CortexM3\ARM_GCC_493\Debug\DisplayBLL.o
                0x00004d24                InitiateiButtonScan
 .text.DrawDateTime
                0x00004dd4      0x820 .\CortexM3\ARM_GCC_493\Debug\DisplayBLL.o
                0x00004dd4                DrawDateTime
 .text.DrawHomeDateTime
                0x000055f4      0x788 .\CortexM3\ARM_GCC_493\Debug\DisplayBLL.o
                0x000055f4                DrawHomeDateTime
 .text.DisplayUpdateHomeAnimation
                0x00005d7c      0xd30 .\CortexM3\ARM_GCC_493\Debug\DisplayBLL.o
                0x00005d7c                DisplayUpdateHomeAnimation
 .text.InitiateUpdateDateTime
                0x00006aac       0xa8 .\CortexM3\ARM_GCC_493\Debug\DisplayBLL.o
                0x00006aac                InitiateUpdateDateTime
 .text.TerminateUpdateDateTime
                0x00006b54       0x50 .\CortexM3\ARM_GCC_493\Debug\DisplayBLL.o
                0x00006b54                TerminateUpdateDateTime
 .text.InitiateHomeAnimation
                0x00006ba4       0xa0 .\CortexM3\ARM_GCC_493\Debug\DisplayBLL.o
                0x00006ba4                InitiateHomeAnimation
 .text.DisplayUpdateDateTime
                0x00006c44       0x2c .\CortexM3\ARM_GCC_493\Debug\DisplayBLL.o
                0x00006c44                DisplayUpdateDateTime
 .text.TerminateHomeAnimation
                0x00006c70       0x50 .\CortexM3\ARM_GCC_493\Debug\DisplayBLL.o
                0x00006c70                TerminateHomeAnimation
 .text.DisplayGenericValidator
                0x00006cc0      0x1f0 .\CortexM3\ARM_GCC_493\Debug\DisplayBLL.o
                0x00006cc0                DisplayGenericValidator
 .text.PrintersWorking
                0x00006eb0       0x64 .\CortexM3\ARM_GCC_493\Debug\DisplayBLL.o
                0x00006eb0                PrintersWorking
 .text.EitherPrinterWorking
                0x00006f14       0x78 .\CortexM3\ARM_GCC_493\Debug\DisplayBLL.o
                0x00006f14                EitherPrinterWorking
 .text.CastCreditVolumeValue
                0x00006f8c      0x164 .\CortexM3\ARM_GCC_493\Debug\DisplayBLL.o
                0x00006f8c                CastCreditVolumeValue
 .text.Display1Logic
                0x000070f0      0x1b4 .\CortexM3\ARM_GCC_493\Debug\DisplayBLL.o
                0x000070f0                Display1Logic
 .text.PrintcopyReceipt
                0x000072a4       0xa0 .\CortexM3\ARM_GCC_493\Debug\DisplayBLL.o
                0x000072a4                PrintcopyReceipt
 .text.Display2Logic
                0x00007344      0x1b4 .\CortexM3\ARM_GCC_493\Debug\DisplayBLL.o
                0x00007344                Display2Logic
 .text.DisplaySinkRegistration
                0x000074f8      0x19c .\CortexM3\ARM_GCC_493\Debug\DisplaySink.o
                0x000074f8                DisplaySinkRegistration
 .text.InitDisplays
                0x00007694       0xd0 .\CortexM3\ARM_GCC_493\Debug\DisplaySink.o
                0x00007694                InitDisplays
 .text.DisplayRaiseTimeoutsAndStateChanges
                0x00007764      0x300 .\CortexM3\ARM_GCC_493\Debug\DisplaySink.o
                0x00007764                DisplayRaiseTimeoutsAndStateChanges
 .text.DisplayOutputString
                0x00007a64      0x138 .\CortexM3\ARM_GCC_493\Debug\DisplayUtils.o
                0x00007a64                DisplayOutputString
 .text.ParseDisplayFlow
                0x00007b9c       0xa8 .\CortexM3\ARM_GCC_493\Debug\DisplayUtils.o
                0x00007b9c                ParseDisplayFlow
 .text.DisplayFlowInputHandler
                0x00007c44       0x68 .\CortexM3\ARM_GCC_493\Debug\DisplayUtils.o
                0x00007c44                DisplayFlowInputHandler
 .text.DisplayFlowInputValidator
                0x00007cac       0x68 .\CortexM3\ARM_GCC_493\Debug\DisplayUtils.o
                0x00007cac                DisplayFlowInputValidator
 .text.DisplayInitializer
                0x00007d14       0x68 .\CortexM3\ARM_GCC_493\Debug\DisplayUtils.o
                0x00007d14                DisplayInitializer
 .text.DisplayFlowDecorator
                0x00007d7c       0x68 .\CortexM3\ARM_GCC_493\Debug\DisplayUtils.o
                0x00007d7c                DisplayFlowDecorator
 .text.DisplayFinalizer
                0x00007de4       0x68 .\CortexM3\ARM_GCC_493\Debug\DisplayUtils.o
                0x00007de4                DisplayFinalizer
 .text.ParseDisplayStream
                0x00007e4c       0xac .\CortexM3\ARM_GCC_493\Debug\DisplayUtils.o
                0x00007e4c                ParseDisplayStream
 .text.GetDisplayFlowNode
                0x00007ef8       0xa0 .\CortexM3\ARM_GCC_493\Debug\DisplayUtils.o
                0x00007ef8                GetDisplayFlowNode
 .text.PrepareDisplayStructure
                0x00007f98       0x70 .\CortexM3\ARM_GCC_493\Debug\DisplayUtils.o
                0x00007f98                PrepareDisplayStructure
 .text.NonEmptyDataValidator
                0x00008008       0x2c .\CortexM3\ARM_GCC_493\Debug\DisplayUtils.o
                0x00008008                NonEmptyDataValidator
 .text.SecureConfigurationValidator
                0x00008034       0x74 .\CortexM3\ARM_GCC_493\Debug\DisplayUtils.o
                0x00008034                SecureConfigurationValidator
 .text.SaveNewPassword
                0x000080a8       0x48 .\CortexM3\ARM_GCC_493\Debug\DisplayUtils.o
                0x000080a8                SaveNewPassword
 .text.DisplayIntegerInputHandler
                0x000080f0      0x16c .\CortexM3\ARM_GCC_493\Debug\DisplayUtils.o
                0x000080f0                DisplayIntegerInputHandler
 .text.DisplayMoneyInputHandler
                0x0000825c      0x204 .\CortexM3\ARM_GCC_493\Debug\DisplayUtils.o
                0x0000825c                DisplayMoneyInputHandler
 .text.DisplayVolumeInputHandler
                0x00008460      0x238 .\CortexM3\ARM_GCC_493\Debug\DisplayUtils.o
                0x00008460                DisplayVolumeInputHandler
 .text.NonEmptyMoneyValidator
                0x00008698      0x144 .\CortexM3\ARM_GCC_493\Debug\DisplayUtils.o
                0x00008698                NonEmptyMoneyValidator
 .text.NonEmpty15ModuloValidator
                0x000087dc      0x11c .\CortexM3\ARM_GCC_493\Debug\DisplayUtils.o
                0x000087dc                NonEmpty15ModuloValidator
 .text.ValidatePumpAvailability4Positions
                0x000088f8      0x1a4 .\CortexM3\ARM_GCC_493\Debug\DisplayUtils.o
                0x000088f8                ValidatePumpAvailability4Positions
 .text.ValidatePumpAvailability21Positions
                0x00008a9c      0x15c .\CortexM3\ARM_GCC_493\Debug\DisplayUtils.o
                0x00008a9c                ValidatePumpAvailability21Positions
 .text.GetPumpsAvailability
                0x00008bf8      0x28c .\CortexM3\ARM_GCC_493\Debug\DisplayUtils.o
                0x00008bf8                GetPumpsAvailability
 .text.GetPumpsPrintState
                0x00008e84       0xe8 .\CortexM3\ARM_GCC_493\Debug\DisplayUtils.o
                0x00008e84                GetPumpsPrintState
 .text.DisplayInputHandler
                0x00008f6c      0x14c .\CortexM3\ARM_GCC_493\Debug\DisplayUtils.o
                0x00008f6c                DisplayInputHandler
 .text.DisplayIDInputHandler
                0x000090b8      0x164 .\CortexM3\ARM_GCC_493\Debug\DisplayUtils.o
                0x000090b8                DisplayIDInputHandler
 .text.DisplayInputPasswordHandler
                0x0000921c      0x190 .\CortexM3\ARM_GCC_493\Debug\DisplayUtils.o
                0x0000921c                DisplayInputPasswordHandler
 .text.GetDisplayFromPumpID
                0x000093ac       0xb0 .\CortexM3\ARM_GCC_493\Debug\DisplayUtils.o
                0x000093ac                GetDisplayFromPumpID
 .text.DisplayProductSelectionInputHandler
                0x0000945c       0xb4 .\CortexM3\ARM_GCC_493\Debug\DisplayUtils.o
                0x0000945c                DisplayProductSelectionInputHandler
 .text.CleanMessageSink
                0x00009510       0x40 .\CortexM3\ARM_GCC_493\Debug\DisplayUtils.o
                0x00009510                CleanMessageSink
 .text.SequesterMessageSink
                0x00009550      0x148 .\CortexM3\ARM_GCC_493\Debug\DisplayUtils.o
                0x00009550                SequesterMessageSink
 .text.ReleaseMessageSink
                0x00009698      0x1a8 .\CortexM3\ARM_GCC_493\Debug\DisplayUtils.o
                0x00009698                ReleaseMessageSink
 .text.StoreTransactionData
                0x00009840      0x3d0 .\CortexM3\ARM_GCC_493\Debug\DisplayUtils.o
                0x00009840                StoreTransactionData
 .text.UnmapCode
                0x00009c10       0x48 .\CortexM3\ARM_GCC_493\Debug\DisplayCharacterMap.o
                0x00009c10                UnmapCode
 .text.GetBufferIndexFromDisplayID
                0x00009c58       0x48 .\CortexM3\ARM_GCC_493\Debug\DisplayBufferScreenMap.o
                0x00009c58                GetBufferIndexFromDisplayID
 .text.GetBufferLengthFromDisplayID
                0x00009ca0       0x48 .\CortexM3\ARM_GCC_493\Debug\DisplayBufferScreenMap.o
                0x00009ca0                GetBufferLengthFromDisplayID
 .text.GetPumpIndexFromDisplay
                0x00009ce8       0x78 .\CortexM3\ARM_GCC_493\Debug\DisplayBufferScreenMap.o
                0x00009ce8                GetPumpIndexFromDisplay
 .text.Display1BufferResolver
                0x00009d60       0xf4 .\CortexM3\ARM_GCC_493\Debug\DisplayResolver.o
                0x00009d60                Display1BufferResolver
 .text.Display2BufferResolver
                0x00009e54       0xf4 .\CortexM3\ARM_GCC_493\Debug\DisplayResolver.o
                0x00009e54                Display2BufferResolver
 .text.Dislay1UARTSend
                0x00009f48       0x48 .\CortexM3\ARM_GCC_493\Debug\DisplayResolver.o
                0x00009f48                Dislay1UARTSend
 .text.PrintLogo
                0x00009f90       0x3c .\CortexM3\ARM_GCC_493\Debug\PrinterBLL.o
                0x00009f90                PrintLogo
 .text.Printer11Callback
                0x00009fcc       0x5c .\CortexM3\ARM_GCC_493\Debug\PrinterBLL.o
                0x00009fcc                Printer11Callback
 .text.Printer12Callback
                0x0000a028       0x5c .\CortexM3\ARM_GCC_493\Debug\PrinterBLL.o
                0x0000a028                Printer12Callback
 .text.Printer21Callback
                0x0000a084       0x5c .\CortexM3\ARM_GCC_493\Debug\PrinterBLL.o
                0x0000a084                Printer21Callback
 .text.Printer22Callback
                0x0000a0e0       0x5c .\CortexM3\ARM_GCC_493\Debug\PrinterBLL.o
                0x0000a0e0                Printer22Callback
 .text.Printer1GenericCallback
                0x0000a13c       0x1c .\CortexM3\ARM_GCC_493\Debug\PrinterBLL.o
                0x0000a13c                Printer1GenericCallback
 .text.Printer2GenericCallback
                0x0000a158       0x1c .\CortexM3\ARM_GCC_493\Debug\PrinterBLL.o
                0x0000a158                Printer2GenericCallback
 .text.MeasurePrinterASCIIBufferLength
                0x0000a174       0x34 .\CortexM3\ARM_GCC_493\Debug\PrinterBLL.o
                0x0000a174                MeasurePrinterASCIIBufferLength
 .text.Printer1GenericCallbacklogo
                0x0000a1a8       0x18 .\CortexM3\ARM_GCC_493\Debug\PrinterBLL.o
                0x0000a1a8                Printer1GenericCallbacklogo
 .text.Printer2GenericCallbacklogo
                0x0000a1c0       0x18 .\CortexM3\ARM_GCC_493\Debug\PrinterBLL.o
                0x0000a1c0                Printer2GenericCallbacklogo
 .text.PadSpacesToCenter
                0x0000a1d8       0x24 .\CortexM3\ARM_GCC_493\Debug\PrinterBLL.o
                0x0000a1d8                PadSpacesToCenter
 .text.GetProductNameFromPumpAndHose
                0x0000a1fc      0x3c8 .\CortexM3\ARM_GCC_493\Debug\PrinterBLL.o
                0x0000a1fc                GetProductNameFromPumpAndHose
 .text.FormatNumberLSDFirst
                0x0000a5c4      0x140 .\CortexM3\ARM_GCC_493\Debug\PrinterBLL.o
                0x0000a5c4                FormatNumberLSDFirst
 .text.Print    0x0000a704     0x13fc .\CortexM3\ARM_GCC_493\Debug\PrinterBLL.o
                0x0000a704                Print
 .text.PrintGeneric
                0x0000bb00       0x44 .\CortexM3\ARM_GCC_493\Debug\PrinterBLL.o
                0x0000bb00                PrintGeneric
 .text.PrinterSinkRegistration
                0x0000bb44      0x148 .\CortexM3\ARM_GCC_493\Debug\PrinterSink.o
                0x0000bb44                PrinterSinkRegistration
 .text.PrinterUARTSend
                0x0000bc8c       0x14 .\CortexM3\ARM_GCC_493\Debug\PrinterResolver.o
                0x0000bc8c                PrinterUARTSend
 .text.GetPrinterTemplateLine
                0x0000bca0       0x48 .\CortexM3\ARM_GCC_493\Debug\PrinterTemplate.o
                0x0000bca0                GetPrinterTemplateLine
 .text.GetPrinterVolumeTemplateTag
                0x0000bce8       0x48 .\CortexM3\ARM_GCC_493\Debug\PrinterTemplate.o
                0x0000bce8                GetPrinterVolumeTemplateTag
 .text.GetPrinterPriceTemplateTag
                0x0000bd30       0x34 .\CortexM3\ARM_GCC_493\Debug\PrinterTemplate.o
                0x0000bd30                GetPrinterPriceTemplateTag
 .text.iButtonSinkRegistration
                0x0000bd64       0x5c .\CortexM3\ARM_GCC_493\Debug\iButtonSink.o
                0x0000bd64                iButtonSinkRegistration
 .text.iButton1Scan
                0x0000bdc0       0xb4 .\CortexM3\ARM_GCC_493\Debug\iButtonBLL.o
                0x0000bdc0                iButton1Scan
 .text.iButton2Scan
                0x0000be74       0xa8 .\CortexM3\ARM_GCC_493\Debug\iButtonBLL.o
                0x0000be74                iButton2Scan
 .text.iButtonResetPresenceSequence
                0x0000bf1c       0x84 .\CortexM3\ARM_GCC_493\Debug\iButtonProtocol.o
                0x0000bf1c                iButtonResetPresenceSequence
 .text.iButtonRead
                0x0000bfa0       0xbc .\CortexM3\ARM_GCC_493\Debug\iButtonProtocol.o
                0x0000bfa0                iButtonRead
 .text.iButtonWrite
                0x0000c05c       0xc4 .\CortexM3\ARM_GCC_493\Debug\iButtonProtocol.o
                0x0000c05c                iButtonWrite
 .text.InitProtocol
                0x0000c120      0x32c .\CortexM3\ARM_GCC_493\Debug\Advantage.o
                0x0000c120                InitProtocol
 .text.PumpIsInValidState
                0x0000c44c       0x38 .\CortexM3\ARM_GCC_493\Debug\Advantage.o
                0x0000c44c                PumpIsInValidState
 .text.PumpJobQueueClear
                0x0000c484       0x8c .\CortexM3\ARM_GCC_493\Debug\Advantage.o
                0x0000c484                PumpJobQueueClear
 .text.PumpJobAllocate
                0x0000c510      0x144 .\CortexM3\ARM_GCC_493\Debug\Advantage.o
                0x0000c510                PumpJobAllocate
 .text.PumpJobEnqueue
                0x0000c654       0x5c .\CortexM3\ARM_GCC_493\Debug\Advantage.o
                0x0000c654                PumpJobEnqueue
 .text.PumpJobQueuePeek
                0x0000c6b0       0x30 .\CortexM3\ARM_GCC_493\Debug\Advantage.o
                0x0000c6b0                PumpJobQueuePeek
 .text.PumpJobDequeue
                0x0000c6e0       0xb8 .\CortexM3\ARM_GCC_493\Debug\Advantage.o
                0x0000c6e0                PumpJobDequeue
 .text.PumpJobRotate
                0x0000c798       0x78 .\CortexM3\ARM_GCC_493\Debug\Advantage.o
                0x0000c798                PumpJobRotate
 .text.PumpTransactionalStateDequeue
                0x0000c810       0x60 .\CortexM3\ARM_GCC_493\Debug\Advantage.o
                0x0000c810                PumpTransactionalStateDequeue
 .text.PumpTransactionalStateEnqueue
                0x0000c870       0x20 .\CortexM3\ARM_GCC_493\Debug\Advantage.o
                0x0000c870                PumpTransactionalStateEnqueue
 .text.PumpTransactionalStateDeallocate
                0x0000c890       0x94 .\CortexM3\ARM_GCC_493\Debug\Advantage.o
                0x0000c890                PumpTransactionalStateDeallocate
 .text.PumpTransactionalStateFind
                0x0000c924       0x54 .\CortexM3\ARM_GCC_493\Debug\Advantage.o
                0x0000c924                PumpTransactionalStateFind
 .text.PumpTransactionalStateAllocate
                0x0000c978       0x94 .\CortexM3\ARM_GCC_493\Debug\Advantage.o
                0x0000c978                PumpTransactionalStateAllocate
 *fill*         0x0000ca0c        0x4 
 .text.PumpTransactionalStateLock
                0x0000ca10       0x70 .\CortexM3\ARM_GCC_493\Debug\Advantage.o
                0x0000ca10                PumpTransactionalStateLock
 .text.PumpTransactionalStateUnlock
                0x0000ca80       0x20 .\CortexM3\ARM_GCC_493\Debug\Advantage.o
                0x0000ca80                PumpTransactionalStateUnlock
 .text.PumpCleanUp
                0x0000caa0       0xb4 .\CortexM3\ARM_GCC_493\Debug\Advantage.o
                0x0000caa0                PumpCleanUp
 .text.GetTransactionByName
                0x0000cb54       0x48 .\CortexM3\ARM_GCC_493\Debug\AdvantageFlow.o
                0x0000cb54                GetTransactionByName
 .text.AcquirePumpStateResponse
                0x0000cb9c       0xac .\CortexM3\ARM_GCC_493\Debug\AdvantageImpl.o
                0x0000cb9c                AcquirePumpStateResponse
 .text.AcquireDatatoPumpResponse
                0x0000cc48       0x48 .\CortexM3\ARM_GCC_493\Debug\AdvantageImpl.o
                0x0000cc48                AcquireDatatoPumpResponse
 .text.ProcessPumpTransactionData
                0x0000cc90      0xf9c .\CortexM3\ARM_GCC_493\Debug\AdvantageImpl.o
                0x0000cc90                ProcessPumpTransactionData
 .text.ProcessPumpTotalsDataReport
                0x0000dc2c      0x154 .\CortexM3\ARM_GCC_493\Debug\AdvantageImpl.o
                0x0000dc2c                ProcessPumpTotalsDataReport
 .text.PumpJobTimeout
                0x0000dd80       0x38 .\CortexM3\ARM_GCC_493\Debug\AdvantageImpl.o
                0x0000dd80                PumpJobTimeout
 .text.PumpStateJobTimeout
                0x0000ddb8       0x38 .\CortexM3\ARM_GCC_493\Debug\AdvantageImpl.o
                0x0000ddb8                PumpStateJobTimeout
 .text.PumpAuthorization
                0x0000ddf0       0x84 .\CortexM3\ARM_GCC_493\Debug\AdvantageImpl.o
                0x0000ddf0                PumpAuthorization
 .text.PumpStartupAuthorization
                0x0000de74       0x70 .\CortexM3\ARM_GCC_493\Debug\AdvantageImpl.o
                0x0000de74                PumpStartupAuthorization
 .text.PumpStateRequest
                0x0000dee4       0x60 .\CortexM3\ARM_GCC_493\Debug\AdvantageImpl.o
                0x0000dee4                PumpStateRequest
 .text.PumpTransactionDataRequest
                0x0000df44       0x6c .\CortexM3\ARM_GCC_493\Debug\AdvantageImpl.o
                0x0000df44                PumpTransactionDataRequest
 .text.PumpTotalsDataRequest
                0x0000dfb0       0x6c .\CortexM3\ARM_GCC_493\Debug\AdvantageImpl.o
                0x0000dfb0                PumpTotalsDataRequest
 .text.PumpDataToPump
                0x0000e01c       0x6c .\CortexM3\ARM_GCC_493\Debug\AdvantageImpl.o
                0x0000e01c                PumpDataToPump
 .text.PumpCreditPresetHose
                0x0000e088      0x3ac .\CortexM3\ARM_GCC_493\Debug\AdvantageImpl.o
                0x0000e088                PumpCreditPresetHose
 .text.PumpPresetHose
                0x0000e434      0x378 .\CortexM3\ARM_GCC_493\Debug\AdvantageImpl.o
                0x0000e434                PumpPresetHose
 .text.PumpPresetNotification
                0x0000e7ac      0x214 .\CortexM3\ARM_GCC_493\Debug\AdvantageImpl.o
                0x0000e7ac                PumpPresetNotification
 .text.PumpCreditPresetNotification
                0x0000e9c0       0xe8 .\CortexM3\ARM_GCC_493\Debug\AdvantageImpl.o
                0x0000e9c0                PumpCreditPresetNotification
 .text.PumpFullPresetHose
                0x0000eaa8      0x328 .\CortexM3\ARM_GCC_493\Debug\AdvantageImpl.o
                0x0000eaa8                PumpFullPresetHose
 .text.PumpPpuChange
                0x0000edd0      0x2c4 .\CortexM3\ARM_GCC_493\Debug\AdvantageImpl.o
                0x0000edd0                PumpPpuChange
 .text.PumpDefault2CreditPpuChange
                0x0000f094      0x1b0 .\CortexM3\ARM_GCC_493\Debug\AdvantageImpl.o
                0x0000f094                PumpDefault2CreditPpuChange
 .text.PumpCredit2DefaultPpuChange
                0x0000f244      0x23c .\CortexM3\ARM_GCC_493\Debug\AdvantageImpl.o
                0x0000f244                PumpCredit2DefaultPpuChange
 .text.PumpStopRequest
                0x0000f480       0x6c .\CortexM3\ARM_GCC_493\Debug\AdvantageImpl.o
                0x0000f480                PumpStopRequest
 .text.PumpStopAllRequest
                0x0000f4ec       0x60 .\CortexM3\ARM_GCC_493\Debug\AdvantageImpl.o
                0x0000f4ec                PumpStopAllRequest
 .text.PumpCompleteConfiguration
                0x0000f54c       0xe8 .\CortexM3\ARM_GCC_493\Debug\AdvantageImpl.o
                0x0000f54c                PumpCompleteConfiguration
 .text.AcquirePumpCompleteConfiguration
                0x0000f634      0x454 .\CortexM3\ARM_GCC_493\Debug\AdvantageImpl.o
                0x0000f634                AcquirePumpCompleteConfiguration
 .text.AcquireDispenserLayoutInformation
                0x0000fa88      0x4c8 .\CortexM3\ARM_GCC_493\Debug\AdvantageImpl.o
                0x0000fa88                AcquireDispenserLayoutInformation
 .text.AcquirePumpSpecialFunctionResponseResolver
                0x0000ff50      0x128 .\CortexM3\ARM_GCC_493\Debug\AdvantageImpl.o
                0x0000ff50                AcquirePumpSpecialFunctionResponseResolver
 .text.PumpEnumeratorRequest
                0x00010078       0x60 .\CortexM3\ARM_GCC_493\Debug\AdvantageImpl.o
                0x00010078                PumpEnumeratorRequest
 .text.AcquirePumpEnumeratorResponse
                0x000100d8      0x240 .\CortexM3\ARM_GCC_493\Debug\AdvantageImpl.o
                0x000100d8                AcquirePumpEnumeratorResponse
 .text.PumpEnumeratorTimeout
                0x00010318       0x6c .\CortexM3\ARM_GCC_493\Debug\AdvantageImpl.o
                0x00010318                PumpEnumeratorTimeout
 .text.AcquirePumpTotalsResponseResolver
                0x00010384      0x15c .\CortexM3\ARM_GCC_493\Debug\AdvantageImpl.o
                0x00010384                AcquirePumpTotalsResponseResolver
 .text.AcquirePumpTransactionDataResponseResolver
                0x000104e0       0x4c .\CortexM3\ARM_GCC_493\Debug\AdvantageImpl.o
                0x000104e0                AcquirePumpTransactionDataResponseResolver
 .text.AdvantageActivateProgramming
                0x0001052c       0xac .\CortexM3\ARM_GCC_493\Debug\AdvantageImpl.o
                0x0001052c                AdvantageActivateProgramming
 .text.GetLRC   0x000105d8       0x60 .\CortexM3\ARM_GCC_493\Debug\AdvantageImpl.o
                0x000105d8                GetLRC
 .text.FindLRC  0x00010638       0x34 .\CortexM3\ARM_GCC_493\Debug\AdvantageImpl.o
                0x00010638                FindLRC
 .text.TerminateTransactionAndPrint
                0x0001066c      0x248 .\CortexM3\ARM_GCC_493\Debug\AdvantageImpl.o
                0x0001066c                TerminateTransactionAndPrint
 .text.CastVolumeValue
                0x000108b4      0x174 .\CortexM3\ARM_GCC_493\Debug\AdvantageImpl.o
                0x000108b4                CastVolumeValue
 .text.CastMoneyValue
                0x00010a28      0x164 .\CortexM3\ARM_GCC_493\Debug\AdvantageImpl.o
                0x00010a28                CastMoneyValue
 .text.TranslateSpecialFuncionDigit
                0x00010b8c       0x48 .\CortexM3\ARM_GCC_493\Debug\AdvantageImpl.o
                0x00010b8c                TranslateSpecialFuncionDigit
 .text.RFSinkRegistration
                0x00010bd4       0xdc .\CortexM3\ARM_GCC_493\Debug\RFSink.o
                0x00010bd4                RFSinkRegistration
 .text.RFServerAutonomousMonitor
                0x00010cb0       0x64 .\CortexM3\ARM_GCC_493\Debug\RFSink.o
                0x00010cb0                RFServerAutonomousMonitor
 .text.RFServerRequestHandler
                0x00010d14       0x68 .\CortexM3\ARM_GCC_493\Debug\RFBLL.o
                0x00010d14                RFServerRequestHandler
 .text.RFErrorHandler
                0x00010d7c       0x14 .\CortexM3\ARM_GCC_493\Debug\RFBLL.o
                0x00010d7c                RFErrorHandler
 .text.GetRFRequestResolver
                0x00010d90       0x58 .\CortexM3\ARM_GCC_493\Debug\RFBLL.o
                0x00010d90                GetRFRequestResolver
 .text.RFUARTBufferResolver
                0x00010de8      0x1f8 .\CortexM3\ARM_GCC_493\Debug\RFResolver.o
                0x00010de8                RFUARTBufferResolver
 .text.RFUARTSend
                0x00010fe0       0x4c .\CortexM3\ARM_GCC_493\Debug\RFResolver.o
                0x00010fe0                RFUARTSend
 .text.RFGetPayloadLengthFromRequestCode
                0x0001102c       0x48 .\CortexM3\ARM_GCC_493\Debug\RFServerStack.o
                0x0001102c                RFGetPayloadLengthFromRequestCode
 .text.RFGetDynamicPayloadLengthFromRequestCode
                0x00011074       0x48 .\CortexM3\ARM_GCC_493\Debug\RFServerStack.o
                0x00011074                RFGetDynamicPayloadLengthFromRequestCode
 .text.RFGetCRC
                0x000110bc       0x6c .\CortexM3\ARM_GCC_493\Debug\RFServerStack.o
                0x000110bc                RFGetCRC
 .text.RFUnmapCommand2State
                0x00011128       0x48 .\CortexM3\ARM_GCC_493\Debug\RFServerStack.o
                0x00011128                RFUnmapCommand2State
 .text.RFStateReqResp
                0x00011170      0x3d8 .\CortexM3\ARM_GCC_493\Debug\RFServerStackImpl.o
                0x00011170                RFStateReqResp
 .text.RFCreditSerialAuthReqResp
                0x00011548      0x26c .\CortexM3\ARM_GCC_493\Debug\RFServerStackImpl.o
                0x00011548                RFCreditSerialAuthReqResp
 .text.RFCreditAuthorizationReqResp
                0x000117b4      0x408 .\CortexM3\ARM_GCC_493\Debug\RFServerStackImpl.o
                0x000117b4                RFCreditAuthorizationReqResp
 .text.RFCreditSalePresetReportReqResp
                0x00011bbc      0x1f4 .\CortexM3\ARM_GCC_493\Debug\RFServerStackImpl.o
                0x00011bbc                RFCreditSalePresetReportReqResp
 .text.RFCashSalePresetReportReqResp
                0x00011db0      0x438 .\CortexM3\ARM_GCC_493\Debug\RFServerStackImpl.o
                0x00011db0                RFCashSalePresetReportReqResp
 .text.RFCashCreditSaleFinalReportReqResp
                0x000121e8      0x558 .\CortexM3\ARM_GCC_493\Debug\RFServerStackImpl.o
                0x000121e8                RFCashCreditSaleFinalReportReqResp
 .text.RFTotalsDataReqResp
                0x00012740      0x284 .\CortexM3\ARM_GCC_493\Debug\RFServerStackImpl.o
                0x00012740                RFTotalsDataReqResp
 .text.RFTotalsDataReportReqResp
                0x000129c4      0xedc .\CortexM3\ARM_GCC_493\Debug\RFServerStackImpl.o
                0x000129c4                RFTotalsDataReportReqResp
 .text.RFPriceChangeReqResp
                0x000138a0      0x370 .\CortexM3\ARM_GCC_493\Debug\RFServerStackImpl.o
                0x000138a0                RFPriceChangeReqResp
 .text.RFGeneralPrintReqResp
                0x00013c10      0x30c .\CortexM3\ARM_GCC_493\Debug\RFServerStackImpl.o
                0x00013c10                RFGeneralPrintReqResp
 .text.RFCreditSalePrintReqResp
                0x00013f1c      0x458 .\CortexM3\ARM_GCC_493\Debug\RFServerStackImpl.o
                0x00013f1c                RFCreditSalePrintReqResp
 .text.RFCashSalePrintReqResp
                0x00014374      0x2fc .\CortexM3\ARM_GCC_493\Debug\RFServerStackImpl.o
                0x00014374                RFCashSalePrintReqResp
 .text.RFPendingCreditSaleReqResp
                0x00014670     0x12d4 .\CortexM3\ARM_GCC_493\Debug\RFServerStackImpl.o
                0x00014670                RFPendingCreditSaleReqResp
 .text.RFPendingCashSaleReqResp
                0x00015944     0x1054 .\CortexM3\ARM_GCC_493\Debug\RFServerStackImpl.o
                0x00015944                RFPendingCashSaleReqResp
 .text.RFBroadcastConfigurationReqResp
                0x00016998      0x548 .\CortexM3\ARM_GCC_493\Debug\RFServerStackImpl.o
                0x00016998                RFBroadcastConfigurationReqResp
 .text.RFPositionConfigurationReqResp
                0x00016ee0      0x38c .\CortexM3\ARM_GCC_493\Debug\RFServerStackImpl.o
                0x00016ee0                RFPositionConfigurationReqResp
 .text.RFIslandOperDataReqResp
                0x0001726c      0x2c0 .\CortexM3\ARM_GCC_493\Debug\RFServerStackImpl.o
                0x0001726c                RFIslandOperDataReqResp
 .text.RFIslandAdminReqResp
                0x0001752c      0x350 .\CortexM3\ARM_GCC_493\Debug\RFServerStackImpl.o
                0x0001752c                RFIslandAdminReqResp
 .text.GeneralPrintRequestPayloadSizeResolver
                0x0001787c       0x20 .\CortexM3\ARM_GCC_493\Debug\RFServerStackImpl.o
                0x0001787c                GeneralPrintRequestPayloadSizeResolver
 .text.RFCopyPrintReqResp
                0x0001789c      0x2e0 .\CortexM3\ARM_GCC_493\Debug\RFServerStackImpl.o
                0x0001789c                RFCopyPrintReqResp
 .text.main     0x00017b7c       0x28 .\CortexM3\ARM_GCC_493\Debug\main.o
                0x00017b7c                main
 .text.IntDefaultHandler
                0x00017ba4        0x8 .\CortexM3\ARM_GCC_493\Debug\Cm3Start.o
                0x00017ba4                IntDefaultHandler
 .text._sbrk    0x00017bac       0x50 .\CortexM3\ARM_GCC_493\Debug\Cm3Start.o
                0x00017bac                _sbrk
 .text.Start_c  0x00017bfc       0x98 .\CortexM3\ARM_GCC_493\Debug\Cm3Start.o
                0x00017bfc                Start_c
 .text.initialize_psoc
                0x00017c94       0x8c .\CortexM3\ARM_GCC_493\Debug\Cm3Start.o
                0x00017c94                initialize_psoc
 .text.CYMEMZERO
                0x00017d20       0x1c .\CortexM3\ARM_GCC_493\Debug\CorEx-Mux-Kernel.a(cyfitter_cfg.o)
 .text.CYCONFIGCPY
                0x00017d3c       0x1c .\CortexM3\ARM_GCC_493\Debug\CorEx-Mux-Kernel.a(cyfitter_cfg.o)
 .text.CyClockStartupError
                0x00017d58        0xc .\CortexM3\ARM_GCC_493\Debug\CorEx-Mux-Kernel.a(cyfitter_cfg.o)
 .text.cfg_write_bytes32
                0x00017d64       0x74 .\CortexM3\ARM_GCC_493\Debug\CorEx-Mux-Kernel.a(cyfitter_cfg.o)
 .text.ClockSetup
                0x00017dd8      0x17c .\CortexM3\ARM_GCC_493\Debug\CorEx-Mux-Kernel.a(cyfitter_cfg.o)
 .text.AnalogSetDefault
                0x00017f54       0x44 .\CortexM3\ARM_GCC_493\Debug\CorEx-Mux-Kernel.a(cyfitter_cfg.o)
 .text.cyfitter_cfg
                0x00017f98      0x190 .\CortexM3\ARM_GCC_493\Debug\CorEx-Mux-Kernel.a(cyfitter_cfg.o)
                0x00017f98                cyfitter_cfg
 .text.RF_Physical_Start
                0x00018128       0x20 .\CortexM3\ARM_GCC_493\Debug\CorEx-Mux-Kernel.a(RF_Physical.o)
                0x00018128                RF_Physical_Start
 .text.RF_Physical_Init
                0x00018148       0x58 .\CortexM3\ARM_GCC_493\Debug\CorEx-Mux-Kernel.a(RF_Physical.o)
                0x00018148                RF_Physical_Init
 .text.RF_Physical_Enable
                0x000181a0       0x68 .\CortexM3\ARM_GCC_493\Debug\CorEx-Mux-Kernel.a(RF_Physical.o)
                0x000181a0                RF_Physical_Enable
 .text.RF_Physical_Stop
                0x00018208       0x68 .\CortexM3\ARM_GCC_493\Debug\CorEx-Mux-Kernel.a(RF_Physical.o)
                0x00018208                RF_Physical_Stop
 .text.RF_Physical_ReadControlRegister
                0x00018270       0x10 .\CortexM3\ARM_GCC_493\Debug\CorEx-Mux-Kernel.a(RF_Physical.o)
                0x00018270                RF_Physical_ReadControlRegister
 .text.RF_Physical_WriteControlRegister
                0x00018280       0x14 .\CortexM3\ARM_GCC_493\Debug\CorEx-Mux-Kernel.a(RF_Physical.o)
                0x00018280                RF_Physical_WriteControlRegister
 .text.RF_Physical_ReadRxData
                0x00018294       0x94 .\CortexM3\ARM_GCC_493\Debug\CorEx-Mux-Kernel.a(RF_Physical.o)
                0x00018294                RF_Physical_ReadRxData
 .text.RF_Physical_ReadRxStatus
                0x00018328       0x40 .\CortexM3\ARM_GCC_493\Debug\CorEx-Mux-Kernel.a(RF_Physical.o)
                0x00018328                RF_Physical_ReadRxStatus
 .text.RF_Physical_GetChar
                0x00018368       0xbc .\CortexM3\ARM_GCC_493\Debug\CorEx-Mux-Kernel.a(RF_Physical.o)
                0x00018368                RF_Physical_GetChar
 .text.RF_Physical_GetByte
                0x00018424       0x44 .\CortexM3\ARM_GCC_493\Debug\CorEx-Mux-Kernel.a(RF_Physical.o)
                0x00018424                RF_Physical_GetByte
 .text.RF_Physical_GetRxBufferSize
                0x00018468       0x94 .\CortexM3\ARM_GCC_493\Debug\CorEx-Mux-Kernel.a(RF_Physical.o)
                0x00018468                RF_Physical_GetRxBufferSize
 .text.RF_Physical_ClearRxBuffer
                0x000184fc       0x7c .\CortexM3\ARM_GCC_493\Debug\CorEx-Mux-Kernel.a(RF_Physical.o)
                0x000184fc                RF_Physical_ClearRxBuffer
 .text.RF_Physical_WriteTxData
                0x00018578       0x2c .\CortexM3\ARM_GCC_493\Debug\CorEx-Mux-Kernel.a(RF_Physical.o)
                0x00018578                RF_Physical_WriteTxData
 .text.RF_Physical_ReadTxStatus
                0x000185a4       0x18 .\CortexM3\ARM_GCC_493\Debug\CorEx-Mux-Kernel.a(RF_Physical.o)
                0x000185a4                RF_Physical_ReadTxStatus
 .text.RF_Physical_PutChar
                0x000185bc       0x34 .\CortexM3\ARM_GCC_493\Debug\CorEx-Mux-Kernel.a(RF_Physical.o)
                0x000185bc                RF_Physical_PutChar
 .text.RF_Physical_PutString
                0x000185f0       0x40 .\CortexM3\ARM_GCC_493\Debug\CorEx-Mux-Kernel.a(RF_Physical.o)
                0x000185f0                RF_Physical_PutString
 .text.RF_Physical_PutArray
                0x00018630       0x40 .\CortexM3\ARM_GCC_493\Debug\CorEx-Mux-Kernel.a(RF_Physical.o)
                0x00018630                RF_Physical_PutArray
 .text.RF_Physical_PutCRLF
                0x00018670       0x30 .\CortexM3\ARM_GCC_493\Debug\CorEx-Mux-Kernel.a(RF_Physical.o)
                0x00018670                RF_Physical_PutCRLF
 .text.RF_Physical_ClearTxBuffer
                0x000186a0       0x40 .\CortexM3\ARM_GCC_493\Debug\CorEx-Mux-Kernel.a(RF_Physical.o)
                0x000186a0                RF_Physical_ClearTxBuffer
 .text.RF_Physical_RXISR
                0x000186e0       0xf0 .\CortexM3\ARM_GCC_493\Debug\CorEx-Mux-Kernel.a(RF_Physical_INT.o)
                0x000186e0                RF_Physical_RXISR
 .text.RF_Physical_IntClock_Start
                0x000187d0       0x34 .\CortexM3\ARM_GCC_493\Debug\CorEx-Mux-Kernel.a(RF_Physical_IntClock.o)
                0x000187d0                RF_Physical_IntClock_Start
 .text.RF_Physical_IntClock_Stop
                0x00018804       0x34 .\CortexM3\ARM_GCC_493\Debug\CorEx-Mux-Kernel.a(RF_Physical_IntClock.o)
                0x00018804                RF_Physical_IntClock_Stop
 .text          0x00018838       0x20 .\CortexM3\ARM_GCC_493\Debug\CorEx-Mux-Kernel.a(CyBootAsmGnu.o)
                0x00018838                CyDelayCycles
                0x00018848                CyEnterCriticalSection
                0x00018850                CyExitCriticalSection
 .text.CyHalt   0x00018858       0x18 .\CortexM3\ARM_GCC_493\Debug\CorEx-Mux-Kernel.a(CyLib.o)
                0x00018858                CyHalt
 .text.CyDelay  0x00018870       0x44 .\CortexM3\ARM_GCC_493\Debug\CorEx-Mux-Kernel.a(CyLib.o)
                0x00018870                CyDelay
 .text.CyDelayUs
                0x000188b4       0x24 .\CortexM3\ARM_GCC_493\Debug\CorEx-Mux-Kernel.a(CyLib.o)
                0x000188b4                CyDelayUs
 .text.CyDelayFreq
                0x000188d8       0x7c .\CortexM3\ARM_GCC_493\Debug\CorEx-Mux-Kernel.a(CyLib.o)
                0x000188d8                CyDelayFreq
 .text.CyWdtStart
                0x00018954       0x8c .\CortexM3\ARM_GCC_493\Debug\CorEx-Mux-Kernel.a(CyLib.o)
                0x00018954                CyWdtStart
 .text.CyWdtClear
                0x000189e0       0x18 .\CortexM3\ARM_GCC_493\Debug\CorEx-Mux-Kernel.a(CyLib.o)
                0x000189e0                CyWdtClear
 .text.CyIntSetVector
                0x000189f8       0x50 .\CortexM3\ARM_GCC_493\Debug\CorEx-Mux-Kernel.a(CyLib.o)
                0x000189f8                CyIntSetVector
 .text.CyIntSetPriority
                0x00018a48       0x44 .\CortexM3\ARM_GCC_493\Debug\CorEx-Mux-Kernel.a(CyLib.o)
                0x00018a48                CyIntSetPriority
 .text.Printer_Start
                0x00018a8c       0x20 .\CortexM3\ARM_GCC_493\Debug\CorEx-Mux-Kernel.a(Printer.o)
                0x00018a8c                Printer_Start
 .text.Printer_Init
                0x00018aac       0x40 .\CortexM3\ARM_GCC_493\Debug\CorEx-Mux-Kernel.a(Printer.o)
                0x00018aac                Printer_Init
 .text.Printer_Enable
                0x00018aec       0x58 .\CortexM3\ARM_GCC_493\Debug\CorEx-Mux-Kernel.a(Printer.o)
                0x00018aec                Printer_Enable
 .text.Printer_Stop
                0x00018b44       0x58 .\CortexM3\ARM_GCC_493\Debug\CorEx-Mux-Kernel.a(Printer.o)
                0x00018b44                Printer_Stop
 .text.Printer_ReadControlRegister
                0x00018b9c       0x10 .\CortexM3\ARM_GCC_493\Debug\CorEx-Mux-Kernel.a(Printer.o)
                0x00018b9c                Printer_ReadControlRegister
 .text.Printer_WriteControlRegister
                0x00018bac       0x14 .\CortexM3\ARM_GCC_493\Debug\CorEx-Mux-Kernel.a(Printer.o)
                0x00018bac                Printer_WriteControlRegister
 .text.Printer_ReadRxData
                0x00018bc0       0x20 .\CortexM3\ARM_GCC_493\Debug\CorEx-Mux-Kernel.a(Printer.o)
                0x00018bc0                Printer_ReadRxData
 .text.Printer_ReadRxStatus
                0x00018be0       0x24 .\CortexM3\ARM_GCC_493\Debug\CorEx-Mux-Kernel.a(Printer.o)
                0x00018be0                Printer_ReadRxStatus
 .text.Printer_GetChar
                0x00018c04       0x44 .\CortexM3\ARM_GCC_493\Debug\CorEx-Mux-Kernel.a(Printer.o)
                0x00018c04                Printer_GetChar
 .text.Printer_GetByte
                0x00018c48       0x24 .\CortexM3\ARM_GCC_493\Debug\CorEx-Mux-Kernel.a(Printer.o)
                0x00018c48                Printer_GetByte
 .text.Printer_GetRxBufferSize
                0x00018c6c       0x30 .\CortexM3\ARM_GCC_493\Debug\CorEx-Mux-Kernel.a(Printer.o)
                0x00018c6c                Printer_GetRxBufferSize
 .text.Printer_ClearRxBuffer
                0x00018c9c       0x40 .\CortexM3\ARM_GCC_493\Debug\CorEx-Mux-Kernel.a(Printer.o)
                0x00018c9c                Printer_ClearRxBuffer
 .text.Printer_WriteTxData
                0x00018cdc       0x2c .\CortexM3\ARM_GCC_493\Debug\CorEx-Mux-Kernel.a(Printer.o)
                0x00018cdc                Printer_WriteTxData
 .text.Printer_ReadTxStatus
                0x00018d08       0x18 .\CortexM3\ARM_GCC_493\Debug\CorEx-Mux-Kernel.a(Printer.o)
                0x00018d08                Printer_ReadTxStatus
 .text.Printer_PutChar
                0x00018d20       0x34 .\CortexM3\ARM_GCC_493\Debug\CorEx-Mux-Kernel.a(Printer.o)
                0x00018d20                Printer_PutChar
 .text.Printer_PutString
                0x00018d54       0x40 .\CortexM3\ARM_GCC_493\Debug\CorEx-Mux-Kernel.a(Printer.o)
                0x00018d54                Printer_PutString
 .text.Printer_PutArray
                0x00018d94       0x40 .\CortexM3\ARM_GCC_493\Debug\CorEx-Mux-Kernel.a(Printer.o)
                0x00018d94                Printer_PutArray
 .text.Printer_PutCRLF
                0x00018dd4       0x30 .\CortexM3\ARM_GCC_493\Debug\CorEx-Mux-Kernel.a(Printer.o)
                0x00018dd4                Printer_PutCRLF
 .text.Printer_ClearTxBuffer
                0x00018e04       0x40 .\CortexM3\ARM_GCC_493\Debug\CorEx-Mux-Kernel.a(Printer.o)
                0x00018e04                Printer_ClearTxBuffer
 .text.Dispenser_Start
                0x00018e44       0x20 .\CortexM3\ARM_GCC_493\Debug\CorEx-Mux-Kernel.a(Dispenser.o)
                0x00018e44                Dispenser_Start
 .text.Dispenser_Init
                0x00018e64       0x58 .\CortexM3\ARM_GCC_493\Debug\CorEx-Mux-Kernel.a(Dispenser.o)
                0x00018e64                Dispenser_Init
 .text.Dispenser_Enable
                0x00018ebc       0x64 .\CortexM3\ARM_GCC_493\Debug\CorEx-Mux-Kernel.a(Dispenser.o)
                0x00018ebc                Dispenser_Enable
 .text.Dispenser_Stop
                0x00018f20       0x64 .\CortexM3\ARM_GCC_493\Debug\CorEx-Mux-Kernel.a(Dispenser.o)
                0x00018f20                Dispenser_Stop
 .text.Dispenser_ReadControlRegister
                0x00018f84       0x10 .\CortexM3\ARM_GCC_493\Debug\CorEx-Mux-Kernel.a(Dispenser.o)
                0x00018f84                Dispenser_ReadControlRegister
 .text.Dispenser_WriteControlRegister
                0x00018f94       0x14 .\CortexM3\ARM_GCC_493\Debug\CorEx-Mux-Kernel.a(Dispenser.o)
                0x00018f94                Dispenser_WriteControlRegister
 .text.Dispenser_ReadRxData
                0x00018fa8       0x94 .\CortexM3\ARM_GCC_493\Debug\CorEx-Mux-Kernel.a(Dispenser.o)
                0x00018fa8                Dispenser_ReadRxData
 .text.Dispenser_ReadRxStatus
                0x0001903c       0x40 .\CortexM3\ARM_GCC_493\Debug\CorEx-Mux-Kernel.a(Dispenser.o)
                0x0001903c                Dispenser_ReadRxStatus
 .text.Dispenser_GetChar
                0x0001907c       0xb8 .\CortexM3\ARM_GCC_493\Debug\CorEx-Mux-Kernel.a(Dispenser.o)
                0x0001907c                Dispenser_GetChar
 .text.Dispenser_GetByte
                0x00019134       0x44 .\CortexM3\ARM_GCC_493\Debug\CorEx-Mux-Kernel.a(Dispenser.o)
                0x00019134                Dispenser_GetByte
 .text.Dispenser_GetRxBufferSize
                0x00019178       0x94 .\CortexM3\ARM_GCC_493\Debug\CorEx-Mux-Kernel.a(Dispenser.o)
                0x00019178                Dispenser_GetRxBufferSize
 .text.Dispenser_ClearRxBuffer
                0x0001920c       0x7c .\CortexM3\ARM_GCC_493\Debug\CorEx-Mux-Kernel.a(Dispenser.o)
                0x0001920c                Dispenser_ClearRxBuffer
 .text.Dispenser_WriteTxData
                0x00019288       0x2c .\CortexM3\ARM_GCC_493\Debug\CorEx-Mux-Kernel.a(Dispenser.o)
                0x00019288                Dispenser_WriteTxData
 .text.Dispenser_ReadTxStatus
                0x000192b4       0x18 .\CortexM3\ARM_GCC_493\Debug\CorEx-Mux-Kernel.a(Dispenser.o)
                0x000192b4                Dispenser_ReadTxStatus
 .text.Dispenser_PutChar
                0x000192cc       0x34 .\CortexM3\ARM_GCC_493\Debug\CorEx-Mux-Kernel.a(Dispenser.o)
                0x000192cc                Dispenser_PutChar
 .text.Dispenser_PutString
                0x00019300       0x40 .\CortexM3\ARM_GCC_493\Debug\CorEx-Mux-Kernel.a(Dispenser.o)
                0x00019300                Dispenser_PutString
 .text.Dispenser_PutArray
                0x00019340       0x40 .\CortexM3\ARM_GCC_493\Debug\CorEx-Mux-Kernel.a(Dispenser.o)
                0x00019340                Dispenser_PutArray
 .text.Dispenser_PutCRLF
                0x00019380       0x30 .\CortexM3\ARM_GCC_493\Debug\CorEx-Mux-Kernel.a(Dispenser.o)
                0x00019380                Dispenser_PutCRLF
 .text.Dispenser_ClearTxBuffer
                0x000193b0       0x40 .\CortexM3\ARM_GCC_493\Debug\CorEx-Mux-Kernel.a(Dispenser.o)
                0x000193b0                Dispenser_ClearTxBuffer
 .text.Dispenser_RXISR
                0x000193f0       0xec .\CortexM3\ARM_GCC_493\Debug\CorEx-Mux-Kernel.a(Dispenser_INT.o)
                0x000193f0                Dispenser_RXISR
 .text.Display1_Start
                0x000194dc       0x20 .\CortexM3\ARM_GCC_493\Debug\CorEx-Mux-Kernel.a(Display1.o)
                0x000194dc                Display1_Start
 .text.Display1_Init
                0x000194fc       0x58 .\CortexM3\ARM_GCC_493\Debug\CorEx-Mux-Kernel.a(Display1.o)
                0x000194fc                Display1_Init
 .text.Display1_Enable
                0x00019554       0x68 .\CortexM3\ARM_GCC_493\Debug\CorEx-Mux-Kernel.a(Display1.o)
                0x00019554                Display1_Enable
 .text.Display1_Stop
                0x000195bc       0x68 .\CortexM3\ARM_GCC_493\Debug\CorEx-Mux-Kernel.a(Display1.o)
                0x000195bc                Display1_Stop
 .text.Display1_ReadControlRegister
                0x00019624       0x10 .\CortexM3\ARM_GCC_493\Debug\CorEx-Mux-Kernel.a(Display1.o)
                0x00019624                Display1_ReadControlRegister
 .text.Display1_WriteControlRegister
                0x00019634       0x14 .\CortexM3\ARM_GCC_493\Debug\CorEx-Mux-Kernel.a(Display1.o)
                0x00019634                Display1_WriteControlRegister
 .text.Display1_ReadRxData
                0x00019648       0x94 .\CortexM3\ARM_GCC_493\Debug\CorEx-Mux-Kernel.a(Display1.o)
                0x00019648                Display1_ReadRxData
 .text.Display1_ReadRxStatus
                0x000196dc       0x40 .\CortexM3\ARM_GCC_493\Debug\CorEx-Mux-Kernel.a(Display1.o)
                0x000196dc                Display1_ReadRxStatus
 .text.Display1_GetChar
                0x0001971c       0xb8 .\CortexM3\ARM_GCC_493\Debug\CorEx-Mux-Kernel.a(Display1.o)
                0x0001971c                Display1_GetChar
 .text.Display1_GetByte
                0x000197d4       0x44 .\CortexM3\ARM_GCC_493\Debug\CorEx-Mux-Kernel.a(Display1.o)
                0x000197d4                Display1_GetByte
 .text.Display1_GetRxBufferSize
                0x00019818       0x90 .\CortexM3\ARM_GCC_493\Debug\CorEx-Mux-Kernel.a(Display1.o)
                0x00019818                Display1_GetRxBufferSize
 .text.Display1_ClearRxBuffer
                0x000198a8       0x7c .\CortexM3\ARM_GCC_493\Debug\CorEx-Mux-Kernel.a(Display1.o)
                0x000198a8                Display1_ClearRxBuffer
 .text.Display1_WriteTxData
                0x00019924       0x2c .\CortexM3\ARM_GCC_493\Debug\CorEx-Mux-Kernel.a(Display1.o)
                0x00019924                Display1_WriteTxData
 .text.Display1_ReadTxStatus
                0x00019950       0x18 .\CortexM3\ARM_GCC_493\Debug\CorEx-Mux-Kernel.a(Display1.o)
                0x00019950                Display1_ReadTxStatus
 .text.Display1_PutChar
                0x00019968       0x34 .\CortexM3\ARM_GCC_493\Debug\CorEx-Mux-Kernel.a(Display1.o)
                0x00019968                Display1_PutChar
 .text.Display1_PutString
                0x0001999c       0x40 .\CortexM3\ARM_GCC_493\Debug\CorEx-Mux-Kernel.a(Display1.o)
                0x0001999c                Display1_PutString
 .text.Display1_PutArray
                0x000199dc       0x40 .\CortexM3\ARM_GCC_493\Debug\CorEx-Mux-Kernel.a(Display1.o)
                0x000199dc                Display1_PutArray
 .text.Display1_PutCRLF
                0x00019a1c       0x30 .\CortexM3\ARM_GCC_493\Debug\CorEx-Mux-Kernel.a(Display1.o)
                0x00019a1c                Display1_PutCRLF
 .text.Display1_ClearTxBuffer
                0x00019a4c       0x40 .\CortexM3\ARM_GCC_493\Debug\CorEx-Mux-Kernel.a(Display1.o)
                0x00019a4c                Display1_ClearTxBuffer
 .text.Display1_RXISR
                0x00019a8c       0xf0 .\CortexM3\ARM_GCC_493\Debug\CorEx-Mux-Kernel.a(Display1_INT.o)
                0x00019a8c                Display1_RXISR
 .text.Display2_Start
                0x00019b7c       0x20 .\CortexM3\ARM_GCC_493\Debug\CorEx-Mux-Kernel.a(Display2.o)
                0x00019b7c                Display2_Start
 .text.Display2_Init
                0x00019b9c       0x58 .\CortexM3\ARM_GCC_493\Debug\CorEx-Mux-Kernel.a(Display2.o)
                0x00019b9c                Display2_Init
 .text.Display2_Enable
                0x00019bf4       0x68 .\CortexM3\ARM_GCC_493\Debug\CorEx-Mux-Kernel.a(Display2.o)
                0x00019bf4                Display2_Enable
 .text.Display2_Stop
                0x00019c5c       0x68 .\CortexM3\ARM_GCC_493\Debug\CorEx-Mux-Kernel.a(Display2.o)
                0x00019c5c                Display2_Stop
 .text.Display2_ReadControlRegister
                0x00019cc4       0x10 .\CortexM3\ARM_GCC_493\Debug\CorEx-Mux-Kernel.a(Display2.o)
                0x00019cc4                Display2_ReadControlRegister
 .text.Display2_WriteControlRegister
                0x00019cd4       0x14 .\CortexM3\ARM_GCC_493\Debug\CorEx-Mux-Kernel.a(Display2.o)
                0x00019cd4                Display2_WriteControlRegister
 .text.Display2_ReadRxData
                0x00019ce8       0x94 .\CortexM3\ARM_GCC_493\Debug\CorEx-Mux-Kernel.a(Display2.o)
                0x00019ce8                Display2_ReadRxData
 .text.Display2_ReadRxStatus
                0x00019d7c       0x40 .\CortexM3\ARM_GCC_493\Debug\CorEx-Mux-Kernel.a(Display2.o)
                0x00019d7c                Display2_ReadRxStatus
 .text.Display2_GetChar
                0x00019dbc       0xb8 .\CortexM3\ARM_GCC_493\Debug\CorEx-Mux-Kernel.a(Display2.o)
                0x00019dbc                Display2_GetChar
 .text.Display2_GetByte
                0x00019e74       0x44 .\CortexM3\ARM_GCC_493\Debug\CorEx-Mux-Kernel.a(Display2.o)
                0x00019e74                Display2_GetByte
 .text.Display2_GetRxBufferSize
                0x00019eb8       0x90 .\CortexM3\ARM_GCC_493\Debug\CorEx-Mux-Kernel.a(Display2.o)
                0x00019eb8                Display2_GetRxBufferSize
 .text.Display2_ClearRxBuffer
                0x00019f48       0x7c .\CortexM3\ARM_GCC_493\Debug\CorEx-Mux-Kernel.a(Display2.o)
                0x00019f48                Display2_ClearRxBuffer
 .text.Display2_WriteTxData
                0x00019fc4       0x2c .\CortexM3\ARM_GCC_493\Debug\CorEx-Mux-Kernel.a(Display2.o)
                0x00019fc4                Display2_WriteTxData
 .text.Display2_ReadTxStatus
                0x00019ff0       0x18 .\CortexM3\ARM_GCC_493\Debug\CorEx-Mux-Kernel.a(Display2.o)
                0x00019ff0                Display2_ReadTxStatus
 .text.Display2_PutChar
                0x0001a008       0x34 .\CortexM3\ARM_GCC_493\Debug\CorEx-Mux-Kernel.a(Display2.o)
                0x0001a008                Display2_PutChar
 .text.Display2_PutString
                0x0001a03c       0x40 .\CortexM3\ARM_GCC_493\Debug\CorEx-Mux-Kernel.a(Display2.o)
                0x0001a03c                Display2_PutString
 .text.Display2_PutArray
                0x0001a07c       0x40 .\CortexM3\ARM_GCC_493\Debug\CorEx-Mux-Kernel.a(Display2.o)
                0x0001a07c                Display2_PutArray
 .text.Display2_PutCRLF
                0x0001a0bc       0x30 .\CortexM3\ARM_GCC_493\Debug\CorEx-Mux-Kernel.a(Display2.o)
                0x0001a0bc                Display2_PutCRLF
 .text.Display2_ClearTxBuffer
                0x0001a0ec       0x40 .\CortexM3\ARM_GCC_493\Debug\CorEx-Mux-Kernel.a(Display2.o)
                0x0001a0ec                Display2_ClearTxBuffer
 .text.Display2_RXISR
                0x0001a12c       0xf0 .\CortexM3\ARM_GCC_493\Debug\CorEx-Mux-Kernel.a(Display2_INT.o)
                0x0001a12c                Display2_RXISR
 .text.Counter_ISR_StartEx
                0x0001a21c       0x24 .\CortexM3\ARM_GCC_493\Debug\CorEx-Mux-Kernel.a(Counter_ISR.o)
                0x0001a21c                Counter_ISR_StartEx
 .text.Counter_ISR_SetVector
                0x0001a240       0x24 .\CortexM3\ARM_GCC_493\Debug\CorEx-Mux-Kernel.a(Counter_ISR.o)
                0x0001a240                Counter_ISR_SetVector
 .text.Counter_ISR_SetPriority
                0x0001a264       0x24 .\CortexM3\ARM_GCC_493\Debug\CorEx-Mux-Kernel.a(Counter_ISR.o)
                0x0001a264                Counter_ISR_SetPriority
 .text.Counter_ISR_Enable
                0x0001a288       0x18 .\CortexM3\ARM_GCC_493\Debug\CorEx-Mux-Kernel.a(Counter_ISR.o)
                0x0001a288                Counter_ISR_Enable
 .text.Counter_ISR_Disable
                0x0001a2a0       0x18 .\CortexM3\ARM_GCC_493\Debug\CorEx-Mux-Kernel.a(Counter_ISR.o)
                0x0001a2a0                Counter_ISR_Disable
 .text.Display1_IntClock_Start
                0x0001a2b8       0x34 .\CortexM3\ARM_GCC_493\Debug\CorEx-Mux-Kernel.a(Display1_IntClock.o)
                0x0001a2b8                Display1_IntClock_Start
 .text.Display1_IntClock_Stop
                0x0001a2ec       0x34 .\CortexM3\ARM_GCC_493\Debug\CorEx-Mux-Kernel.a(Display1_IntClock.o)
                0x0001a2ec                Display1_IntClock_Stop
 .text.Display2_IntClock_Start
                0x0001a320       0x34 .\CortexM3\ARM_GCC_493\Debug\CorEx-Mux-Kernel.a(Display2_IntClock.o)
                0x0001a320                Display2_IntClock_Start
 .text.Display2_IntClock_Stop
                0x0001a354       0x34 .\CortexM3\ARM_GCC_493\Debug\CorEx-Mux-Kernel.a(Display2_IntClock.o)
                0x0001a354                Display2_IntClock_Stop
 .text.I2C_Bus_Init
                0x0001a388       0x80 .\CortexM3\ARM_GCC_493\Debug\CorEx-Mux-Kernel.a(I2C_Bus.o)
                0x0001a388                I2C_Bus_Init
 .text.I2C_Bus_Enable
                0x0001a408       0x44 .\CortexM3\ARM_GCC_493\Debug\CorEx-Mux-Kernel.a(I2C_Bus.o)
                0x0001a408                I2C_Bus_Enable
 .text.I2C_Bus_Start
                0x0001a44c       0x2c .\CortexM3\ARM_GCC_493\Debug\CorEx-Mux-Kernel.a(I2C_Bus.o)
                0x0001a44c                I2C_Bus_Start
 .text.I2C_Bus_ISR
                0x0001a478      0x3ac .\CortexM3\ARM_GCC_493\Debug\CorEx-Mux-Kernel.a(I2C_Bus_INT.o)
                0x0001a478                I2C_Bus_ISR
 .text.I2C_Bus_MasterSendStart
                0x0001a824       0xbc .\CortexM3\ARM_GCC_493\Debug\CorEx-Mux-Kernel.a(I2C_Bus_MASTER.o)
                0x0001a824                I2C_Bus_MasterSendStart
 .text.I2C_Bus_MasterSendRestart
                0x0001a8e0       0xa4 .\CortexM3\ARM_GCC_493\Debug\CorEx-Mux-Kernel.a(I2C_Bus_MASTER.o)
                0x0001a8e0                I2C_Bus_MasterSendRestart
 .text.I2C_Bus_MasterSendStop
                0x0001a984       0x58 .\CortexM3\ARM_GCC_493\Debug\CorEx-Mux-Kernel.a(I2C_Bus_MASTER.o)
                0x0001a984                I2C_Bus_MasterSendStop
 .text.I2C_Bus_MasterWriteByte
                0x0001a9dc       0x80 .\CortexM3\ARM_GCC_493\Debug\CorEx-Mux-Kernel.a(I2C_Bus_MASTER.o)
                0x0001a9dc                I2C_Bus_MasterWriteByte
 .text.I2C_Bus_MasterReadByte
                0x0001aa5c       0x7c .\CortexM3\ARM_GCC_493\Debug\CorEx-Mux-Kernel.a(I2C_Bus_MASTER.o)
                0x0001aa5c                I2C_Bus_MasterReadByte
 .text.I2C_Bus_MasterClearStatus
                0x0001aad8       0x3c .\CortexM3\ARM_GCC_493\Debug\CorEx-Mux-Kernel.a(I2C_Bus_MASTER.o)
                0x0001aad8                I2C_Bus_MasterClearStatus
 .text.iButton1_Write
                0x0001ab14       0x3c .\CortexM3\ARM_GCC_493\Debug\CorEx-Mux-Kernel.a(iButton1.o)
                0x0001ab14                iButton1_Write
 .text.iButton1_Read
                0x0001ab50       0x20 .\CortexM3\ARM_GCC_493\Debug\CorEx-Mux-Kernel.a(iButton1.o)
                0x0001ab50                iButton1_Read
 .text.iButton2_Write
                0x0001ab70       0x34 .\CortexM3\ARM_GCC_493\Debug\CorEx-Mux-Kernel.a(iButton2.o)
                0x0001ab70                iButton2_Write
 .text.iButton2_Read
                0x0001aba4       0x1c .\CortexM3\ARM_GCC_493\Debug\CorEx-Mux-Kernel.a(iButton2.o)
                0x0001aba4                iButton2_Read
 .text.eepromWP_Write
                0x0001abc0       0x3c .\CortexM3\ARM_GCC_493\Debug\CorEx-Mux-Kernel.a(eepromWP.o)
                0x0001abc0                eepromWP_Write
 .text.Timer_DispenserState_Init
                0x0001abfc       0x4c .\CortexM3\ARM_GCC_493\Debug\CorEx-Mux-Kernel.a(Timer_DispenserState.o)
                0x0001abfc                Timer_DispenserState_Init
 .text.Timer_DispenserState_Enable
                0x0001ac48       0x20 .\CortexM3\ARM_GCC_493\Debug\CorEx-Mux-Kernel.a(Timer_DispenserState.o)
                0x0001ac48                Timer_DispenserState_Enable
 .text.Timer_DispenserState_Start
                0x0001ac68       0x20 .\CortexM3\ARM_GCC_493\Debug\CorEx-Mux-Kernel.a(Timer_DispenserState.o)
                0x0001ac68                Timer_DispenserState_Start
 .text.Timer_DispenserState_SetInterruptMode
                0x0001ac88       0x20 .\CortexM3\ARM_GCC_493\Debug\CorEx-Mux-Kernel.a(Timer_DispenserState.o)
                0x0001ac88                Timer_DispenserState_SetInterruptMode
 .text.Timer_DispenserState_ReadStatusRegister
                0x0001aca8       0x18 .\CortexM3\ARM_GCC_493\Debug\CorEx-Mux-Kernel.a(Timer_DispenserState.o)
                0x0001aca8                Timer_DispenserState_ReadStatusRegister
 .text.Timer_DispenserState_WritePeriod
                0x0001acc0       0x20 .\CortexM3\ARM_GCC_493\Debug\CorEx-Mux-Kernel.a(Timer_DispenserState.o)
                0x0001acc0                Timer_DispenserState_WritePeriod
 .text.Timer_DispenserState_ReadCapture
                0x0001ace0       0x18 .\CortexM3\ARM_GCC_493\Debug\CorEx-Mux-Kernel.a(Timer_DispenserState.o)
                0x0001ace0                Timer_DispenserState_ReadCapture
 .text.Timer_DispenserState_WriteCounter
                0x0001acf8       0x20 .\CortexM3\ARM_GCC_493\Debug\CorEx-Mux-Kernel.a(Timer_DispenserState.o)
                0x0001acf8                Timer_DispenserState_WriteCounter
 .text.Timer_DispenserState_ReadCounter
                0x0001ad18       0x20 .\CortexM3\ARM_GCC_493\Debug\CorEx-Mux-Kernel.a(Timer_DispenserState.o)
                0x0001ad18                Timer_DispenserState_ReadCounter
 .text.Timer_DispenserState_ClearFIFO
                0x0001ad38       0x1c .\CortexM3\ARM_GCC_493\Debug\CorEx-Mux-Kernel.a(Timer_DispenserState.o)
                0x0001ad38                Timer_DispenserState_ClearFIFO
 .text.DispenserStateTimeout_ISR_StartEx
                0x0001ad54       0x24 .\CortexM3\ARM_GCC_493\Debug\CorEx-Mux-Kernel.a(DispenserStateTimeout_ISR.o)
                0x0001ad54                DispenserStateTimeout_ISR_StartEx
 .text.DispenserStateTimeout_ISR_SetVector
                0x0001ad78       0x24 .\CortexM3\ARM_GCC_493\Debug\CorEx-Mux-Kernel.a(DispenserStateTimeout_ISR.o)
                0x0001ad78                DispenserStateTimeout_ISR_SetVector
 .text.DispenserStateTimeout_ISR_SetPriority
                0x0001ad9c       0x24 .\CortexM3\ARM_GCC_493\Debug\CorEx-Mux-Kernel.a(DispenserStateTimeout_ISR.o)
                0x0001ad9c                DispenserStateTimeout_ISR_SetPriority
 .text.DispenserStateTimeout_ISR_Enable
                0x0001adc0       0x18 .\CortexM3\ARM_GCC_493\Debug\CorEx-Mux-Kernel.a(DispenserStateTimeout_ISR.o)
                0x0001adc0                DispenserStateTimeout_ISR_Enable
 .text.DispenserStateTimeout_ISR_Disable
                0x0001add8       0x18 .\CortexM3\ARM_GCC_493\Debug\CorEx-Mux-Kernel.a(DispenserStateTimeout_ISR.o)
                0x0001add8                DispenserStateTimeout_ISR_Disable
 .text.Timer_Tick_Init
                0x0001adf0       0x9c .\CortexM3\ARM_GCC_493\Debug\CorEx-Mux-Kernel.a(Timer_Tick.o)
                0x0001adf0                Timer_Tick_Init
 .text.Timer_Tick_Enable
                0x0001ae8c       0x48 .\CortexM3\ARM_GCC_493\Debug\CorEx-Mux-Kernel.a(Timer_Tick.o)
                0x0001ae8c                Timer_Tick_Enable
 .text.Timer_Tick_Start
                0x0001aed4       0x20 .\CortexM3\ARM_GCC_493\Debug\CorEx-Mux-Kernel.a(Timer_Tick.o)
                0x0001aed4                Timer_Tick_Start
 .text.Timer_Tick_SetInterruptMode
                0x0001aef4       0x20 .\CortexM3\ARM_GCC_493\Debug\CorEx-Mux-Kernel.a(Timer_Tick.o)
                0x0001aef4                Timer_Tick_SetInterruptMode
 .text.Timer_Tick_ReadStatusRegister
                0x0001af14       0x18 .\CortexM3\ARM_GCC_493\Debug\CorEx-Mux-Kernel.a(Timer_Tick.o)
                0x0001af14                Timer_Tick_ReadStatusRegister
 .text.Timer_Tick_WritePeriod
                0x0001af2c       0x24 .\CortexM3\ARM_GCC_493\Debug\CorEx-Mux-Kernel.a(Timer_Tick.o)
                0x0001af2c                Timer_Tick_WritePeriod
 .text.Timer_Tick_WriteCounter
                0x0001af50       0x20 .\CortexM3\ARM_GCC_493\Debug\CorEx-Mux-Kernel.a(Timer_Tick.o)
                0x0001af50                Timer_Tick_WriteCounter
 .text.Timer_Tick_ReadCounter
                0x0001af70       0x20 .\CortexM3\ARM_GCC_493\Debug\CorEx-Mux-Kernel.a(Timer_Tick.o)
                0x0001af70                Timer_Tick_ReadCounter
 .text.pow10    0x0001af90       0x10 c:/program files (x86)/cypress/psoc creator/3.3/psoc creator/import/gnu/arm/4.9.3/bin/../lib/gcc/arm-none-eabi/4.9.3/../../../../arm-none-eabi/lib/armv7-m\libm.a(lib_a-s_pow10.o)
                0x0001af90                pow10
 .text.round    0x0001afa0       0xa0 c:/program files (x86)/cypress/psoc creator/3.3/psoc creator/import/gnu/arm/4.9.3/bin/../lib/gcc/arm-none-eabi/4.9.3/../../../../arm-none-eabi/lib/armv7-m\libm.a(lib_a-s_round.o)
                0x0001afa0                round
 .text.pow      0x0001b040      0x2f0 c:/program files (x86)/cypress/psoc creator/3.3/psoc creator/import/gnu/arm/4.9.3/bin/../lib/gcc/arm-none-eabi/4.9.3/../../../../arm-none-eabi/lib/armv7-m\libm.a(lib_a-w_pow.o)
                0x0001b040                pow
 .text.__ieee754_pow
                0x0001b330      0xaa0 c:/program files (x86)/cypress/psoc creator/3.3/psoc creator/import/gnu/arm/4.9.3/bin/../lib/gcc/arm-none-eabi/4.9.3/../../../../arm-none-eabi/lib/armv7-m\libm.a(lib_a-e_pow.o)
                0x0001b330                __ieee754_pow
 .text.__ieee754_sqrt
                0x0001bdd0      0x18c c:/program files (x86)/cypress/psoc creator/3.3/psoc creator/import/gnu/arm/4.9.3/bin/../lib/gcc/arm-none-eabi/4.9.3/../../../../arm-none-eabi/lib/armv7-m\libm.a(lib_a-e_sqrt.o)
                0x0001bdd0                __ieee754_sqrt
 .text.fabs     0x0001bf5c        0x8 c:/program files (x86)/cypress/psoc creator/3.3/psoc creator/import/gnu/arm/4.9.3/bin/../lib/gcc/arm-none-eabi/4.9.3/../../../../arm-none-eabi/lib/armv7-m\libm.a(lib_a-s_fabs.o)
                0x0001bf5c                fabs
 .text.finite   0x0001bf64        0xc c:/program files (x86)/cypress/psoc creator/3.3/psoc creator/import/gnu/arm/4.9.3/bin/../lib/gcc/arm-none-eabi/4.9.3/../../../../arm-none-eabi/lib/armv7-m\libm.a(lib_a-s_finite.o)
                0x0001bf64                finite
 .text.__fpclassifyd
                0x0001bf70       0x58 c:/program files (x86)/cypress/psoc creator/3.3/psoc creator/import/gnu/arm/4.9.3/bin/../lib/gcc/arm-none-eabi/4.9.3/../../../../arm-none-eabi/lib/armv7-m\libm.a(lib_a-s_fpclassify.o)
                0x0001bf70                __fpclassifyd
 .text.matherr  0x0001bfc8        0x4 c:/program files (x86)/cypress/psoc creator/3.3/psoc creator/import/gnu/arm/4.9.3/bin/../lib/gcc/arm-none-eabi/4.9.3/../../../../arm-none-eabi/lib/armv7-m\libm.a(lib_a-s_matherr.o)
                0x0001bfc8                matherr
 .text.nan      0x0001bfcc        0xc c:/program files (x86)/cypress/psoc creator/3.3/psoc creator/import/gnu/arm/4.9.3/bin/../lib/gcc/arm-none-eabi/4.9.3/../../../../arm-none-eabi/lib/armv7-m\libm.a(lib_a-s_nan.o)
                0x0001bfcc                nan
 .text.rint     0x0001bfd8      0x11c c:/program files (x86)/cypress/psoc creator/3.3/psoc creator/import/gnu/arm/4.9.3/bin/../lib/gcc/arm-none-eabi/4.9.3/../../../../arm-none-eabi/lib/armv7-m\libm.a(lib_a-s_rint.o)
                0x0001bfd8                rint
 *fill*         0x0001c0f4        0x4 
 .text.scalbn   0x0001c0f8       0xf0 c:/program files (x86)/cypress/psoc creator/3.3/psoc creator/import/gnu/arm/4.9.3/bin/../lib/gcc/arm-none-eabi/4.9.3/../../../../arm-none-eabi/lib/armv7-m\libm.a(lib_a-s_scalbn.o)
                0x0001c0f8                scalbn
 .text.copysign
                0x0001c1e8       0x10 c:/program files (x86)/cypress/psoc creator/3.3/psoc creator/import/gnu/arm/4.9.3/bin/../lib/gcc/arm-none-eabi/4.9.3/../../../../arm-none-eabi/lib/armv7-m\libm.a(lib_a-s_copysign.o)
                0x0001c1e8                copysign
 .text          0x0001c1f8      0x370 c:/program files (x86)/cypress/psoc creator/3.3/psoc creator/import/gnu/arm/4.9.3/bin/../lib/gcc/arm-none-eabi/4.9.3/armv7-m\libgcc.a(_arm_addsubdf3.o)
                0x0001c1f8                __aeabi_drsub
                0x0001c200                __aeabi_dsub
                0x0001c200                __subdf3
                0x0001c204                __aeabi_dadd
                0x0001c204                __adddf3
                0x0001c47c                __floatunsidf
                0x0001c47c                __aeabi_ui2d
                0x0001c49c                __floatsidf
                0x0001c49c                __aeabi_i2d
                0x0001c4c0                __aeabi_f2d
                0x0001c4c0                __extendsfdf2
                0x0001c4fc                __floatundidf
                0x0001c4fc                __aeabi_ul2d
                0x0001c50c                __floatdidf
                0x0001c50c                __aeabi_l2d
 .text          0x0001c568      0x424 c:/program files (x86)/cypress/psoc creator/3.3/psoc creator/import/gnu/arm/4.9.3/bin/../lib/gcc/arm-none-eabi/4.9.3/armv7-m\libgcc.a(_arm_muldivdf3.o)
                0x0001c568                __aeabi_dmul
                0x0001c568                __muldf3
                0x0001c7bc                __divdf3
                0x0001c7bc                __aeabi_ddiv
 .text          0x0001c98c      0x110 c:/program files (x86)/cypress/psoc creator/3.3/psoc creator/import/gnu/arm/4.9.3/bin/../lib/gcc/arm-none-eabi/4.9.3/armv7-m\libgcc.a(_arm_cmpdf2.o)
                0x0001c98c                __gtdf2
                0x0001c98c                __gedf2
                0x0001c994                __ltdf2
                0x0001c994                __ledf2
                0x0001c99c                __nedf2
                0x0001c99c                __eqdf2
                0x0001c99c                __cmpdf2
                0x0001ca18                __aeabi_cdrcmple
                0x0001ca28                __aeabi_cdcmpeq
                0x0001ca28                __aeabi_cdcmple
                0x0001ca38                __aeabi_dcmpeq
                0x0001ca4c                __aeabi_dcmplt
                0x0001ca60                __aeabi_dcmple
                0x0001ca74                __aeabi_dcmpge
                0x0001ca88                __aeabi_dcmpgt
 .text          0x0001ca9c       0x40 c:/program files (x86)/cypress/psoc creator/3.3/psoc creator/import/gnu/arm/4.9.3/bin/../lib/gcc/arm-none-eabi/4.9.3/armv7-m\libgcc.a(_arm_fixunsdfsi.o)
                0x0001ca9c                __aeabi_d2uiz
                0x0001ca9c                __fixunsdfsi
 .text          0x0001cadc       0x30 c:/program files (x86)/cypress/psoc creator/3.3/psoc creator/import/gnu/arm/4.9.3/bin/../lib/gcc/arm-none-eabi/4.9.3/armv7-m\libgcc.a(_aeabi_uldivmod.o)
                0x0001cadc                __aeabi_uldivmod
 .text          0x0001cb0c       0x60 c:/program files (x86)/cypress/psoc creator/3.3/psoc creator/import/gnu/arm/4.9.3/bin/../lib/gcc/arm-none-eabi/4.9.3/armv7-m\libgcc.a(bpabi.o)
                0x0001cb0c                __gnu_ldivmod_helper
                0x0001cb3c                __gnu_uldivmod_helper
 .text          0x0001cb6c        0x4 c:/program files (x86)/cypress/psoc creator/3.3/psoc creator/import/gnu/arm/4.9.3/bin/../lib/gcc/arm-none-eabi/4.9.3/armv7-m\libgcc.a(_dvmd_tls.o)
                0x0001cb6c                __aeabi_idiv0
                0x0001cb6c                __aeabi_ldiv0
 .text          0x0001cb70      0x2ac c:/program files (x86)/cypress/psoc creator/3.3/psoc creator/import/gnu/arm/4.9.3/bin/../lib/gcc/arm-none-eabi/4.9.3/armv7-m\libgcc.a(_divdi3.o)
                0x0001cb70                __divdi3
 .text          0x0001ce1c      0x270 c:/program files (x86)/cypress/psoc creator/3.3/psoc creator/import/gnu/arm/4.9.3/bin/../lib/gcc/arm-none-eabi/4.9.3/armv7-m\libgcc.a(_udivdi3.o)
                0x0001ce1c                __udivdi3
 .text.__errno  0x0001d08c        0xc c:/program files (x86)/cypress/psoc creator/3.3/psoc creator/import/gnu/arm/4.9.3/bin/../lib/gcc/arm-none-eabi/4.9.3/../../../../arm-none-eabi/lib/armv7-m\libg_nano.a(lib_a-errno.o)
                0x0001d08c                __errno
 .text.__libc_init_array
                0x0001d098       0x4c c:/program files (x86)/cypress/psoc creator/3.3/psoc creator/import/gnu/arm/4.9.3/bin/../lib/gcc/arm-none-eabi/4.9.3/../../../../arm-none-eabi/lib/armv7-m\libg_nano.a(lib_a-init.o)
                0x0001d098                __libc_init_array
 .text.memcpy   0x0001d0e4       0x16 c:/program files (x86)/cypress/psoc creator/3.3/psoc creator/import/gnu/arm/4.9.3/bin/../lib/gcc/arm-none-eabi/4.9.3/../../../../arm-none-eabi/lib/armv7-m\libg_nano.a(lib_a-memcpy.o)
                0x0001d0e4                memcpy
 .text.memset   0x0001d0fa       0x10 c:/program files (x86)/cypress/psoc creator/3.3/psoc creator/import/gnu/arm/4.9.3/bin/../lib/gcc/arm-none-eabi/4.9.3/../../../../arm-none-eabi/lib/armv7-m\libg_nano.a(lib_a-memset.o)
                0x0001d0fa                memset
 *fill*         0x0001d10a        0x2 
 .text.rand     0x0001d10c       0x74 c:/program files (x86)/cypress/psoc creator/3.3/psoc creator/import/gnu/arm/4.9.3/bin/../lib/gcc/arm-none-eabi/4.9.3/../../../../arm-none-eabi/lib/armv7-m\libg_nano.a(lib_a-rand.o)
                0x0001d10c                rand
 .text.sprintf  0x0001d180       0x48 c:/program files (x86)/cypress/psoc creator/3.3/psoc creator/import/gnu/arm/4.9.3/bin/../lib/gcc/arm-none-eabi/4.9.3/../../../../arm-none-eabi/lib/armv7-m\libg_nano.a(lib_a-sprintf.o)
                0x0001d180                siprintf
                0x0001d180                sprintf
 .text.strchr   0x0001d1c8       0x1c c:/program files (x86)/cypress/psoc creator/3.3/psoc creator/import/gnu/arm/4.9.3/bin/../lib/gcc/arm-none-eabi/4.9.3/../../../../arm-none-eabi/lib/armv7-m\libg_nano.a(lib_a-strchr.o)
                0x0001d1c8                strchr