Archive member included because of file (symbol)

.\CortexM3\ARM_GCC_493\Debug\CorEx-Mux-Kernel.a(cyfitter_cfg.o)
                              .\CortexM3\ARM_GCC_493\Debug\Cm3Start.o (cyfitter_cfg)
.\CortexM3\ARM_GCC_493\Debug\CorEx-Mux-Kernel.a(RF_Physical.o)
                              .\CortexM3\ARM_GCC_493\Debug\UARTManager.o (RF_Physical_Start)
.\CortexM3\ARM_GCC_493\Debug\CorEx-Mux-Kernel.a(RF_Physical_INT.o)
                              .\CortexM3\ARM_GCC_493\Debug\CorEx-Mux-Kernel.a(RF_Physical.o) (RF_Physical_RXISR)
.\CortexM3\ARM_GCC_493\Debug\CorEx-Mux-Kernel.a(RF_Physical_IntClock.o)
                              .\CortexM3\ARM_GCC_493\Debug\CorEx-Mux-Kernel.a(RF_Physical.o) (RF_Physical_IntClock_Start)
.\CortexM3\ARM_GCC_493\Debug\CorEx-Mux-Kernel.a(CyBootAsmGnu.o)
                              .\CortexM3\ARM_GCC_493\Debug\CorEx-Mux-Kernel.a(cyfitter_cfg.o) (CyDelayCycles)
.\CortexM3\ARM_GCC_493\Debug\CorEx-Mux-Kernel.a(CyLib.o)
                              .\CortexM3\ARM_GCC_493\Debug\Cm3Start.o (CyResetStatus)
.\CortexM3\ARM_GCC_493\Debug\CorEx-Mux-Kernel.a(cyPm.o)
                              .\CortexM3\ARM_GCC_493\Debug\CorEx-Mux-Kernel.a(CyLib.o) (CyPmReadStatus)
.\CortexM3\ARM_GCC_493\Debug\CorEx-Mux-Kernel.a(CRC_Security.o)
                              .\CortexM3\ARM_GCC_493\Debug\Security.o (CRC_Security_Start)
.\CortexM3\ARM_GCC_493\Debug\CorEx-Mux-Kernel.a(ShiftReg_Security.o)
                              .\CortexM3\ARM_GCC_493\Debug\Security.o (ShiftReg_Security_Start)
.\CortexM3\ARM_GCC_493\Debug\CorEx-Mux-Kernel.a(Clock_CRC.o)
                              .\CortexM3\ARM_GCC_493\Debug\Security.o (Clock_CRC_Write)
.\CortexM3\ARM_GCC_493\Debug\CorEx-Mux-Kernel.a(Reset_CRC.o)
                              .\CortexM3\ARM_GCC_493\Debug\Security.o (Reset_CRC_Write)
.\CortexM3\ARM_GCC_493\Debug\CorEx-Mux-Kernel.a(Printer.o)
                              .\CortexM3\ARM_GCC_493\Debug\UARTManager.o (Printer_Start)
.\CortexM3\ARM_GCC_493\Debug\CorEx-Mux-Kernel.a(Dispenser.o)
                              .\CortexM3\ARM_GCC_493\Debug\UARTManager.o (Dispenser_Start)
.\CortexM3\ARM_GCC_493\Debug\CorEx-Mux-Kernel.a(Dispenser_INT.o)
                              .\CortexM3\ARM_GCC_493\Debug\CorEx-Mux-Kernel.a(Dispenser.o) (Dispenser_RXISR)
.\CortexM3\ARM_GCC_493\Debug\CorEx-Mux-Kernel.a(Display1.o)
                              .\CortexM3\ARM_GCC_493\Debug\UARTManager.o (Display1_Start)
.\CortexM3\ARM_GCC_493\Debug\CorEx-Mux-Kernel.a(Display1_INT.o)
                              .\CortexM3\ARM_GCC_493\Debug\CorEx-Mux-Kernel.a(Display1.o) (Display1_RXISR)
.\CortexM3\ARM_GCC_493\Debug\CorEx-Mux-Kernel.a(Display2.o)
                              .\CortexM3\ARM_GCC_493\Debug\UARTManager.o (Display2_Start)
.\CortexM3\ARM_GCC_493\Debug\CorEx-Mux-Kernel.a(Display2_INT.o)
                              .\CortexM3\ARM_GCC_493\Debug\CorEx-Mux-Kernel.a(Display2.o) (Display2_RXISR)
.\CortexM3\ARM_GCC_493\Debug\CorEx-Mux-Kernel.a(Counter_ISR.o)
                              .\CortexM3\ARM_GCC_493\Debug\Timers.o (Counter_ISR_StartEx)
.\CortexM3\ARM_GCC_493\Debug\CorEx-Mux-Kernel.a(Display1_IntClock.o)
                              .\CortexM3\ARM_GCC_493\Debug\CorEx-Mux-Kernel.a(Display1.o) (Display1_IntClock_Start)
.\CortexM3\ARM_GCC_493\Debug\CorEx-Mux-Kernel.a(Display2_IntClock.o)
                              .\CortexM3\ARM_GCC_493\Debug\CorEx-Mux-Kernel.a(Display2.o) (Display2_IntClock_Start)
.\CortexM3\ARM_GCC_493\Debug\CorEx-Mux-Kernel.a(I2C_Bus.o)
                              .\CortexM3\ARM_GCC_493\Debug\Initializers.o (I2C_Bus_Start)
.\CortexM3\ARM_GCC_493\Debug\CorEx-Mux-Kernel.a(I2C_Bus_INT.o)
                              .\CortexM3\ARM_GCC_493\Debug\CorEx-Mux-Kernel.a(I2C_Bus.o) (I2C_Bus_ISR)
.\CortexM3\ARM_GCC_493\Debug\CorEx-Mux-Kernel.a(I2C_Bus_PM.o)
                              .\CortexM3\ARM_GCC_493\Debug\CorEx-Mux-Kernel.a(I2C_Bus.o) (I2C_Bus_backup)
.\CortexM3\ARM_GCC_493\Debug\CorEx-Mux-Kernel.a(I2C_Bus_MASTER.o)
                              .\CortexM3\ARM_GCC_493\Debug\CorEx-Mux-Kernel.a(I2C_Bus.o) (I2C_Bus_mstrStatus)
.\CortexM3\ARM_GCC_493\Debug\CorEx-Mux-Kernel.a(iButton1.o)
                              .\CortexM3\ARM_GCC_493\Debug\iButtonProtocol.o (iButton1_Write)
.\CortexM3\ARM_GCC_493\Debug\CorEx-Mux-Kernel.a(iButton2.o)
                              .\CortexM3\ARM_GCC_493\Debug\TestFile.o (iButton2_Write)
.\CortexM3\ARM_GCC_493\Debug\CorEx-Mux-Kernel.a(eepromWP.o)
                              .\CortexM3\ARM_GCC_493\Debug\EepromManager.o (eepromWP_Write)
.\CortexM3\ARM_GCC_493\Debug\CorEx-Mux-Kernel.a(Timer_DispenserState.o)
                              .\CortexM3\ARM_GCC_493\Debug\Timers.o (Timer_DispenserState_Start)
.\CortexM3\ARM_GCC_493\Debug\CorEx-Mux-Kernel.a(DispenserStateTimeout_ISR.o)
                              .\CortexM3\ARM_GCC_493\Debug\Timers.o (DispenserStateTimeout_ISR_StartEx)
.\CortexM3\ARM_GCC_493\Debug\CorEx-Mux-Kernel.a(Timer_Tick.o)
[...]
Memory Configuration

Name             Origin             Length             Attributes
rom              0x00000000         0x00040000         xr
ram              0x1fff8000         0x00010000         xrw
*default*        0x00000000         0xffffffff

Linker script and memory map

LOAD c:/program files (x86)/cypress/psoc creator/3.3/psoc creator/import/gnu/arm/4.9.3/bin/../lib/gcc/arm-none-eabi/4.9.3/armv7-m/crti.o
LOAD c:/program files (x86)/cypress/psoc creator/3.3/psoc creator/import/gnu/arm/4.9.3/bin/../lib/gcc/arm-none-eabi/4.9.3/armv7-m/crtbegin.o
LOAD c:/program files (x86)/cypress/psoc creator/3.3/psoc creator/import/gnu/arm/4.9.3/bin/../lib/gcc/arm-none-eabi/4.9.3/../../../../arm-none-eabi/lib/armv7-m/crt0.o
START GROUP
LOAD .\CortexM3\ARM_GCC_493\Debug\UARTManager.o
LOAD .\CortexM3\ARM_GCC_493\Debug\UARTResolver.o
LOAD .\CortexM3\ARM_GCC_493\Debug\UARTManagerSink.o
LOAD .\CortexM3\ARM_GCC_493\Debug\PseudoRTOS.o
LOAD .\CortexM3\ARM_GCC_493\Debug\Utils.o
LOAD .\CortexM3\ARM_GCC_493\Debug\Security.o
LOAD .\CortexM3\ARM_GCC_493\Debug\SinkManager.o
LOAD .\CortexM3\ARM_GCC_493\Debug\EepromManager.o
LOAD .\CortexM3\ARM_GCC_493\Debug\RtcManager.o
LOAD .\CortexM3\ARM_GCC_493\Debug\Initializers.o
LOAD .\CortexM3\ARM_GCC_493\Debug\Timers.o
LOAD .\CortexM3\ARM_GCC_493\Debug\TestFile.o
LOAD .\CortexM3\ARM_GCC_493\Debug\AuxPSoC.o
LOAD .\CortexM3\ARM_GCC_493\Debug\WatchDogReset.o
LOAD .\CortexM3\ARM_GCC_493\Debug\DispenserResolver.o
LOAD .\CortexM3\ARM_GCC_493\Debug\DispenserBLL.o
LOAD .\CortexM3\ARM_GCC_493\Debug\DispenserSink.o
LOAD .\CortexM3\ARM_GCC_493\Debug\DisplayBLL.o
LOAD .\CortexM3\ARM_GCC_493\Debug\DisplaySink.o
LOAD .\CortexM3\ARM_GCC_493\Debug\DisplayUtils.o
LOAD .\CortexM3\ARM_GCC_493\Debug\DisplayFlow.o
LOAD .\CortexM3\ARM_GCC_493\Debug\DisplayCharacterMap.o
LOAD .\CortexM3\ARM_GCC_493\Debug\DisplayBufferScreenMap.o
LOAD .\CortexM3\ARM_GCC_493\Debug\DisplayResolver.o
LOAD .\CortexM3\ARM_GCC_493\Debug\PrinterBLL.o
LOAD .\CortexM3\ARM_GCC_493\Debug\PrinterSink.o
LOAD .\CortexM3\ARM_GCC_493\Debug\PrinterResolver.o
LOAD .\CortexM3\ARM_GCC_493\Debug\PrinterTemplate.o
LOAD .\CortexM3\ARM_GCC_493\Debug\iButtonSink.o
LOAD .\CortexM3\ARM_GCC_493\Debug\iButtonBLL.o
LOAD .\CortexM3\ARM_GCC_493\Debug\iButtonProtocol.o
LOAD .\CortexM3\ARM_GCC_493\Debug\Prime.o
LOAD .\CortexM3\ARM_GCC_493\Debug\PrimeFlow.o
LOAD .\CortexM3\ARM_GCC_493\Debug\PrimeImpl.o
LOAD .\CortexM3\ARM_GCC_493\Debug\Encore.o
LOAD .\CortexM3\ARM_GCC_493\Debug\EncoreFlow.o
LOAD .\CortexM3\ARM_GCC_493\Debug\EncoreImpl.o
LOAD .\CortexM3\ARM_GCC_493\Debug\Advantage.o
LOAD .\CortexM3\ARM_GCC_493\Debug\AdvantageFlow.o
LOAD .\CortexM3\ARM_GCC_493\Debug\AdvantageImpl.o
LOAD .\CortexM3\ARM_GCC_493\Debug\RFSink.o
LOAD .\CortexM3\ARM_GCC_493\Debug\RFBLL.o
LOAD .\CortexM3\ARM_GCC_493\Debug\RFResolver.o
LOAD .\CortexM3\ARM_GCC_493\Debug\RFServerStack.o
LOAD .\CortexM3\ARM_GCC_493\Debug\RFServerStackImpl.o
LOAD .\CortexM3\ARM_GCC_493\Debug\ClientDefinitions.o
LOAD .\CortexM3\ARM_GCC_493\Debug\main.o
LOAD .\CortexM3\ARM_GCC_493\Debug\cymetadata.o
LOAD .\CortexM3\ARM_GCC_493\Debug\Cm3Start.o
LOAD .\CortexM3\ARM_GCC_493\Debug\CorEx-Mux-Kernel.a
LOAD C:\Program Files (x86)\Cypress\PSoC Creator\3.3\PSoC Creator\psoc\content\cycomponentlibrary\CyComponentLibrary.cylib\CortexM3\ARM_GCC_493\Debug\CyComponentLibrary.a
LOAD c:/program files (x86)/cypress/psoc creator/3.3/psoc creator/import/gnu/arm/4.9.3/bin/../lib/gcc/arm-none-eabi/4.9.3/../../../../arm-none-eabi/lib/armv7-m\libm.a
END GROUP
START GROUP
LOAD c:/program files (x86)/cypress/psoc creator/3.3/psoc creator/import/gnu/arm/4.9.3/bin/../lib/gcc/arm-none-eabi/4.9.3/armv7-m\libgcc.a
LOAD c:/program files (x86)/cypress/psoc creator/3.3/psoc creator/import/gnu/arm/4.9.3/bin/../lib/gcc/arm-none-eabi/4.9.3/../../../../arm-none-eabi/lib/armv7-m\libg_nano.a
LOAD c:/program files (x86)/cypress/psoc creator/3.3/psoc creator/import/gnu/arm/4.9.3/bin/../lib/gcc/arm-none-eabi/4.9.3/../../../../arm-none-eabi/lib/armv7-m\libc_nano.a
END GROUP
START GROUP
LOAD c:/program files (x86)/cypress/psoc creator/3.3/psoc creator/import/gnu/arm/4.9.3/bin/../lib/gcc/arm-none-eabi/4.9.3/armv7-m\libgcc.a
LOAD c:/program files (x86)/cypress/psoc creator/3.3/psoc creator/import/gnu/arm/4.9.3/bin/../lib/gcc/arm-none-eabi/4.9.3/../../../../arm-none-eabi/lib/armv7-m\libc_nano.a
END GROUP
LOAD c:/program files (x86)/cypress/psoc creator/3.3/psoc creator/import/gnu/arm/4.9.3/bin/../lib/gcc/arm-none-eabi/4.9.3/armv7-m/crtend.o
LOAD c:/program files (x86)/cypress/psoc creator/3.3/psoc creator/import/gnu/arm/4.9.3/bin/../lib/gcc/arm-none-eabi/4.9.3/armv7-m/crtn.o
START GROUP
LOAD c:/program files (x86)/cypress/psoc creator/3.3/psoc creator/import/gnu/arm/4.9.3/bin/../lib/gcc/arm-none-eabi/4.9.3/armv7-m\libgcc.a
LOAD c:/program files (x86)/cypress/psoc creator/3.3/psoc creator/import/gnu/arm/4.9.3/bin/../lib/gcc/arm-none-eabi/4.9.3/../../../../arm-none-eabi/lib/armv7-m\libc.a
LOAD c:/program files (x86)/cypress/psoc creator/3.3/psoc creator/import/gnu/arm/4.9.3/bin/../lib/gcc/arm-none-eabi/4.9.3/../../../../arm-none-eabi/lib/armv7-m\libnosys.a
END GROUP
                0x00000000                CY_APPL_ORIGIN = 0x0
                0x00000100                CY_FLASH_ROW_SIZE = 0x100
                0x00000020                CY_ECC_ROW_SIZE = 0x20
                0x00000000                CY_EE_IN_BTLDR = 0x0
                0x00000000                CY_APPL_LOADABLE = 0x0
                0x00000800                CY_EE_SIZE = 0x800
                0x00000001                CY_APPL_NUM = 0x1
                0x00000001                CY_APPL_MAX = 0x1
                0x00000040                CY_METADATA_SIZE = 0x40
                0x00000000                CY_APPL_LOADABLE = 0x0
                0x00000000                CY_CHECKSUM_EXCLUDE_SIZE = ALIGN (0x0, CY_FLASH_ROW_SIZE)
                0x20006df0                PROVIDE (__cy_heap_start, _end)
                0x00000001                PROVIDE (__cy_region_num, ((__cy_regions_end - __cy_regions) / 0x10))
                0x20008000                PROVIDE (__cy_stack, (ORIGIN (ram) + 0x10000))
                0x20007800                PROVIDE (__cy_heap_end, (__cy_stack - 0x800))

.cybootloader   0x00000000        0x0
 *(.cybootloader)
                0x00000000                appl1_start = CY_APPL_ORIGIN?CY_APPL_ORIGIN:ALIGN (CY_FLASH_ROW_SIZE)
                0x0001ff00                appl2_start = (appl1_start + ALIGN ((((0x40000 - appl1_start) - (0x2 * CY_FLASH_ROW_SIZE)) / 0x2), CY_FLASH_ROW_SIZE))
                0x00000000                appl_start = (CY_APPL_NUM == 0x1)?appl1_start:appl2_start
                0x00000000                ecc_offset = ((appl_start / CY_FLASH_ROW_SIZE) * CY_ECC_ROW_SIZE)
                0x00000000                ee_offset = (CY_APPL_LOADABLE && ! (CY_EE_IN_BTLDR))?((CY_EE_SIZE / CY_APPL_MAX) * (CY_APPL_NUM - 0x1)):0x0
                0x00000800                ee_size = (CY_APPL_LOADABLE && ! (CY_EE_IN_BTLDR))?(CY_EE_SIZE / CY_APPL_MAX):CY_EE_SIZE
                0x00000000                PROVIDE (CY_ECC_OFFSET, ecc_offset)

.text           0x00000000    0x1da0a
 CREATE_OBJECT_SYMBOLS
                0x00000000                PROVIDE (__cy_interrupt_vector, RomVectors)
 *(.romvectors)
 .romvectors    0x00000000       0x10 .\CortexM3\ARM_GCC_493\Debug\Cm3Start.o
                0x00000000                RomVectors
                0x00000001                ASSERT ((. != __cy_interrupt_vector), No interrupt vector)
                0x00000001                ASSERT (CY_APPL_ORIGIN?(SIZEOF (.cybootloader) <= CY_APPL_ORIGIN):0x1, Wrong image location)
                0x00000010                PROVIDE (__cy_reset, Reset)
 *(.text.Reset)
 .text.Reset    0x00000010       0x18 .\CortexM3\ARM_GCC_493\Debug\Cm3Start.o
                0x00000010                Reset
                0x00000001                ASSERT ((. != __cy_reset), No reset code)
 *(.dma_init)
                0x00000001                ASSERT ((((appl_start + .) <= 0x10000) || 0x1), DMA Init must be within the first 64k of flash)
 *(.text .text.* .gnu.linkonce.t.*)
 .text          0x00000028       0x5c c:/program files (x86)/cypress/psoc creator/3.3/psoc creator/import/gnu/arm/4.9.3/bin/../lib/gcc/arm-none-eabi/4.9.3/armv7-m/crtbegin.o
 .text.UARTGlobalHandler
                0x00000084       0x50 .\CortexM3\ARM_GCC_493\Debug\UARTManager.o
                0x00000084                UARTGlobalHandler
 .text.GetUARTManager
                0x000000d4       0x3c .\CortexM3\ARM_GCC_493\Debug\UARTManager.o
                0x000000d4                GetUARTManager
 .text.GetUARTMessageSlot
                0x00000110       0xb4 .\CortexM3\ARM_GCC_493\Debug\UARTManager.o
                0x00000110                GetUARTMessageSlot
 .text.InitUARTManager
                0x000001c4       0x84 .\CortexM3\ARM_GCC_493\Debug\UARTManager.o
                0x000001c4                InitUARTManager
 .text.ReleaseMessage
                0x00000248       0x34 .\CortexM3\ARM_GCC_493\Debug\UARTManager.o
                0x00000248                ReleaseMessage
 .text.InvokeResolver
                0x0000027c       0x54 .\CortexM3\ARM_GCC_493\Debug\UARTResolver.o
                0x0000027c                InvokeResolver
 .text.UARTSinkRegistration
                0x000002d0        0xc .\CortexM3\ARM_GCC_493\Debug\UARTManagerSink.o
                0x000002d0                UARTSinkRegistration
 .text.loop_push
                0x000002dc       0x3c .\CortexM3\ARM_GCC_493\Debug\PseudoRTOS.o
                0x000002dc                loop_push
 .text.loop_invoke
                0x00000318       0x4c .\CortexM3\ARM_GCC_493\Debug\PseudoRTOS.o
                0x00000318                loop_invoke
 .text.B78AD90CF552D9B30A
                0x00000364      0x1dc .\CortexM3\ARM_GCC_493\Debug\Utils.o
                0x00000364                B78AD90CF552D9B30A
 .text.PSTRBUFFTOGG
                0x00000540       0x7c .\CortexM3\ARM_GCC_493\Debug\Utils.o
                0x00000540                PSTRBUFFTOGG
 .text.LSDBCDBUFF2HEX
                0x000005bc       0x94 .\CortexM3\ARM_GCC_493\Debug\Utils.o
                0x000005bc                LSDBCDBUFF2HEX
 .text.CRCCheck
                0x00000650       0x58 .\CortexM3\ARM_GCC_493\Debug\Security.o
                0x00000650                CRCCheck
 .text.RawCRCCheck
                0x000006a8       0x44 .\CortexM3\ARM_GCC_493\Debug\Security.o
                0x000006a8                RawCRCCheck
 .text.SinkManagerRegistration
                0x000006ec      0x148 .\CortexM3\ARM_GCC_493\Debug\SinkManager.o
                0x000006ec                SinkManagerRegistration
 *fill*         0x00000834        0x4 
 .text.AllocateMessageSlot
                0x00000838      0x150 .\CortexM3\ARM_GCC_493\Debug\SinkManager.o
                0x00000838                AllocateMessageSlot
 .text.FindSinkMessage
                0x00000988       0xc8 .\CortexM3\ARM_GCC_493\Debug\SinkManager.o
                0x00000988                FindSinkMessage
 .text.AllocateMessageSlotConditional
                0x00000a50      0x190 .\CortexM3\ARM_GCC_493\Debug\SinkManager.o
                0x00000a50                AllocateMessageSlotConditional
 .text.AllocateMessageArraySlotConditional
                0x00000be0      0x100 .\CortexM3\ARM_GCC_493\Debug\SinkManager.o
                0x00000be0                AllocateMessageArraySlotConditional
 .text.ReleaseSinkMessage
                0x00000ce0       0x2c .\CortexM3\ARM_GCC_493\Debug\SinkManager.o
                0x00000ce0                ReleaseSinkMessage
 .text.ReleaseSinkMessageByID
                0x00000d0c       0x4c .\CortexM3\ARM_GCC_493\Debug\SinkManager.o
                0x00000d0c                ReleaseSinkMessageByID
 .text.AllocateSubscriberSlot
                0x00000d58       0x68 .\CortexM3\ARM_GCC_493\Debug\SinkManager.o
                0x00000d58                AllocateSubscriberSlot
 .text.SinkHandler
                0x00000dc0      0x5c0 .\CortexM3\ARM_GCC_493\Debug\SinkManager.o
                0x00000dc0                SinkHandler
 .text.SinkBroadcast
                0x00001380       0x98 .\CortexM3\ARM_GCC_493\Debug\SinkManager.o
                0x00001380                SinkBroadcast
 .text.SinkFirstFound
                0x00001418       0xc0 .\CortexM3\ARM_GCC_493\Debug\SinkManager.o
                0x00001418                SinkFirstFound
 .text.SinkAllInterested
                0x000014d8       0xb4 .\CortexM3\ARM_GCC_493\Debug\SinkManager.o
                0x000014d8                SinkAllInterested
 .text.SinkBroadcastForever
                0x0000158c       0x94 .\CortexM3\ARM_GCC_493\Debug\SinkManager.o
                0x0000158c                SinkBroadcastForever
 .text.SinkCounterUpdateCallback
                0x00001620       0x70 .\CortexM3\ARM_GCC_493\Debug\SinkManager.o
                0x00001620                SinkCounterUpdateCallback
 .text.SinkReleaseByIDCallback
                0x00001690       0x1c .\CortexM3\ARM_GCC_493\Debug\SinkManager.o
                0x00001690                SinkReleaseByIDCallback
 .text.SinkReleaseByPtrCallback
                0x000016ac       0x20 .\CortexM3\ARM_GCC_493\Debug\SinkManager.o
                0x000016ac                SinkReleaseByPtrCallback
 .text.GetEepromBuffer
                0x000016cc       0x14 .\CortexM3\ARM_GCC_493\Debug\EepromManager.o
                0x000016cc                GetEepromBuffer
 .text.I2CBusUnlock
                0x000016e0       0x14 .\CortexM3\ARM_GCC_493\Debug\EepromManager.o
                0x000016e0                I2CBusUnlock
 .text.LoadEepromPage
                0x000016f4       0x94 .\CortexM3\ARM_GCC_493\Debug\EepromManager.o
                0x000016f4                LoadEepromPage
 .text.I2CBusLock
                0x00001788       0xc8 .\CortexM3\ARM_GCC_493\Debug\EepromManager.o
                0x00001788                I2CBusLock
 .text.StoreEepromPage
                0x00001850       0x8c .\CortexM3\ARM_GCC_493\Debug\EepromManager.o
                0x00001850                StoreEepromPage
 .text.ClearEepromBuffer
                0x000018dc       0x14 .\CortexM3\ARM_GCC_493\Debug\EepromManager.o
                0x000018dc                ClearEepromBuffer
 .text.GetRtcBuffer
                0x000018f0       0x14 .\CortexM3\ARM_GCC_493\Debug\RtcManager.o
                0x000018f0                GetRtcBuffer
 .text.ClearRtcBuffer
                0x00001904       0x14 .\CortexM3\ARM_GCC_493\Debug\RtcManager.o
                0x00001904                ClearRtcBuffer
 .text.UpdateRTC
                0x00001918       0xf8 .\CortexM3\ARM_GCC_493\Debug\RtcManager.o
                0x00001918                UpdateRTC
 .text.ReadRTC  0x00001a10       0x84 .\CortexM3\ARM_GCC_493\Debug\RtcManager.o
                0x00001a10                ReadRTC
 .text.StartRtc
                0x00001a94       0x30 .\CortexM3\ARM_GCC_493\Debug\RtcManager.o
                0x00001a94                StartRtc
 .text.GlobalInitializer
                0x00001ac4       0x48 .\CortexM3\ARM_GCC_493\Debug\Initializers.o
                0x00001ac4                GlobalInitializer
 .text.InitTimers
                0x00001b0c       0x24 .\CortexM3\ARM_GCC_493\Debug\Timers.o
                0x00001b0c                InitTimers
 .text.CounterIsr
                0x00001b30       0x40 .\CortexM3\ARM_GCC_493\Debug\Timers.o
                0x00001b30                CounterIsr
 .text.DispenserStateIsr
                0x00001b70       0x30 .\CortexM3\ARM_GCC_493\Debug\Timers.o
                0x00001b70                DispenserStateIsr
 .text.WriteAuxPSoC
                0x00001ba0       0x64 .\CortexM3\ARM_GCC_493\Debug\AuxPSoC.o
                0x00001ba0                WriteAuxPSoC
 .text.WatchDogInitialize
                0x00001c04       0x48 .\CortexM3\ARM_GCC_493\Debug\WatchDogReset.o
                0x00001c04                WatchDogInitialize
 .text.WatchDogHandler
                0x00001c4c       0x18 .\CortexM3\ARM_GCC_493\Debug\WatchDogReset.o
                0x00001c4c                WatchDogHandler
 .text.WatchDogStartup
                0x00001c64       0x18 .\CortexM3\ARM_GCC_493\Debug\WatchDogReset.o
                0x00001c64                WatchDogStartup
 .text.DispenserBufferResolver
                0x00001c7c       0x7c .\CortexM3\ARM_GCC_493\Debug\DispenserResolver.o
                0x00001c7c                DispenserBufferResolver
 .text.DispenserUARTSend
                0x00001cf8       0x54 .\CortexM3\ARM_GCC_493\Debug\DispenserResolver.o
                0x00001cf8                DispenserUARTSend
 .text.DispenserHoseActiveState
                0x00001d4c       0x90 .\CortexM3\ARM_GCC_493\Debug\DispenserBLL.o
                0x00001d4c                DispenserHoseActiveState
 .text.DispenserExecuteCreditTransaction
                0x00001ddc       0x90 .\CortexM3\ARM_GCC_493\Debug\DispenserBLL.o
                0x00001ddc                DispenserExecuteCreditTransaction
 .text.DispenserExecuteCashTransaction
                0x00001e6c       0x94 .\CortexM3\ARM_GCC_493\Debug\DispenserBLL.o
                0x00001e6c                DispenserExecuteCashTransaction
 .text.DispenserBeepWarning
                0x00001f00       0x90 .\CortexM3\ARM_GCC_493\Debug\DispenserBLL.o
                0x00001f00                DispenserBeepWarning
 .text.DispenserUpdatePumpState
                0x00001f90      0x138 .\CortexM3\ARM_GCC_493\Debug\DispenserBLL.o
                0x00001f90                DispenserUpdatePumpState
 .text.DispenserUnlockPumpsOnEOT
                0x000020c8       0xd4 .\CortexM3\ARM_GCC_493\Debug\DispenserBLL.o
                0x000020c8                DispenserUnlockPumpsOnEOT
 .text.DispenserUnlockPumpsOnEOTStartup
                0x0000219c       0xac .\CortexM3\ARM_GCC_493\Debug\DispenserBLL.o
                0x0000219c                DispenserUnlockPumpsOnEOTStartup
 .text.DispenserRestorePrices
                0x00002248       0xa4 .\CortexM3\ARM_GCC_493\Debug\DispenserBLL.o
                0x00002248                DispenserRestorePrices
 .text.DispenserAcquireConfiguration
                0x000022ec      0x114 .\CortexM3\ARM_GCC_493\Debug\DispenserBLL.o
                0x000022ec                DispenserAcquireConfiguration
 .text.DispenserConfigurePrices
                0x00002400      0x12c .\CortexM3\ARM_GCC_493\Debug\DispenserBLL.o
                0x00002400                DispenserConfigurePrices
 .text.DispenserConfigureSinglePrice
                0x0000252c      0x370 .\CortexM3\ARM_GCC_493\Debug\DispenserBLL.o
                0x0000252c                DispenserConfigureSinglePrice
 .text.DispenserAcquireTotals
                0x0000289c       0xa0 .\CortexM3\ARM_GCC_493\Debug\DispenserBLL.o
                0x0000289c                DispenserAcquireTotals
 .text.DispenserEnumeratePumps
                0x0000293c      0x150 .\CortexM3\ARM_GCC_493\Debug\DispenserBLL.o
                0x0000293c                DispenserEnumeratePumps
 .text.DispenserLoadEEPROMSettings
                0x00002a8c      0x1ec .\CortexM3\ARM_GCC_493\Debug\DispenserBLL.o
                0x00002a8c                DispenserLoadEEPROMSettings
 .text.DispenserGetEepromPPUPageFromPumpID
                0x00002c78       0xb4 .\CortexM3\ARM_GCC_493\Debug\DispenserBLL.o
                0x00002c78                DispenserGetEepromPPUPageFromPumpID
 .text.GetPumpFromRemotePositionID
                0x00002d2c       0x64 .\CortexM3\ARM_GCC_493\Debug\DispenserBLL.o
                0x00002d2c                GetPumpFromRemotePositionID
 .text.DispenserSide1Listener
                0x00002d90      0x17c .\CortexM3\ARM_GCC_493\Debug\DispenserBLL.o
                0x00002d90                DispenserSide1Listener
 .text.DispenserSide2Listener
                0x00002f0c      0x17c .\CortexM3\ARM_GCC_493\Debug\DispenserBLL.o
                0x00002f0c                DispenserSide2Listener
 .text.DispenserTimeoutHandler
                0x00003088       0xf8 .\CortexM3\ARM_GCC_493\Debug\DispenserSink.o
                0x00003088                DispenserTimeoutHandler
 .text.DispenserDataReceptionHandler
                0x00003180      0x2b0 .\CortexM3\ARM_GCC_493\Debug\DispenserSink.o
                0x00003180                DispenserDataReceptionHandler
 .text.DispenserUpdateTimeouts
                0x00003430       0x84 .\CortexM3\ARM_GCC_493\Debug\DispenserSink.o
                0x00003430                DispenserUpdateTimeouts
 .text.DispenserHandler
                0x000034b4      0x250 .\CortexM3\ARM_GCC_493\Debug\DispenserSink.o
                0x000034b4                DispenserHandler
 .text.DispenserSinkRegistration
                0x00003704      0x31c .\CortexM3\ARM_GCC_493\Debug\DispenserSink.o
                0x00003704                DispenserSinkRegistration
 .text.WorkShiftDecorator
                0x00003a20       0xc4 .\CortexM3\ARM_GCC_493\Debug\DisplayBLL.o
                0x00003a20                WorkShiftDecorator
 .text.InitiateWorkShiftValidation
                0x00003ae4      0x144 .\CortexM3\ARM_GCC_493\Debug\DisplayBLL.o
                0x00003ae4                InitiateWorkShiftValidation
 .text.RequestWorkShiftOperAuthorization
                0x00003c28      0x13c .\CortexM3\ARM_GCC_493\Debug\DisplayBLL.o
                0x00003c28                RequestWorkShiftOperAuthorization
 .text.DrawNumberOfCopies
                0x00003d64      0x170 .\CortexM3\ARM_GCC_493\Debug\DisplayBLL.o
                0x00003d64                DrawNumberOfCopies
 .text.CancelMessageDecorator
                0x00003ed4       0xc4 .\CortexM3\ARM_GCC_493\Debug\DisplayBLL.o
                0x00003ed4                CancelMessageDecorator
 .text.AcceptedAuthorizationMessageDecorator
                0x00003f98      0x15c .\CortexM3\ARM_GCC_493\Debug\DisplayBLL.o
                0x00003f98                AcceptedAuthorizationMessageDecorator
 .text.ProductNameSelectionDecorator
                0x000040f4      0x500 .\CortexM3\ARM_GCC_493\Debug\DisplayBLL.o
                0x000040f4                ProductNameSelectionDecorator
 .text.RejectedAuthorizationMessageDecorator
                0x000045f4      0x15c .\CortexM3\ARM_GCC_493\Debug\DisplayBLL.o
                0x000045f4                RejectedAuthorizationMessageDecorator
 .text.ValidateAuthorizationResponse4Credit
                0x00004750       0x94 .\CortexM3\ARM_GCC_493\Debug\DisplayBLL.o
                0x00004750                ValidateAuthorizationResponse4Credit
 .text.SendAuthorizationRequest4Credit
                0x000047e4      0x234 .\CortexM3\ARM_GCC_493\Debug\DisplayBLL.o
                0x000047e4                SendAuthorizationRequest4Credit
 .text.DisplayStationIDDecorator
                0x00004a18       0xe4 .\CortexM3\ARM_GCC_493\Debug\DisplayBLL.o
                0x00004a18                DisplayStationIDDecorator
 .text.DisplayStationIDStore
                0x00004afc       0xd4 .\CortexM3\ARM_GCC_493\Debug\DisplayBLL.o
                0x00004afc                DisplayStationIDStore
 .text.DisplayStationIDLoad
                0x00004bd0       0x94 .\CortexM3\ARM_GCC_493\Debug\DisplayBLL.o
                0x00004bd0                DisplayStationIDLoad
 .text.DisplayPumpIDOffsetLoad
                0x00004c64       0x80 .\CortexM3\ARM_GCC_493\Debug\DisplayBLL.o
                0x00004c64                DisplayPumpIDOffsetLoad
 .text.DisplayPumpIDOffsetDecorator
                0x00004ce4       0xe4 .\CortexM3\ARM_GCC_493\Debug\DisplayBLL.o
                0x00004ce4                DisplayPumpIDOffsetDecorator
 .text.DisplayPumpIDOffsetStore
                0x00004dc8       0xc4 .\CortexM3\ARM_GCC_493\Debug\DisplayBLL.o
                0x00004dc8                DisplayPumpIDOffsetStore
 .text.iButtonScreenNotification
                0x00004e8c       0x98 .\CortexM3\ARM_GCC_493\Debug\DisplayBLL.o
                0x00004e8c                iButtonScreenNotification
 .text.TerminateiButtonScan
                0x00004f24       0x34 .\CortexM3\ARM_GCC_493\Debug\DisplayBLL.o
                0x00004f24                TerminateiButtonScan
 .text.InitiateiButtonScan
                0x00004f58       0xb0 .\CortexM3\ARM_GCC_493\Debug\DisplayBLL.o
                0x00004f58                InitiateiButtonScan
 .text.DrawDateTime
                0x00005008      0x820 .\CortexM3\ARM_GCC_493\Debug\DisplayBLL.o
                0x00005008                DrawDateTime
 .text.DrawHomeDateTime
                0x00005828      0x788 .\CortexM3\ARM_GCC_493\Debug\DisplayBLL.o
                0x00005828                DrawHomeDateTime
 .text.DisplayUpdateHomeAnimation
                0x00005fb0      0xd30 .\CortexM3\ARM_GCC_493\Debug\DisplayBLL.o
                0x00005fb0                DisplayUpdateHomeAnimation
 .text.InitiateUpdateDateTime
                0x00006ce0       0xa8 .\CortexM3\ARM_GCC_493\Debug\DisplayBLL.o
                0x00006ce0                InitiateUpdateDateTime
 .text.TerminateUpdateDateTime
                0x00006d88       0x50 .\CortexM3\ARM_GCC_493\Debug\DisplayBLL.o
                0x00006d88                TerminateUpdateDateTime
 .text.InitiateHomeAnimation
                0x00006dd8       0xa0 .\CortexM3\ARM_GCC_493\Debug\DisplayBLL.o
                0x00006dd8                InitiateHomeAnimation
 .text.DisplayUpdateDateTime
                0x00006e78       0x2c .\CortexM3\ARM_GCC_493\Debug\DisplayBLL.o
                0x00006e78                DisplayUpdateDateTime
 .text.TerminateHomeAnimation
                0x00006ea4       0x50 .\CortexM3\ARM_GCC_493\Debug\DisplayBLL.o
                0x00006ea4                TerminateHomeAnimation
 .text.DisplayGenericValidator
                0x00006ef4      0x270 .\CortexM3\ARM_GCC_493\Debug\DisplayBLL.o
                0x00006ef4                DisplayGenericValidator
 .text.PrintersWorking
                0x00007164       0x64 .\CortexM3\ARM_GCC_493\Debug\DisplayBLL.o
                0x00007164                PrintersWorking
 .text.EitherPrinterWorking
                0x000071c8       0x78 .\CortexM3\ARM_GCC_493\Debug\DisplayBLL.o
                0x000071c8                EitherPrinterWorking
 .text.CastCreditVolumeValue
                0x00007240      0x164 .\CortexM3\ARM_GCC_493\Debug\DisplayBLL.o
                0x00007240                CastCreditVolumeValue
 .text.Display1Logic
                0x000073a4      0x1b4 .\CortexM3\ARM_GCC_493\Debug\DisplayBLL.o
                0x000073a4                Display1Logic
 .text.PrintcopyReceipt
                0x00007558       0xa0 .\CortexM3\ARM_GCC_493\Debug\DisplayBLL.o
                0x00007558                PrintcopyReceipt
 .text.Display2Logic
                0x000075f8      0x1b4 .\CortexM3\ARM_GCC_493\Debug\DisplayBLL.o
                0x000075f8                Display2Logic
 .text.DisplaySinkRegistration
                0x000077ac      0x19c .\CortexM3\ARM_GCC_493\Debug\DisplaySink.o
                0x000077ac                DisplaySinkRegistration
 .text.InitDisplays
                0x00007948       0xd0 .\CortexM3\ARM_GCC_493\Debug\DisplaySink.o
                0x00007948                InitDisplays
 .text.DisplayRaiseTimeoutsAndStateChanges
                0x00007a18      0x300 .\CortexM3\ARM_GCC_493\Debug\DisplaySink.o
                0x00007a18                DisplayRaiseTimeoutsAndStateChanges
 .text.DisplayOutputString
                0x00007d18      0x138 .\CortexM3\ARM_GCC_493\Debug\DisplayUtils.o
                0x00007d18                DisplayOutputString
 .text.ParseDisplayFlow
                0x00007e50       0xa8 .\CortexM3\ARM_GCC_493\Debug\DisplayUtils.o
                0x00007e50                ParseDisplayFlow
 .text.DisplayFlowInputHandler
                0x00007ef8       0x68 .\CortexM3\ARM_GCC_493\Debug\DisplayUtils.o
                0x00007ef8                DisplayFlowInputHandler
 .text.DisplayFlowInputValidator
                0x00007f60       0x68 .\CortexM3\ARM_GCC_493\Debug\DisplayUtils.o
                0x00007f60                DisplayFlowInputValidator
 .text.DisplayInitializer
                0x00007fc8       0x68 .\CortexM3\ARM_GCC_493\Debug\DisplayUtils.o
                0x00007fc8                DisplayInitializer
 .text.DisplayFlowDecorator
                0x00008030       0x68 .\CortexM3\ARM_GCC_493\Debug\DisplayUtils.o
                0x00008030                DisplayFlowDecorator
 .text.DisplayFinalizer
                0x00008098       0x68 .\CortexM3\ARM_GCC_493\Debug\DisplayUtils.o
                0x00008098                DisplayFinalizer
 .text.ParseDisplayStream
                0x00008100       0xac .\CortexM3\ARM_GCC_493\Debug\DisplayUtils.o
                0x00008100                ParseDisplayStream
 .text.GetDisplayFlowNode
                0x000081ac       0xa0 .\CortexM3\ARM_GCC_493\Debug\DisplayUtils.o
                0x000081ac                GetDisplayFlowNode
 .text.PrepareDisplayStructure
                0x0000824c       0x70 .\CortexM3\ARM_GCC_493\Debug\DisplayUtils.o
                0x0000824c                PrepareDisplayStructure
 .text.NonEmptyDataValidator
                0x000082bc       0x2c .\CortexM3\ARM_GCC_493\Debug\DisplayUtils.o
                0x000082bc                NonEmptyDataValidator
 .text.SecureConfigurationValidator
                0x000082e8       0x74 .\CortexM3\ARM_GCC_493\Debug\DisplayUtils.o
                0x000082e8                SecureConfigurationValidator
 .text.SaveNewPassword
                0x0000835c       0x48 .\CortexM3\ARM_GCC_493\Debug\DisplayUtils.o
                0x0000835c                SaveNewPassword
 .text.DisplayIntegerInputHandler
                0x000083a4      0x16c .\CortexM3\ARM_GCC_493\Debug\DisplayUtils.o
                0x000083a4                DisplayIntegerInputHandler
 .text.DisplayMoneyInputHandler
                0x00008510      0x204 .\CortexM3\ARM_GCC_493\Debug\DisplayUtils.o
                0x00008510                DisplayMoneyInputHandler
 .text.DisplayVolumeInputHandler
                0x00008714      0x238 .\CortexM3\ARM_GCC_493\Debug\DisplayUtils.o
                0x00008714                DisplayVolumeInputHandler
 .text.NonEmptyMoneyValidator
                0x0000894c      0x144 .\CortexM3\ARM_GCC_493\Debug\DisplayUtils.o
                0x0000894c                NonEmptyMoneyValidator
 .text.NonEmpty15ModuloValidator
                0x00008a90      0x11c .\CortexM3\ARM_GCC_493\Debug\DisplayUtils.o
                0x00008a90                NonEmpty15ModuloValidator
 .text.ValidatePumpAvailability4Positions
                0x00008bac      0x1a4 .\CortexM3\ARM_GCC_493\Debug\DisplayUtils.o
                0x00008bac                ValidatePumpAvailability4Positions
 .text.ValidatePumpAvailability21Positions
                0x00008d50      0x15c .\CortexM3\ARM_GCC_493\Debug\DisplayUtils.o
                0x00008d50                ValidatePumpAvailability21Positions
 .text.GetPumpsAvailability
                0x00008eac      0x28c .\CortexM3\ARM_GCC_493\Debug\DisplayUtils.o
                0x00008eac                GetPumpsAvailability
 .text.GetPumpsPrintState
                0x00009138       0xe8 .\CortexM3\ARM_GCC_493\Debug\DisplayUtils.o
                0x00009138                GetPumpsPrintState
 .text.DisplayInputHandler
                0x00009220      0x14c .\CortexM3\ARM_GCC_493\Debug\DisplayUtils.o
                0x00009220                DisplayInputHandler
 .text.DisplayIDInputHandler
                0x0000936c      0x164 .\CortexM3\ARM_GCC_493\Debug\DisplayUtils.o
                0x0000936c                DisplayIDInputHandler
 .text.DisplayInputPasswordHandler
                0x000094d0      0x190 .\CortexM3\ARM_GCC_493\Debug\DisplayUtils.o
                0x000094d0                DisplayInputPasswordHandler
 .text.GetDisplayFromPumpID
                0x00009660       0xb0 .\CortexM3\ARM_GCC_493\Debug\DisplayUtils.o
                0x00009660                GetDisplayFromPumpID
 .text.DisplayProductSelectionInputHandler
                0x00009710       0xb4 .\CortexM3\ARM_GCC_493\Debug\DisplayUtils.o
                0x00009710                DisplayProductSelectionInputHandler
 .text.CleanMessageSink
                0x000097c4       0x40 .\CortexM3\ARM_GCC_493\Debug\DisplayUtils.o
                0x000097c4                CleanMessageSink
 .text.SequesterMessageSink
                0x00009804      0x148 .\CortexM3\ARM_GCC_493\Debug\DisplayUtils.o
                0x00009804                SequesterMessageSink
 .text.ReleaseMessageSink
                0x0000994c      0x1a8 .\CortexM3\ARM_GCC_493\Debug\DisplayUtils.o
                0x0000994c                ReleaseMessageSink
 .text.StoreTransactionData
                0x00009af4      0x3d0 .\CortexM3\ARM_GCC_493\Debug\DisplayUtils.o
                0x00009af4                StoreTransactionData
 .text.UnmapCode
                0x00009ec4       0x48 .\CortexM3\ARM_GCC_493\Debug\DisplayCharacterMap.o
                0x00009ec4                UnmapCode
 .text.GetBufferIndexFromDisplayID
                0x00009f0c       0x48 .\CortexM3\ARM_GCC_493\Debug\DisplayBufferScreenMap.o
                0x00009f0c                GetBufferIndexFromDisplayID
 .text.GetBufferLengthFromDisplayID
                0x00009f54       0x48 .\CortexM3\ARM_GCC_493\Debug\DisplayBufferScreenMap.o
                0x00009f54                GetBufferLengthFromDisplayID
 .text.GetPumpIndexFromDisplay
                0x00009f9c       0x78 .\CortexM3\ARM_GCC_493\Debug\DisplayBufferScreenMap.o
                0x00009f9c                GetPumpIndexFromDisplay
 .text.Display1BufferResolver
                0x0000a014       0xf4 .\CortexM3\ARM_GCC_493\Debug\DisplayResolver.o
                0x0000a014                Display1BufferResolver
 .text.Display2BufferResolver
                0x0000a108       0xf4 .\CortexM3\ARM_GCC_493\Debug\DisplayResolver.o
                0x0000a108                Display2BufferResolver
 .text.Dislay1UARTSend
                0x0000a1fc       0x48 .\CortexM3\ARM_GCC_493\Debug\DisplayResolver.o
                0x0000a1fc                Dislay1UARTSend
 .text.PrintLogo
                0x0000a244       0x3c .\CortexM3\ARM_GCC_493\Debug\PrinterBLL.o
                0x0000a244                PrintLogo
 .text.Printer11Callback
                0x0000a280       0x54 .\CortexM3\ARM_GCC_493\Debug\PrinterBLL.o
                0x0000a280                Printer11Callback
 .text.Printer12Callback
                0x0000a2d4       0x54 .\CortexM3\ARM_GCC_493\Debug\PrinterBLL.o
                0x0000a2d4                Printer12Callback
 .text.Printer21Callback
                0x0000a328       0x54 .\CortexM3\ARM_GCC_493\Debug\PrinterBLL.o
                0x0000a328                Printer21Callback
 .text.Printer22Callback
                0x0000a37c       0x54 .\CortexM3\ARM_GCC_493\Debug\PrinterBLL.o
                0x0000a37c                Printer22Callback
 .text.Printer1GenericCallback
                0x0000a3d0       0x1c .\CortexM3\ARM_GCC_493\Debug\PrinterBLL.o
                0x0000a3d0                Printer1GenericCallback
 .text.Printer2GenericCallback
                0x0000a3ec       0x1c .\CortexM3\ARM_GCC_493\Debug\PrinterBLL.o
                0x0000a3ec                Printer2GenericCallback
 .text.MeasurePrinterASCIIBufferLength
                0x0000a408       0x34 .\CortexM3\ARM_GCC_493\Debug\PrinterBLL.o
                0x0000a408                MeasurePrinterASCIIBufferLength
 .text.Printer1GenericCallbacklogo
                0x0000a43c       0x18 .\CortexM3\ARM_GCC_493\Debug\PrinterBLL.o
                0x0000a43c                Printer1GenericCallbacklogo
 .text.Printer2GenericCallbacklogo
                0x0000a454       0x18 .\CortexM3\ARM_GCC_493\Debug\PrinterBLL.o
                0x0000a454                Printer2GenericCallbacklogo
 .text.PadSpacesToCenter
                0x0000a46c       0x24 .\CortexM3\ARM_GCC_493\Debug\PrinterBLL.o
                0x0000a46c                PadSpacesToCenter
 .text.GetProductNameFromPumpAndHose
                0x0000a490      0x3c8 .\CortexM3\ARM_GCC_493\Debug\PrinterBLL.o
                0x0000a490                GetProductNameFromPumpAndHose
 .text.FormatNumberLSDFirst
                0x0000a858      0x140 .\CortexM3\ARM_GCC_493\Debug\PrinterBLL.o
                0x0000a858                FormatNumberLSDFirst
 .text.Print    0x0000a998     0x11a0 .\CortexM3\ARM_GCC_493\Debug\PrinterBLL.o
                0x0000a998                Print
 .text.PrintGeneric
                0x0000bb38       0x44 .\CortexM3\ARM_GCC_493\Debug\PrinterBLL.o
                0x0000bb38                PrintGeneric
 .text.PrinterSinkRegistration
                0x0000bb7c      0x148 .\CortexM3\ARM_GCC_493\Debug\PrinterSink.o
                0x0000bb7c                PrinterSinkRegistration
 .text.PrinterUARTSend
                0x0000bcc4       0x14 .\CortexM3\ARM_GCC_493\Debug\PrinterResolver.o
                0x0000bcc4                PrinterUARTSend
 .text.GetPrinterTemplateLine
                0x0000bcd8       0x48 .\CortexM3\ARM_GCC_493\Debug\PrinterTemplate.o
                0x0000bcd8                GetPrinterTemplateLine
 .text.GetPrinterVolumeTemplateTag
                0x0000bd20       0x48 .\CortexM3\ARM_GCC_493\Debug\PrinterTemplate.o
                0x0000bd20                GetPrinterVolumeTemplateTag
 .text.GetPrinterPriceTemplateTag
                0x0000bd68       0x34 .\CortexM3\ARM_GCC_493\Debug\PrinterTemplate.o
                0x0000bd68                GetPrinterPriceTemplateTag
 .text.iButtonSinkRegistration
                0x0000bd9c       0x5c .\CortexM3\ARM_GCC_493\Debug\iButtonSink.o
                0x0000bd9c                iButtonSinkRegistration
 .text.iButton1Scan
                0x0000bdf8       0xb4 .\CortexM3\ARM_GCC_493\Debug\iButtonBLL.o
                0x0000bdf8                iButton1Scan
 .text.iButton2Scan
                0x0000beac       0xa8 .\CortexM3\ARM_GCC_493\Debug\iButtonBLL.o
                0x0000beac                iButton2Scan
 .text.iButtonResetPresenceSequence
                0x0000bf54       0x84 .\CortexM3\ARM_GCC_493\Debug\iButtonProtocol.o
                0x0000bf54                iButtonResetPresenceSequence
 .text.iButtonRead
                0x0000bfd8       0xbc .\CortexM3\ARM_GCC_493\Debug\iButtonProtocol.o
                0x0000bfd8                iButtonRead
 .text.iButtonWrite
                0x0000c094       0xc4 .\CortexM3\ARM_GCC_493\Debug\iButtonProtocol.o
                0x0000c094                iButtonWrite
 .text.InitProtocol
                0x0000c158      0x32c .\CortexM3\ARM_GCC_493\Debug\Prime.o
                0x0000c158                InitProtocol
 .text.PumpIsInValidState
                0x0000c484       0x38 .\CortexM3\ARM_GCC_493\Debug\Prime.o
                0x0000c484                PumpIsInValidState
 .text.PumpJobQueueClear
                0x0000c4bc       0x8c .\CortexM3\ARM_GCC_493\Debug\Prime.o
                0x0000c4bc                PumpJobQueueClear
 .text.PumpJobAllocate
                0x0000c548      0x144 .\CortexM3\ARM_GCC_493\Debug\Prime.o
                0x0000c548                PumpJobAllocate
 .text.PumpJobEnqueue
                0x0000c68c       0x5c .\CortexM3\ARM_GCC_493\Debug\Prime.o
                0x0000c68c                PumpJobEnqueue
 .text.PumpJobQueuePeek
                0x0000c6e8       0x30 .\CortexM3\ARM_GCC_493\Debug\Prime.o
                0x0000c6e8                PumpJobQueuePeek
 .text.PumpJobDequeue
                0x0000c718       0xb8 .\CortexM3\ARM_GCC_493\Debug\Prime.o
                0x0000c718                PumpJobDequeue
 .text.PumpJobRotate
                0x0000c7d0       0x78 .\CortexM3\ARM_GCC_493\Debug\Prime.o
                0x0000c7d0                PumpJobRotate
 .text.PumpTransactionalStateDequeue
                0x0000c848       0x60 .\CortexM3\ARM_GCC_493\Debug\Prime.o
                0x0000c848                PumpTransactionalStateDequeue
 .text.PumpTransactionalStateEnqueue
                0x0000c8a8       0x1c .\CortexM3\ARM_GCC_493\Debug\Prime.o
                0x0000c8a8                PumpTransactionalStateEnqueue
 .text.PumpTransactionalStateDeallocate
                0x0000c8c4       0x94 .\CortexM3\ARM_GCC_493\Debug\Prime.o
                0x0000c8c4                PumpTransactionalStateDeallocate
 .text.PumpTransactionalStateFind
                0x0000c958       0x54 .\CortexM3\ARM_GCC_493\Debug\Prime.o
                0x0000c958                PumpTransactionalStateFind
 .text.PumpTransactionalStateAllocate
                0x0000c9ac       0x94 .\CortexM3\ARM_GCC_493\Debug\Prime.o
                0x0000c9ac                PumpTransactionalStateAllocate
 .text.PumpTransactionalStateLock
                0x0000ca40       0x70 .\CortexM3\ARM_GCC_493\Debug\Prime.o
                0x0000ca40                PumpTransactionalStateLock
 .text.PumpTransactionalStateUnlock
                0x0000cab0       0x20 .\CortexM3\ARM_GCC_493\Debug\Prime.o
                0x0000cab0                PumpTransactionalStateUnlock
 .text.PumpCleanUp
                0x0000cad0       0xb4 .\CortexM3\ARM_GCC_493\Debug\Prime.o
                0x0000cad0                PumpCleanUp
 .text.GetTransactionByName
                0x0000cb84       0x48 .\CortexM3\ARM_GCC_493\Debug\PrimeFlow.o
                0x0000cb84                GetTransactionByName
 .text.AcquirePumpStateResponse
                0x0000cbcc      0x134 .\CortexM3\ARM_GCC_493\Debug\PrimeImpl.o
                0x0000cbcc                AcquirePumpStateResponse
 .text.AcquireDatatoPumpResponse
                0x0000cd00       0x48 .\CortexM3\ARM_GCC_493\Debug\PrimeImpl.o
                0x0000cd00                AcquireDatatoPumpResponse
 .text.ProcessPumpRTMoneyRequest
                0x0000cd48       0xe0 .\CortexM3\ARM_GCC_493\Debug\PrimeImpl.o
                0x0000cd48                ProcessPumpRTMoneyRequest
 .text.ProcessPumpRTHoseVolumeRequest
                0x0000ce28       0xf4 .\CortexM3\ARM_GCC_493\Debug\PrimeImpl.o
                0x0000ce28                ProcessPumpRTHoseVolumeRequest
 .text.ProcessPumpTransactionData
                0x0000cf1c      0x8f4 .\CortexM3\ARM_GCC_493\Debug\PrimeImpl.o
                0x0000cf1c                ProcessPumpTransactionData
 .text.ProcessPumpTotalsDataReport
                0x0000d810      0x1a8 .\CortexM3\ARM_GCC_493\Debug\PrimeImpl.o
                0x0000d810                ProcessPumpTotalsDataReport
 .text.PumpJobTimeout
                0x0000d9b8       0x38 .\CortexM3\ARM_GCC_493\Debug\PrimeImpl.o
                0x0000d9b8                PumpJobTimeout
 .text.PumpStateJobTimeout
                0x0000d9f0       0x38 .\CortexM3\ARM_GCC_493\Debug\PrimeImpl.o
                0x0000d9f0                PumpStateJobTimeout
 .text.PumpAuthorization
                0x0000da28       0x84 .\CortexM3\ARM_GCC_493\Debug\PrimeImpl.o
                0x0000da28                PumpAuthorization
 .text.PumpStartupAuthorization
                0x0000daac       0x70 .\CortexM3\ARM_GCC_493\Debug\PrimeImpl.o
                0x0000daac                PumpStartupAuthorization
 .text.PumpStateRequest
                0x0000db1c       0x60 .\CortexM3\ARM_GCC_493\Debug\PrimeImpl.o
                0x0000db1c                PumpStateRequest
 .text.PumpRTMoneyRequest
                0x0000db7c       0x6c .\CortexM3\ARM_GCC_493\Debug\PrimeImpl.o
                0x0000db7c                PumpRTMoneyRequest
 .text.PumpRTHoseVolumeRequest
                0x0000dbe8       0x6c .\CortexM3\ARM_GCC_493\Debug\PrimeImpl.o
                0x0000dbe8                PumpRTHoseVolumeRequest
 .text.PumpTransactionDataRequest
                0x0000dc54       0x6c .\CortexM3\ARM_GCC_493\Debug\PrimeImpl.o
                0x0000dc54                PumpTransactionDataRequest
 .text.PumpTotalsDataRequest
                0x0000dcc0       0x6c .\CortexM3\ARM_GCC_493\Debug\PrimeImpl.o
                0x0000dcc0                PumpTotalsDataRequest
 .text.PumpDataToPump
                0x0000dd2c       0x6c .\CortexM3\ARM_GCC_493\Debug\PrimeImpl.o
                0x0000dd2c                PumpDataToPump
 .text.PumpPresetHose
                0x0000dd98      0x14c .\CortexM3\ARM_GCC_493\Debug\PrimeImpl.o
                0x0000dd98                PumpPresetHose
 .text.PumpCreditPresetHose
                0x0000dee4      0x160 .\CortexM3\ARM_GCC_493\Debug\PrimeImpl.o
                0x0000dee4                PumpCreditPresetHose
 .text.PumpPresetNotification
                0x0000e044      0x1b8 .\CortexM3\ARM_GCC_493\Debug\PrimeImpl.o
                0x0000e044                PumpPresetNotification
 .text.PumpCreditPresetNotification
                0x0000e1fc       0xe8 .\CortexM3\ARM_GCC_493\Debug\PrimeImpl.o
                0x0000e1fc                PumpCreditPresetNotification
 .text.PumpFullPresetHose
                0x0000e2e4      0x178 .\CortexM3\ARM_GCC_493\Debug\PrimeImpl.o
                0x0000e2e4                PumpFullPresetHose
 .text.PumpPpuChange
                0x0000e45c      0x260 .\CortexM3\ARM_GCC_493\Debug\PrimeImpl.o
                0x0000e45c                PumpPpuChange
 .text.PumpDefault2CreditPpuChange
                0x0000e6bc      0x154 .\CortexM3\ARM_GCC_493\Debug\PrimeImpl.o
                0x0000e6bc                PumpDefault2CreditPpuChange
 .text.PumpCredit2DefaultPpuChange
                0x0000e810      0x1e4 .\CortexM3\ARM_GCC_493\Debug\PrimeImpl.o
                0x0000e810                PumpCredit2DefaultPpuChange
 .text.PumpStopRequest
                0x0000e9f4       0x6c .\CortexM3\ARM_GCC_493\Debug\PrimeImpl.o
                0x0000e9f4                PumpStopRequest
 .text.PumpCompleteConfiguration
                0x0000ea60       0xe8 .\CortexM3\ARM_GCC_493\Debug\PrimeImpl.o
                0x0000ea60                PumpCompleteConfiguration
 .text.PumpHoseActiveState
                0x0000eb48       0xec .\CortexM3\ARM_GCC_493\Debug\PrimeImpl.o
                0x0000eb48                PumpHoseActiveState
 .text.AcquirePumpHoseActiveState
                0x0000ec34      0x1c8 .\CortexM3\ARM_GCC_493\Debug\PrimeImpl.o
                0x0000ec34                AcquirePumpHoseActiveState
 .text.AcquirePumpCompleteConfiguration
                0x0000edfc     0x1040 .\CortexM3\ARM_GCC_493\Debug\PrimeImpl.o
                0x0000edfc                AcquirePumpCompleteConfiguration
 .text.AcquireDispenserLayoutInformation
                0x0000fe3c      0x1e4 .\CortexM3\ARM_GCC_493\Debug\PrimeImpl.o
                0x0000fe3c                AcquireDispenserLayoutInformation
 .text.AcquirePumpSpecialFunctionResponseResolver
                0x00010020      0x124 .\CortexM3\ARM_GCC_493\Debug\PrimeImpl.o
                0x00010020                AcquirePumpSpecialFunctionResponseResolver
 .text.PumpEnumeratorRequest
                0x00010144       0x60 .\CortexM3\ARM_GCC_493\Debug\PrimeImpl.o
                0x00010144                PumpEnumeratorRequest
 .text.AcquirePumpEnumeratorResponse
                0x000101a4      0x240 .\CortexM3\ARM_GCC_493\Debug\PrimeImpl.o
                0x000101a4                AcquirePumpEnumeratorResponse
 .text.PumpEnumeratorTimeout
                0x000103e4       0x6c .\CortexM3\ARM_GCC_493\Debug\PrimeImpl.o
                0x000103e4                PumpEnumeratorTimeout
 .text.AcquirePumpTotalsResponseResolver
                0x00010450       0xb8 .\CortexM3\ARM_GCC_493\Debug\PrimeImpl.o
                0x00010450                AcquirePumpTotalsResponseResolver
 .text.PrimeActivateProgramming
                0x00010508       0xac .\CortexM3\ARM_GCC_493\Debug\PrimeImpl.o
                0x00010508                PrimeActivateProgramming
 .text.GetLRC   0x000105b4       0x60 .\CortexM3\ARM_GCC_493\Debug\PrimeImpl.o
                0x000105b4                GetLRC
 .text.InitiateTransaction
                0x00010614       0x2c .\CortexM3\ARM_GCC_493\Debug\PrimeImpl.o
                0x00010614                InitiateTransaction
 .text.TerminateTransaction
                0x00010640       0x2c .\CortexM3\ARM_GCC_493\Debug\PrimeImpl.o
                0x00010640                TerminateTransaction
 .text.TerminateTransactionAndPrint
                0x0001066c      0x208 .\CortexM3\ARM_GCC_493\Debug\PrimeImpl.o
                0x0001066c                TerminateTransactionAndPrint
 .text.CastVolumeValue
                0x00010874      0x164 .\CortexM3\ARM_GCC_493\Debug\PrimeImpl.o
                0x00010874                CastVolumeValue
 .text.CastMoneyValue
                0x000109d8      0x164 .\CortexM3\ARM_GCC_493\Debug\PrimeImpl.o
                0x000109d8                CastMoneyValue
 .text.TranslateSpecialFuncionDigit
                0x00010b3c       0x48 .\CortexM3\ARM_GCC_493\Debug\PrimeImpl.o
                0x00010b3c                TranslateSpecialFuncionDigit
 .text.RFSinkRegistration
                0x00010b84       0xdc .\CortexM3\ARM_GCC_493\Debug\RFSink.o
                0x00010b84                RFSinkRegistration
 .text.RFServerAutonomousMonitor
                0x00010c60       0x64 .\CortexM3\ARM_GCC_493\Debug\RFSink.o
                0x00010c60                RFServerAutonomousMonitor
 .text.RFServerRequestHandler
                0x00010cc4       0x68 .\CortexM3\ARM_GCC_493\Debug\RFBLL.o
                0x00010cc4                RFServerRequestHandler
 .text.RFErrorHandler
                0x00010d2c       0x14 .\CortexM3\ARM_GCC_493\Debug\RFBLL.o
                0x00010d2c                RFErrorHandler
 .text.GetRFRequestResolver
                0x00010d40       0x58 .\CortexM3\ARM_GCC_493\Debug\RFBLL.o
                0x00010d40                GetRFRequestResolver
 .text.RFUARTBufferResolver
                0x00010d98      0x1f8 .\CortexM3\ARM_GCC_493\Debug\RFResolver.o
                0x00010d98                RFUARTBufferResolver
 .text.RFUARTSend
                0x00010f90       0x4c .\CortexM3\ARM_GCC_493\Debug\RFResolver.o
                0x00010f90                RFUARTSend
 .text.RFGetPayloadLengthFromRequestCode
                0x00010fdc       0x48 .\CortexM3\ARM_GCC_493\Debug\RFServerStack.o
                0x00010fdc                RFGetPayloadLengthFromRequestCode
 .text.RFGetDynamicPayloadLengthFromRequestCode
                0x00011024       0x48 .\CortexM3\ARM_GCC_493\Debug\RFServerStack.o
                0x00011024                RFGetDynamicPayloadLengthFromRequestCode
 .text.RFGetCRC
                0x0001106c       0x6c .\CortexM3\ARM_GCC_493\Debug\RFServerStack.o
                0x0001106c                RFGetCRC
 .text.RFUnmapCommand2State
                0x000110d8       0x48 .\CortexM3\ARM_GCC_493\Debug\RFServerStack.o
                0x000110d8                RFUnmapCommand2State
 .text.RFStateReqResp
                0x00011120      0x40c .\CortexM3\ARM_GCC_493\Debug\RFServerStackImpl.o
                0x00011120                RFStateReqResp
 .text.RFCreditSerialAuthReqResp
                0x0001152c      0x26c .\CortexM3\ARM_GCC_493\Debug\RFServerStackImpl.o
                0x0001152c                RFCreditSerialAuthReqResp
 .text.RFCreditAuthorizationReqResp
                0x00011798      0x408 .\CortexM3\ARM_GCC_493\Debug\RFServerStackImpl.o
                0x00011798                RFCreditAuthorizationReqResp
 .text.RFCreditSalePresetReportReqResp
                0x00011ba0      0x1f4 .\CortexM3\ARM_GCC_493\Debug\RFServerStackImpl.o
                0x00011ba0                RFCreditSalePresetReportReqResp
 .text.RFCashSalePresetReportReqResp
                0x00011d94      0x448 .\CortexM3\ARM_GCC_493\Debug\RFServerStackImpl.o
                0x00011d94                RFCashSalePresetReportReqResp
 .text.RFCashCreditSaleFinalReportReqResp
                0x000121dc      0x558 .\CortexM3\ARM_GCC_493\Debug\RFServerStackImpl.o
                0x000121dc                RFCashCreditSaleFinalReportReqResp
 .text.RFTotalsDataReqResp
                0x00012734      0x284 .\CortexM3\ARM_GCC_493\Debug\RFServerStackImpl.o
                0x00012734                RFTotalsDataReqResp
 .text.RFTotalsDataReportReqResp
                0x000129b8      0xedc .\CortexM3\ARM_GCC_493\Debug\RFServerStackImpl.o
                0x000129b8                RFTotalsDataReportReqResp
 *fill*         0x00013894        0x4 
 .text.RFPriceChangeReqResp
                0x00013898      0x370 .\CortexM3\ARM_GCC_493\Debug\RFServerStackImpl.o
                0x00013898                RFPriceChangeReqResp
 .text.RFGeneralPrintReqResp
                0x00013c08      0x30c .\CortexM3\ARM_GCC_493\Debug\RFServerStackImpl.o
                0x00013c08                RFGeneralPrintReqResp
 .text.RFCreditSalePrintReqResp
                0x00013f14      0x458 .\CortexM3\ARM_GCC_493\Debug\RFServerStackImpl.o
                0x00013f14                RFCreditSalePrintReqResp
 .text.RFCashSalePrintReqResp
                0x0001436c      0x2fc .\CortexM3\ARM_GCC_493\Debug\RFServerStackImpl.o
                0x0001436c                RFCashSalePrintReqResp
 .text.RFPendingCreditSaleReqResp
                0x00014668     0x12d4 .\CortexM3\ARM_GCC_493\Debug\RFServerStackImpl.o
                0x00014668                RFPendingCreditSaleReqResp
 .text.RFPendingCashSaleReqResp
                0x0001593c     0x1054 .\CortexM3\ARM_GCC_493\Debug\RFServerStackImpl.o
                0x0001593c                RFPendingCashSaleReqResp
 .text.RFBroadcastConfigurationReqResp
                0x00016990      0x548 .\CortexM3\ARM_GCC_493\Debug\RFServerStackImpl.o
                0x00016990                RFBroadcastConfigurationReqResp
 .text.RFPositionConfigurationReqResp
                0x00016ed8      0x38c .\CortexM3\ARM_GCC_493\Debug\RFServerStackImpl.o
                0x00016ed8                RFPositionConfigurationReqResp
 .text.RFIslandOperDataReqResp
                0x00017264      0x2c0 .\CortexM3\ARM_GCC_493\Debug\RFServerStackImpl.o
                0x00017264                RFIslandOperDataReqResp
 .text.RFIslandAdminReqResp
                0x00017524      0x350 .\CortexM3\ARM_GCC_493\Debug\RFServerStackImpl.o
                0x00017524                RFIslandAdminReqResp
 .text.GeneralPrintRequestPayloadSizeResolver
                0x00017874       0x20 .\CortexM3\ARM_GCC_493\Debug\RFServerStackImpl.o
                0x00017874                GeneralPrintRequestPayloadSizeResolver
 .text.RFCopyPrintReqResp
                0x00017894      0x2ec .\CortexM3\ARM_GCC_493\Debug\RFServerStackImpl.o
                0x00017894                RFCopyPrintReqResp
 .text.main     0x00017b80       0x28 .\CortexM3\ARM_GCC_493\Debug\main.o
                0x00017b80                main
 .text.IntDefaultHandler
                0x00017ba8        0x8 .\CortexM3\ARM_GCC_493\Debug\Cm3Start.o
                0x00017ba8                IntDefaultHandler
 .text._sbrk    0x00017bb0       0x50 .\CortexM3\ARM_GCC_493\Debug\Cm3Start.o
                0x00017bb0                _sbrk
 .text.Start_c  0x00017c00       0x98 .\CortexM3\ARM_GCC_493\Debug\Cm3Start.o
                0x00017c00                Start_c
 .text.initialize_psoc
                0x00017c98       0x8c .\CortexM3\ARM_GCC_493\Debug\Cm3Start.o
                0x00017c98                initialize_psoc
 .text.CYMEMZERO
                0x00017d24       0x1c .\CortexM3\ARM_GCC_493\Debug\CorEx-Mux-Kernel.a(cyfitter_cfg.o)
 .text.CYCONFIGCPY
                0x00017d40       0x1c .\CortexM3\ARM_GCC_493\Debug\CorEx-Mux-Kernel.a(cyfitter_cfg.o)
 .text.CyClockStartupError
                0x00017d5c        0xc .\CortexM3\ARM_GCC_493\Debug\CorEx-Mux-Kernel.a(cyfitter_cfg.o)
 .text.cfg_write_bytes32
                0x00017d68       0x74 .\CortexM3\ARM_GCC_493\Debug\CorEx-Mux-Kernel.a(cyfitter_cfg.o)
 .text.ClockSetup
                0x00017ddc      0x17c .\CortexM3\ARM_GCC_493\Debug\CorEx-Mux-Kernel.a(cyfitter_cfg.o)
 .text.AnalogSetDefault
                0x00017f58       0x44 .\CortexM3\ARM_GCC_493\Debug\CorEx-Mux-Kernel.a(cyfitter_cfg.o)
 .text.cyfitter_cfg
                0x00017f9c      0x190 .\CortexM3\ARM_GCC_493\Debug\CorEx-Mux-Kernel.a(cyfitter_cfg.o)
                0x00017f9c                cyfitter_cfg
 .text.RF_Physical_Start
                0x0001812c       0x20 .\CortexM3\ARM_GCC_493\Debug\CorEx-Mux-Kernel.a(RF_Physical.o)
                0x0001812c                RF_Physical_Start
 .text.RF_Physical_Init
                0x0001814c       0x58 .\CortexM3\ARM_GCC_493\Debug\CorEx-Mux-Kernel.a(RF_Physical.o)
                0x0001814c                RF_Physical_Init
 .text.RF_Physical_Enable
                0x000181a4       0x68 .\CortexM3\ARM_GCC_493\Debug\CorEx-Mux-Kernel.a(RF_Physical.o)
                0x000181a4                RF_Physical_Enable
 .text.RF_Physical_Stop
                0x0001820c       0x68 .\CortexM3\ARM_GCC_493\Debug\CorEx-Mux-Kernel.a(RF_Physical.o)
                0x0001820c                RF_Physical_Stop
 .text.RF_Physical_ReadControlRegister
                0x00018274       0x10 .\CortexM3\ARM_GCC_493\Debug\CorEx-Mux-Kernel.a(RF_Physical.o)
                0x00018274                RF_Physical_ReadControlRegister
 .text.RF_Physical_WriteControlRegister
                0x00018284       0x14 .\CortexM3\ARM_GCC_493\Debug\CorEx-Mux-Kernel.a(RF_Physical.o)
                0x00018284                RF_Physical_WriteControlRegister
 .text.RF_Physical_ReadRxData
                0x00018298       0x94 .\CortexM3\ARM_GCC_493\Debug\CorEx-Mux-Kernel.a(RF_Physical.o)
                0x00018298                RF_Physical_ReadRxData
 .text.RF_Physical_ReadRxStatus
                0x0001832c       0x40 .\CortexM3\ARM_GCC_493\Debug\CorEx-Mux-Kernel.a(RF_Physical.o)
                0x0001832c                RF_Physical_ReadRxStatus
 .text.RF_Physical_GetChar
                0x0001836c       0xbc .\CortexM3\ARM_GCC_493\Debug\CorEx-Mux-Kernel.a(RF_Physical.o)
                0x0001836c                RF_Physical_GetChar
 .text.RF_Physical_GetByte
                0x00018428       0x44 .\CortexM3\ARM_GCC_493\Debug\CorEx-Mux-Kernel.a(RF_Physical.o)
                0x00018428                RF_Physical_GetByte
 .text.RF_Physical_GetRxBufferSize
                0x0001846c       0x94 .\CortexM3\ARM_GCC_493\Debug\CorEx-Mux-Kernel.a(RF_Physical.o)
                0x0001846c                RF_Physical_GetRxBufferSize
 .text.RF_Physical_ClearRxBuffer
                0x00018500       0x7c .\CortexM3\ARM_GCC_493\Debug\CorEx-Mux-Kernel.a(RF_Physical.o)
                0x00018500                RF_Physical_ClearRxBuffer
 .text.RF_Physical_WriteTxData
                0x0001857c       0x2c .\CortexM3\ARM_GCC_493\Debug\CorEx-Mux-Kernel.a(RF_Physical.o)
                0x0001857c                RF_Physical_WriteTxData
 .text.RF_Physical_ReadTxStatus
                0x000185a8       0x18 .\CortexM3\ARM_GCC_493\Debug\CorEx-Mux-Kernel.a(RF_Physical.o)
                0x000185a8                RF_Physical_ReadTxStatus
 .text.RF_Physical_PutChar
                0x000185c0       0x34 .\CortexM3\ARM_GCC_493\Debug\CorEx-Mux-Kernel.a(RF_Physical.o)
                0x000185c0                RF_Physical_PutChar
 .text.RF_Physical_PutString
                0x000185f4       0x40 .\CortexM3\ARM_GCC_493\Debug\CorEx-Mux-Kernel.a(RF_Physical.o)
                0x000185f4                RF_Physical_PutString
 .text.RF_Physical_PutArray
                0x00018634       0x40 .\CortexM3\ARM_GCC_493\Debug\CorEx-Mux-Kernel.a(RF_Physical.o)
                0x00018634                RF_Physical_PutArray
 .text.RF_Physical_PutCRLF
                0x00018674       0x30 .\CortexM3\ARM_GCC_493\Debug\CorEx-Mux-Kernel.a(RF_Physical.o)
                0x00018674                RF_Physical_PutCRLF
 .text.RF_Physical_ClearTxBuffer
                0x000186a4       0x40 .\CortexM3\ARM_GCC_493\Debug\CorEx-Mux-Kernel.a(RF_Physical.o)
                0x000186a4                RF_Physical_ClearTxBuffer
 .text.RF_Physical_RXISR
                0x000186e4       0xf0 .\CortexM3\ARM_GCC_493\Debug\CorEx-Mux-Kernel.a(RF_Physical_INT.o)
                0x000186e4                RF_Physical_RXISR
 .text.RF_Physical_IntClock_Start
                0x000187d4       0x34 .\CortexM3\ARM_GCC_493\Debug\CorEx-Mux-Kernel.a(RF_Physical_IntClock.o)
                0x000187d4                RF_Physical_IntClock_Start
 .text.RF_Physical_IntClock_Stop
                0x00018808       0x34 .\CortexM3\ARM_GCC_493\Debug\CorEx-Mux-Kernel.a(RF_Physical_IntClock.o)
                0x00018808                RF_Physical_IntClock_Stop
 *fill*         0x0001883c        0x4 
 .text          0x00018840       0x20 .\CortexM3\ARM_GCC_493\Debug\CorEx-Mux-Kernel.a(CyBootAsmGnu.o)
                0x00018840                CyDelayCycles
                0x00018850                CyEnterCriticalSection
                0x00018858                CyExitCriticalSection
 .text.CyHalt   0x00018860       0x18 .\CortexM3\ARM_GCC_493\Debug\CorEx-Mux-Kernel.a(CyLib.o)
                0x00018860                CyHalt
 .text.CyDelay  0x00018878       0x44 .\CortexM3\ARM_GCC_493\Debug\CorEx-Mux-Kernel.a(CyLib.o)
                0x00018878                CyDelay
 .text.CyDelayUs
                0x000188bc       0x24 .\CortexM3\ARM_GCC_493\Debug\CorEx-Mux-Kernel.a(CyLib.o)
                0x000188bc                CyDelayUs
 .text.CyDelayFreq
                0x000188e0       0x7c .\CortexM3\ARM_GCC_493\Debug\CorEx-Mux-Kernel.a(CyLib.o)
                0x000188e0                CyDelayFreq
 .text.CyWdtStart
                0x0001895c       0x8c .\CortexM3\ARM_GCC_493\Debug\CorEx-Mux-Kernel.a(CyLib.o)
                0x0001895c                CyWdtStart
 .text.CyWdtClear
                0x000189e8       0x18 .\CortexM3\ARM_GCC_493\Debug\CorEx-Mux-Kernel.a(CyLib.o)
                0x000189e8                CyWdtClear
 .text.CyIntSetVector
                0x00018a00       0x50 .\CortexM3\ARM_GCC_493\Debug\CorEx-Mux-Kernel.a(CyLib.o)
                0x00018a00                CyIntSetVector
 .text.CyIntSetPriority
                0x00018a50       0x44 .\CortexM3\ARM_GCC_493\Debug\CorEx-Mux-Kernel.a(CyLib.o)
                0x00018a50                CyIntSetPriority
 .text.Printer_Start
                0x00018a94       0x20 .\CortexM3\ARM_GCC_493\Debug\CorEx-Mux-Kernel.a(Printer.o)
                0x00018a94                Printer_Start
 .text.Printer_Init
                0x00018ab4       0x40 .\CortexM3\ARM_GCC_493\Debug\CorEx-Mux-Kernel.a(Printer.o)
                0x00018ab4                Printer_Init
 .text.Printer_Enable
                0x00018af4       0x58 .\CortexM3\ARM_GCC_493\Debug\CorEx-Mux-Kernel.a(Printer.o)
                0x00018af4                Printer_Enable
 .text.Printer_Stop
                0x00018b4c       0x58 .\CortexM3\ARM_GCC_493\Debug\CorEx-Mux-Kernel.a(Printer.o)
                0x00018b4c                Printer_Stop
 .text.Printer_ReadControlRegister
                0x00018ba4       0x10 .\CortexM3\ARM_GCC_493\Debug\CorEx-Mux-Kernel.a(Printer.o)
                0x00018ba4                Printer_ReadControlRegister
 .text.Printer_WriteControlRegister
                0x00018bb4       0x14 .\CortexM3\ARM_GCC_493\Debug\CorEx-Mux-Kernel.a(Printer.o)
                0x00018bb4                Printer_WriteControlRegister
 .text.Printer_ReadRxData
                0x00018bc8       0x20 .\CortexM3\ARM_GCC_493\Debug\CorEx-Mux-Kernel.a(Printer.o)
                0x00018bc8                Printer_ReadRxData
 .text.Printer_ReadRxStatus
                0x00018be8       0x24 .\CortexM3\ARM_GCC_493\Debug\CorEx-Mux-Kernel.a(Printer.o)
                0x00018be8                Printer_ReadRxStatus
 .text.Printer_GetChar
                0x00018c0c       0x44 .\CortexM3\ARM_GCC_493\Debug\CorEx-Mux-Kernel.a(Printer.o)
                0x00018c0c                Printer_GetChar
 .text.Printer_GetByte
                0x00018c50       0x24 .\CortexM3\ARM_GCC_493\Debug\CorEx-Mux-Kernel.a(Printer.o)
                0x00018c50                Printer_GetByte
 .text.Printer_GetRxBufferSize
                0x00018c74       0x30 .\CortexM3\ARM_GCC_493\Debug\CorEx-Mux-Kernel.a(Printer.o)
                0x00018c74                Printer_GetRxBufferSize
 .text.Printer_ClearRxBuffer
                0x00018ca4       0x40 .\CortexM3\ARM_GCC_493\Debug\CorEx-Mux-Kernel.a(Printer.o)
                0x00018ca4                Printer_ClearRxBuffer
 .text.Printer_WriteTxData
                0x00018ce4       0x2c .\CortexM3\ARM_GCC_493\Debug\CorEx-Mux-Kernel.a(Printer.o)
                0x00018ce4                Printer_WriteTxData
 .text.Printer_ReadTxStatus
                0x00018d10       0x18 .\CortexM3\ARM_GCC_493\Debug\CorEx-Mux-Kernel.a(Printer.o)
                0x00018d10                Printer_ReadTxStatus
 .text.Printer_PutChar
                0x00018d28       0x34 .\CortexM3\ARM_GCC_493\Debug\CorEx-Mux-Kernel.a(Printer.o)
                0x00018d28                Printer_PutChar
 .text.Printer_PutString
                0x00018d5c       0x40 .\CortexM3\ARM_GCC_493\Debug\CorEx-Mux-Kernel.a(Printer.o)
                0x00018d5c                Printer_PutString
 .text.Printer_PutArray
                0x00018d9c       0x40 .\CortexM3\ARM_GCC_493\Debug\CorEx-Mux-Kernel.a(Printer.o)
                0x00018d9c                Printer_PutArray
 .text.Printer_PutCRLF
                0x00018ddc       0x30 .\CortexM3\ARM_GCC_493\Debug\CorEx-Mux-Kernel.a(Printer.o)
                0x00018ddc                Printer_PutCRLF
 .text.Printer_ClearTxBuffer
                0x00018e0c       0x40 .\CortexM3\ARM_GCC_493\Debug\CorEx-Mux-Kernel.a(Printer.o)
                0x00018e0c                Printer_ClearTxBuffer
 .text.Dispenser_Start
                0x00018e4c       0x20 .\CortexM3\ARM_GCC_493\Debug\CorEx-Mux-Kernel.a(Dispenser.o)
                0x00018e4c                Dispenser_Start
 .text.Dispenser_Init
                0x00018e6c       0x58 .\CortexM3\ARM_GCC_493\Debug\CorEx-Mux-Kernel.a(Dispenser.o)
                0x00018e6c                Dispenser_Init
 .text.Dispenser_Enable
                0x00018ec4       0x64 .\CortexM3\ARM_GCC_493\Debug\CorEx-Mux-Kernel.a(Dispenser.o)
                0x00018ec4                Dispenser_Enable
 .text.Dispenser_Stop
                0x00018f28       0x64 .\CortexM3\ARM_GCC_493\Debug\CorEx-Mux-Kernel.a(Dispenser.o)
                0x00018f28                Dispenser_Stop
 .text.Dispenser_ReadControlRegister
                0x00018f8c       0x10 .\CortexM3\ARM_GCC_493\Debug\CorEx-Mux-Kernel.a(Dispenser.o)
                0x00018f8c                Dispenser_ReadControlRegister
 .text.Dispenser_WriteControlRegister
                0x00018f9c       0x14 .\CortexM3\ARM_GCC_493\Debug\CorEx-Mux-Kernel.a(Dispenser.o)
                0x00018f9c                Dispenser_WriteControlRegister
 .text.Dispenser_ReadRxData
                0x00018fb0       0x94 .\CortexM3\ARM_GCC_493\Debug\CorEx-Mux-Kernel.a(Dispenser.o)
                0x00018fb0                Dispenser_ReadRxData
 .text.Dispenser_ReadRxStatus
                0x00019044       0x40 .\CortexM3\ARM_GCC_493\Debug\CorEx-Mux-Kernel.a(Dispenser.o)
                0x00019044                Dispenser_ReadRxStatus
 .text.Dispenser_GetChar
                0x00019084       0xb8 .\CortexM3\ARM_GCC_493\Debug\CorEx-Mux-Kernel.a(Dispenser.o)
                0x00019084                Dispenser_GetChar
 .text.Dispenser_GetByte
                0x0001913c       0x44 .\CortexM3\ARM_GCC_493\Debug\CorEx-Mux-Kernel.a(Dispenser.o)
                0x0001913c                Dispenser_GetByte
 .text.Dispenser_GetRxBufferSize
                0x00019180       0x94 .\CortexM3\ARM_GCC_493\Debug\CorEx-Mux-Kernel.a(Dispenser.o)
                0x00019180                Dispenser_GetRxBufferSize
 .text.Dispenser_ClearRxBuffer
                0x00019214       0x7c .\CortexM3\ARM_GCC_493\Debug\CorEx-Mux-Kernel.a(Dispenser.o)
                0x00019214                Dispenser_ClearRxBuffer
 .text.Dispenser_WriteTxData
                0x00019290       0x2c .\CortexM3\ARM_GCC_493\Debug\CorEx-Mux-Kernel.a(Dispenser.o)
                0x00019290                Dispenser_WriteTxData
 .text.Dispenser_ReadTxStatus
                0x000192bc       0x18 .\CortexM3\ARM_GCC_493\Debug\CorEx-Mux-Kernel.a(Dispenser.o)
                0x000192bc                Dispenser_ReadTxStatus
 .text.Dispenser_PutChar
                0x000192d4       0x34 .\CortexM3\ARM_GCC_493\Debug\CorEx-Mux-Kernel.a(Dispenser.o)
                0x000192d4                Dispenser_PutChar
 .text.Dispenser_PutString
                0x00019308       0x40 .\CortexM3\ARM_GCC_493\Debug\CorEx-Mux-Kernel.a(Dispenser.o)
                0x00019308                Dispenser_PutString
 .text.Dispenser_PutArray
                0x00019348       0x40 .\CortexM3\ARM_GCC_493\Debug\CorEx-Mux-Kernel.a(Dispenser.o)
                0x00019348                Dispenser_PutArray
 .text.Dispenser_PutCRLF
                0x00019388       0x30 .\CortexM3\ARM_GCC_493\Debug\CorEx-Mux-Kernel.a(Dispenser.o)
                0x00019388                Dispenser_PutCRLF
 .text.Dispenser_ClearTxBuffer
                0x000193b8       0x40 .\CortexM3\ARM_GCC_493\Debug\CorEx-Mux-Kernel.a(Dispenser.o)
                0x000193b8                Dispenser_ClearTxBuffer
 .text.Dispenser_RXISR
                0x000193f8       0xec .\CortexM3\ARM_GCC_493\Debug\CorEx-Mux-Kernel.a(Dispenser_INT.o)
                0x000193f8                Dispenser_RXISR
 .text.Display1_Start
                0x000194e4       0x20 .\CortexM3\ARM_GCC_493\Debug\CorEx-Mux-Kernel.a(Display1.o)
                0x000194e4                Display1_Start
 .text.Display1_Init
                0x00019504       0x58 .\CortexM3\ARM_GCC_493\Debug\CorEx-Mux-Kernel.a(Display1.o)
                0x00019504                Display1_Init
 .text.Display1_Enable
                0x0001955c       0x68 .\CortexM3\ARM_GCC_493\Debug\CorEx-Mux-Kernel.a(Display1.o)
                0x0001955c                Display1_Enable
 .text.Display1_Stop
                0x000195c4       0x68 .\CortexM3\ARM_GCC_493\Debug\CorEx-Mux-Kernel.a(Display1.o)
                0x000195c4                Display1_Stop
 .text.Display1_ReadControlRegister
                0x0001962c       0x10 .\CortexM3\ARM_GCC_493\Debug\CorEx-Mux-Kernel.a(Display1.o)
                0x0001962c                Display1_ReadControlRegister
 .text.Display1_WriteControlRegister
                0x0001963c       0x14 .\CortexM3\ARM_GCC_493\Debug\CorEx-Mux-Kernel.a(Display1.o)
                0x0001963c                Display1_WriteControlRegister
 .text.Display1_ReadRxData
                0x00019650       0x94 .\CortexM3\ARM_GCC_493\Debug\CorEx-Mux-Kernel.a(Display1.o)
                0x00019650                Display1_ReadRxData
 .text.Display1_ReadRxStatus
                0x000196e4       0x40 .\CortexM3\ARM_GCC_493\Debug\CorEx-Mux-Kernel.a(Display1.o)
                0x000196e4                Display1_ReadRxStatus
 .text.Display1_GetChar
                0x00019724       0xb8 .\CortexM3\ARM_GCC_493\Debug\CorEx-Mux-Kernel.a(Display1.o)
                0x00019724                Display1_GetChar
 .text.Display1_GetByte
                0x000197dc       0x44 .\CortexM3\ARM_GCC_493\Debug\CorEx-Mux-Kernel.a(Display1.o)
                0x000197dc                Display1_GetByte
 .text.Display1_GetRxBufferSize
                0x00019820       0x90 .\CortexM3\ARM_GCC_493\Debug\CorEx-Mux-Kernel.a(Display1.o)
                0x00019820                Display1_GetRxBufferSize
 .text.Display1_ClearRxBuffer
                0x000198b0       0x7c .\CortexM3\ARM_GCC_493\Debug\CorEx-Mux-Kernel.a(Display1.o)
                0x000198b0                Display1_ClearRxBuffer
 .text.Display1_WriteTxData
                0x0001992c       0x2c .\CortexM3\ARM_GCC_493\Debug\CorEx-Mux-Kernel.a(Display1.o)
                0x0001992c                Display1_WriteTxData
 .text.Display1_ReadTxStatus
                0x00019958       0x18 .\CortexM3\ARM_GCC_493\Debug\CorEx-Mux-Kernel.a(Display1.o)
                0x00019958                Display1_ReadTxStatus
 .text.Display1_PutChar
                0x00019970       0x34 .\CortexM3\ARM_GCC_493\Debug\CorEx-Mux-Kernel.a(Display1.o)
                0x00019970                Display1_PutChar
 .text.Display1_PutString
                0x000199a4       0x40 .\CortexM3\ARM_GCC_493\Debug\CorEx-Mux-Kernel.a(Display1.o)
                0x000199a4                Display1_PutString
 .text.Display1_PutArray
                0x000199e4       0x40 .\CortexM3\ARM_GCC_493\Debug\CorEx-Mux-Kernel.a(Display1.o)
                0x000199e4                Display1_PutArray
 .text.Display1_PutCRLF
                0x00019a24       0x30 .\CortexM3\ARM_GCC_493\Debug\CorEx-Mux-Kernel.a(Display1.o)
                0x00019a24                Display1_PutCRLF
 .text.Display1_ClearTxBuffer
                0x00019a54       0x40 .\CortexM3\ARM_GCC_493\Debug\CorEx-Mux-Kernel.a(Display1.o)
                0x00019a54                Display1_ClearTxBuffer
 .text.Display1_RXISR
                0x00019a94       0xf0 .\CortexM3\ARM_GCC_493\Debug\CorEx-Mux-Kernel.a(Display1_INT.o)
                0x00019a94                Display1_RXISR
 .text.Display2_Start
                0x00019b84       0x20 .\CortexM3\ARM_GCC_493\Debug\CorEx-Mux-Kernel.a(Display2.o)
                0x00019b84                Display2_Start
 .text.Display2_Init
                0x00019ba4       0x58 .\CortexM3\ARM_GCC_493\Debug\CorEx-Mux-Kernel.a(Display2.o)
                0x00019ba4                Display2_Init
 .text.Display2_Enable
                0x00019bfc       0x68 .\CortexM3\ARM_GCC_493\Debug\CorEx-Mux-Kernel.a(Display2.o)
                0x00019bfc                Display2_Enable
 .text.Display2_Stop
                0x00019c64       0x68 .\CortexM3\ARM_GCC_493\Debug\CorEx-Mux-Kernel.a(Display2.o)
                0x00019c64                Display2_Stop
 .text.Display2_ReadControlRegister
                0x00019ccc       0x10 .\CortexM3\ARM_GCC_493\Debug\CorEx-Mux-Kernel.a(Display2.o)
                0x00019ccc                Display2_ReadControlRegister
 .text.Display2_WriteControlRegister
                0x00019cdc       0x14 .\CortexM3\ARM_GCC_493\Debug\CorEx-Mux-Kernel.a(Display2.o)
                0x00019cdc                Display2_WriteControlRegister
 .text.Display2_ReadRxData
                0x00019cf0       0x94 .\CortexM3\ARM_GCC_493\Debug\CorEx-Mux-Kernel.a(Display2.o)
                0x00019cf0                Display2_ReadRxData
 .text.Display2_ReadRxStatus
                0x00019d84       0x40 .\CortexM3\ARM_GCC_493\Debug\CorEx-Mux-Kernel.a(Display2.o)
                0x00019d84                Display2_ReadRxStatus
 .text.Display2_GetChar
                0x00019dc4       0xb8 .\CortexM3\ARM_GCC_493\Debug\CorEx-Mux-Kernel.a(Display2.o)
                0x00019dc4                Display2_GetChar
 .text.Display2_GetByte
                0x00019e7c       0x44 .\CortexM3\ARM_GCC_493\Debug\CorEx-Mux-Kernel.a(Display2.o)
                0x00019e7c                Display2_GetByte
 .text.Display2_GetRxBufferSize
                0x00019ec0       0x90 .\CortexM3\ARM_GCC_493\Debug\CorEx-Mux-Kernel.a(Display2.o)
                0x00019ec0                Display2_GetRxBufferSize
 .text.Display2_ClearRxBuffer
                0x00019f50       0x7c .\CortexM3\ARM_GCC_493\Debug\CorEx-Mux-Kernel.a(Display2.o)
                0x00019f50                Display2_ClearRxBuffer
 .text.Display2_WriteTxData
                0x00019fcc       0x2c .\CortexM3\ARM_GCC_493\Debug\CorEx-Mux-Kernel.a(Display2.o)
                0x00019fcc                Display2_WriteTxData
 .text.Display2_ReadTxStatus
                0x00019ff8       0x18 .\CortexM3\ARM_GCC_493\Debug\CorEx-Mux-Kernel.a(Display2.o)
                0x00019ff8                Display2_ReadTxStatus
 .text.Display2_PutChar
                0x0001a010       0x34 .\CortexM3\ARM_GCC_493\Debug\CorEx-Mux-Kernel.a(Display2.o)
                0x0001a010                Display2_PutChar
 .text.Display2_PutString
                0x0001a044       0x40 .\CortexM3\ARM_GCC_493\Debug\CorEx-Mux-Kernel.a(Display2.o)
                0x0001a044                Display2_PutString
 .text.Display2_PutArray
                0x0001a084       0x40 .\CortexM3\ARM_GCC_493\Debug\CorEx-Mux-Kernel.a(Display2.o)
                0x0001a084                Display2_PutArray
 .text.Display2_PutCRLF
                0x0001a0c4       0x30 .\CortexM3\ARM_GCC_493\Debug\CorEx-Mux-Kernel.a(Display2.o)
                0x0001a0c4                Display2_PutCRLF
 .text.Display2_ClearTxBuffer
                0x0001a0f4       0x40 .\CortexM3\ARM_GCC_493\Debug\CorEx-Mux-Kernel.a(Display2.o)
                0x0001a0f4                Display2_ClearTxBuffer
 .text.Display2_RXISR
                0x0001a134       0xf0 .\CortexM3\ARM_GCC_493\Debug\CorEx-Mux-Kernel.a(Display2_INT.o)
                0x0001a134                Display2_RXISR
 .text.Counter_ISR_StartEx
                0x0001a224       0x24 .\CortexM3\ARM_GCC_493\Debug\CorEx-Mux-Kernel.a(Counter_ISR.o)
                0x0001a224                Counter_ISR_StartEx
 .text.Counter_ISR_SetVector
                0x0001a248       0x24 .\CortexM3\ARM_GCC_493\Debug\CorEx-Mux-Kernel.a(Counter_ISR.o)
                0x0001a248                Counter_ISR_SetVector
 .text.Counter_ISR_SetPriority
                0x0001a26c       0x24 .\CortexM3\ARM_GCC_493\Debug\CorEx-Mux-Kernel.a(Counter_ISR.o)
                0x0001a26c                Counter_ISR_SetPriority
 .text.Counter_ISR_Enable
                0x0001a290       0x18 .\CortexM3\ARM_GCC_493\Debug\CorEx-Mux-Kernel.a(Counter_ISR.o)
                0x0001a290                Counter_ISR_Enable
 .text.Counter_ISR_Disable
                0x0001a2a8       0x18 .\CortexM3\ARM_GCC_493\Debug\CorEx-Mux-Kernel.a(Counter_ISR.o)
                0x0001a2a8                Counter_ISR_Disable
 .text.Display1_IntClock_Start
                0x0001a2c0       0x34 .\CortexM3\ARM_GCC_493\Debug\CorEx-Mux-Kernel.a(Display1_IntClock.o)
                0x0001a2c0                Display1_IntClock_Start
 .text.Display1_IntClock_Stop
                0x0001a2f4       0x34 .\CortexM3\ARM_GCC_493\Debug\CorEx-Mux-Kernel.a(Display1_IntClock.o)
                0x0001a2f4                Display1_IntClock_Stop
 .text.Display2_IntClock_Start
                0x0001a328       0x34 .\CortexM3\ARM_GCC_493\Debug\CorEx-Mux-Kernel.a(Display2_IntClock.o)
                0x0001a328                Display2_IntClock_Start
 .text.Display2_IntClock_Stop
                0x0001a35c       0x34 .\CortexM3\ARM_GCC_493\Debug\CorEx-Mux-Kernel.a(Display2_IntClock.o)
                0x0001a35c                Display2_IntClock_Stop
 .text.I2C_Bus_Init
                0x0001a390       0x80 .\CortexM3\ARM_GCC_493\Debug\CorEx-Mux-Kernel.a(I2C_Bus.o)
                0x0001a390                I2C_Bus_Init
 .text.I2C_Bus_Enable
                0x0001a410       0x44 .\CortexM3\ARM_GCC_493\Debug\CorEx-Mux-Kernel.a(I2C_Bus.o)
                0x0001a410                I2C_Bus_Enable
 .text.I2C_Bus_Start
                0x0001a454       0x2c .\CortexM3\ARM_GCC_493\Debug\CorEx-Mux-Kernel.a(I2C_Bus.o)
                0x0001a454                I2C_Bus_Start
 .text.I2C_Bus_ISR
                0x0001a480      0x3ac .\CortexM3\ARM_GCC_493\Debug\CorEx-Mux-Kernel.a(I2C_Bus_INT.o)
                0x0001a480                I2C_Bus_ISR
 .text.I2C_Bus_MasterSendStart
                0x0001a82c       0xbc .\CortexM3\ARM_GCC_493\Debug\CorEx-Mux-Kernel.a(I2C_Bus_MASTER.o)
                0x0001a82c                I2C_Bus_MasterSendStart
 .text.I2C_Bus_MasterSendRestart
                0x0001a8e8       0xa4 .\CortexM3\ARM_GCC_493\Debug\CorEx-Mux-Kernel.a(I2C_Bus_MASTER.o)
                0x0001a8e8                I2C_Bus_MasterSendRestart
 .text.I2C_Bus_MasterSendStop
                0x0001a98c       0x58 .\CortexM3\ARM_GCC_493\Debug\CorEx-Mux-Kernel.a(I2C_Bus_MASTER.o)
                0x0001a98c                I2C_Bus_MasterSendStop
 .text.I2C_Bus_MasterWriteByte
                0x0001a9e4       0x80 .\CortexM3\ARM_GCC_493\Debug\CorEx-Mux-Kernel.a(I2C_Bus_MASTER.o)
                0x0001a9e4                I2C_Bus_MasterWriteByte
 .text.I2C_Bus_MasterReadByte
                0x0001aa64       0x7c .\CortexM3\ARM_GCC_493\Debug\CorEx-Mux-Kernel.a(I2C_Bus_MASTER.o)
                0x0001aa64                I2C_Bus_MasterReadByte
 .text.I2C_Bus_MasterClearStatus
                0x0001aae0       0x3c .\CortexM3\ARM_GCC_493\Debug\CorEx-Mux-Kernel.a(I2C_Bus_MASTER.o)
                0x0001aae0                I2C_Bus_MasterClearStatus
 .text.iButton1_Write
                0x0001ab1c       0x3c .\CortexM3\ARM_GCC_493\Debug\CorEx-Mux-Kernel.a(iButton1.o)
                0x0001ab1c                iButton1_Write
 .text.iButton1_Read
                0x0001ab58       0x20 .\CortexM3\ARM_GCC_493\Debug\CorEx-Mux-Kernel.a(iButton1.o)
                0x0001ab58                iButton1_Read
 .text.iButton2_Write
                0x0001ab78       0x34 .\CortexM3\ARM_GCC_493\Debug\CorEx-Mux-Kernel.a(iButton2.o)
                0x0001ab78                iButton2_Write
 .text.iButton2_Read
                0x0001abac       0x1c .\CortexM3\ARM_GCC_493\Debug\CorEx-Mux-Kernel.a(iButton2.o)
                0x0001abac                iButton2_Read
 .text.eepromWP_Write
                0x0001abc8       0x3c .\CortexM3\ARM_GCC_493\Debug\CorEx-Mux-Kernel.a(eepromWP.o)
                0x0001abc8                eepromWP_Write
 .text.Timer_DispenserState_Init
                0x0001ac04       0x4c .\CortexM3\ARM_GCC_493\Debug\CorEx-Mux-Kernel.a(Timer_DispenserState.o)
                0x0001ac04                Timer_DispenserState_Init
 .text.Timer_DispenserState_Enable
                0x0001ac50       0x20 .\CortexM3\ARM_GCC_493\Debug\CorEx-Mux-Kernel.a(Timer_DispenserState.o)
                0x0001ac50                Timer_DispenserState_Enable
 .text.Timer_DispenserState_Start
                0x0001ac70       0x20 .\CortexM3\ARM_GCC_493\Debug\CorEx-Mux-Kernel.a(Timer_DispenserState.o)
                0x0001ac70                Timer_DispenserState_Start
 .text.Timer_DispenserState_SetInterruptMode
                0x0001ac90       0x20 .\CortexM3\ARM_GCC_493\Debug\CorEx-Mux-Kernel.a(Timer_DispenserState.o)
                0x0001ac90                Timer_DispenserState_SetInterruptMode
 .text.Timer_DispenserState_ReadStatusRegister
                0x0001acb0       0x18 .\CortexM3\ARM_GCC_493\Debug\CorEx-Mux-Kernel.a(Timer_DispenserState.o)
                0x0001acb0                Timer_DispenserState_ReadStatusRegister
 .text.Timer_DispenserState_WritePeriod
                0x0001acc8       0x20 .\CortexM3\ARM_GCC_493\Debug\CorEx-Mux-Kernel.a(Timer_DispenserState.o)
                0x0001acc8                Timer_DispenserState_WritePeriod
 .text.Timer_DispenserState_ReadCapture
                0x0001ace8       0x18 .\CortexM3\ARM_GCC_493\Debug\CorEx-Mux-Kernel.a(Timer_DispenserState.o)
                0x0001ace8                Timer_DispenserState_ReadCapture
 .text.Timer_DispenserState_WriteCounter
                0x0001ad00       0x20 .\CortexM3\ARM_GCC_493\Debug\CorEx-Mux-Kernel.a(Timer_DispenserState.o)
                0x0001ad00                Timer_DispenserState_WriteCounter
 .text.Timer_DispenserState_ReadCounter
                0x0001ad20       0x20 .\CortexM3\ARM_GCC_493\Debug\CorEx-Mux-Kernel.a(Timer_DispenserState.o)
                0x0001ad20                Timer_DispenserState_ReadCounter
 .text.Timer_DispenserState_ClearFIFO
                0x0001ad40       0x1c .\CortexM3\ARM_GCC_493\Debug\CorEx-Mux-Kernel.a(Timer_DispenserState.o)
                0x0001ad40                Timer_DispenserState_ClearFIFO
 .text.DispenserStateTimeout_ISR_StartEx
                0x0001ad5c       0x24 .\CortexM3\ARM_GCC_493\Debug\CorEx-Mux-Kernel.a(DispenserStateTimeout_ISR.o)
                0x0001ad5c                DispenserStateTimeout_ISR_StartEx
 .text.DispenserStateTimeout_ISR_SetVector
                0x0001ad80       0x24 .\CortexM3\ARM_GCC_493\Debug\CorEx-Mux-Kernel.a(DispenserStateTimeout_ISR.o)
                0x0001ad80                DispenserStateTimeout_ISR_SetVector
 .text.DispenserStateTimeout_ISR_SetPriority
                0x0001ada4       0x24 .\CortexM3\ARM_GCC_493\Debug\CorEx-Mux-Kernel.a(DispenserStateTimeout_ISR.o)
                0x0001ada4                DispenserStateTimeout_ISR_SetPriority
 .text.DispenserStateTimeout_ISR_Enable
                0x0001adc8       0x18 .\CortexM3\ARM_GCC_493\Debug\CorEx-Mux-Kernel.a(DispenserStateTimeout_ISR.o)
                0x0001adc8                DispenserStateTimeout_ISR_Enable
 .text.DispenserStateTimeout_ISR_Disable
                0x0001ade0       0x18 .\CortexM3\ARM_GCC_493\Debug\CorEx-Mux-Kernel.a(DispenserStateTimeout_ISR.o)
                0x0001ade0                DispenserStateTimeout_ISR_Disable
 .text.Timer_Tick_Init
                0x0001adf8       0x9c .\CortexM3\ARM_GCC_493\Debug\CorEx-Mux-Kernel.a(Timer_Tick.o)
                0x0001adf8                Timer_Tick_Init
 .text.Timer_Tick_Enable
                0x0001ae94       0x48 .\CortexM3\ARM_GCC_493\Debug\CorEx-Mux-Kernel.a(Timer_Tick.o)
                0x0001ae94                Timer_Tick_Enable
 .text.Timer_Tick_Start
                0x0001aedc       0x20 .\CortexM3\ARM_GCC_493\Debug\CorEx-Mux-Kernel.a(Timer_Tick.o)
                0x0001aedc                Timer_Tick_Start
 .text.Timer_Tick_SetInterruptMode
                0x0001aefc       0x20 .\CortexM3\ARM_GCC_493\Debug\CorEx-Mux-Kernel.a(Timer_Tick.o)
                0x0001aefc                Timer_Tick_SetInterruptMode
 .text.Timer_Tick_ReadStatusRegister
                0x0001af1c       0x18 .\CortexM3\ARM_GCC_493\Debug\CorEx-Mux-Kernel.a(Timer_Tick.o)
                0x0001af1c                Timer_Tick_ReadStatusRegister
 .text.Timer_Tick_WritePeriod
                0x0001af34       0x24 .\CortexM3\ARM_GCC_493\Debug\CorEx-Mux-Kernel.a(Timer_Tick.o)
                0x0001af34                Timer_Tick_WritePeriod
 .text.Timer_Tick_WriteCounter
                0x0001af58       0x20 .\CortexM3\ARM_GCC_493\Debug\CorEx-Mux-Kernel.a(Timer_Tick.o)
                0x0001af58                Timer_Tick_WriteCounter
 .text.Timer_Tick_ReadCounter
                0x0001af78       0x20 .\CortexM3\ARM_GCC_493\Debug\CorEx-Mux-Kernel.a(Timer_Tick.o)
                0x0001af78                Timer_Tick_ReadCounter
 .text.pow10    0x0001af98       0x10 c:/program files (x86)/cypress/psoc creator/3.3/psoc creator/import/gnu/arm/4.9.3/bin/../lib/gcc/arm-none-eabi/4.9.3/../../../../arm-none-eabi/lib/armv7-m\libm.a(lib_a-s_pow10.o)
                0x0001af98                pow10
 .text.round    0x0001afa8       0xa0 c:/program files (x86)/cypress/psoc creator/3.3/psoc creator/import/gnu/arm/4.9.3/bin/../lib/gcc/arm-none-eabi/4.9.3/../../../../arm-none-eabi/lib/armv7-m\libm.a(lib_a-s_round.o)
                0x0001afa8                round
 .text.pow      0x0001b048      0x2f0 c:/program files (x86)/cypress/psoc creator/3.3/psoc creator/import/gnu/arm/4.9.3/bin/../lib/gcc/arm-none-eabi/4.9.3/../../../../arm-none-eabi/lib/armv7-m\libm.a(lib_a-w_pow.o)
                0x0001b048                pow
 .text.__ieee754_pow
                0x0001b338      0xaa0 c:/program files (x86)/cypress/psoc creator/3.3/psoc creator/import/gnu/arm/4.9.3/bin/../lib/gcc/arm-none-eabi/4.9.3/../../../../arm-none-eabi/lib/armv7-m\libm.a(lib_a-e_pow.o)
                0x0001b338                __ieee754_pow
 .text.__ieee754_sqrt
                0x0001bdd8      0x18c c:/program files (x86)/cypress/psoc creator/3.3/psoc creator/import/gnu/arm/4.9.3/bin/../lib/gcc/arm-none-eabi/4.9.3/../../../../arm-none-eabi/lib/armv7-m\libm.a(lib_a-e_sqrt.o)
                0x0001bdd8                __ieee754_sqrt
 .text.fabs     0x0001bf64        0x8 c:/program files (x86)/cypress/psoc creator/3.3/psoc creator/import/gnu/arm/4.9.3/bin/../lib/gcc/arm-none-eabi/4.9.3/../../../../arm-none-eabi/lib/armv7-m\libm.a(lib_a-s_fabs.o)
                0x0001bf64                fabs
 .text.finite   0x0001bf6c        0xc c:/program files (x86)/cypress/psoc creator/3.3/psoc creator/import/gnu/arm/4.9.3/bin/../lib/gcc/arm-none-eabi/4.9.3/../../../../arm-none-eabi/lib/armv7-m\libm.a(lib_a-s_finite.o)
                0x0001bf6c                finite
 .text.__fpclassifyd
                0x0001bf78       0x58 c:/program files (x86)/cypress/psoc creator/3.3/psoc creator/import/gnu/arm/4.9.3/bin/../lib/gcc/arm-none-eabi/4.9.3/../../../../arm-none-eabi/lib/armv7-m\libm.a(lib_a-s_fpclassify.o)
                0x0001bf78                __fpclassifyd
 .text.matherr  0x0001bfd0        0x4 c:/program files (x86)/cypress/psoc creator/3.3/psoc creator/import/gnu/arm/4.9.3/bin/../lib/gcc/arm-none-eabi/4.9.3/../../../../arm-none-eabi/lib/armv7-m\libm.a(lib_a-s_matherr.o)
                0x0001bfd0                matherr
 .text.nan      0x0001bfd4        0xc c:/program files (x86)/cypress/psoc creator/3.3/psoc creator/import/gnu/arm/4.9.3/bin/../lib/gcc/arm-none-eabi/4.9.3/../../../../arm-none-eabi/lib/armv7-m\libm.a(lib_a-s_nan.o)
                0x0001bfd4                nan
 .text.rint     0x0001bfe0      0x11c c:/program files (x86)/cypress/psoc creator/3.3/psoc creator/import/gnu/arm/4.9.3/bin/../lib/gcc/arm-none-eabi/4.9.3/../../../../arm-none-eabi/lib/armv7-m\libm.a(lib_a-s_rint.o)
                0x0001bfe0                rint
 *fill*         0x0001c0fc        0x4 
 .text.scalbn   0x0001c100       0xf0 c:/program files (x86)/cypress/psoc creator/3.3/psoc creator/import/gnu/arm/4.9.3/bin/../lib/gcc/arm-none-eabi/4.9.3/../../../../arm-none-eabi/lib/armv7-m\libm.a(lib_a-s_scalbn.o)
                0x0001c100                scalbn
 .text.copysign
                0x0001c1f0       0x10 c:/program files (x86)/cypress/psoc creator/3.3/psoc creator/import/gnu/arm/4.9.3/bin/../lib/gcc/arm-none-eabi/4.9.3/../../../../arm-none-eabi/lib/armv7-m\libm.a(lib_a-s_copysign.o)
                0x0001c1f0                copysign
 .text          0x0001c200      0x370 c:/program files (x86)/cypress/psoc creator/3.3/psoc creator/import/gnu/arm/4.9.3/bin/../lib/gcc/arm-none-eabi/4.9.3/armv7-m\libgcc.a(_arm_addsubdf3.o)
                0x0001c200                __aeabi_drsub
                0x0001c208                __aeabi_dsub
                0x0001c208                __subdf3
                0x0001c20c                __aeabi_dadd
                0x0001c20c                __adddf3
                0x0001c484                __floatunsidf
                0x0001c484                __aeabi_ui2d
                0x0001c4a4                __floatsidf
                0x0001c4a4                __aeabi_i2d
                0x0001c4c8                __aeabi_f2d
                0x0001c4c8                __extendsfdf2
                0x0001c504                __floatundidf
                0x0001c504                __aeabi_ul2d
                0x0001c514                __floatdidf
                0x0001c514                __aeabi_l2d
 .text          0x0001c570      0x424 c:/program files (x86)/cypress/psoc creator/3.3/psoc creator/import/gnu/arm/4.9.3/bin/../lib/gcc/arm-none-eabi/4.9.3/armv7-m\libgcc.a(_arm_muldivdf3.o)
                0x0001c570                __aeabi_dmul
                0x0001c570                __muldf3
                0x0001c7c4                __divdf3
                0x0001c7c4                __aeabi_ddiv
 .text          0x0001c994      0x110 c:/program files (x86)/cypress/psoc creator/3.3/psoc creator/import/gnu/arm/4.9.3/bin/../lib/gcc/arm-none-eabi/4.9.3/armv7-m\libgcc.a(_arm_cmpdf2.o)
                0x0001c994                __gtdf2
                0x0001c994                __gedf2
                0x0001c99c                __ltdf2
                0x0001c99c                __ledf2
                0x0001c9a4                __nedf2
                0x0001c9a4                __eqdf2
                0x0001c9a4                __cmpdf2
                0x0001ca20                __aeabi_cdrcmple
                0x0001ca30                __aeabi_cdcmpeq
                0x0001ca30                __aeabi_cdcmple
                0x0001ca40                __aeabi_dcmpeq
                0x0001ca54                __aeabi_dcmplt
                0x0001ca68                __aeabi_dcmple
                0x0001ca7c                __aeabi_dcmpge
                0x0001ca90                __aeabi_dcmpgt
 .text          0x0001caa4       0x40 c:/program files (x86)/cypress/psoc creator/3.3/psoc creator/import/gnu/arm/4.9.3/bin/../lib/gcc/arm-none-eabi/4.9.3/armv7-m\libgcc.a(_arm_fixunsdfsi.o)
                0x0001caa4                __aeabi_d2uiz
                0x0001caa4                __fixunsdfsi
 .text          0x0001cae4       0x30 c:/program files (x86)/cypress/psoc creator/3.3/psoc creator/import/gnu/arm/4.9.3/bin/../lib/gcc/arm-none-eabi/4.9.3/armv7-m\libgcc.a(_aeabi_uldivmod.o)
                0x0001cae4                __aeabi_uldivmod
 .text          0x0001cb14       0x60 c:/program files (x86)/cypress/psoc creator/3.3/psoc creator/import/gnu/arm/4.9.3/bin/../lib/gcc/arm-none-eabi/4.9.3/armv7-m\libgcc.a(bpabi.o)
                0x0001cb14                __gnu_ldivmod_helper
                0x0001cb44                __gnu_uldivmod_helper
 .text          0x0001cb74        0x4 c:/program files (x86)/cypress/psoc creator/3.3/psoc creator/import/gnu/arm/4.9.3/bin/../lib/gcc/arm-none-eabi/4.9.3/armv7-m\libgcc.a(_dvmd_tls.o)
                0x0001cb74                __aeabi_idiv0
                0x0001cb74                __aeabi_ldiv0
 .text          0x0001cb78      0x2ac c:/program files (x86)/cypress/psoc creator/3.3/psoc creator/import/gnu/arm/4.9.3/bin/../lib/gcc/arm-none-eabi/4.9.3/armv7-m\libgcc.a(_divdi3.o)
                0x0001cb78                __divdi3
 .text          0x0001ce24      0x270 c:/program files (x86)/cypress/psoc creator/3.3/psoc creator/import/gnu/arm/4.9.3/bin/../lib/gcc/arm-none-eabi/4.9.3/armv7-m\libgcc.a(_udivdi3.o)
                0x0001ce24                __udivdi3
 .text.__errno  0x0001d094        0xc c:/program files (x86)/cypress/psoc creator/3.3/psoc creator/import/gnu/arm/4.9.3/bin/../lib/gcc/arm-none-eabi/4.9.3/../../../../arm-none-eabi/lib/armv7-m\libg_nano.a(lib_a-errno.o)
                0x0001d094                __errno
 .text.__libc_init_array
                0x0001d0a0       0x4c c:/program files (x86)/cypress/psoc creator/3.3/psoc creator/import/gnu/arm/4.9.3/bin/../lib/gcc/arm-none-eabi/4.9.3/../../../../arm-none-eabi/lib/armv7-m\libg_nano.a(lib_a-init.o)
                0x0001d0a0                __libc_init_array
 .text.memcpy   0x0001d0ec       0x16 c:/program files (x86)/cypress/psoc creator/3.3/psoc creator/import/gnu/arm/4.9.3/bin/../lib/gcc/arm-none-eabi/4.9.3/../../../../arm-none-eabi/lib/armv7-m\libg_nano.a(lib_a-memcpy.o)