Archive member included because of file (symbol)

.\CortexM3\ARM_GCC_493\Debug\CorEx-Mux-Kernel.a(cyfitter_cfg.o)
                              .\CortexM3\ARM_GCC_493\Debug\Cm3Start.o (cyfitter_cfg)
.\CortexM3\ARM_GCC_493\Debug\CorEx-Mux-Kernel.a(RF_Physical.o)
                              .\CortexM3\ARM_GCC_493\Debug\UARTManager.o (RF_Physical_Start)
.\CortexM3\ARM_GCC_493\Debug\CorEx-Mux-Kernel.a(RF_Physical_INT.o)
                              .\CortexM3\ARM_GCC_493\Debug\CorEx-Mux-Kernel.a(RF_Physical.o) (RF_Physical_RXISR)
.\CortexM3\ARM_GCC_493\Debug\CorEx-Mux-Kernel.a(RF_Physical_IntClock.o)
                              .\CortexM3\ARM_GCC_493\Debug\CorEx-Mux-Kernel.a(RF_Physical.o) (RF_Physical_IntClock_Start)
.\CortexM3\ARM_GCC_493\Debug\CorEx-Mux-Kernel.a(CyBootAsmGnu.o)
                              .\CortexM3\ARM_GCC_493\Debug\CorEx-Mux-Kernel.a(cyfitter_cfg.o) (CyDelayCycles)
.\CortexM3\ARM_GCC_493\Debug\CorEx-Mux-Kernel.a(CyLib.o)
                              .\CortexM3\ARM_GCC_493\Debug\Cm3Start.o (CyResetStatus)
.\CortexM3\ARM_GCC_493\Debug\CorEx-Mux-Kernel.a(cyPm.o)
                              .\CortexM3\ARM_GCC_493\Debug\CorEx-Mux-Kernel.a(CyLib.o) (CyPmReadStatus)
.\CortexM3\ARM_GCC_493\Debug\CorEx-Mux-Kernel.a(CRC_Security.o)
                              .\CortexM3\ARM_GCC_493\Debug\Security.o (CRC_Security_Start)
.\CortexM3\ARM_GCC_493\Debug\CorEx-Mux-Kernel.a(ShiftReg_Security.o)
                              .\CortexM3\ARM_GCC_493\Debug\Security.o (ShiftReg_Security_Start)
.\CortexM3\ARM_GCC_493\Debug\CorEx-Mux-Kernel.a(Clock_CRC.o)
                              .\CortexM3\ARM_GCC_493\Debug\Security.o (Clock_CRC_Write)
.\CortexM3\ARM_GCC_493\Debug\CorEx-Mux-Kernel.a(Reset_CRC.o)
                              .\CortexM3\ARM_GCC_493\Debug\Security.o (Reset_CRC_Write)
.\CortexM3\ARM_GCC_493\Debug\CorEx-Mux-Kernel.a(Printer.o)
                              .\CortexM3\ARM_GCC_493\Debug\UARTManager.o (Printer_Start)
.\CortexM3\ARM_GCC_493\Debug\CorEx-Mux-Kernel.a(Dispenser.o)
                              .\CortexM3\ARM_GCC_493\Debug\UARTManager.o (Dispenser_Start)
.\CortexM3\ARM_GCC_493\Debug\CorEx-Mux-Kernel.a(Dispenser_INT.o)
                              .\CortexM3\ARM_GCC_493\Debug\CorEx-Mux-Kernel.a(Dispenser.o) (Dispenser_RXISR)
.\CortexM3\ARM_GCC_493\Debug\CorEx-Mux-Kernel.a(Display1.o)
                              .\CortexM3\ARM_GCC_493\Debug\UARTManager.o (Display1_Start)
.\CortexM3\ARM_GCC_493\Debug\CorEx-Mux-Kernel.a(Display1_INT.o)
                              .\CortexM3\ARM_GCC_493\Debug\CorEx-Mux-Kernel.a(Display1.o) (Display1_RXISR)
.\CortexM3\ARM_GCC_493\Debug\CorEx-Mux-Kernel.a(Display2.o)
                              .\CortexM3\ARM_GCC_493\Debug\UARTManager.o (Display2_Start)
.\CortexM3\ARM_GCC_493\Debug\CorEx-Mux-Kernel.a(Display2_INT.o)
                              .\CortexM3\ARM_GCC_493\Debug\CorEx-Mux-Kernel.a(Display2.o) (Display2_RXISR)
.\CortexM3\ARM_GCC_493\Debug\CorEx-Mux-Kernel.a(Counter_ISR.o)
                              .\CortexM3\ARM_GCC_493\Debug\Timers.o (Counter_ISR_StartEx)
.\CortexM3\ARM_GCC_493\Debug\CorEx-Mux-Kernel.a(Display1_IntClock.o)
                              .\CortexM3\ARM_GCC_493\Debug\CorEx-Mux-Kernel.a(Display1.o) (Display1_IntClock_Start)
.\CortexM3\ARM_GCC_493\Debug\CorEx-Mux-Kernel.a(Display2_IntClock.o)
                              .\CortexM3\ARM_GCC_493\Debug\CorEx-Mux-Kernel.a(Display2.o) (Display2_IntClock_Start)
.\CortexM3\ARM_GCC_493\Debug\CorEx-Mux-Kernel.a(I2C_Bus.o)
                              .\CortexM3\ARM_GCC_493\Debug\Initializers.o (I2C_Bus_Start)
.\CortexM3\ARM_GCC_493\Debug\CorEx-Mux-Kernel.a(I2C_Bus_INT.o)
                              .\CortexM3\ARM_GCC_493\Debug\CorEx-Mux-Kernel.a(I2C_Bus.o) (I2C_Bus_ISR)
.\CortexM3\ARM_GCC_493\Debug\CorEx-Mux-Kernel.a(I2C_Bus_PM.o)
                              .\CortexM3\ARM_GCC_493\Debug\CorEx-Mux-Kernel.a(I2C_Bus.o) (I2C_Bus_backup)
.\CortexM3\ARM_GCC_493\Debug\CorEx-Mux-Kernel.a(I2C_Bus_MASTER.o)
                              .\CortexM3\ARM_GCC_493\Debug\CorEx-Mux-Kernel.a(I2C_Bus.o) (I2C_Bus_mstrStatus)
.\CortexM3\ARM_GCC_493\Debug\CorEx-Mux-Kernel.a(iButton1.o)
                              .\CortexM3\ARM_GCC_493\Debug\iButtonProtocol.o (iButton1_Write)
.\CortexM3\ARM_GCC_493\Debug\CorEx-Mux-Kernel.a(iButton2.o)
                              .\CortexM3\ARM_GCC_493\Debug\TestFile.o (iButton2_Write)
.\CortexM3\ARM_GCC_493\Debug\CorEx-Mux-Kernel.a(eepromWP.o)
                              .\CortexM3\ARM_GCC_493\Debug\EepromManager.o (eepromWP_Write)
.\CortexM3\ARM_GCC_493\Debug\CorEx-Mux-Kernel.a(Timer_DispenserState.o)
                              .\CortexM3\ARM_GCC_493\Debug\Timers.o (Timer_DispenserState_Start)
.\CortexM3\ARM_GCC_493\Debug\CorEx-Mux-Kernel.a(DispenserStateTimeout_ISR.o)
                              .\CortexM3\ARM_GCC_493\Debug\Timers.o (DispenserStateTimeout_ISR_StartEx)
.\CortexM3\ARM_GCC_493\Debug\CorEx-Mux-Kernel.a(Timer_Tick.o)
[...]
Memory Configuration

Name             Origin             Length             Attributes
rom              0x00000000         0x00040000         xr
ram              0x1fff8000         0x00010000         xrw
*default*        0x00000000         0xffffffff

Linker script and memory map

LOAD c:/program files (x86)/cypress/psoc creator/3.3/psoc creator/import/gnu/arm/4.9.3/bin/../lib/gcc/arm-none-eabi/4.9.3/armv7-m/crti.o
LOAD c:/program files (x86)/cypress/psoc creator/3.3/psoc creator/import/gnu/arm/4.9.3/bin/../lib/gcc/arm-none-eabi/4.9.3/armv7-m/crtbegin.o
LOAD c:/program files (x86)/cypress/psoc creator/3.3/psoc creator/import/gnu/arm/4.9.3/bin/../lib/gcc/arm-none-eabi/4.9.3/../../../../arm-none-eabi/lib/armv7-m/crt0.o
START GROUP
LOAD .\CortexM3\ARM_GCC_493\Debug\UARTManager.o
LOAD .\CortexM3\ARM_GCC_493\Debug\UARTResolver.o
LOAD .\CortexM3\ARM_GCC_493\Debug\UARTManagerSink.o
LOAD .\CortexM3\ARM_GCC_493\Debug\PseudoRTOS.o
LOAD .\CortexM3\ARM_GCC_493\Debug\Utils.o
LOAD .\CortexM3\ARM_GCC_493\Debug\Security.o
LOAD .\CortexM3\ARM_GCC_493\Debug\SinkManager.o
LOAD .\CortexM3\ARM_GCC_493\Debug\EepromManager.o
LOAD .\CortexM3\ARM_GCC_493\Debug\RtcManager.o
LOAD .\CortexM3\ARM_GCC_493\Debug\Initializers.o
LOAD .\CortexM3\ARM_GCC_493\Debug\Timers.o
LOAD .\CortexM3\ARM_GCC_493\Debug\TestFile.o
LOAD .\CortexM3\ARM_GCC_493\Debug\AuxPSoC.o
LOAD .\CortexM3\ARM_GCC_493\Debug\WatchDogReset.o
LOAD .\CortexM3\ARM_GCC_493\Debug\DispenserResolver.o
LOAD .\CortexM3\ARM_GCC_493\Debug\DispenserBLL.o
LOAD .\CortexM3\ARM_GCC_493\Debug\DispenserSink.o
LOAD .\CortexM3\ARM_GCC_493\Debug\DisplayBLL.o
LOAD .\CortexM3\ARM_GCC_493\Debug\DisplaySink.o
LOAD .\CortexM3\ARM_GCC_493\Debug\DisplayUtils.o
LOAD .\CortexM3\ARM_GCC_493\Debug\DisplayFlow.o
LOAD .\CortexM3\ARM_GCC_493\Debug\DisplayCharacterMap.o
LOAD .\CortexM3\ARM_GCC_493\Debug\DisplayBufferScreenMap.o
LOAD .\CortexM3\ARM_GCC_493\Debug\DisplayResolver.o
LOAD .\CortexM3\ARM_GCC_493\Debug\PrinterBLL.o
LOAD .\CortexM3\ARM_GCC_493\Debug\PrinterSink.o
LOAD .\CortexM3\ARM_GCC_493\Debug\PrinterResolver.o
LOAD .\CortexM3\ARM_GCC_493\Debug\PrinterTemplate.o
LOAD .\CortexM3\ARM_GCC_493\Debug\Prime.o
LOAD .\CortexM3\ARM_GCC_493\Debug\PrimeFlow.o
LOAD .\CortexM3\ARM_GCC_493\Debug\PrimeImpl.o
LOAD .\CortexM3\ARM_GCC_493\Debug\Encore.o
LOAD .\CortexM3\ARM_GCC_493\Debug\EncoreFlow.o
LOAD .\CortexM3\ARM_GCC_493\Debug\EncoreImpl.o
LOAD .\CortexM3\ARM_GCC_493\Debug\Advantage.o
LOAD .\CortexM3\ARM_GCC_493\Debug\AdvantageFlow.o
LOAD .\CortexM3\ARM_GCC_493\Debug\AdvantageImpl.o
LOAD .\CortexM3\ARM_GCC_493\Debug\iButtonSink.o
LOAD .\CortexM3\ARM_GCC_493\Debug\iButtonBLL.o
LOAD .\CortexM3\ARM_GCC_493\Debug\iButtonProtocol.o
LOAD .\CortexM3\ARM_GCC_493\Debug\RFSink.o
LOAD .\CortexM3\ARM_GCC_493\Debug\RFBLL.o
LOAD .\CortexM3\ARM_GCC_493\Debug\RFResolver.o
LOAD .\CortexM3\ARM_GCC_493\Debug\RFServerStack.o
LOAD .\CortexM3\ARM_GCC_493\Debug\RFServerStackImpl.o
LOAD .\CortexM3\ARM_GCC_493\Debug\ClientDefinitions.o
LOAD .\CortexM3\ARM_GCC_493\Debug\main.o
LOAD .\CortexM3\ARM_GCC_493\Debug\cymetadata.o
LOAD .\CortexM3\ARM_GCC_493\Debug\Cm3Start.o
LOAD .\CortexM3\ARM_GCC_493\Debug\CorEx-Mux-Kernel.a
LOAD C:\Program Files (x86)\Cypress\PSoC Creator\3.3\PSoC Creator\psoc\content\cycomponentlibrary\CyComponentLibrary.cylib\CortexM3\ARM_GCC_493\Debug\CyComponentLibrary.a
LOAD c:/program files (x86)/cypress/psoc creator/3.3/psoc creator/import/gnu/arm/4.9.3/bin/../lib/gcc/arm-none-eabi/4.9.3/../../../../arm-none-eabi/lib/armv7-m\libm.a
END GROUP
START GROUP
LOAD c:/program files (x86)/cypress/psoc creator/3.3/psoc creator/import/gnu/arm/4.9.3/bin/../lib/gcc/arm-none-eabi/4.9.3/armv7-m\libgcc.a
LOAD c:/program files (x86)/cypress/psoc creator/3.3/psoc creator/import/gnu/arm/4.9.3/bin/../lib/gcc/arm-none-eabi/4.9.3/../../../../arm-none-eabi/lib/armv7-m\libg_nano.a
LOAD c:/program files (x86)/cypress/psoc creator/3.3/psoc creator/import/gnu/arm/4.9.3/bin/../lib/gcc/arm-none-eabi/4.9.3/../../../../arm-none-eabi/lib/armv7-m\libc_nano.a
END GROUP
START GROUP
LOAD c:/program files (x86)/cypress/psoc creator/3.3/psoc creator/import/gnu/arm/4.9.3/bin/../lib/gcc/arm-none-eabi/4.9.3/armv7-m\libgcc.a
LOAD c:/program files (x86)/cypress/psoc creator/3.3/psoc creator/import/gnu/arm/4.9.3/bin/../lib/gcc/arm-none-eabi/4.9.3/../../../../arm-none-eabi/lib/armv7-m\libc_nano.a
END GROUP
LOAD c:/program files (x86)/cypress/psoc creator/3.3/psoc creator/import/gnu/arm/4.9.3/bin/../lib/gcc/arm-none-eabi/4.9.3/armv7-m/crtend.o
LOAD c:/program files (x86)/cypress/psoc creator/3.3/psoc creator/import/gnu/arm/4.9.3/bin/../lib/gcc/arm-none-eabi/4.9.3/armv7-m/crtn.o
START GROUP
LOAD c:/program files (x86)/cypress/psoc creator/3.3/psoc creator/import/gnu/arm/4.9.3/bin/../lib/gcc/arm-none-eabi/4.9.3/armv7-m\libgcc.a
LOAD c:/program files (x86)/cypress/psoc creator/3.3/psoc creator/import/gnu/arm/4.9.3/bin/../lib/gcc/arm-none-eabi/4.9.3/../../../../arm-none-eabi/lib/armv7-m\libc.a
LOAD c:/program files (x86)/cypress/psoc creator/3.3/psoc creator/import/gnu/arm/4.9.3/bin/../lib/gcc/arm-none-eabi/4.9.3/../../../../arm-none-eabi/lib/armv7-m\libnosys.a
END GROUP
                0x00000000                CY_APPL_ORIGIN = 0x0
                0x00000100                CY_FLASH_ROW_SIZE = 0x100
                0x00000020                CY_ECC_ROW_SIZE = 0x20
                0x00000000                CY_EE_IN_BTLDR = 0x0
                0x00000000                CY_APPL_LOADABLE = 0x0
                0x00000800                CY_EE_SIZE = 0x800
                0x00000001                CY_APPL_NUM = 0x1
                0x00000001                CY_APPL_MAX = 0x1
                0x00000040                CY_METADATA_SIZE = 0x40
                0x00000000                CY_APPL_LOADABLE = 0x0
                0x00000000                CY_CHECKSUM_EXCLUDE_SIZE = ALIGN (0x0, CY_FLASH_ROW_SIZE)
                0x20007820                PROVIDE (__cy_heap_start, _end)
                0x00000001                PROVIDE (__cy_region_num, ((__cy_regions_end - __cy_regions) / 0x10))
                0x20008000                PROVIDE (__cy_stack, (ORIGIN (ram) + 0x10000))
                0x20007800                PROVIDE (__cy_heap_end, (__cy_stack - 0x800))

.cybootloader   0x00000000        0x0
 *(.cybootloader)
                0x00000000                appl1_start = CY_APPL_ORIGIN?CY_APPL_ORIGIN:ALIGN (CY_FLASH_ROW_SIZE)
                0x0001ff00                appl2_start = (appl1_start + ALIGN ((((0x40000 - appl1_start) - (0x2 * CY_FLASH_ROW_SIZE)) / 0x2), CY_FLASH_ROW_SIZE))
                0x00000000                appl_start = (CY_APPL_NUM == 0x1)?appl1_start:appl2_start
                0x00000000                ecc_offset = ((appl_start / CY_FLASH_ROW_SIZE) * CY_ECC_ROW_SIZE)
                0x00000000                ee_offset = (CY_APPL_LOADABLE && ! (CY_EE_IN_BTLDR))?((CY_EE_SIZE / CY_APPL_MAX) * (CY_APPL_NUM - 0x1)):0x0
                0x00000800                ee_size = (CY_APPL_LOADABLE && ! (CY_EE_IN_BTLDR))?(CY_EE_SIZE / CY_APPL_MAX):CY_EE_SIZE
                0x00000000                PROVIDE (CY_ECC_OFFSET, ecc_offset)

.text           0x00000000    0x1d602
 CREATE_OBJECT_SYMBOLS
                0x00000000                PROVIDE (__cy_interrupt_vector, RomVectors)
 *(.romvectors)
 .romvectors    0x00000000       0x10 .\CortexM3\ARM_GCC_493\Debug\Cm3Start.o
                0x00000000                RomVectors
                0x00000001                ASSERT ((. != __cy_interrupt_vector), No interrupt vector)
                0x00000001                ASSERT (CY_APPL_ORIGIN?(SIZEOF (.cybootloader) <= CY_APPL_ORIGIN):0x1, Wrong image location)
                0x00000010                PROVIDE (__cy_reset, Reset)
 *(.text.Reset)
 .text.Reset    0x00000010       0x18 .\CortexM3\ARM_GCC_493\Debug\Cm3Start.o
                0x00000010                Reset
                0x00000001                ASSERT ((. != __cy_reset), No reset code)
 *(.dma_init)
                0x00000001                ASSERT ((((appl_start + .) <= 0x10000) || 0x1), DMA Init must be within the first 64k of flash)
 *(.text .text.* .gnu.linkonce.t.*)
 .text          0x00000028       0x5c c:/program files (x86)/cypress/psoc creator/3.3/psoc creator/import/gnu/arm/4.9.3/bin/../lib/gcc/arm-none-eabi/4.9.3/armv7-m/crtbegin.o
 .text.UARTGlobalHandler
                0x00000084       0x50 .\CortexM3\ARM_GCC_493\Debug\UARTManager.o
                0x00000084                UARTGlobalHandler
 .text.GetUARTManager
                0x000000d4       0x3c .\CortexM3\ARM_GCC_493\Debug\UARTManager.o
                0x000000d4                GetUARTManager
 .text.GetUARTMessageSlot
                0x00000110       0xb4 .\CortexM3\ARM_GCC_493\Debug\UARTManager.o
                0x00000110                GetUARTMessageSlot
 .text.InitUARTManager
                0x000001c4       0x84 .\CortexM3\ARM_GCC_493\Debug\UARTManager.o
                0x000001c4                InitUARTManager
 .text.ReleaseMessage
                0x00000248       0x34 .\CortexM3\ARM_GCC_493\Debug\UARTManager.o
                0x00000248                ReleaseMessage
 .text.InvokeResolver
                0x0000027c       0x54 .\CortexM3\ARM_GCC_493\Debug\UARTResolver.o
                0x0000027c                InvokeResolver
 .text.UARTSinkRegistration
                0x000002d0        0xc .\CortexM3\ARM_GCC_493\Debug\UARTManagerSink.o
                0x000002d0                UARTSinkRegistration
 .text.loop_push
                0x000002dc       0x3c .\CortexM3\ARM_GCC_493\Debug\PseudoRTOS.o
                0x000002dc                loop_push
 .text.loop_invoke
                0x00000318       0x4c .\CortexM3\ARM_GCC_493\Debug\PseudoRTOS.o
                0x00000318                loop_invoke
 .text.B78AD90CF552D9B30A
                0x00000364      0x1dc .\CortexM3\ARM_GCC_493\Debug\Utils.o
                0x00000364                B78AD90CF552D9B30A
 .text.PSTRBUFFTOGG
                0x00000540       0x7c .\CortexM3\ARM_GCC_493\Debug\Utils.o
                0x00000540                PSTRBUFFTOGG
 .text.LSDBCDBUFF2HEX
                0x000005bc       0x94 .\CortexM3\ARM_GCC_493\Debug\Utils.o
                0x000005bc                LSDBCDBUFF2HEX
 .text.CRCCheck
                0x00000650       0x58 .\CortexM3\ARM_GCC_493\Debug\Security.o
                0x00000650                CRCCheck
 .text.RawCRCCheck
                0x000006a8       0x44 .\CortexM3\ARM_GCC_493\Debug\Security.o
                0x000006a8                RawCRCCheck
 .text.SinkManagerRegistration
                0x000006ec      0x148 .\CortexM3\ARM_GCC_493\Debug\SinkManager.o
                0x000006ec                SinkManagerRegistration
 *fill*         0x00000834        0x4 
 .text.AllocateMessageSlot
                0x00000838      0x150 .\CortexM3\ARM_GCC_493\Debug\SinkManager.o
                0x00000838                AllocateMessageSlot
 .text.FindSinkMessage
                0x00000988       0xc8 .\CortexM3\ARM_GCC_493\Debug\SinkManager.o
                0x00000988                FindSinkMessage
 .text.AllocateMessageSlotConditional
                0x00000a50      0x190 .\CortexM3\ARM_GCC_493\Debug\SinkManager.o
                0x00000a50                AllocateMessageSlotConditional
 .text.AllocateMessageArraySlotConditional
                0x00000be0      0x100 .\CortexM3\ARM_GCC_493\Debug\SinkManager.o
                0x00000be0                AllocateMessageArraySlotConditional
 .text.ReleaseSinkMessage
                0x00000ce0       0x2c .\CortexM3\ARM_GCC_493\Debug\SinkManager.o
                0x00000ce0                ReleaseSinkMessage
 .text.ReleaseSinkMessageByID
                0x00000d0c       0x4c .\CortexM3\ARM_GCC_493\Debug\SinkManager.o
                0x00000d0c                ReleaseSinkMessageByID
 .text.AllocateSubscriberSlot
                0x00000d58       0x68 .\CortexM3\ARM_GCC_493\Debug\SinkManager.o
                0x00000d58                AllocateSubscriberSlot
 .text.SinkHandler
                0x00000dc0      0x5c0 .\CortexM3\ARM_GCC_493\Debug\SinkManager.o
                0x00000dc0                SinkHandler
 .text.SinkBroadcast
                0x00001380       0x98 .\CortexM3\ARM_GCC_493\Debug\SinkManager.o
                0x00001380                SinkBroadcast
 .text.SinkFirstFound
                0x00001418       0xc0 .\CortexM3\ARM_GCC_493\Debug\SinkManager.o
                0x00001418                SinkFirstFound
 .text.SinkAllInterested
                0x000014d8       0xb4 .\CortexM3\ARM_GCC_493\Debug\SinkManager.o
                0x000014d8                SinkAllInterested
 .text.SinkBroadcastForever
                0x0000158c       0x94 .\CortexM3\ARM_GCC_493\Debug\SinkManager.o
                0x0000158c                SinkBroadcastForever
 .text.SinkCounterUpdateCallback
                0x00001620       0x70 .\CortexM3\ARM_GCC_493\Debug\SinkManager.o
                0x00001620                SinkCounterUpdateCallback
 .text.SinkReleaseByIDCallback
                0x00001690       0x1c .\CortexM3\ARM_GCC_493\Debug\SinkManager.o
                0x00001690                SinkReleaseByIDCallback
 .text.SinkReleaseByPtrCallback
                0x000016ac       0x20 .\CortexM3\ARM_GCC_493\Debug\SinkManager.o
                0x000016ac                SinkReleaseByPtrCallback
 .text.GetEepromBuffer
                0x000016cc       0x14 .\CortexM3\ARM_GCC_493\Debug\EepromManager.o
                0x000016cc                GetEepromBuffer
 .text.ClearEepromBuffer
                0x000016e0       0x14 .\CortexM3\ARM_GCC_493\Debug\EepromManager.o
                0x000016e0                ClearEepromBuffer
 .text.I2CBusLock
                0x000016f4       0x18 .\CortexM3\ARM_GCC_493\Debug\EepromManager.o
                0x000016f4                I2CBusLock
 .text.I2CBusUnlock
                0x0000170c       0x18 .\CortexM3\ARM_GCC_493\Debug\EepromManager.o
                0x0000170c                I2CBusUnlock
 .text.LoadEepromPage
                0x00001724       0x94 .\CortexM3\ARM_GCC_493\Debug\EepromManager.o
                0x00001724                LoadEepromPage
 .text.StoreEepromPage
                0x000017b8       0x8c .\CortexM3\ARM_GCC_493\Debug\EepromManager.o
                0x000017b8                StoreEepromPage
 .text.GetRtcBuffer
                0x00001844       0x14 .\CortexM3\ARM_GCC_493\Debug\RtcManager.o
                0x00001844                GetRtcBuffer
 .text.ClearRtcBuffer
                0x00001858       0x14 .\CortexM3\ARM_GCC_493\Debug\RtcManager.o
                0x00001858                ClearRtcBuffer
 .text.UpdateRTC
                0x0000186c       0xf8 .\CortexM3\ARM_GCC_493\Debug\RtcManager.o
                0x0000186c                UpdateRTC
 .text.ReadRTC  0x00001964       0x84 .\CortexM3\ARM_GCC_493\Debug\RtcManager.o
                0x00001964                ReadRTC
 .text.StartRtc
                0x000019e8       0x30 .\CortexM3\ARM_GCC_493\Debug\RtcManager.o
                0x000019e8                StartRtc
 .text.GlobalInitializer
                0x00001a18       0x48 .\CortexM3\ARM_GCC_493\Debug\Initializers.o
                0x00001a18                GlobalInitializer
 .text.InitTimers
                0x00001a60       0x24 .\CortexM3\ARM_GCC_493\Debug\Timers.o
                0x00001a60                InitTimers
 .text.CounterIsr
                0x00001a84       0x40 .\CortexM3\ARM_GCC_493\Debug\Timers.o
                0x00001a84                CounterIsr
 .text.DispenserStateIsr
                0x00001ac4       0x30 .\CortexM3\ARM_GCC_493\Debug\Timers.o
                0x00001ac4                DispenserStateIsr
 .text.WriteAuxPSoC
                0x00001af4       0x64 .\CortexM3\ARM_GCC_493\Debug\AuxPSoC.o
                0x00001af4                WriteAuxPSoC
 .text.WatchDogInitialize
                0x00001b58       0x48 .\CortexM3\ARM_GCC_493\Debug\WatchDogReset.o
                0x00001b58                WatchDogInitialize
 .text.WatchDogHandler
                0x00001ba0       0x18 .\CortexM3\ARM_GCC_493\Debug\WatchDogReset.o
                0x00001ba0                WatchDogHandler
 .text.WatchDogStartup
                0x00001bb8       0x18 .\CortexM3\ARM_GCC_493\Debug\WatchDogReset.o
                0x00001bb8                WatchDogStartup
 .text.DispenserBufferResolver
                0x00001bd0       0x7c .\CortexM3\ARM_GCC_493\Debug\DispenserResolver.o
                0x00001bd0                DispenserBufferResolver
 .text.DispenserUARTSend
                0x00001c4c       0x54 .\CortexM3\ARM_GCC_493\Debug\DispenserResolver.o
                0x00001c4c                DispenserUARTSend
 .text.DispenserSide1Listener
                0x00001ca0      0x17c .\CortexM3\ARM_GCC_493\Debug\DispenserBLL.o
                0x00001ca0                DispenserSide1Listener
 .text.DispenserSide2Listener
                0x00001e1c      0x17c .\CortexM3\ARM_GCC_493\Debug\DispenserBLL.o
                0x00001e1c                DispenserSide2Listener
 .text.DispenserHoseActiveState
                0x00001f98       0x90 .\CortexM3\ARM_GCC_493\Debug\DispenserBLL.o
                0x00001f98                DispenserHoseActiveState
 .text.DispenserExecuteCreditTransaction
                0x00002028       0x90 .\CortexM3\ARM_GCC_493\Debug\DispenserBLL.o
                0x00002028                DispenserExecuteCreditTransaction
 .text.DispenserExecuteCashTransaction
                0x000020b8       0x94 .\CortexM3\ARM_GCC_493\Debug\DispenserBLL.o
                0x000020b8                DispenserExecuteCashTransaction
 .text.DispenserBeepWarning
                0x0000214c       0x90 .\CortexM3\ARM_GCC_493\Debug\DispenserBLL.o
                0x0000214c                DispenserBeepWarning
 .text.DispenserUpdatePumpState
                0x000021dc      0x138 .\CortexM3\ARM_GCC_493\Debug\DispenserBLL.o
                0x000021dc                DispenserUpdatePumpState
 .text.DispenserUnlockPumpsOnEOT
                0x00002314       0xd4 .\CortexM3\ARM_GCC_493\Debug\DispenserBLL.o
                0x00002314                DispenserUnlockPumpsOnEOT
 .text.DispenserUnlockPumpsOnEOTStartup
                0x000023e8       0x9c .\CortexM3\ARM_GCC_493\Debug\DispenserBLL.o
                0x000023e8                DispenserUnlockPumpsOnEOTStartup
 .text.DispenserRestorePrices
                0x00002484       0xa4 .\CortexM3\ARM_GCC_493\Debug\DispenserBLL.o
                0x00002484                DispenserRestorePrices
 .text.DispenserAcquireConfiguration
                0x00002528      0x114 .\CortexM3\ARM_GCC_493\Debug\DispenserBLL.o
                0x00002528                DispenserAcquireConfiguration
 .text.DispenserConfigurePrices
                0x0000263c      0x12c .\CortexM3\ARM_GCC_493\Debug\DispenserBLL.o
                0x0000263c                DispenserConfigurePrices
 .text.DispenserConfigureSinglePrice
                0x00002768      0x370 .\CortexM3\ARM_GCC_493\Debug\DispenserBLL.o
                0x00002768                DispenserConfigureSinglePrice
 .text.DispenserAcquireTotals
                0x00002ad8       0xa0 .\CortexM3\ARM_GCC_493\Debug\DispenserBLL.o
                0x00002ad8                DispenserAcquireTotals
 .text.DispenserEnumeratePumps
                0x00002b78      0x148 .\CortexM3\ARM_GCC_493\Debug\DispenserBLL.o
                0x00002b78                DispenserEnumeratePumps
 .text.DispenserLoadEEPROMSettings
                0x00002cc0      0x1e4 .\CortexM3\ARM_GCC_493\Debug\DispenserBLL.o
                0x00002cc0                DispenserLoadEEPROMSettings
 .text.DispenserGetEepromPPUPageFromPumpID
                0x00002ea4       0xb0 .\CortexM3\ARM_GCC_493\Debug\DispenserBLL.o
                0x00002ea4                DispenserGetEepromPPUPageFromPumpID
 .text.GetPumpFromRemotePositionID
                0x00002f54       0x64 .\CortexM3\ARM_GCC_493\Debug\DispenserBLL.o
                0x00002f54                GetPumpFromRemotePositionID
 .text.DispenserSinkRegistration
                0x00002fb8      0x31c .\CortexM3\ARM_GCC_493\Debug\DispenserSink.o
                0x00002fb8                DispenserSinkRegistration
 .text.DispenserHandler
                0x000032d4      0x250 .\CortexM3\ARM_GCC_493\Debug\DispenserSink.o
                0x000032d4                DispenserHandler
 .text.DispenserTimeoutHandler
                0x00003524       0xf8 .\CortexM3\ARM_GCC_493\Debug\DispenserSink.o
                0x00003524                DispenserTimeoutHandler
 .text.DispenserDataReceptionHandler
                0x0000361c      0x2b0 .\CortexM3\ARM_GCC_493\Debug\DispenserSink.o
                0x0000361c                DispenserDataReceptionHandler
 .text.DispenserUpdateTimeouts
                0x000038cc       0x84 .\CortexM3\ARM_GCC_493\Debug\DispenserSink.o
                0x000038cc                DispenserUpdateTimeouts
 .text.Display1Logic
                0x00003950      0x1b4 .\CortexM3\ARM_GCC_493\Debug\DisplayBLL.o
                0x00003950                Display1Logic
 .text.Display2Logic
                0x00003b04      0x1b4 .\CortexM3\ARM_GCC_493\Debug\DisplayBLL.o
                0x00003b04                Display2Logic
 .text.DrawNumberOfCopies
                0x00003cb8      0x170 .\CortexM3\ARM_GCC_493\Debug\DisplayBLL.o
                0x00003cb8                DrawNumberOfCopies
 .text.CancelMessageDecorator
                0x00003e28       0xc4 .\CortexM3\ARM_GCC_493\Debug\DisplayBLL.o
                0x00003e28                CancelMessageDecorator
 .text.WorkShiftDecorator
                0x00003eec       0xc4 .\CortexM3\ARM_GCC_493\Debug\DisplayBLL.o
                0x00003eec                WorkShiftDecorator
 .text.InitiateWorkShiftValidation
                0x00003fb0      0x144 .\CortexM3\ARM_GCC_493\Debug\DisplayBLL.o
                0x00003fb0                InitiateWorkShiftValidation
 .text.RequestWorkShiftOperAuthorization
                0x000040f4      0x13c .\CortexM3\ARM_GCC_493\Debug\DisplayBLL.o
                0x000040f4                RequestWorkShiftOperAuthorization
 .text.AcceptedAuthorizationMessageDecorator
                0x00004230      0x15c .\CortexM3\ARM_GCC_493\Debug\DisplayBLL.o
                0x00004230                AcceptedAuthorizationMessageDecorator
 .text.ProductNameSelectionDecorator
                0x0000438c      0x4fc .\CortexM3\ARM_GCC_493\Debug\DisplayBLL.o
                0x0000438c                ProductNameSelectionDecorator
 .text.RejectedAuthorizationMessageDecorator
                0x00004888      0x15c .\CortexM3\ARM_GCC_493\Debug\DisplayBLL.o
                0x00004888                RejectedAuthorizationMessageDecorator
 .text.SendAuthorizationRequest4Credit
                0x000049e4      0x234 .\CortexM3\ARM_GCC_493\Debug\DisplayBLL.o
                0x000049e4                SendAuthorizationRequest4Credit
 .text.ValidateAuthorizationResponse4Credit
                0x00004c18       0x94 .\CortexM3\ARM_GCC_493\Debug\DisplayBLL.o
                0x00004c18                ValidateAuthorizationResponse4Credit
 .text.DisplayStationIDLoad
                0x00004cac       0x94 .\CortexM3\ARM_GCC_493\Debug\DisplayBLL.o
                0x00004cac                DisplayStationIDLoad
 .text.DisplayStationIDDecorator
                0x00004d40       0xe4 .\CortexM3\ARM_GCC_493\Debug\DisplayBLL.o
                0x00004d40                DisplayStationIDDecorator
 .text.DisplayStationIDStore
                0x00004e24       0xd4 .\CortexM3\ARM_GCC_493\Debug\DisplayBLL.o
                0x00004e24                DisplayStationIDStore
 .text.DisplayPumpIDOffsetLoad
                0x00004ef8       0x80 .\CortexM3\ARM_GCC_493\Debug\DisplayBLL.o
                0x00004ef8                DisplayPumpIDOffsetLoad
 .text.DisplayPumpIDOffsetDecorator
                0x00004f78       0xe4 .\CortexM3\ARM_GCC_493\Debug\DisplayBLL.o
                0x00004f78                DisplayPumpIDOffsetDecorator
 .text.DisplayPumpIDOffsetStore
                0x0000505c       0xc4 .\CortexM3\ARM_GCC_493\Debug\DisplayBLL.o
                0x0000505c                DisplayPumpIDOffsetStore
 .text.InitiateiButtonScan
                0x00005120       0xb0 .\CortexM3\ARM_GCC_493\Debug\DisplayBLL.o
                0x00005120                InitiateiButtonScan
 .text.TerminateiButtonScan
                0x000051d0       0x34 .\CortexM3\ARM_GCC_493\Debug\DisplayBLL.o
                0x000051d0                TerminateiButtonScan
 .text.iButtonScreenNotification
                0x00005204       0x98 .\CortexM3\ARM_GCC_493\Debug\DisplayBLL.o
                0x00005204                iButtonScreenNotification
 .text.DrawDateTime
                0x0000529c      0x820 .\CortexM3\ARM_GCC_493\Debug\DisplayBLL.o
                0x0000529c                DrawDateTime
 .text.InitiateUpdateDateTime
                0x00005abc       0xa8 .\CortexM3\ARM_GCC_493\Debug\DisplayBLL.o
                0x00005abc                InitiateUpdateDateTime
 .text.TerminateUpdateDateTime
                0x00005b64       0x50 .\CortexM3\ARM_GCC_493\Debug\DisplayBLL.o
                0x00005b64                TerminateUpdateDateTime
 .text.DisplayUpdateDateTime
                0x00005bb4       0x2c .\CortexM3\ARM_GCC_493\Debug\DisplayBLL.o
                0x00005bb4                DisplayUpdateDateTime
 .text.InitiateHomeAnimation
                0x00005be0       0xa0 .\CortexM3\ARM_GCC_493\Debug\DisplayBLL.o
                0x00005be0                InitiateHomeAnimation
 .text.TerminateHomeAnimation
                0x00005c80       0x50 .\CortexM3\ARM_GCC_493\Debug\DisplayBLL.o
                0x00005c80                TerminateHomeAnimation
 .text.DrawHomeDateTime
                0x00005cd0      0x788 .\CortexM3\ARM_GCC_493\Debug\DisplayBLL.o
                0x00005cd0                DrawHomeDateTime
 .text.DisplayUpdateHomeAnimation
                0x00006458      0xd38 .\CortexM3\ARM_GCC_493\Debug\DisplayBLL.o
                0x00006458                DisplayUpdateHomeAnimation
 .text.PrintcopyReceipt
                0x00007190       0xa0 .\CortexM3\ARM_GCC_493\Debug\DisplayBLL.o
                0x00007190                PrintcopyReceipt
 .text.PrintersWorking
                0x00007230       0x5c .\CortexM3\ARM_GCC_493\Debug\DisplayBLL.o
                0x00007230                PrintersWorking
 .text.EitherPrinterWorking
                0x0000728c       0x70 .\CortexM3\ARM_GCC_493\Debug\DisplayBLL.o
                0x0000728c                EitherPrinterWorking
 .text.DisplayGenericValidator
                0x000072fc      0x174 .\CortexM3\ARM_GCC_493\Debug\DisplayBLL.o
                0x000072fc                DisplayGenericValidator
 .text.CastCreditVolumeValue
                0x00007470      0x164 .\CortexM3\ARM_GCC_493\Debug\DisplayBLL.o
                0x00007470                CastCreditVolumeValue
 .text.DisplaySinkRegistration
                0x000075d4      0x19c .\CortexM3\ARM_GCC_493\Debug\DisplaySink.o
                0x000075d4                DisplaySinkRegistration
 .text.InitDisplays
                0x00007770       0xd0 .\CortexM3\ARM_GCC_493\Debug\DisplaySink.o
                0x00007770                InitDisplays
 .text.DisplayRaiseTimeoutsAndStateChanges
                0x00007840      0x304 .\CortexM3\ARM_GCC_493\Debug\DisplaySink.o
                0x00007840                DisplayRaiseTimeoutsAndStateChanges
 .text.DisplayOutputString
                0x00007b44      0x138 .\CortexM3\ARM_GCC_493\Debug\DisplayUtils.o
                0x00007b44                DisplayOutputString
 .text.ParseDisplayFlow
                0x00007c7c       0xa8 .\CortexM3\ARM_GCC_493\Debug\DisplayUtils.o
                0x00007c7c                ParseDisplayFlow
 .text.DisplayFlowInputValidator
                0x00007d24       0x68 .\CortexM3\ARM_GCC_493\Debug\DisplayUtils.o
                0x00007d24                DisplayFlowInputValidator
 .text.DisplayFlowInputHandler
                0x00007d8c       0x68 .\CortexM3\ARM_GCC_493\Debug\DisplayUtils.o
                0x00007d8c                DisplayFlowInputHandler
 .text.DisplayFlowDecorator
                0x00007df4       0x68 .\CortexM3\ARM_GCC_493\Debug\DisplayUtils.o
                0x00007df4                DisplayFlowDecorator
 .text.DisplayInitializer
                0x00007e5c       0x68 .\CortexM3\ARM_GCC_493\Debug\DisplayUtils.o
                0x00007e5c                DisplayInitializer
 .text.DisplayFinalizer
                0x00007ec4       0x68 .\CortexM3\ARM_GCC_493\Debug\DisplayUtils.o
                0x00007ec4                DisplayFinalizer
 .text.ParseDisplayStream
                0x00007f2c       0xac .\CortexM3\ARM_GCC_493\Debug\DisplayUtils.o
                0x00007f2c                ParseDisplayStream
 .text.GetDisplayFlowNode
                0x00007fd8       0xa0 .\CortexM3\ARM_GCC_493\Debug\DisplayUtils.o
                0x00007fd8                GetDisplayFlowNode
 .text.PrepareDisplayStructure
                0x00008078       0x70 .\CortexM3\ARM_GCC_493\Debug\DisplayUtils.o
                0x00008078                PrepareDisplayStructure
 .text.NonEmptyDataValidator
                0x000080e8       0x2c .\CortexM3\ARM_GCC_493\Debug\DisplayUtils.o
                0x000080e8                NonEmptyDataValidator
 .text.SecureConfigurationValidator
                0x00008114       0x74 .\CortexM3\ARM_GCC_493\Debug\DisplayUtils.o
                0x00008114                SecureConfigurationValidator
 .text.SaveNewPassword
                0x00008188       0x48 .\CortexM3\ARM_GCC_493\Debug\DisplayUtils.o
                0x00008188                SaveNewPassword
 .text.NonEmptyMoneyValidator
                0x000081d0      0x144 .\CortexM3\ARM_GCC_493\Debug\DisplayUtils.o
                0x000081d0                NonEmptyMoneyValidator
 .text.NonEmpty15ModuloValidator
                0x00008314      0x11c .\CortexM3\ARM_GCC_493\Debug\DisplayUtils.o
                0x00008314                NonEmpty15ModuloValidator
 .text.ValidatePumpAvailability4Positions
                0x00008430      0x1a4 .\CortexM3\ARM_GCC_493\Debug\DisplayUtils.o
                0x00008430                ValidatePumpAvailability4Positions
 .text.ValidatePumpAvailability21Positions
                0x000085d4      0x15c .\CortexM3\ARM_GCC_493\Debug\DisplayUtils.o
                0x000085d4                ValidatePumpAvailability21Positions
 .text.GetPumpsAvailability
                0x00008730      0x28c .\CortexM3\ARM_GCC_493\Debug\DisplayUtils.o
                0x00008730                GetPumpsAvailability
 .text.GetPumpsPrintState
                0x000089bc       0xe8 .\CortexM3\ARM_GCC_493\Debug\DisplayUtils.o
                0x000089bc                GetPumpsPrintState
 .text.DisplayProductSelectionInputHandler
                0x00008aa4       0xb4 .\CortexM3\ARM_GCC_493\Debug\DisplayUtils.o
                0x00008aa4                DisplayProductSelectionInputHandler
 .text.DisplayInputHandler
                0x00008b58      0x14c .\CortexM3\ARM_GCC_493\Debug\DisplayUtils.o
                0x00008b58                DisplayInputHandler
 .text.DisplayIDInputHandler
                0x00008ca4      0x164 .\CortexM3\ARM_GCC_493\Debug\DisplayUtils.o
                0x00008ca4                DisplayIDInputHandler
 .text.DisplayIntegerInputHandler
                0x00008e08      0x16c .\CortexM3\ARM_GCC_493\Debug\DisplayUtils.o
                0x00008e08                DisplayIntegerInputHandler
 .text.DisplayMoneyInputHandler
                0x00008f74      0x204 .\CortexM3\ARM_GCC_493\Debug\DisplayUtils.o
                0x00008f74                DisplayMoneyInputHandler
 .text.DisplayVolumeInputHandler
                0x00009178      0x238 .\CortexM3\ARM_GCC_493\Debug\DisplayUtils.o
                0x00009178                DisplayVolumeInputHandler
 .text.DisplayInputPasswordHandler
                0x000093b0      0x190 .\CortexM3\ARM_GCC_493\Debug\DisplayUtils.o
                0x000093b0                DisplayInputPasswordHandler
 .text.SequesterMessageSink
                0x00009540      0x140 .\CortexM3\ARM_GCC_493\Debug\DisplayUtils.o
                0x00009540                SequesterMessageSink
 .text.CleanMessageSink
                0x00009680       0x38 .\CortexM3\ARM_GCC_493\Debug\DisplayUtils.o
                0x00009680                CleanMessageSink
 .text.ReleaseMessageSink
                0x000096b8      0x180 .\CortexM3\ARM_GCC_493\Debug\DisplayUtils.o
                0x000096b8                ReleaseMessageSink
 .text.StoreTransactionData
                0x00009838      0x3d0 .\CortexM3\ARM_GCC_493\Debug\DisplayUtils.o
                0x00009838                StoreTransactionData
 .text.GetDisplayFromPumpID
                0x00009c08       0xac .\CortexM3\ARM_GCC_493\Debug\DisplayUtils.o
                0x00009c08                GetDisplayFromPumpID
 .text.UnmapCode
                0x00009cb4       0x48 .\CortexM3\ARM_GCC_493\Debug\DisplayCharacterMap.o
                0x00009cb4                UnmapCode
 .text.GetBufferIndexFromDisplayID
                0x00009cfc       0x48 .\CortexM3\ARM_GCC_493\Debug\DisplayBufferScreenMap.o
                0x00009cfc                GetBufferIndexFromDisplayID
 .text.GetBufferLengthFromDisplayID
                0x00009d44       0x48 .\CortexM3\ARM_GCC_493\Debug\DisplayBufferScreenMap.o
                0x00009d44                GetBufferLengthFromDisplayID
 .text.GetPumpIndexFromDisplay
                0x00009d8c       0x5c .\CortexM3\ARM_GCC_493\Debug\DisplayBufferScreenMap.o
                0x00009d8c                GetPumpIndexFromDisplay
 .text.Display1BufferResolver
                0x00009de8       0xf4 .\CortexM3\ARM_GCC_493\Debug\DisplayResolver.o
                0x00009de8                Display1BufferResolver
 .text.Display2BufferResolver
                0x00009edc       0xf4 .\CortexM3\ARM_GCC_493\Debug\DisplayResolver.o
                0x00009edc                Display2BufferResolver
 .text.Dislay1UARTSend
                0x00009fd0       0x48 .\CortexM3\ARM_GCC_493\Debug\DisplayResolver.o
                0x00009fd0                Dislay1UARTSend
 .text.PrintLogo
                0x0000a018       0x3c .\CortexM3\ARM_GCC_493\Debug\PrinterBLL.o
                0x0000a018                PrintLogo
 .text.Printer11Callback
                0x0000a054       0x54 .\CortexM3\ARM_GCC_493\Debug\PrinterBLL.o
                0x0000a054                Printer11Callback
 .text.Printer12Callback
                0x0000a0a8       0x54 .\CortexM3\ARM_GCC_493\Debug\PrinterBLL.o
                0x0000a0a8                Printer12Callback
 .text.Printer21Callback
                0x0000a0fc       0x54 .\CortexM3\ARM_GCC_493\Debug\PrinterBLL.o
                0x0000a0fc                Printer21Callback
 .text.Printer22Callback
                0x0000a150       0x54 .\CortexM3\ARM_GCC_493\Debug\PrinterBLL.o
                0x0000a150                Printer22Callback
 .text.Printer1GenericCallback
                0x0000a1a4       0x1c .\CortexM3\ARM_GCC_493\Debug\PrinterBLL.o
                0x0000a1a4                Printer1GenericCallback
 .text.Printer2GenericCallback
                0x0000a1c0       0x1c .\CortexM3\ARM_GCC_493\Debug\PrinterBLL.o
                0x0000a1c0                Printer2GenericCallback
 .text.MeasurePrinterASCIIBufferLength
                0x0000a1dc       0x34 .\CortexM3\ARM_GCC_493\Debug\PrinterBLL.o
                0x0000a1dc                MeasurePrinterASCIIBufferLength
 .text.PadSpacesToCenter
                0x0000a210       0x24 .\CortexM3\ARM_GCC_493\Debug\PrinterBLL.o
                0x0000a210                PadSpacesToCenter
 .text.GetProductNameFromPumpAndHose
                0x0000a234      0x3c8 .\CortexM3\ARM_GCC_493\Debug\PrinterBLL.o
                0x0000a234                GetProductNameFromPumpAndHose
 .text.FormatNumberLSDFirst
                0x0000a5fc      0x140 .\CortexM3\ARM_GCC_493\Debug\PrinterBLL.o
                0x0000a5fc                FormatNumberLSDFirst
 .text.Print    0x0000a73c     0x1128 .\CortexM3\ARM_GCC_493\Debug\PrinterBLL.o
                0x0000a73c                Print
 .text.PrintGeneric
                0x0000b864       0x44 .\CortexM3\ARM_GCC_493\Debug\PrinterBLL.o
                0x0000b864                PrintGeneric
 .text.PrinterSinkRegistration
                0x0000b8a8      0x108 .\CortexM3\ARM_GCC_493\Debug\PrinterSink.o
                0x0000b8a8                PrinterSinkRegistration
 .text.PrinterUARTSend
                0x0000b9b0       0x14 .\CortexM3\ARM_GCC_493\Debug\PrinterResolver.o
                0x0000b9b0                PrinterUARTSend
 .text.GetPrinterTemplateLine
                0x0000b9c4       0x48 .\CortexM3\ARM_GCC_493\Debug\PrinterTemplate.o
                0x0000b9c4                GetPrinterTemplateLine
 .text.GetPrinterVolumeTemplateTag
                0x0000ba0c       0x48 .\CortexM3\ARM_GCC_493\Debug\PrinterTemplate.o
                0x0000ba0c                GetPrinterVolumeTemplateTag
 .text.GetPrinterPriceTemplateTag
                0x0000ba54       0x34 .\CortexM3\ARM_GCC_493\Debug\PrinterTemplate.o
                0x0000ba54                GetPrinterPriceTemplateTag
 .text.InitProtocol
                0x0000ba88      0x32c .\CortexM3\ARM_GCC_493\Debug\Prime.o
                0x0000ba88                InitProtocol
 .text.PumpIsInValidState
                0x0000bdb4       0x38 .\CortexM3\ARM_GCC_493\Debug\Prime.o
                0x0000bdb4                PumpIsInValidState
 .text.PumpJobQueueClear
                0x0000bdec       0x8c .\CortexM3\ARM_GCC_493\Debug\Prime.o
                0x0000bdec                PumpJobQueueClear
 .text.PumpJobAllocate
                0x0000be78      0x144 .\CortexM3\ARM_GCC_493\Debug\Prime.o
                0x0000be78                PumpJobAllocate
 .text.PumpJobEnqueue
                0x0000bfbc       0x5c .\CortexM3\ARM_GCC_493\Debug\Prime.o
                0x0000bfbc                PumpJobEnqueue
 .text.PumpJobQueuePeek
                0x0000c018       0x30 .\CortexM3\ARM_GCC_493\Debug\Prime.o
                0x0000c018                PumpJobQueuePeek
 .text.PumpJobDequeue
                0x0000c048       0xb8 .\CortexM3\ARM_GCC_493\Debug\Prime.o
                0x0000c048                PumpJobDequeue
 .text.PumpJobRotate
                0x0000c100       0x78 .\CortexM3\ARM_GCC_493\Debug\Prime.o
                0x0000c100                PumpJobRotate
 .text.PumpTransactionalStateDequeue
                0x0000c178       0x60 .\CortexM3\ARM_GCC_493\Debug\Prime.o
                0x0000c178                PumpTransactionalStateDequeue
 .text.PumpTransactionalStateEnqueue
                0x0000c1d8       0x1c .\CortexM3\ARM_GCC_493\Debug\Prime.o
                0x0000c1d8                PumpTransactionalStateEnqueue
 .text.PumpTransactionalStateDeallocate
                0x0000c1f4       0x94 .\CortexM3\ARM_GCC_493\Debug\Prime.o
                0x0000c1f4                PumpTransactionalStateDeallocate
 .text.PumpTransactionalStateFind
                0x0000c288       0x54 .\CortexM3\ARM_GCC_493\Debug\Prime.o
                0x0000c288                PumpTransactionalStateFind
 .text.PumpTransactionalStateAllocate
                0x0000c2dc       0x94 .\CortexM3\ARM_GCC_493\Debug\Prime.o
                0x0000c2dc                PumpTransactionalStateAllocate
 .text.PumpTransactionalStateLock
                0x0000c370       0x70 .\CortexM3\ARM_GCC_493\Debug\Prime.o
                0x0000c370                PumpTransactionalStateLock
 .text.PumpTransactionalStateUnlock
                0x0000c3e0       0x20 .\CortexM3\ARM_GCC_493\Debug\Prime.o
                0x0000c3e0                PumpTransactionalStateUnlock
 .text.PumpCleanUp
                0x0000c400       0xb4 .\CortexM3\ARM_GCC_493\Debug\Prime.o
                0x0000c400                PumpCleanUp
 .text.GetTransactionByName
                0x0000c4b4       0x48 .\CortexM3\ARM_GCC_493\Debug\PrimeFlow.o
                0x0000c4b4                GetTransactionByName
 .text.AcquirePumpStateResponse
                0x0000c4fc       0xa4 .\CortexM3\ARM_GCC_493\Debug\PrimeImpl.o
                0x0000c4fc                AcquirePumpStateResponse
 .text.AcquireDatatoPumpResponse
                0x0000c5a0       0x48 .\CortexM3\ARM_GCC_493\Debug\PrimeImpl.o
                0x0000c5a0                AcquireDatatoPumpResponse
 .text.ProcessPumpRTMoneyRequest
                0x0000c5e8       0xe0 .\CortexM3\ARM_GCC_493\Debug\PrimeImpl.o
                0x0000c5e8                ProcessPumpRTMoneyRequest
 .text.ProcessPumpRTHoseVolumeRequest
                0x0000c6c8       0xf4 .\CortexM3\ARM_GCC_493\Debug\PrimeImpl.o
                0x0000c6c8                ProcessPumpRTHoseVolumeRequest
 .text.ProcessPumpTransactionData
                0x0000c7bc      0x8f4 .\CortexM3\ARM_GCC_493\Debug\PrimeImpl.o
                0x0000c7bc                ProcessPumpTransactionData
 .text.ProcessPumpTotalsDataReport
                0x0000d0b0      0x174 .\CortexM3\ARM_GCC_493\Debug\PrimeImpl.o
                0x0000d0b0                ProcessPumpTotalsDataReport
 .text.PumpJobTimeout
                0x0000d224       0x38 .\CortexM3\ARM_GCC_493\Debug\PrimeImpl.o
                0x0000d224                PumpJobTimeout
 .text.PumpStateJobTimeout
                0x0000d25c       0x38 .\CortexM3\ARM_GCC_493\Debug\PrimeImpl.o
                0x0000d25c                PumpStateJobTimeout
 .text.PumpAuthorization
                0x0000d294       0x84 .\CortexM3\ARM_GCC_493\Debug\PrimeImpl.o
                0x0000d294                PumpAuthorization
 .text.PumpStartupAuthorization
                0x0000d318       0x70 .\CortexM3\ARM_GCC_493\Debug\PrimeImpl.o
                0x0000d318                PumpStartupAuthorization
 .text.PumpStateRequest
                0x0000d388       0x60 .\CortexM3\ARM_GCC_493\Debug\PrimeImpl.o
                0x0000d388                PumpStateRequest
 .text.PumpRTMoneyRequest
                0x0000d3e8       0x6c .\CortexM3\ARM_GCC_493\Debug\PrimeImpl.o
                0x0000d3e8                PumpRTMoneyRequest
 .text.PumpRTHoseVolumeRequest
                0x0000d454       0x6c .\CortexM3\ARM_GCC_493\Debug\PrimeImpl.o
                0x0000d454                PumpRTHoseVolumeRequest
 .text.PumpTransactionDataRequest
                0x0000d4c0       0x6c .\CortexM3\ARM_GCC_493\Debug\PrimeImpl.o
                0x0000d4c0                PumpTransactionDataRequest
 .text.PumpTotalsDataRequest
                0x0000d52c       0x6c .\CortexM3\ARM_GCC_493\Debug\PrimeImpl.o
                0x0000d52c                PumpTotalsDataRequest
 .text.PumpDataToPump
                0x0000d598       0x6c .\CortexM3\ARM_GCC_493\Debug\PrimeImpl.o
                0x0000d598                PumpDataToPump
 .text.PumpPresetHose
                0x0000d604      0x14c .\CortexM3\ARM_GCC_493\Debug\PrimeImpl.o
                0x0000d604                PumpPresetHose
 .text.PumpCreditPresetHose
                0x0000d750      0x160 .\CortexM3\ARM_GCC_493\Debug\PrimeImpl.o
                0x0000d750                PumpCreditPresetHose
 .text.PumpPresetNotification
                0x0000d8b0      0x178 .\CortexM3\ARM_GCC_493\Debug\PrimeImpl.o
                0x0000d8b0                PumpPresetNotification
 .text.PumpCreditPresetNotification
                0x0000da28       0xac .\CortexM3\ARM_GCC_493\Debug\PrimeImpl.o
                0x0000da28                PumpCreditPresetNotification
 .text.PumpFullPresetHose
                0x0000dad4      0x1a4 .\CortexM3\ARM_GCC_493\Debug\PrimeImpl.o
                0x0000dad4                PumpFullPresetHose
 .text.PumpPpuChange
                0x0000dc78      0x260 .\CortexM3\ARM_GCC_493\Debug\PrimeImpl.o
                0x0000dc78                PumpPpuChange
 .text.PumpDefault2CreditPpuChange
                0x0000ded8      0x154 .\CortexM3\ARM_GCC_493\Debug\PrimeImpl.o
                0x0000ded8                PumpDefault2CreditPpuChange
 .text.PumpCredit2DefaultPpuChange
                0x0000e02c      0x1e4 .\CortexM3\ARM_GCC_493\Debug\PrimeImpl.o
                0x0000e02c                PumpCredit2DefaultPpuChange
 .text.PumpStopRequest
                0x0000e210       0x6c .\CortexM3\ARM_GCC_493\Debug\PrimeImpl.o
                0x0000e210                PumpStopRequest
 .text.PumpStopAllRequest
                0x0000e27c       0x60 .\CortexM3\ARM_GCC_493\Debug\PrimeImpl.o
                0x0000e27c                PumpStopAllRequest
 .text.PumpCompleteConfiguration
                0x0000e2dc       0xe8 .\CortexM3\ARM_GCC_493\Debug\PrimeImpl.o
                0x0000e2dc                PumpCompleteConfiguration
 .text.PumpHoseActiveState
                0x0000e3c4       0xec .\CortexM3\ARM_GCC_493\Debug\PrimeImpl.o
                0x0000e3c4                PumpHoseActiveState
 .text.AcquirePumpHoseActiveState
                0x0000e4b0      0x190 .\CortexM3\ARM_GCC_493\Debug\PrimeImpl.o
                0x0000e4b0                AcquirePumpHoseActiveState
 .text.AcquirePumpCompleteConfiguration
                0x0000e640     0x1038 .\CortexM3\ARM_GCC_493\Debug\PrimeImpl.o
                0x0000e640                AcquirePumpCompleteConfiguration
 .text.AcquireDispenserLayoutInformation
                0x0000f678      0x1e4 .\CortexM3\ARM_GCC_493\Debug\PrimeImpl.o
                0x0000f678                AcquireDispenserLayoutInformation
 .text.AcquirePumpSpecialFunctionResponseResolver
                0x0000f85c      0x124 .\CortexM3\ARM_GCC_493\Debug\PrimeImpl.o
                0x0000f85c                AcquirePumpSpecialFunctionResponseResolver
 .text.PumpEnumeratorRequest
                0x0000f980       0x60 .\CortexM3\ARM_GCC_493\Debug\PrimeImpl.o
                0x0000f980                PumpEnumeratorRequest
 .text.AcquirePumpEnumeratorResponse
                0x0000f9e0      0x240 .\CortexM3\ARM_GCC_493\Debug\PrimeImpl.o
                0x0000f9e0                AcquirePumpEnumeratorResponse
 .text.PumpEnumeratorTimeout
                0x0000fc20       0x6c .\CortexM3\ARM_GCC_493\Debug\PrimeImpl.o
                0x0000fc20                PumpEnumeratorTimeout
 .text.AcquirePumpTotalsResponseResolver
                0x0000fc8c       0xb8 .\CortexM3\ARM_GCC_493\Debug\PrimeImpl.o
                0x0000fc8c                AcquirePumpTotalsResponseResolver
 .text.PrimeActivateProgramming
                0x0000fd44       0xac .\CortexM3\ARM_GCC_493\Debug\PrimeImpl.o
                0x0000fd44                PrimeActivateProgramming
 .text.GetLRC   0x0000fdf0       0x60 .\CortexM3\ARM_GCC_493\Debug\PrimeImpl.o
                0x0000fdf0                GetLRC
 .text.FindLRC  0x0000fe50       0x30 .\CortexM3\ARM_GCC_493\Debug\PrimeImpl.o
                0x0000fe50                FindLRC
 .text.InitiateTransaction
                0x0000fe80       0x2c .\CortexM3\ARM_GCC_493\Debug\PrimeImpl.o
                0x0000fe80                InitiateTransaction
 .text.TerminateTransaction
                0x0000feac       0x2c .\CortexM3\ARM_GCC_493\Debug\PrimeImpl.o
                0x0000feac                TerminateTransaction
 .text.TerminateTransactionAndPrint
                0x0000fed8      0x208 .\CortexM3\ARM_GCC_493\Debug\PrimeImpl.o
                0x0000fed8                TerminateTransactionAndPrint
 .text.CastVolumeValue
                0x000100e0      0x164 .\CortexM3\ARM_GCC_493\Debug\PrimeImpl.o
                0x000100e0                CastVolumeValue
 .text.CastMoneyValue
                0x00010244      0x164 .\CortexM3\ARM_GCC_493\Debug\PrimeImpl.o
                0x00010244                CastMoneyValue
 .text.TranslateSpecialFuncionDigit
                0x000103a8       0x48 .\CortexM3\ARM_GCC_493\Debug\PrimeImpl.o
                0x000103a8                TranslateSpecialFuncionDigit
 .text.iButtonSinkRegistration
                0x000103f0       0x5c .\CortexM3\ARM_GCC_493\Debug\iButtonSink.o
                0x000103f0                iButtonSinkRegistration
 .text.iButton1Scan
                0x0001044c       0xb4 .\CortexM3\ARM_GCC_493\Debug\iButtonBLL.o
                0x0001044c                iButton1Scan
 .text.iButton2Scan
                0x00010500       0xa8 .\CortexM3\ARM_GCC_493\Debug\iButtonBLL.o
                0x00010500                iButton2Scan
 .text.iButtonResetPresenceSequence
                0x000105a8       0x84 .\CortexM3\ARM_GCC_493\Debug\iButtonProtocol.o
                0x000105a8                iButtonResetPresenceSequence
 .text.iButtonRead
                0x0001062c       0xbc .\CortexM3\ARM_GCC_493\Debug\iButtonProtocol.o
                0x0001062c                iButtonRead
 .text.iButtonWrite
                0x000106e8       0xc4 .\CortexM3\ARM_GCC_493\Debug\iButtonProtocol.o
                0x000106e8                iButtonWrite
 .text.RFSinkRegistration
                0x000107ac       0xdc .\CortexM3\ARM_GCC_493\Debug\RFSink.o
                0x000107ac                RFSinkRegistration
 .text.RFServerAutonomousMonitor
                0x00010888       0x64 .\CortexM3\ARM_GCC_493\Debug\RFSink.o
                0x00010888                RFServerAutonomousMonitor
 .text.RFServerRequestHandler
                0x000108ec       0x68 .\CortexM3\ARM_GCC_493\Debug\RFBLL.o
                0x000108ec                RFServerRequestHandler
 .text.RFErrorHandler
                0x00010954       0x14 .\CortexM3\ARM_GCC_493\Debug\RFBLL.o
                0x00010954                RFErrorHandler
 .text.GetRFRequestResolver
                0x00010968       0x58 .\CortexM3\ARM_GCC_493\Debug\RFBLL.o
                0x00010968                GetRFRequestResolver
 .text.RFUARTBufferResolver
                0x000109c0      0x1f8 .\CortexM3\ARM_GCC_493\Debug\RFResolver.o
                0x000109c0                RFUARTBufferResolver
 .text.RFUARTSend
                0x00010bb8       0x4c .\CortexM3\ARM_GCC_493\Debug\RFResolver.o
                0x00010bb8                RFUARTSend
 .text.RFGetPayloadLengthFromRequestCode
                0x00010c04       0x48 .\CortexM3\ARM_GCC_493\Debug\RFServerStack.o
                0x00010c04                RFGetPayloadLengthFromRequestCode
 .text.RFGetDynamicPayloadLengthFromRequestCode
                0x00010c4c       0x48 .\CortexM3\ARM_GCC_493\Debug\RFServerStack.o
                0x00010c4c                RFGetDynamicPayloadLengthFromRequestCode
 .text.RFGetCRC
                0x00010c94       0x6c .\CortexM3\ARM_GCC_493\Debug\RFServerStack.o
                0x00010c94                RFGetCRC
 .text.RFUnmapCommand2State
                0x00010d00       0x48 .\CortexM3\ARM_GCC_493\Debug\RFServerStack.o
                0x00010d00                RFUnmapCommand2State
 .text.RFStateReqResp
                0x00010d48      0x3d8 .\CortexM3\ARM_GCC_493\Debug\RFServerStackImpl.o
                0x00010d48                RFStateReqResp
 .text.RFCreditSerialAuthReqResp
                0x00011120      0x26c .\CortexM3\ARM_GCC_493\Debug\RFServerStackImpl.o
                0x00011120                RFCreditSerialAuthReqResp
 .text.RFCreditAuthorizationReqResp
                0x0001138c      0x408 .\CortexM3\ARM_GCC_493\Debug\RFServerStackImpl.o
                0x0001138c                RFCreditAuthorizationReqResp
 .text.RFCreditSalePresetReportReqResp
                0x00011794      0x1f4 .\CortexM3\ARM_GCC_493\Debug\RFServerStackImpl.o
                0x00011794                RFCreditSalePresetReportReqResp
 .text.RFCashSalePresetReportReqResp
                0x00011988      0x438 .\CortexM3\ARM_GCC_493\Debug\RFServerStackImpl.o
                0x00011988                RFCashSalePresetReportReqResp
 .text.RFCashCreditSaleFinalReportReqResp
                0x00011dc0      0x558 .\CortexM3\ARM_GCC_493\Debug\RFServerStackImpl.o
                0x00011dc0                RFCashCreditSaleFinalReportReqResp
 .text.RFTotalsDataReqResp
                0x00012318      0x284 .\CortexM3\ARM_GCC_493\Debug\RFServerStackImpl.o
                0x00012318                RFTotalsDataReqResp
 .text.RFTotalsDataReportReqResp
                0x0001259c      0xedc .\CortexM3\ARM_GCC_493\Debug\RFServerStackImpl.o
                0x0001259c                RFTotalsDataReportReqResp
 .text.RFPriceChangeReqResp
                0x00013478      0x370 .\CortexM3\ARM_GCC_493\Debug\RFServerStackImpl.o
                0x00013478                RFPriceChangeReqResp
 .text.RFGeneralPrintReqResp
                0x000137e8      0x30c .\CortexM3\ARM_GCC_493\Debug\RFServerStackImpl.o
                0x000137e8                RFGeneralPrintReqResp
 .text.RFCopyPrintReqResp
                0x00013af4      0x310 .\CortexM3\ARM_GCC_493\Debug\RFServerStackImpl.o
                0x00013af4                RFCopyPrintReqResp
 .text.RFCreditSalePrintReqResp
                0x00013e04      0x458 .\CortexM3\ARM_GCC_493\Debug\RFServerStackImpl.o
                0x00013e04                RFCreditSalePrintReqResp
 .text.RFCashSalePrintReqResp
                0x0001425c      0x2fc .\CortexM3\ARM_GCC_493\Debug\RFServerStackImpl.o
                0x0001425c                RFCashSalePrintReqResp
 .text.RFPendingCreditSaleReqResp
                0x00014558     0x12d4 .\CortexM3\ARM_GCC_493\Debug\RFServerStackImpl.o
                0x00014558                RFPendingCreditSaleReqResp
 .text.RFPendingCashSaleReqResp
                0x0001582c     0x1054 .\CortexM3\ARM_GCC_493\Debug\RFServerStackImpl.o
                0x0001582c                RFPendingCashSaleReqResp
 .text.RFBroadcastConfigurationReqResp
                0x00016880      0x544 .\CortexM3\ARM_GCC_493\Debug\RFServerStackImpl.o
                0x00016880                RFBroadcastConfigurationReqResp
 .text.RFPositionConfigurationReqResp
                0x00016dc4      0x384 .\CortexM3\ARM_GCC_493\Debug\RFServerStackImpl.o
                0x00016dc4                RFPositionConfigurationReqResp
 .text.RFIslandOperDataReqResp
                0x00017148      0x2c0 .\CortexM3\ARM_GCC_493\Debug\RFServerStackImpl.o
                0x00017148                RFIslandOperDataReqResp
 .text.RFIslandAdminReqResp
                0x00017408      0x350 .\CortexM3\ARM_GCC_493\Debug\RFServerStackImpl.o
                0x00017408                RFIslandAdminReqResp
 .text.GeneralPrintRequestPayloadSizeResolver
                0x00017758       0x20 .\CortexM3\ARM_GCC_493\Debug\RFServerStackImpl.o
                0x00017758                GeneralPrintRequestPayloadSizeResolver
 .text.main     0x00017778       0x28 .\CortexM3\ARM_GCC_493\Debug\main.o
                0x00017778                main
 .text.IntDefaultHandler
                0x000177a0        0x8 .\CortexM3\ARM_GCC_493\Debug\Cm3Start.o
                0x000177a0                IntDefaultHandler
 .text._sbrk    0x000177a8       0x50 .\CortexM3\ARM_GCC_493\Debug\Cm3Start.o
                0x000177a8                _sbrk
 .text.Start_c  0x000177f8       0x98 .\CortexM3\ARM_GCC_493\Debug\Cm3Start.o
                0x000177f8                Start_c
 .text.initialize_psoc
                0x00017890       0x8c .\CortexM3\ARM_GCC_493\Debug\Cm3Start.o
                0x00017890                initialize_psoc
 .text.CYMEMZERO
                0x0001791c       0x1c .\CortexM3\ARM_GCC_493\Debug\CorEx-Mux-Kernel.a(cyfitter_cfg.o)
 .text.CYCONFIGCPY
                0x00017938       0x1c .\CortexM3\ARM_GCC_493\Debug\CorEx-Mux-Kernel.a(cyfitter_cfg.o)
 .text.CyClockStartupError
                0x00017954        0xc .\CortexM3\ARM_GCC_493\Debug\CorEx-Mux-Kernel.a(cyfitter_cfg.o)
 .text.cfg_write_bytes32
                0x00017960       0x74 .\CortexM3\ARM_GCC_493\Debug\CorEx-Mux-Kernel.a(cyfitter_cfg.o)
 .text.ClockSetup
                0x000179d4      0x17c .\CortexM3\ARM_GCC_493\Debug\CorEx-Mux-Kernel.a(cyfitter_cfg.o)
 .text.AnalogSetDefault
                0x00017b50       0x44 .\CortexM3\ARM_GCC_493\Debug\CorEx-Mux-Kernel.a(cyfitter_cfg.o)
 .text.cyfitter_cfg
                0x00017b94      0x190 .\CortexM3\ARM_GCC_493\Debug\CorEx-Mux-Kernel.a(cyfitter_cfg.o)
                0x00017b94                cyfitter_cfg
 .text.RF_Physical_Start
                0x00017d24       0x20 .\CortexM3\ARM_GCC_493\Debug\CorEx-Mux-Kernel.a(RF_Physical.o)
                0x00017d24                RF_Physical_Start
 .text.RF_Physical_Init
                0x00017d44       0x58 .\CortexM3\ARM_GCC_493\Debug\CorEx-Mux-Kernel.a(RF_Physical.o)
                0x00017d44                RF_Physical_Init
 .text.RF_Physical_Enable
                0x00017d9c       0x68 .\CortexM3\ARM_GCC_493\Debug\CorEx-Mux-Kernel.a(RF_Physical.o)
                0x00017d9c                RF_Physical_Enable
 .text.RF_Physical_Stop
                0x00017e04       0x68 .\CortexM3\ARM_GCC_493\Debug\CorEx-Mux-Kernel.a(RF_Physical.o)
                0x00017e04                RF_Physical_Stop
 .text.RF_Physical_ReadControlRegister
                0x00017e6c       0x10 .\CortexM3\ARM_GCC_493\Debug\CorEx-Mux-Kernel.a(RF_Physical.o)
                0x00017e6c                RF_Physical_ReadControlRegister
 .text.RF_Physical_WriteControlRegister
                0x00017e7c       0x14 .\CortexM3\ARM_GCC_493\Debug\CorEx-Mux-Kernel.a(RF_Physical.o)
                0x00017e7c                RF_Physical_WriteControlRegister
 .text.RF_Physical_ReadRxData
                0x00017e90       0x94 .\CortexM3\ARM_GCC_493\Debug\CorEx-Mux-Kernel.a(RF_Physical.o)
                0x00017e90                RF_Physical_ReadRxData
 .text.RF_Physical_ReadRxStatus
                0x00017f24       0x40 .\CortexM3\ARM_GCC_493\Debug\CorEx-Mux-Kernel.a(RF_Physical.o)
                0x00017f24                RF_Physical_ReadRxStatus
 .text.RF_Physical_GetChar
                0x00017f64       0xbc .\CortexM3\ARM_GCC_493\Debug\CorEx-Mux-Kernel.a(RF_Physical.o)
                0x00017f64                RF_Physical_GetChar
 .text.RF_Physical_GetByte
                0x00018020       0x44 .\CortexM3\ARM_GCC_493\Debug\CorEx-Mux-Kernel.a(RF_Physical.o)
                0x00018020                RF_Physical_GetByte
 .text.RF_Physical_GetRxBufferSize
                0x00018064       0x94 .\CortexM3\ARM_GCC_493\Debug\CorEx-Mux-Kernel.a(RF_Physical.o)
                0x00018064                RF_Physical_GetRxBufferSize
 .text.RF_Physical_ClearRxBuffer
                0x000180f8       0x7c .\CortexM3\ARM_GCC_493\Debug\CorEx-Mux-Kernel.a(RF_Physical.o)
                0x000180f8                RF_Physical_ClearRxBuffer
 .text.RF_Physical_WriteTxData
                0x00018174       0x2c .\CortexM3\ARM_GCC_493\Debug\CorEx-Mux-Kernel.a(RF_Physical.o)
                0x00018174                RF_Physical_WriteTxData
 .text.RF_Physical_ReadTxStatus
                0x000181a0       0x18 .\CortexM3\ARM_GCC_493\Debug\CorEx-Mux-Kernel.a(RF_Physical.o)
                0x000181a0                RF_Physical_ReadTxStatus
 .text.RF_Physical_PutChar
                0x000181b8       0x34 .\CortexM3\ARM_GCC_493\Debug\CorEx-Mux-Kernel.a(RF_Physical.o)
                0x000181b8                RF_Physical_PutChar
 .text.RF_Physical_PutString
                0x000181ec       0x40 .\CortexM3\ARM_GCC_493\Debug\CorEx-Mux-Kernel.a(RF_Physical.o)
                0x000181ec                RF_Physical_PutString
 .text.RF_Physical_PutArray
                0x0001822c       0x40 .\CortexM3\ARM_GCC_493\Debug\CorEx-Mux-Kernel.a(RF_Physical.o)
                0x0001822c                RF_Physical_PutArray
 .text.RF_Physical_PutCRLF
                0x0001826c       0x30 .\CortexM3\ARM_GCC_493\Debug\CorEx-Mux-Kernel.a(RF_Physical.o)
                0x0001826c                RF_Physical_PutCRLF
 .text.RF_Physical_ClearTxBuffer
                0x0001829c       0x40 .\CortexM3\ARM_GCC_493\Debug\CorEx-Mux-Kernel.a(RF_Physical.o)
                0x0001829c                RF_Physical_ClearTxBuffer
 .text.RF_Physical_RXISR
                0x000182dc       0xf0 .\CortexM3\ARM_GCC_493\Debug\CorEx-Mux-Kernel.a(RF_Physical_INT.o)
                0x000182dc                RF_Physical_RXISR
 .text.RF_Physical_IntClock_Start
                0x000183cc       0x34 .\CortexM3\ARM_GCC_493\Debug\CorEx-Mux-Kernel.a(RF_Physical_IntClock.o)
                0x000183cc                RF_Physical_IntClock_Start
 .text.RF_Physical_IntClock_Stop
                0x00018400       0x34 .\CortexM3\ARM_GCC_493\Debug\CorEx-Mux-Kernel.a(RF_Physical_IntClock.o)
                0x00018400                RF_Physical_IntClock_Stop
 *fill*         0x00018434        0x4 
 .text          0x00018438       0x20 .\CortexM3\ARM_GCC_493\Debug\CorEx-Mux-Kernel.a(CyBootAsmGnu.o)
                0x00018438                CyDelayCycles
                0x00018448                CyEnterCriticalSection
                0x00018450                CyExitCriticalSection
 .text.CyHalt   0x00018458       0x18 .\CortexM3\ARM_GCC_493\Debug\CorEx-Mux-Kernel.a(CyLib.o)
                0x00018458                CyHalt
 .text.CyDelay  0x00018470       0x44 .\CortexM3\ARM_GCC_493\Debug\CorEx-Mux-Kernel.a(CyLib.o)
                0x00018470                CyDelay
 .text.CyDelayUs
                0x000184b4       0x24 .\CortexM3\ARM_GCC_493\Debug\CorEx-Mux-Kernel.a(CyLib.o)
                0x000184b4                CyDelayUs
 .text.CyDelayFreq
                0x000184d8       0x7c .\CortexM3\ARM_GCC_493\Debug\CorEx-Mux-Kernel.a(CyLib.o)
                0x000184d8                CyDelayFreq
 .text.CyWdtStart
                0x00018554       0x8c .\CortexM3\ARM_GCC_493\Debug\CorEx-Mux-Kernel.a(CyLib.o)
                0x00018554                CyWdtStart
 .text.CyWdtClear
                0x000185e0       0x18 .\CortexM3\ARM_GCC_493\Debug\CorEx-Mux-Kernel.a(CyLib.o)
                0x000185e0                CyWdtClear
 .text.CyIntSetVector
                0x000185f8       0x50 .\CortexM3\ARM_GCC_493\Debug\CorEx-Mux-Kernel.a(CyLib.o)
                0x000185f8                CyIntSetVector
 .text.CyIntSetPriority
                0x00018648       0x44 .\CortexM3\ARM_GCC_493\Debug\CorEx-Mux-Kernel.a(CyLib.o)
                0x00018648                CyIntSetPriority
 .text.Printer_Start
                0x0001868c       0x20 .\CortexM3\ARM_GCC_493\Debug\CorEx-Mux-Kernel.a(Printer.o)
                0x0001868c                Printer_Start
 .text.Printer_Init
                0x000186ac       0x40 .\CortexM3\ARM_GCC_493\Debug\CorEx-Mux-Kernel.a(Printer.o)
                0x000186ac                Printer_Init
 .text.Printer_Enable
                0x000186ec       0x58 .\CortexM3\ARM_GCC_493\Debug\CorEx-Mux-Kernel.a(Printer.o)
                0x000186ec                Printer_Enable
 .text.Printer_Stop
                0x00018744       0x58 .\CortexM3\ARM_GCC_493\Debug\CorEx-Mux-Kernel.a(Printer.o)
                0x00018744                Printer_Stop
 .text.Printer_ReadControlRegister
                0x0001879c       0x10 .\CortexM3\ARM_GCC_493\Debug\CorEx-Mux-Kernel.a(Printer.o)
                0x0001879c                Printer_ReadControlRegister
 .text.Printer_WriteControlRegister
                0x000187ac       0x14 .\CortexM3\ARM_GCC_493\Debug\CorEx-Mux-Kernel.a(Printer.o)
                0x000187ac                Printer_WriteControlRegister
 .text.Printer_ReadRxData
                0x000187c0       0x20 .\CortexM3\ARM_GCC_493\Debug\CorEx-Mux-Kernel.a(Printer.o)
                0x000187c0                Printer_ReadRxData
 .text.Printer_ReadRxStatus
                0x000187e0       0x24 .\CortexM3\ARM_GCC_493\Debug\CorEx-Mux-Kernel.a(Printer.o)
                0x000187e0                Printer_ReadRxStatus
 .text.Printer_GetChar
                0x00018804       0x44 .\CortexM3\ARM_GCC_493\Debug\CorEx-Mux-Kernel.a(Printer.o)
                0x00018804                Printer_GetChar
 .text.Printer_GetByte
                0x00018848       0x24 .\CortexM3\ARM_GCC_493\Debug\CorEx-Mux-Kernel.a(Printer.o)
                0x00018848                Printer_GetByte
 .text.Printer_GetRxBufferSize
                0x0001886c       0x30 .\CortexM3\ARM_GCC_493\Debug\CorEx-Mux-Kernel.a(Printer.o)
                0x0001886c                Printer_GetRxBufferSize
 .text.Printer_ClearRxBuffer
                0x0001889c       0x40 .\CortexM3\ARM_GCC_493\Debug\CorEx-Mux-Kernel.a(Printer.o)
                0x0001889c                Printer_ClearRxBuffer
 .text.Printer_WriteTxData
                0x000188dc       0x2c .\CortexM3\ARM_GCC_493\Debug\CorEx-Mux-Kernel.a(Printer.o)
                0x000188dc                Printer_WriteTxData
 .text.Printer_ReadTxStatus
                0x00018908       0x18 .\CortexM3\ARM_GCC_493\Debug\CorEx-Mux-Kernel.a(Printer.o)
                0x00018908                Printer_ReadTxStatus
 .text.Printer_PutChar
                0x00018920       0x34 .\CortexM3\ARM_GCC_493\Debug\CorEx-Mux-Kernel.a(Printer.o)
                0x00018920                Printer_PutChar
 .text.Printer_PutString
                0x00018954       0x40 .\CortexM3\ARM_GCC_493\Debug\CorEx-Mux-Kernel.a(Printer.o)
                0x00018954                Printer_PutString
 .text.Printer_PutArray
                0x00018994       0x40 .\CortexM3\ARM_GCC_493\Debug\CorEx-Mux-Kernel.a(Printer.o)
                0x00018994                Printer_PutArray
 .text.Printer_PutCRLF
                0x000189d4       0x30 .\CortexM3\ARM_GCC_493\Debug\CorEx-Mux-Kernel.a(Printer.o)
                0x000189d4                Printer_PutCRLF
 .text.Printer_ClearTxBuffer
                0x00018a04       0x40 .\CortexM3\ARM_GCC_493\Debug\CorEx-Mux-Kernel.a(Printer.o)
                0x00018a04                Printer_ClearTxBuffer
 .text.Dispenser_Start
                0x00018a44       0x20 .\CortexM3\ARM_GCC_493\Debug\CorEx-Mux-Kernel.a(Dispenser.o)
                0x00018a44                Dispenser_Start
 .text.Dispenser_Init
                0x00018a64       0x58 .\CortexM3\ARM_GCC_493\Debug\CorEx-Mux-Kernel.a(Dispenser.o)
                0x00018a64                Dispenser_Init
 .text.Dispenser_Enable
                0x00018abc       0x64 .\CortexM3\ARM_GCC_493\Debug\CorEx-Mux-Kernel.a(Dispenser.o)
                0x00018abc                Dispenser_Enable
 .text.Dispenser_Stop
                0x00018b20       0x64 .\CortexM3\ARM_GCC_493\Debug\CorEx-Mux-Kernel.a(Dispenser.o)
                0x00018b20                Dispenser_Stop
 .text.Dispenser_ReadControlRegister
                0x00018b84       0x10 .\CortexM3\ARM_GCC_493\Debug\CorEx-Mux-Kernel.a(Dispenser.o)
                0x00018b84                Dispenser_ReadControlRegister
 .text.Dispenser_WriteControlRegister
                0x00018b94       0x14 .\CortexM3\ARM_GCC_493\Debug\CorEx-Mux-Kernel.a(Dispenser.o)
                0x00018b94                Dispenser_WriteControlRegister
 .text.Dispenser_ReadRxData
                0x00018ba8       0x94 .\CortexM3\ARM_GCC_493\Debug\CorEx-Mux-Kernel.a(Dispenser.o)
                0x00018ba8                Dispenser_ReadRxData
 .text.Dispenser_ReadRxStatus
                0x00018c3c       0x40 .\CortexM3\ARM_GCC_493\Debug\CorEx-Mux-Kernel.a(Dispenser.o)
                0x00018c3c                Dispenser_ReadRxStatus
 .text.Dispenser_GetChar
                0x00018c7c       0xb8 .\CortexM3\ARM_GCC_493\Debug\CorEx-Mux-Kernel.a(Dispenser.o)
                0x00018c7c                Dispenser_GetChar
 .text.Dispenser_GetByte
                0x00018d34       0x44 .\CortexM3\ARM_GCC_493\Debug\CorEx-Mux-Kernel.a(Dispenser.o)
                0x00018d34                Dispenser_GetByte
 .text.Dispenser_GetRxBufferSize
                0x00018d78       0x94 .\CortexM3\ARM_GCC_493\Debug\CorEx-Mux-Kernel.a(Dispenser.o)
                0x00018d78                Dispenser_GetRxBufferSize
 .text.Dispenser_ClearRxBuffer
                0x00018e0c       0x7c .\CortexM3\ARM_GCC_493\Debug\CorEx-Mux-Kernel.a(Dispenser.o)
                0x00018e0c                Dispenser_ClearRxBuffer
 .text.Dispenser_WriteTxData
                0x00018e88       0x2c .\CortexM3\ARM_GCC_493\Debug\CorEx-Mux-Kernel.a(Dispenser.o)
                0x00018e88                Dispenser_WriteTxData
 .text.Dispenser_ReadTxStatus
                0x00018eb4       0x18 .\CortexM3\ARM_GCC_493\Debug\CorEx-Mux-Kernel.a(Dispenser.o)
                0x00018eb4                Dispenser_ReadTxStatus
 .text.Dispenser_PutChar
                0x00018ecc       0x34 .\CortexM3\ARM_GCC_493\Debug\CorEx-Mux-Kernel.a(Dispenser.o)
                0x00018ecc                Dispenser_PutChar
 .text.Dispenser_PutString
                0x00018f00       0x40 .\CortexM3\ARM_GCC_493\Debug\CorEx-Mux-Kernel.a(Dispenser.o)
                0x00018f00                Dispenser_PutString
 .text.Dispenser_PutArray
                0x00018f40       0x40 .\CortexM3\ARM_GCC_493\Debug\CorEx-Mux-Kernel.a(Dispenser.o)
                0x00018f40                Dispenser_PutArray
 .text.Dispenser_PutCRLF
                0x00018f80       0x30 .\CortexM3\ARM_GCC_493\Debug\CorEx-Mux-Kernel.a(Dispenser.o)
                0x00018f80                Dispenser_PutCRLF
 .text.Dispenser_ClearTxBuffer
                0x00018fb0       0x40 .\CortexM3\ARM_GCC_493\Debug\CorEx-Mux-Kernel.a(Dispenser.o)
                0x00018fb0                Dispenser_ClearTxBuffer
 .text.Dispenser_RXISR
                0x00018ff0       0xec .\CortexM3\ARM_GCC_493\Debug\CorEx-Mux-Kernel.a(Dispenser_INT.o)
                0x00018ff0                Dispenser_RXISR
 .text.Display1_Start
                0x000190dc       0x20 .\CortexM3\ARM_GCC_493\Debug\CorEx-Mux-Kernel.a(Display1.o)
                0x000190dc                Display1_Start
 .text.Display1_Init
                0x000190fc       0x58 .\CortexM3\ARM_GCC_493\Debug\CorEx-Mux-Kernel.a(Display1.o)
                0x000190fc                Display1_Init
 .text.Display1_Enable
                0x00019154       0x68 .\CortexM3\ARM_GCC_493\Debug\CorEx-Mux-Kernel.a(Display1.o)
                0x00019154                Display1_Enable
 .text.Display1_Stop
                0x000191bc       0x68 .\CortexM3\ARM_GCC_493\Debug\CorEx-Mux-Kernel.a(Display1.o)
                0x000191bc                Display1_Stop
 .text.Display1_ReadControlRegister
                0x00019224       0x10 .\CortexM3\ARM_GCC_493\Debug\CorEx-Mux-Kernel.a(Display1.o)
                0x00019224                Display1_ReadControlRegister
 .text.Display1_WriteControlRegister
                0x00019234       0x14 .\CortexM3\ARM_GCC_493\Debug\CorEx-Mux-Kernel.a(Display1.o)
                0x00019234                Display1_WriteControlRegister
 .text.Display1_ReadRxData
                0x00019248       0x94 .\CortexM3\ARM_GCC_493\Debug\CorEx-Mux-Kernel.a(Display1.o)
                0x00019248                Display1_ReadRxData
 .text.Display1_ReadRxStatus
                0x000192dc       0x40 .\CortexM3\ARM_GCC_493\Debug\CorEx-Mux-Kernel.a(Display1.o)
                0x000192dc                Display1_ReadRxStatus
 .text.Display1_GetChar
                0x0001931c       0xb8 .\CortexM3\ARM_GCC_493\Debug\CorEx-Mux-Kernel.a(Display1.o)
                0x0001931c                Display1_GetChar
 .text.Display1_GetByte
                0x000193d4       0x44 .\CortexM3\ARM_GCC_493\Debug\CorEx-Mux-Kernel.a(Display1.o)
                0x000193d4                Display1_GetByte
 .text.Display1_GetRxBufferSize
                0x00019418       0x90 .\CortexM3\ARM_GCC_493\Debug\CorEx-Mux-Kernel.a(Display1.o)
                0x00019418                Display1_GetRxBufferSize
 .text.Display1_ClearRxBuffer
                0x000194a8       0x7c .\CortexM3\ARM_GCC_493\Debug\CorEx-Mux-Kernel.a(Display1.o)
                0x000194a8                Display1_ClearRxBuffer
 .text.Display1_WriteTxData
                0x00019524       0x2c .\CortexM3\ARM_GCC_493\Debug\CorEx-Mux-Kernel.a(Display1.o)
                0x00019524                Display1_WriteTxData
 .text.Display1_ReadTxStatus
                0x00019550       0x18 .\CortexM3\ARM_GCC_493\Debug\CorEx-Mux-Kernel.a(Display1.o)
                0x00019550                Display1_ReadTxStatus
 .text.Display1_PutChar
                0x00019568       0x34 .\CortexM3\ARM_GCC_493\Debug\CorEx-Mux-Kernel.a(Display1.o)
                0x00019568                Display1_PutChar
 .text.Display1_PutString
                0x0001959c       0x40 .\CortexM3\ARM_GCC_493\Debug\CorEx-Mux-Kernel.a(Display1.o)
                0x0001959c                Display1_PutString
 .text.Display1_PutArray
                0x000195dc       0x40 .\CortexM3\ARM_GCC_493\Debug\CorEx-Mux-Kernel.a(Display1.o)
                0x000195dc                Display1_PutArray
 .text.Display1_PutCRLF
                0x0001961c       0x30 .\CortexM3\ARM_GCC_493\Debug\CorEx-Mux-Kernel.a(Display1.o)
                0x0001961c                Display1_PutCRLF
 .text.Display1_ClearTxBuffer
                0x0001964c       0x40 .\CortexM3\ARM_GCC_493\Debug\CorEx-Mux-Kernel.a(Display1.o)
                0x0001964c                Display1_ClearTxBuffer
 .text.Display1_RXISR
                0x0001968c       0xf0 .\CortexM3\ARM_GCC_493\Debug\CorEx-Mux-Kernel.a(Display1_INT.o)
                0x0001968c                Display1_RXISR
 .text.Display2_Start
                0x0001977c       0x20 .\CortexM3\ARM_GCC_493\Debug\CorEx-Mux-Kernel.a(Display2.o)
                0x0001977c                Display2_Start
 .text.Display2_Init
                0x0001979c       0x58 .\CortexM3\ARM_GCC_493\Debug\CorEx-Mux-Kernel.a(Display2.o)
                0x0001979c                Display2_Init
 .text.Display2_Enable
                0x000197f4       0x68 .\CortexM3\ARM_GCC_493\Debug\CorEx-Mux-Kernel.a(Display2.o)
                0x000197f4                Display2_Enable
 .text.Display2_Stop
                0x0001985c       0x68 .\CortexM3\ARM_GCC_493\Debug\CorEx-Mux-Kernel.a(Display2.o)
                0x0001985c                Display2_Stop
 .text.Display2_ReadControlRegister
                0x000198c4       0x10 .\CortexM3\ARM_GCC_493\Debug\CorEx-Mux-Kernel.a(Display2.o)
                0x000198c4                Display2_ReadControlRegister
 .text.Display2_WriteControlRegister
                0x000198d4       0x14 .\CortexM3\ARM_GCC_493\Debug\CorEx-Mux-Kernel.a(Display2.o)
                0x000198d4                Display2_WriteControlRegister
 .text.Display2_ReadRxData
                0x000198e8       0x94 .\CortexM3\ARM_GCC_493\Debug\CorEx-Mux-Kernel.a(Display2.o)
                0x000198e8                Display2_ReadRxData
 .text.Display2_ReadRxStatus
                0x0001997c       0x40 .\CortexM3\ARM_GCC_493\Debug\CorEx-Mux-Kernel.a(Display2.o)
                0x0001997c                Display2_ReadRxStatus
 .text.Display2_GetChar
                0x000199bc       0xb8 .\CortexM3\ARM_GCC_493\Debug\CorEx-Mux-Kernel.a(Display2.o)
                0x000199bc                Display2_GetChar
 .text.Display2_GetByte
                0x00019a74       0x44 .\CortexM3\ARM_GCC_493\Debug\CorEx-Mux-Kernel.a(Display2.o)
                0x00019a74                Display2_GetByte
 .text.Display2_GetRxBufferSize
                0x00019ab8       0x90 .\CortexM3\ARM_GCC_493\Debug\CorEx-Mux-Kernel.a(Display2.o)
                0x00019ab8                Display2_GetRxBufferSize
 .text.Display2_ClearRxBuffer
                0x00019b48       0x7c .\CortexM3\ARM_GCC_493\Debug\CorEx-Mux-Kernel.a(Display2.o)
                0x00019b48                Display2_ClearRxBuffer
 .text.Display2_WriteTxData
                0x00019bc4       0x2c .\CortexM3\ARM_GCC_493\Debug\CorEx-Mux-Kernel.a(Display2.o)
                0x00019bc4                Display2_WriteTxData
 .text.Display2_ReadTxStatus
                0x00019bf0       0x18 .\CortexM3\ARM_GCC_493\Debug\CorEx-Mux-Kernel.a(Display2.o)
                0x00019bf0                Display2_ReadTxStatus
 .text.Display2_PutChar
                0x00019c08       0x34 .\CortexM3\ARM_GCC_493\Debug\CorEx-Mux-Kernel.a(Display2.o)
                0x00019c08                Display2_PutChar
 .text.Display2_PutString
                0x00019c3c       0x40 .\CortexM3\ARM_GCC_493\Debug\CorEx-Mux-Kernel.a(Display2.o)
                0x00019c3c                Display2_PutString
 .text.Display2_PutArray
                0x00019c7c       0x40 .\CortexM3\ARM_GCC_493\Debug\CorEx-Mux-Kernel.a(Display2.o)
                0x00019c7c                Display2_PutArray
 .text.Display2_PutCRLF
                0x00019cbc       0x30 .\CortexM3\ARM_GCC_493\Debug\CorEx-Mux-Kernel.a(Display2.o)
                0x00019cbc                Display2_PutCRLF
 .text.Display2_ClearTxBuffer
                0x00019cec       0x40 .\CortexM3\ARM_GCC_493\Debug\CorEx-Mux-Kernel.a(Display2.o)
                0x00019cec                Display2_ClearTxBuffer
 .text.Display2_RXISR
                0x00019d2c       0xf0 .\CortexM3\ARM_GCC_493\Debug\CorEx-Mux-Kernel.a(Display2_INT.o)
                0x00019d2c                Display2_RXISR
 .text.Counter_ISR_StartEx
                0x00019e1c       0x24 .\CortexM3\ARM_GCC_493\Debug\CorEx-Mux-Kernel.a(Counter_ISR.o)
                0x00019e1c                Counter_ISR_StartEx
 .text.Counter_ISR_SetVector
                0x00019e40       0x24 .\CortexM3\ARM_GCC_493\Debug\CorEx-Mux-Kernel.a(Counter_ISR.o)
                0x00019e40                Counter_ISR_SetVector
 .text.Counter_ISR_SetPriority
                0x00019e64       0x24 .\CortexM3\ARM_GCC_493\Debug\CorEx-Mux-Kernel.a(Counter_ISR.o)
                0x00019e64                Counter_ISR_SetPriority
 .text.Counter_ISR_Enable
                0x00019e88       0x18 .\CortexM3\ARM_GCC_493\Debug\CorEx-Mux-Kernel.a(Counter_ISR.o)
                0x00019e88                Counter_ISR_Enable
 .text.Counter_ISR_Disable
                0x00019ea0       0x18 .\CortexM3\ARM_GCC_493\Debug\CorEx-Mux-Kernel.a(Counter_ISR.o)
                0x00019ea0                Counter_ISR_Disable
 .text.Display1_IntClock_Start
                0x00019eb8       0x34 .\CortexM3\ARM_GCC_493\Debug\CorEx-Mux-Kernel.a(Display1_IntClock.o)
                0x00019eb8                Display1_IntClock_Start
 .text.Display1_IntClock_Stop
                0x00019eec       0x34 .\CortexM3\ARM_GCC_493\Debug\CorEx-Mux-Kernel.a(Display1_IntClock.o)
                0x00019eec                Display1_IntClock_Stop
 .text.Display2_IntClock_Start
                0x00019f20       0x34 .\CortexM3\ARM_GCC_493\Debug\CorEx-Mux-Kernel.a(Display2_IntClock.o)
                0x00019f20                Display2_IntClock_Start
 .text.Display2_IntClock_Stop
                0x00019f54       0x34 .\CortexM3\ARM_GCC_493\Debug\CorEx-Mux-Kernel.a(Display2_IntClock.o)
                0x00019f54                Display2_IntClock_Stop
 .text.I2C_Bus_Init
                0x00019f88       0x80 .\CortexM3\ARM_GCC_493\Debug\CorEx-Mux-Kernel.a(I2C_Bus.o)
                0x00019f88                I2C_Bus_Init
 .text.I2C_Bus_Enable
                0x0001a008       0x44 .\CortexM3\ARM_GCC_493\Debug\CorEx-Mux-Kernel.a(I2C_Bus.o)
                0x0001a008                I2C_Bus_Enable
 .text.I2C_Bus_Start
                0x0001a04c       0x2c .\CortexM3\ARM_GCC_493\Debug\CorEx-Mux-Kernel.a(I2C_Bus.o)
                0x0001a04c                I2C_Bus_Start
 .text.I2C_Bus_ISR
                0x0001a078      0x3ac .\CortexM3\ARM_GCC_493\Debug\CorEx-Mux-Kernel.a(I2C_Bus_INT.o)
                0x0001a078                I2C_Bus_ISR
 .text.I2C_Bus_MasterSendStart
                0x0001a424       0xbc .\CortexM3\ARM_GCC_493\Debug\CorEx-Mux-Kernel.a(I2C_Bus_MASTER.o)
                0x0001a424                I2C_Bus_MasterSendStart
 .text.I2C_Bus_MasterSendRestart
                0x0001a4e0       0xa4 .\CortexM3\ARM_GCC_493\Debug\CorEx-Mux-Kernel.a(I2C_Bus_MASTER.o)
                0x0001a4e0                I2C_Bus_MasterSendRestart
 .text.I2C_Bus_MasterSendStop
                0x0001a584       0x58 .\CortexM3\ARM_GCC_493\Debug\CorEx-Mux-Kernel.a(I2C_Bus_MASTER.o)
                0x0001a584                I2C_Bus_MasterSendStop
 .text.I2C_Bus_MasterWriteByte
                0x0001a5dc       0x80 .\CortexM3\ARM_GCC_493\Debug\CorEx-Mux-Kernel.a(I2C_Bus_MASTER.o)
                0x0001a5dc                I2C_Bus_MasterWriteByte
 .text.I2C_Bus_MasterReadByte
                0x0001a65c       0x7c .\CortexM3\ARM_GCC_493\Debug\CorEx-Mux-Kernel.a(I2C_Bus_MASTER.o)
                0x0001a65c                I2C_Bus_MasterReadByte
 .text.I2C_Bus_MasterClearStatus
                0x0001a6d8       0x3c .\CortexM3\ARM_GCC_493\Debug\CorEx-Mux-Kernel.a(I2C_Bus_MASTER.o)
                0x0001a6d8                I2C_Bus_MasterClearStatus
 .text.iButton1_Write
                0x0001a714       0x3c .\CortexM3\ARM_GCC_493\Debug\CorEx-Mux-Kernel.a(iButton1.o)
                0x0001a714                iButton1_Write
 .text.iButton1_Read
                0x0001a750       0x20 .\CortexM3\ARM_GCC_493\Debug\CorEx-Mux-Kernel.a(iButton1.o)
                0x0001a750                iButton1_Read
 .text.iButton2_Write
                0x0001a770       0x34 .\CortexM3\ARM_GCC_493\Debug\CorEx-Mux-Kernel.a(iButton2.o)
                0x0001a770                iButton2_Write
 .text.iButton2_Read
                0x0001a7a4       0x1c .\CortexM3\ARM_GCC_493\Debug\CorEx-Mux-Kernel.a(iButton2.o)
                0x0001a7a4                iButton2_Read
 .text.eepromWP_Write
                0x0001a7c0       0x3c .\CortexM3\ARM_GCC_493\Debug\CorEx-Mux-Kernel.a(eepromWP.o)
                0x0001a7c0                eepromWP_Write
 .text.Timer_DispenserState_Init
                0x0001a7fc       0x4c .\CortexM3\ARM_GCC_493\Debug\CorEx-Mux-Kernel.a(Timer_DispenserState.o)
                0x0001a7fc                Timer_DispenserState_Init
 .text.Timer_DispenserState_Enable
                0x0001a848       0x20 .\CortexM3\ARM_GCC_493\Debug\CorEx-Mux-Kernel.a(Timer_DispenserState.o)
                0x0001a848                Timer_DispenserState_Enable
 .text.Timer_DispenserState_Start
                0x0001a868       0x20 .\CortexM3\ARM_GCC_493\Debug\CorEx-Mux-Kernel.a(Timer_DispenserState.o)
                0x0001a868                Timer_DispenserState_Start
 .text.Timer_DispenserState_SetInterruptMode
                0x0001a888       0x20 .\CortexM3\ARM_GCC_493\Debug\CorEx-Mux-Kernel.a(Timer_DispenserState.o)
                0x0001a888                Timer_DispenserState_SetInterruptMode
 .text.Timer_DispenserState_ReadStatusRegister
                0x0001a8a8       0x18 .\CortexM3\ARM_GCC_493\Debug\CorEx-Mux-Kernel.a(Timer_DispenserState.o)
                0x0001a8a8                Timer_DispenserState_ReadStatusRegister
 .text.Timer_DispenserState_WritePeriod
                0x0001a8c0       0x20 .\CortexM3\ARM_GCC_493\Debug\CorEx-Mux-Kernel.a(Timer_DispenserState.o)
                0x0001a8c0                Timer_DispenserState_WritePeriod
 .text.Timer_DispenserState_ReadCapture
                0x0001a8e0       0x18 .\CortexM3\ARM_GCC_493\Debug\CorEx-Mux-Kernel.a(Timer_DispenserState.o)
                0x0001a8e0                Timer_DispenserState_ReadCapture
 .text.Timer_DispenserState_WriteCounter
                0x0001a8f8       0x20 .\CortexM3\ARM_GCC_493\Debug\CorEx-Mux-Kernel.a(Timer_DispenserState.o)
                0x0001a8f8                Timer_DispenserState_WriteCounter
 .text.Timer_DispenserState_ReadCounter
                0x0001a918       0x20 .\CortexM3\ARM_GCC_493\Debug\CorEx-Mux-Kernel.a(Timer_DispenserState.o)
                0x0001a918                Timer_DispenserState_ReadCounter
 .text.Timer_DispenserState_ClearFIFO
                0x0001a938       0x1c .\CortexM3\ARM_GCC_493\Debug\CorEx-Mux-Kernel.a(Timer_DispenserState.o)
                0x0001a938                Timer_DispenserState_ClearFIFO
 .text.DispenserStateTimeout_ISR_StartEx
                0x0001a954       0x24 .\CortexM3\ARM_GCC_493\Debug\CorEx-Mux-Kernel.a(DispenserStateTimeout_ISR.o)
                0x0001a954                DispenserStateTimeout_ISR_StartEx
 .text.DispenserStateTimeout_ISR_SetVector
                0x0001a978       0x24 .\CortexM3\ARM_GCC_493\Debug\CorEx-Mux-Kernel.a(DispenserStateTimeout_ISR.o)
                0x0001a978                DispenserStateTimeout_ISR_SetVector
 .text.DispenserStateTimeout_ISR_SetPriority
                0x0001a99c       0x24 .\CortexM3\ARM_GCC_493\Debug\CorEx-Mux-Kernel.a(DispenserStateTimeout_ISR.o)
                0x0001a99c                DispenserStateTimeout_ISR_SetPriority
 .text.DispenserStateTimeout_ISR_Enable
                0x0001a9c0       0x18 .\CortexM3\ARM_GCC_493\Debug\CorEx-Mux-Kernel.a(DispenserStateTimeout_ISR.o)
                0x0001a9c0                DispenserStateTimeout_ISR_Enable
 .text.DispenserStateTimeout_ISR_Disable
                0x0001a9d8       0x18 .\CortexM3\ARM_GCC_493\Debug\CorEx-Mux-Kernel.a(DispenserStateTimeout_ISR.o)
                0x0001a9d8                DispenserStateTimeout_ISR_Disable
 .text.Timer_Tick_Init
                0x0001a9f0       0x9c .\CortexM3\ARM_GCC_493\Debug\CorEx-Mux-Kernel.a(Timer_Tick.o)
                0x0001a9f0                Timer_Tick_Init
 .text.Timer_Tick_Enable
                0x0001aa8c       0x48 .\CortexM3\ARM_GCC_493\Debug\CorEx-Mux-Kernel.a(Timer_Tick.o)
                0x0001aa8c                Timer_Tick_Enable
 .text.Timer_Tick_Start
                0x0001aad4       0x20 .\CortexM3\ARM_GCC_493\Debug\CorEx-Mux-Kernel.a(Timer_Tick.o)
                0x0001aad4                Timer_Tick_Start
 .text.Timer_Tick_SetInterruptMode
                0x0001aaf4       0x20 .\CortexM3\ARM_GCC_493\Debug\CorEx-Mux-Kernel.a(Timer_Tick.o)
                0x0001aaf4                Timer_Tick_SetInterruptMode
 .text.Timer_Tick_ReadStatusRegister
                0x0001ab14       0x18 .\CortexM3\ARM_GCC_493\Debug\CorEx-Mux-Kernel.a(Timer_Tick.o)
                0x0001ab14                Timer_Tick_ReadStatusRegister
 .text.Timer_Tick_WritePeriod
                0x0001ab2c       0x24 .\CortexM3\ARM_GCC_493\Debug\CorEx-Mux-Kernel.a(Timer_Tick.o)
                0x0001ab2c                Timer_Tick_WritePeriod
 .text.Timer_Tick_WriteCounter
                0x0001ab50       0x20 .\CortexM3\ARM_GCC_493\Debug\CorEx-Mux-Kernel.a(Timer_Tick.o)
                0x0001ab50                Timer_Tick_WriteCounter
 .text.Timer_Tick_ReadCounter
                0x0001ab70       0x20 .\CortexM3\ARM_GCC_493\Debug\CorEx-Mux-Kernel.a(Timer_Tick.o)
                0x0001ab70                Timer_Tick_ReadCounter
 .text.pow10    0x0001ab90       0x10 c:/program files (x86)/cypress/psoc creator/3.3/psoc creator/import/gnu/arm/4.9.3/bin/../lib/gcc/arm-none-eabi/4.9.3/../../../../arm-none-eabi/lib/armv7-m\libm.a(lib_a-s_pow10.o)
                0x0001ab90                pow10
 .text.round    0x0001aba0       0xa0 c:/program files (x86)/cypress/psoc creator/3.3/psoc creator/import/gnu/arm/4.9.3/bin/../lib/gcc/arm-none-eabi/4.9.3/../../../../arm-none-eabi/lib/armv7-m\libm.a(lib_a-s_round.o)
                0x0001aba0                round
 .text.pow      0x0001ac40      0x2f0 c:/program files (x86)/cypress/psoc creator/3.3/psoc creator/import/gnu/arm/4.9.3/bin/../lib/gcc/arm-none-eabi/4.9.3/../../../../arm-none-eabi/lib/armv7-m\libm.a(lib_a-w_pow.o)
                0x0001ac40                pow
 .text.__ieee754_pow
                0x0001af30      0xaa0 c:/program files (x86)/cypress/psoc creator/3.3/psoc creator/import/gnu/arm/4.9.3/bin/../lib/gcc/arm-none-eabi/4.9.3/../../../../arm-none-eabi/lib/armv7-m\libm.a(lib_a-e_pow.o)
                0x0001af30                __ieee754_pow
 .text.__ieee754_sqrt
                0x0001b9d0      0x18c c:/program files (x86)/cypress/psoc creator/3.3/psoc creator/import/gnu/arm/4.9.3/bin/../lib/gcc/arm-none-eabi/4.9.3/../../../../arm-none-eabi/lib/armv7-m\libm.a(lib_a-e_sqrt.o)
                0x0001b9d0                __ieee754_sqrt
 .text.fabs     0x0001bb5c        0x8 c:/program files (x86)/cypress/psoc creator/3.3/psoc creator/import/gnu/arm/4.9.3/bin/../lib/gcc/arm-none-eabi/4.9.3/../../../../arm-none-eabi/lib/armv7-m\libm.a(lib_a-s_fabs.o)
                0x0001bb5c                fabs
 .text.finite   0x0001bb64        0xc c:/program files (x86)/cypress/psoc creator/3.3/psoc creator/import/gnu/arm/4.9.3/bin/../lib/gcc/arm-none-eabi/4.9.3/../../../../arm-none-eabi/lib/armv7-m\libm.a(lib_a-s_finite.o)
                0x0001bb64                finite
 .text.__fpclassifyd
                0x0001bb70       0x58 c:/program files (x86)/cypress/psoc creator/3.3/psoc creator/import/gnu/arm/4.9.3/bin/../lib/gcc/arm-none-eabi/4.9.3/../../../../arm-none-eabi/lib/armv7-m\libm.a(lib_a-s_fpclassify.o)
                0x0001bb70                __fpclassifyd
 .text.matherr  0x0001bbc8        0x4 c:/program files (x86)/cypress/psoc creator/3.3/psoc creator/import/gnu/arm/4.9.3/bin/../lib/gcc/arm-none-eabi/4.9.3/../../../../arm-none-eabi/lib/armv7-m\libm.a(lib_a-s_matherr.o)
                0x0001bbc8                matherr
 .text.nan      0x0001bbcc        0xc c:/program files (x86)/cypress/psoc creator/3.3/psoc creator/import/gnu/arm/4.9.3/bin/../lib/gcc/arm-none-eabi/4.9.3/../../../../arm-none-eabi/lib/armv7-m\libm.a(lib_a-s_nan.o)
                0x0001bbcc                nan
 .text.rint     0x0001bbd8      0x11c c:/program files (x86)/cypress/psoc creator/3.3/psoc creator/import/gnu/arm/4.9.3/bin/../lib/gcc/arm-none-eabi/4.9.3/../../../../arm-none-eabi/lib/armv7-m\libm.a(lib_a-s_rint.o)
                0x0001bbd8                rint
 *fill*         0x0001bcf4        0x4 
 .text.scalbn   0x0001bcf8       0xf0 c:/program files (x86)/cypress/psoc creator/3.3/psoc creator/import/gnu/arm/4.9.3/bin/../lib/gcc/arm-none-eabi/4.9.3/../../../../arm-none-eabi/lib/armv7-m\libm.a(lib_a-s_scalbn.o)
                0x0001bcf8                scalbn
 .text.copysign
                0x0001bde8       0x10 c:/program files (x86)/cypress/psoc creator/3.3/psoc creator/import/gnu/arm/4.9.3/bin/../lib/gcc/arm-none-eabi/4.9.3/../../../../arm-none-eabi/lib/armv7-m\libm.a(lib_a-s_copysign.o)
                0x0001bde8                copysign
 .text          0x0001bdf8      0x370 c:/program files (x86)/cypress/psoc creator/3.3/psoc creator/import/gnu/arm/4.9.3/bin/../lib/gcc/arm-none-eabi/4.9.3/armv7-m\libgcc.a(_arm_addsubdf3.o)
                0x0001bdf8                __aeabi_drsub
                0x0001be00                __aeabi_dsub
                0x0001be00                __subdf3
                0x0001be04                __aeabi_dadd
                0x0001be04                __adddf3
                0x0001c07c                __floatunsidf
                0x0001c07c                __aeabi_ui2d
                0x0001c09c                __floatsidf
                0x0001c09c                __aeabi_i2d
                0x0001c0c0                __aeabi_f2d
                0x0001c0c0                __extendsfdf2
                0x0001c0fc                __floatundidf
                0x0001c0fc                __aeabi_ul2d
                0x0001c10c                __floatdidf
                0x0001c10c                __aeabi_l2d
 .text          0x0001c168      0x424 c:/program files (x86)/cypress/psoc creator/3.3/psoc creator/import/gnu/arm/4.9.3/bin/../lib/gcc/arm-none-eabi/4.9.3/armv7-m\libgcc.a(_arm_muldivdf3.o)
                0x0001c168                __aeabi_dmul
                0x0001c168                __muldf3
                0x0001c3bc                __divdf3
                0x0001c3bc                __aeabi_ddiv
 .text          0x0001c58c      0x110 c:/program files (x86)/cypress/psoc creator/3.3/psoc creator/import/gnu/arm/4.9.3/bin/../lib/gcc/arm-none-eabi/4.9.3/armv7-m\libgcc.a(_arm_cmpdf2.o)
                0x0001c58c                __gtdf2
                0x0001c58c                __gedf2
                0x0001c594                __ltdf2
                0x0001c594                __ledf2
                0x0001c59c                __nedf2
                0x0001c59c                __eqdf2
                0x0001c59c                __cmpdf2
                0x0001c618                __aeabi_cdrcmple
                0x0001c628                __aeabi_cdcmpeq
                0x0001c628                __aeabi_cdcmple
                0x0001c638                __aeabi_dcmpeq
                0x0001c64c                __aeabi_dcmplt
                0x0001c660                __aeabi_dcmple
                0x0001c674                __aeabi_dcmpge
                0x0001c688                __aeabi_dcmpgt
 .text          0x0001c69c       0x40 c:/program files (x86)/cypress/psoc creator/3.3/psoc creator/import/gnu/arm/4.9.3/bin/../lib/gcc/arm-none-eabi/4.9.3/armv7-m\libgcc.a(_arm_fixunsdfsi.o)
                0x0001c69c                __aeabi_d2uiz
                0x0001c69c                __fixunsdfsi
 .text          0x0001c6dc       0x30 c:/program files (x86)/cypress/psoc creator/3.3/psoc creator/import/gnu/arm/4.9.3/bin/../lib/gcc/arm-none-eabi/4.9.3/armv7-m\libgcc.a(_aeabi_uldivmod.o)
                0x0001c6dc                __aeabi_uldivmod
 .text          0x0001c70c       0x60 c:/program files (x86)/cypress/psoc creator/3.3/psoc creator/import/gnu/arm/4.9.3/bin/../lib/gcc/arm-none-eabi/4.9.3/armv7-m\libgcc.a(bpabi.o)
                0x0001c70c                __gnu_ldivmod_helper
                0x0001c73c                __gnu_uldivmod_helper
 .text          0x0001c76c        0x4 c:/program files (x86)/cypress/psoc creator/3.3/psoc creator/import/gnu/arm/4.9.3/bin/../lib/gcc/arm-none-eabi/4.9.3/armv7-m\libgcc.a(_dvmd_tls.o)
                0x0001c76c                __aeabi_idiv0
                0x0001c76c                __aeabi_ldiv0
 .text          0x0001c770      0x2ac c:/program files (x86)/cypress/psoc creator/3.3/psoc creator/import/gnu/arm/4.9.3/bin/../lib/gcc/arm-none-eabi/4.9.3/armv7-m\libgcc.a(_divdi3.o)
                0x0001c770                __divdi3
 .text          0x0001ca1c      0x270 c:/program files (x86)/cypress/psoc creator/3.3/psoc creator/import/gnu/arm/4.9.3/bin/../lib/gcc/arm-none-eabi/4.9.3/armv7-m\libgcc.a(_udivdi3.o)
                0x0001ca1c                __udivdi3
 .text.__errno  0x0001cc8c        0xc c:/program files (x86)/cypress/psoc creator/3.3/psoc creator/import/gnu/arm/4.9.3/bin/../lib/gcc/arm-none-eabi/4.9.3/../../../../arm-none-eabi/lib/armv7-m\libg_nano.a(lib_a-errno.o)
                0x0001cc8c                __errno
 .text.__libc_init_array
                0x0001cc98       0x4c c:/program files (x86)/cypress/psoc creator/3.3/psoc creator/import/gnu/arm/4.9.3/bin/../lib/gcc/arm-none-eabi/4.9.3/../../../../arm-none-eabi/lib/armv7-m\libg_nano.a(lib_a-init.o)
                0x0001cc98                __libc_init_array
 .text.memcpy   0x0001cce4       0x16 c:/program files (x86)/cypress/psoc creator/3.3/psoc creator/import/gnu/arm/4.9.3/bin/../lib/gcc/arm-none-eabi/4.9.3/../../../../arm-none-eabi/lib/armv7-m\libg_nano.a(lib_a-memcpy.o)
                0x0001cce4                memcpy