Archive member included because of file (symbol)

.\CortexM3\ARM_GCC_493\Debug\CorEx-Mux-Kernel.a(cyfitter_cfg.o)
                              .\CortexM3\ARM_GCC_493\Debug\Cm3Start.o (cyfitter_cfg)
.\CortexM3\ARM_GCC_493\Debug\CorEx-Mux-Kernel.a(RF_Physical.o)
                              .\CortexM3\ARM_GCC_493\Debug\UARTManager.o (RF_Physical_Start)
.\CortexM3\ARM_GCC_493\Debug\CorEx-Mux-Kernel.a(RF_Physical_INT.o)
                              .\CortexM3\ARM_GCC_493\Debug\CorEx-Mux-Kernel.a(RF_Physical.o) (RF_Physical_RXISR)
.\CortexM3\ARM_GCC_493\Debug\CorEx-Mux-Kernel.a(RF_Physical_IntClock.o)
                              .\CortexM3\ARM_GCC_493\Debug\CorEx-Mux-Kernel.a(RF_Physical.o) (RF_Physical_IntClock_Start)
.\CortexM3\ARM_GCC_493\Debug\CorEx-Mux-Kernel.a(CyBootAsmGnu.o)
                              .\CortexM3\ARM_GCC_493\Debug\CorEx-Mux-Kernel.a(cyfitter_cfg.o) (CyDelayCycles)
.\CortexM3\ARM_GCC_493\Debug\CorEx-Mux-Kernel.a(CyLib.o)
                              .\CortexM3\ARM_GCC_493\Debug\Cm3Start.o (CyResetStatus)
.\CortexM3\ARM_GCC_493\Debug\CorEx-Mux-Kernel.a(cyPm.o)
                              .\CortexM3\ARM_GCC_493\Debug\CorEx-Mux-Kernel.a(CyLib.o) (CyPmReadStatus)
.\CortexM3\ARM_GCC_493\Debug\CorEx-Mux-Kernel.a(CRC_Security.o)
                              .\CortexM3\ARM_GCC_493\Debug\Security.o (CRC_Security_Start)
.\CortexM3\ARM_GCC_493\Debug\CorEx-Mux-Kernel.a(ShiftReg_Security.o)
                              .\CortexM3\ARM_GCC_493\Debug\Security.o (ShiftReg_Security_Start)
.\CortexM3\ARM_GCC_493\Debug\CorEx-Mux-Kernel.a(Clock_CRC.o)
                              .\CortexM3\ARM_GCC_493\Debug\Security.o (Clock_CRC_Write)
.\CortexM3\ARM_GCC_493\Debug\CorEx-Mux-Kernel.a(Reset_CRC.o)
                              .\CortexM3\ARM_GCC_493\Debug\Security.o (Reset_CRC_Write)
.\CortexM3\ARM_GCC_493\Debug\CorEx-Mux-Kernel.a(Printer.o)
                              .\CortexM3\ARM_GCC_493\Debug\UARTManager.o (Printer_Start)
.\CortexM3\ARM_GCC_493\Debug\CorEx-Mux-Kernel.a(Dispenser.o)
                              .\CortexM3\ARM_GCC_493\Debug\UARTManager.o (Dispenser_Start)
.\CortexM3\ARM_GCC_493\Debug\CorEx-Mux-Kernel.a(Dispenser_INT.o)
                              .\CortexM3\ARM_GCC_493\Debug\CorEx-Mux-Kernel.a(Dispenser.o) (Dispenser_RXISR)
.\CortexM3\ARM_GCC_493\Debug\CorEx-Mux-Kernel.a(Display1.o)
                              .\CortexM3\ARM_GCC_493\Debug\UARTManager.o (Display1_Start)
.\CortexM3\ARM_GCC_493\Debug\CorEx-Mux-Kernel.a(Display1_INT.o)
                              .\CortexM3\ARM_GCC_493\Debug\CorEx-Mux-Kernel.a(Display1.o) (Display1_RXISR)
.\CortexM3\ARM_GCC_493\Debug\CorEx-Mux-Kernel.a(Display2.o)
                              .\CortexM3\ARM_GCC_493\Debug\UARTManager.o (Display2_Start)
.\CortexM3\ARM_GCC_493\Debug\CorEx-Mux-Kernel.a(Display2_INT.o)
                              .\CortexM3\ARM_GCC_493\Debug\CorEx-Mux-Kernel.a(Display2.o) (Display2_RXISR)
.\CortexM3\ARM_GCC_493\Debug\CorEx-Mux-Kernel.a(Counter_ISR.o)
                              .\CortexM3\ARM_GCC_493\Debug\Timers.o (Counter_ISR_StartEx)
.\CortexM3\ARM_GCC_493\Debug\CorEx-Mux-Kernel.a(Display1_IntClock.o)
                              .\CortexM3\ARM_GCC_493\Debug\CorEx-Mux-Kernel.a(Display1.o) (Display1_IntClock_Start)
.\CortexM3\ARM_GCC_493\Debug\CorEx-Mux-Kernel.a(Display2_IntClock.o)
                              .\CortexM3\ARM_GCC_493\Debug\CorEx-Mux-Kernel.a(Display2.o) (Display2_IntClock_Start)
.\CortexM3\ARM_GCC_493\Debug\CorEx-Mux-Kernel.a(I2C_Bus.o)
                              .\CortexM3\ARM_GCC_493\Debug\Initializers.o (I2C_Bus_Start)
.\CortexM3\ARM_GCC_493\Debug\CorEx-Mux-Kernel.a(I2C_Bus_INT.o)
                              .\CortexM3\ARM_GCC_493\Debug\CorEx-Mux-Kernel.a(I2C_Bus.o) (I2C_Bus_ISR)
.\CortexM3\ARM_GCC_493\Debug\CorEx-Mux-Kernel.a(I2C_Bus_PM.o)
                              .\CortexM3\ARM_GCC_493\Debug\CorEx-Mux-Kernel.a(I2C_Bus.o) (I2C_Bus_backup)
.\CortexM3\ARM_GCC_493\Debug\CorEx-Mux-Kernel.a(I2C_Bus_MASTER.o)
                              .\CortexM3\ARM_GCC_493\Debug\CorEx-Mux-Kernel.a(I2C_Bus.o) (I2C_Bus_mstrStatus)
.\CortexM3\ARM_GCC_493\Debug\CorEx-Mux-Kernel.a(iButton1.o)
                              .\CortexM3\ARM_GCC_493\Debug\iButtonProtocol.o (iButton1_Write)
.\CortexM3\ARM_GCC_493\Debug\CorEx-Mux-Kernel.a(iButton2.o)
                              .\CortexM3\ARM_GCC_493\Debug\TestFile.o (iButton2_Write)
.\CortexM3\ARM_GCC_493\Debug\CorEx-Mux-Kernel.a(eepromWP.o)
                              .\CortexM3\ARM_GCC_493\Debug\EepromManager.o (eepromWP_Write)
.\CortexM3\ARM_GCC_493\Debug\CorEx-Mux-Kernel.a(Timer_DispenserState.o)
                              .\CortexM3\ARM_GCC_493\Debug\Timers.o (Timer_DispenserState_Start)
.\CortexM3\ARM_GCC_493\Debug\CorEx-Mux-Kernel.a(DispenserStateTimeout_ISR.o)
                              .\CortexM3\ARM_GCC_493\Debug\Timers.o (DispenserStateTimeout_ISR_StartEx)
.\CortexM3\ARM_GCC_493\Debug\CorEx-Mux-Kernel.a(Timer_Tick.o)
[...]
Memory Configuration

Name             Origin             Length             Attributes
rom              0x00000000         0x00040000         xr
ram              0x1fff8000         0x00010000         xrw
*default*        0x00000000         0xffffffff

Linker script and memory map

LOAD c:/program files (x86)/cypress/psoc creator/3.3/psoc creator/import/gnu/arm/4.9.3/bin/../lib/gcc/arm-none-eabi/4.9.3/armv7-m/crti.o
LOAD c:/program files (x86)/cypress/psoc creator/3.3/psoc creator/import/gnu/arm/4.9.3/bin/../lib/gcc/arm-none-eabi/4.9.3/armv7-m/crtbegin.o
LOAD c:/program files (x86)/cypress/psoc creator/3.3/psoc creator/import/gnu/arm/4.9.3/bin/../lib/gcc/arm-none-eabi/4.9.3/../../../../arm-none-eabi/lib/armv7-m/crt0.o
START GROUP
LOAD .\CortexM3\ARM_GCC_493\Debug\UARTManager.o
LOAD .\CortexM3\ARM_GCC_493\Debug\UARTResolver.o
LOAD .\CortexM3\ARM_GCC_493\Debug\UARTManagerSink.o
LOAD .\CortexM3\ARM_GCC_493\Debug\PseudoRTOS.o
LOAD .\CortexM3\ARM_GCC_493\Debug\Utils.o
LOAD .\CortexM3\ARM_GCC_493\Debug\Security.o
LOAD .\CortexM3\ARM_GCC_493\Debug\SinkManager.o
LOAD .\CortexM3\ARM_GCC_493\Debug\EepromManager.o
LOAD .\CortexM3\ARM_GCC_493\Debug\RtcManager.o
LOAD .\CortexM3\ARM_GCC_493\Debug\Initializers.o
LOAD .\CortexM3\ARM_GCC_493\Debug\Timers.o
LOAD .\CortexM3\ARM_GCC_493\Debug\TestFile.o
LOAD .\CortexM3\ARM_GCC_493\Debug\AuxPSoC.o
LOAD .\CortexM3\ARM_GCC_493\Debug\WatchDogReset.o
LOAD .\CortexM3\ARM_GCC_493\Debug\DispenserResolver.o
LOAD .\CortexM3\ARM_GCC_493\Debug\DispenserBLL.o
LOAD .\CortexM3\ARM_GCC_493\Debug\DispenserSink.o
LOAD .\CortexM3\ARM_GCC_493\Debug\DisplayBLL.o
LOAD .\CortexM3\ARM_GCC_493\Debug\DisplaySink.o
LOAD .\CortexM3\ARM_GCC_493\Debug\DisplayUtils.o
LOAD .\CortexM3\ARM_GCC_493\Debug\DisplayFlow.o
LOAD .\CortexM3\ARM_GCC_493\Debug\DisplayCharacterMap.o
LOAD .\CortexM3\ARM_GCC_493\Debug\DisplayBufferScreenMap.o
LOAD .\CortexM3\ARM_GCC_493\Debug\DisplayResolver.o
LOAD .\CortexM3\ARM_GCC_493\Debug\PrinterBLL.o
LOAD .\CortexM3\ARM_GCC_493\Debug\PrinterSink.o
LOAD .\CortexM3\ARM_GCC_493\Debug\PrinterResolver.o
LOAD .\CortexM3\ARM_GCC_493\Debug\PrinterTemplate.o
LOAD .\CortexM3\ARM_GCC_493\Debug\iButtonSink.o
LOAD .\CortexM3\ARM_GCC_493\Debug\iButtonBLL.o
LOAD .\CortexM3\ARM_GCC_493\Debug\iButtonProtocol.o
LOAD .\CortexM3\ARM_GCC_493\Debug\Prime.o
LOAD .\CortexM3\ARM_GCC_493\Debug\PrimeFlow.o
LOAD .\CortexM3\ARM_GCC_493\Debug\PrimeImpl.o
LOAD .\CortexM3\ARM_GCC_493\Debug\Encore.o
LOAD .\CortexM3\ARM_GCC_493\Debug\EncoreFlow.o
LOAD .\CortexM3\ARM_GCC_493\Debug\EncoreImpl.o
LOAD .\CortexM3\ARM_GCC_493\Debug\Advantage.o
LOAD .\CortexM3\ARM_GCC_493\Debug\AdvantageFlow.o
LOAD .\CortexM3\ARM_GCC_493\Debug\AdvantageImpl.o
LOAD .\CortexM3\ARM_GCC_493\Debug\RFSink.o
LOAD .\CortexM3\ARM_GCC_493\Debug\RFBLL.o
LOAD .\CortexM3\ARM_GCC_493\Debug\RFResolver.o
LOAD .\CortexM3\ARM_GCC_493\Debug\RFServerStack.o
LOAD .\CortexM3\ARM_GCC_493\Debug\RFServerStackImpl.o
LOAD .\CortexM3\ARM_GCC_493\Debug\ClientDefinitions.o
LOAD .\CortexM3\ARM_GCC_493\Debug\main.o
LOAD .\CortexM3\ARM_GCC_493\Debug\cymetadata.o
LOAD .\CortexM3\ARM_GCC_493\Debug\Cm3Start.o
LOAD .\CortexM3\ARM_GCC_493\Debug\CorEx-Mux-Kernel.a
LOAD C:\Program Files (x86)\Cypress\PSoC Creator\3.3\PSoC Creator\psoc\content\cycomponentlibrary\CyComponentLibrary.cylib\CortexM3\ARM_GCC_493\Debug\CyComponentLibrary.a
LOAD c:/program files (x86)/cypress/psoc creator/3.3/psoc creator/import/gnu/arm/4.9.3/bin/../lib/gcc/arm-none-eabi/4.9.3/../../../../arm-none-eabi/lib/armv7-m\libm.a
END GROUP
START GROUP
LOAD c:/program files (x86)/cypress/psoc creator/3.3/psoc creator/import/gnu/arm/4.9.3/bin/../lib/gcc/arm-none-eabi/4.9.3/armv7-m\libgcc.a
LOAD c:/program files (x86)/cypress/psoc creator/3.3/psoc creator/import/gnu/arm/4.9.3/bin/../lib/gcc/arm-none-eabi/4.9.3/../../../../arm-none-eabi/lib/armv7-m\libg_nano.a
LOAD c:/program files (x86)/cypress/psoc creator/3.3/psoc creator/import/gnu/arm/4.9.3/bin/../lib/gcc/arm-none-eabi/4.9.3/../../../../arm-none-eabi/lib/armv7-m\libc_nano.a
END GROUP
START GROUP
LOAD c:/program files (x86)/cypress/psoc creator/3.3/psoc creator/import/gnu/arm/4.9.3/bin/../lib/gcc/arm-none-eabi/4.9.3/armv7-m\libgcc.a
LOAD c:/program files (x86)/cypress/psoc creator/3.3/psoc creator/import/gnu/arm/4.9.3/bin/../lib/gcc/arm-none-eabi/4.9.3/../../../../arm-none-eabi/lib/armv7-m\libc_nano.a
END GROUP
LOAD c:/program files (x86)/cypress/psoc creator/3.3/psoc creator/import/gnu/arm/4.9.3/bin/../lib/gcc/arm-none-eabi/4.9.3/armv7-m/crtend.o
LOAD c:/program files (x86)/cypress/psoc creator/3.3/psoc creator/import/gnu/arm/4.9.3/bin/../lib/gcc/arm-none-eabi/4.9.3/armv7-m/crtn.o
START GROUP
LOAD c:/program files (x86)/cypress/psoc creator/3.3/psoc creator/import/gnu/arm/4.9.3/bin/../lib/gcc/arm-none-eabi/4.9.3/armv7-m\libgcc.a
LOAD c:/program files (x86)/cypress/psoc creator/3.3/psoc creator/import/gnu/arm/4.9.3/bin/../lib/gcc/arm-none-eabi/4.9.3/../../../../arm-none-eabi/lib/armv7-m\libc.a
LOAD c:/program files (x86)/cypress/psoc creator/3.3/psoc creator/import/gnu/arm/4.9.3/bin/../lib/gcc/arm-none-eabi/4.9.3/../../../../arm-none-eabi/lib/armv7-m\libnosys.a
END GROUP
                0x00000000                CY_APPL_ORIGIN = 0x0
                0x00000100                CY_FLASH_ROW_SIZE = 0x100
                0x00000020                CY_ECC_ROW_SIZE = 0x20
                0x00000000                CY_EE_IN_BTLDR = 0x0
                0x00000000                CY_APPL_LOADABLE = 0x0
                0x00000800                CY_EE_SIZE = 0x800
                0x00000001                CY_APPL_NUM = 0x1
                0x00000001                CY_APPL_MAX = 0x1
                0x00000040                CY_METADATA_SIZE = 0x40
                0x00000000                CY_APPL_LOADABLE = 0x0
                0x00000000                CY_CHECKSUM_EXCLUDE_SIZE = ALIGN (0x0, CY_FLASH_ROW_SIZE)
                0x200070b0                PROVIDE (__cy_heap_start, _end)
                0x00000001                PROVIDE (__cy_region_num, ((__cy_regions_end - __cy_regions) / 0x10))
                0x20008000                PROVIDE (__cy_stack, (ORIGIN (ram) + 0x10000))
                0x20007800                PROVIDE (__cy_heap_end, (__cy_stack - 0x800))

.cybootloader   0x00000000        0x0
 *(.cybootloader)
                0x00000000                appl1_start = CY_APPL_ORIGIN?CY_APPL_ORIGIN:ALIGN (CY_FLASH_ROW_SIZE)
                0x0001ff00                appl2_start = (appl1_start + ALIGN ((((0x40000 - appl1_start) - (0x2 * CY_FLASH_ROW_SIZE)) / 0x2), CY_FLASH_ROW_SIZE))
                0x00000000                appl_start = (CY_APPL_NUM == 0x1)?appl1_start:appl2_start
                0x00000000                ecc_offset = ((appl_start / CY_FLASH_ROW_SIZE) * CY_ECC_ROW_SIZE)
                0x00000000                ee_offset = (CY_APPL_LOADABLE && ! (CY_EE_IN_BTLDR))?((CY_EE_SIZE / CY_APPL_MAX) * (CY_APPL_NUM - 0x1)):0x0
                0x00000800                ee_size = (CY_APPL_LOADABLE && ! (CY_EE_IN_BTLDR))?(CY_EE_SIZE / CY_APPL_MAX):CY_EE_SIZE
                0x00000000                PROVIDE (CY_ECC_OFFSET, ecc_offset)

.text           0x00000000    0x1cf7a
 CREATE_OBJECT_SYMBOLS
                0x00000000                PROVIDE (__cy_interrupt_vector, RomVectors)
 *(.romvectors)
 .romvectors    0x00000000       0x10 .\CortexM3\ARM_GCC_493\Debug\Cm3Start.o
                0x00000000                RomVectors
                0x00000001                ASSERT ((. != __cy_interrupt_vector), No interrupt vector)
                0x00000001                ASSERT (CY_APPL_ORIGIN?(SIZEOF (.cybootloader) <= CY_APPL_ORIGIN):0x1, Wrong image location)
                0x00000010                PROVIDE (__cy_reset, Reset)
 *(.text.Reset)
 .text.Reset    0x00000010       0x18 .\CortexM3\ARM_GCC_493\Debug\Cm3Start.o
                0x00000010                Reset
                0x00000001                ASSERT ((. != __cy_reset), No reset code)
 *(.dma_init)
                0x00000001                ASSERT ((((appl_start + .) <= 0x10000) || 0x1), DMA Init must be within the first 64k of flash)
 *(.text .text.* .gnu.linkonce.t.*)
 .text          0x00000028       0x5c c:/program files (x86)/cypress/psoc creator/3.3/psoc creator/import/gnu/arm/4.9.3/bin/../lib/gcc/arm-none-eabi/4.9.3/armv7-m/crtbegin.o
 .text.UARTGlobalHandler
                0x00000084       0x50 .\CortexM3\ARM_GCC_493\Debug\UARTManager.o
                0x00000084                UARTGlobalHandler
 .text.GetUARTManager
                0x000000d4       0x3c .\CortexM3\ARM_GCC_493\Debug\UARTManager.o
                0x000000d4                GetUARTManager
 .text.GetUARTMessageSlot
                0x00000110       0xb4 .\CortexM3\ARM_GCC_493\Debug\UARTManager.o
                0x00000110                GetUARTMessageSlot
 .text.InitUARTManager
                0x000001c4       0x84 .\CortexM3\ARM_GCC_493\Debug\UARTManager.o
                0x000001c4                InitUARTManager
 .text.ReleaseMessage
                0x00000248       0x34 .\CortexM3\ARM_GCC_493\Debug\UARTManager.o
                0x00000248                ReleaseMessage
 .text.InvokeResolver
                0x0000027c       0x54 .\CortexM3\ARM_GCC_493\Debug\UARTResolver.o
                0x0000027c                InvokeResolver
 .text.UARTSinkRegistration
                0x000002d0        0xc .\CortexM3\ARM_GCC_493\Debug\UARTManagerSink.o
                0x000002d0                UARTSinkRegistration
 .text.loop_push
                0x000002dc       0x3c .\CortexM3\ARM_GCC_493\Debug\PseudoRTOS.o
                0x000002dc                loop_push
 .text.loop_invoke
                0x00000318       0x4c .\CortexM3\ARM_GCC_493\Debug\PseudoRTOS.o
                0x00000318                loop_invoke
 .text.B78AD90CF552D9B30A
                0x00000364      0x1dc .\CortexM3\ARM_GCC_493\Debug\Utils.o
                0x00000364                B78AD90CF552D9B30A
 .text.PSTRBUFFTOGG
                0x00000540       0x7c .\CortexM3\ARM_GCC_493\Debug\Utils.o
                0x00000540                PSTRBUFFTOGG
 .text.LSDBCDBUFF2HEX
                0x000005bc       0x94 .\CortexM3\ARM_GCC_493\Debug\Utils.o
                0x000005bc                LSDBCDBUFF2HEX
 .text.CRCCheck
                0x00000650       0x58 .\CortexM3\ARM_GCC_493\Debug\Security.o
                0x00000650                CRCCheck
 .text.RawCRCCheck
                0x000006a8       0x44 .\CortexM3\ARM_GCC_493\Debug\Security.o
                0x000006a8                RawCRCCheck
 .text.SinkManagerRegistration
                0x000006ec      0x148 .\CortexM3\ARM_GCC_493\Debug\SinkManager.o
                0x000006ec                SinkManagerRegistration
 *fill*         0x00000834        0x4 
 .text.AllocateMessageSlot
                0x00000838      0x150 .\CortexM3\ARM_GCC_493\Debug\SinkManager.o
                0x00000838                AllocateMessageSlot
 .text.FindSinkMessage
                0x00000988       0xc8 .\CortexM3\ARM_GCC_493\Debug\SinkManager.o
                0x00000988                FindSinkMessage
 .text.AllocateMessageSlotConditional
                0x00000a50      0x190 .\CortexM3\ARM_GCC_493\Debug\SinkManager.o
                0x00000a50                AllocateMessageSlotConditional
 .text.AllocateMessageArraySlotConditional
                0x00000be0      0x100 .\CortexM3\ARM_GCC_493\Debug\SinkManager.o
                0x00000be0                AllocateMessageArraySlotConditional
 .text.ReleaseSinkMessage
                0x00000ce0       0x2c .\CortexM3\ARM_GCC_493\Debug\SinkManager.o
                0x00000ce0                ReleaseSinkMessage
 .text.ReleaseSinkMessageByID
                0x00000d0c       0x4c .\CortexM3\ARM_GCC_493\Debug\SinkManager.o
                0x00000d0c                ReleaseSinkMessageByID
 .text.AllocateSubscriberSlot
                0x00000d58       0x68 .\CortexM3\ARM_GCC_493\Debug\SinkManager.o
                0x00000d58                AllocateSubscriberSlot
 .text.SinkHandler
                0x00000dc0      0x5c0 .\CortexM3\ARM_GCC_493\Debug\SinkManager.o
                0x00000dc0                SinkHandler
 .text.SinkBroadcast
                0x00001380       0x98 .\CortexM3\ARM_GCC_493\Debug\SinkManager.o
                0x00001380                SinkBroadcast
 .text.SinkFirstFound
                0x00001418       0xc0 .\CortexM3\ARM_GCC_493\Debug\SinkManager.o
                0x00001418                SinkFirstFound
 .text.SinkAllInterested
                0x000014d8       0xb4 .\CortexM3\ARM_GCC_493\Debug\SinkManager.o
                0x000014d8                SinkAllInterested
 .text.SinkBroadcastForever
                0x0000158c       0x94 .\CortexM3\ARM_GCC_493\Debug\SinkManager.o
                0x0000158c                SinkBroadcastForever
 .text.SinkCounterUpdateCallback
                0x00001620       0x70 .\CortexM3\ARM_GCC_493\Debug\SinkManager.o
                0x00001620                SinkCounterUpdateCallback
 .text.SinkReleaseByIDCallback
                0x00001690       0x1c .\CortexM3\ARM_GCC_493\Debug\SinkManager.o
                0x00001690                SinkReleaseByIDCallback
 .text.SinkReleaseByPtrCallback
                0x000016ac       0x20 .\CortexM3\ARM_GCC_493\Debug\SinkManager.o
                0x000016ac                SinkReleaseByPtrCallback
 .text.GetEepromBuffer
                0x000016cc       0x14 .\CortexM3\ARM_GCC_493\Debug\EepromManager.o
                0x000016cc                GetEepromBuffer
 .text.ClearEepromBuffer
                0x000016e0       0x14 .\CortexM3\ARM_GCC_493\Debug\EepromManager.o
                0x000016e0                ClearEepromBuffer
 .text.I2CBusLock
                0x000016f4       0x18 .\CortexM3\ARM_GCC_493\Debug\EepromManager.o
                0x000016f4                I2CBusLock
 .text.I2CBusUnlock
                0x0000170c       0x18 .\CortexM3\ARM_GCC_493\Debug\EepromManager.o
                0x0000170c                I2CBusUnlock
 .text.LoadEepromPage
                0x00001724       0x94 .\CortexM3\ARM_GCC_493\Debug\EepromManager.o
                0x00001724                LoadEepromPage
 .text.StoreEepromPage
                0x000017b8       0x8c .\CortexM3\ARM_GCC_493\Debug\EepromManager.o
                0x000017b8                StoreEepromPage
 .text.GetRtcBuffer
                0x00001844       0x14 .\CortexM3\ARM_GCC_493\Debug\RtcManager.o
                0x00001844                GetRtcBuffer
 .text.ClearRtcBuffer
                0x00001858       0x14 .\CortexM3\ARM_GCC_493\Debug\RtcManager.o
                0x00001858                ClearRtcBuffer
 .text.UpdateRTC
                0x0000186c       0xf8 .\CortexM3\ARM_GCC_493\Debug\RtcManager.o
                0x0000186c                UpdateRTC
 .text.ReadRTC  0x00001964       0x84 .\CortexM3\ARM_GCC_493\Debug\RtcManager.o
                0x00001964                ReadRTC
 .text.StartRtc
                0x000019e8       0x30 .\CortexM3\ARM_GCC_493\Debug\RtcManager.o
                0x000019e8                StartRtc
 .text.GlobalInitializer
                0x00001a18       0x48 .\CortexM3\ARM_GCC_493\Debug\Initializers.o
                0x00001a18                GlobalInitializer
 .text.InitTimers
                0x00001a60       0x24 .\CortexM3\ARM_GCC_493\Debug\Timers.o
                0x00001a60                InitTimers
 .text.CounterIsr
                0x00001a84       0x40 .\CortexM3\ARM_GCC_493\Debug\Timers.o
                0x00001a84                CounterIsr
 .text.DispenserStateIsr
                0x00001ac4       0x30 .\CortexM3\ARM_GCC_493\Debug\Timers.o
                0x00001ac4                DispenserStateIsr
 .text.WriteAuxPSoC
                0x00001af4       0x64 .\CortexM3\ARM_GCC_493\Debug\AuxPSoC.o
                0x00001af4                WriteAuxPSoC
 .text.WatchDogInitialize
                0x00001b58       0x48 .\CortexM3\ARM_GCC_493\Debug\WatchDogReset.o
                0x00001b58                WatchDogInitialize
 .text.WatchDogHandler
                0x00001ba0       0x18 .\CortexM3\ARM_GCC_493\Debug\WatchDogReset.o
                0x00001ba0                WatchDogHandler
 .text.WatchDogStartup
                0x00001bb8       0x18 .\CortexM3\ARM_GCC_493\Debug\WatchDogReset.o
                0x00001bb8                WatchDogStartup
 .text.DispenserBufferResolver
                0x00001bd0       0x7c .\CortexM3\ARM_GCC_493\Debug\DispenserResolver.o
                0x00001bd0                DispenserBufferResolver
 .text.DispenserUARTSend
                0x00001c4c       0x54 .\CortexM3\ARM_GCC_493\Debug\DispenserResolver.o
                0x00001c4c                DispenserUARTSend
 .text.DispenserSide1Listener
                0x00001ca0      0x14c .\CortexM3\ARM_GCC_493\Debug\DispenserBLL.o
                0x00001ca0                DispenserSide1Listener
 .text.DispenserSide2Listener
                0x00001dec      0x14c .\CortexM3\ARM_GCC_493\Debug\DispenserBLL.o
                0x00001dec                DispenserSide2Listener
 .text.DispenserUpdatePumpState
                0x00001f38      0x138 .\CortexM3\ARM_GCC_493\Debug\DispenserBLL.o
                0x00001f38                DispenserUpdatePumpState
 .text.DispenserUnlockPumpsOnEOT
                0x00002070       0xd4 .\CortexM3\ARM_GCC_493\Debug\DispenserBLL.o
                0x00002070                DispenserUnlockPumpsOnEOT
 .text.DispenserRestorePrices
                0x00002144       0xa4 .\CortexM3\ARM_GCC_493\Debug\DispenserBLL.o
                0x00002144                DispenserRestorePrices
 .text.DispenserAcquireConfiguration
                0x000021e8      0x108 .\CortexM3\ARM_GCC_493\Debug\DispenserBLL.o
                0x000021e8                DispenserAcquireConfiguration
 .text.DispenserConfigurePrices
                0x000022f0      0x12c .\CortexM3\ARM_GCC_493\Debug\DispenserBLL.o
                0x000022f0                DispenserConfigurePrices
 .text.DispenserConfigureSinglePrice
                0x0000241c      0x370 .\CortexM3\ARM_GCC_493\Debug\DispenserBLL.o
                0x0000241c                DispenserConfigureSinglePrice
 .text.DispenserAcquireTotals
                0x0000278c       0xa0 .\CortexM3\ARM_GCC_493\Debug\DispenserBLL.o
                0x0000278c                DispenserAcquireTotals
 .text.DispenserEnumeratePumps
                0x0000282c      0x148 .\CortexM3\ARM_GCC_493\Debug\DispenserBLL.o
                0x0000282c                DispenserEnumeratePumps
 .text.DispenserLoadEEPROMSettings
                0x00002974      0x1e4 .\CortexM3\ARM_GCC_493\Debug\DispenserBLL.o
                0x00002974                DispenserLoadEEPROMSettings
 .text.DispenserGetEepromPPUPageFromPumpID
                0x00002b58       0xb0 .\CortexM3\ARM_GCC_493\Debug\DispenserBLL.o
                0x00002b58                DispenserGetEepromPPUPageFromPumpID
 .text.GetPumpFromRemotePositionID
                0x00002c08       0x64 .\CortexM3\ARM_GCC_493\Debug\DispenserBLL.o
                0x00002c08                GetPumpFromRemotePositionID
 .text.DispenserSinkRegistration
                0x00002c6c      0x2a0 .\CortexM3\ARM_GCC_493\Debug\DispenserSink.o
                0x00002c6c                DispenserSinkRegistration
 .text.DispenserHandler
                0x00002f0c      0x250 .\CortexM3\ARM_GCC_493\Debug\DispenserSink.o
                0x00002f0c                DispenserHandler
 .text.DispenserTimeoutHandler
                0x0000315c       0xf8 .\CortexM3\ARM_GCC_493\Debug\DispenserSink.o
                0x0000315c                DispenserTimeoutHandler
 .text.DispenserDataReceptionHandler
                0x00003254      0x2a8 .\CortexM3\ARM_GCC_493\Debug\DispenserSink.o
                0x00003254                DispenserDataReceptionHandler
 .text.DispenserUpdateTimeouts
                0x000034fc       0x84 .\CortexM3\ARM_GCC_493\Debug\DispenserSink.o
                0x000034fc                DispenserUpdateTimeouts
 .text.Display1Logic
                0x00003580      0x1b4 .\CortexM3\ARM_GCC_493\Debug\DisplayBLL.o
                0x00003580                Display1Logic
 .text.Display2Logic
                0x00003734      0x1b4 .\CortexM3\ARM_GCC_493\Debug\DisplayBLL.o
                0x00003734                Display2Logic
 .text.DrawNumberOfCopies
                0x000038e8      0x170 .\CortexM3\ARM_GCC_493\Debug\DisplayBLL.o
                0x000038e8                DrawNumberOfCopies
 .text.CancelMessageDecorator
                0x00003a58       0xc4 .\CortexM3\ARM_GCC_493\Debug\DisplayBLL.o
                0x00003a58                CancelMessageDecorator
 .text.WorkShiftDecorator
                0x00003b1c       0xc4 .\CortexM3\ARM_GCC_493\Debug\DisplayBLL.o
                0x00003b1c                WorkShiftDecorator
 .text.InitiateWorkShiftValidation
                0x00003be0      0x144 .\CortexM3\ARM_GCC_493\Debug\DisplayBLL.o
                0x00003be0                InitiateWorkShiftValidation
 .text.RequestWorkShiftOperAuthorization
                0x00003d24      0x13c .\CortexM3\ARM_GCC_493\Debug\DisplayBLL.o
                0x00003d24                RequestWorkShiftOperAuthorization
 .text.AcceptedAuthorizationMessageDecorator
                0x00003e60      0x15c .\CortexM3\ARM_GCC_493\Debug\DisplayBLL.o
                0x00003e60                AcceptedAuthorizationMessageDecorator
 .text.ProductNameSelectionDecorator
                0x00003fbc      0x4fc .\CortexM3\ARM_GCC_493\Debug\DisplayBLL.o
                0x00003fbc                ProductNameSelectionDecorator
 .text.RejectedAuthorizationMessageDecorator
                0x000044b8      0x15c .\CortexM3\ARM_GCC_493\Debug\DisplayBLL.o
                0x000044b8                RejectedAuthorizationMessageDecorator
 .text.SendAuthorizationRequest4Credit
                0x00004614      0x234 .\CortexM3\ARM_GCC_493\Debug\DisplayBLL.o
                0x00004614                SendAuthorizationRequest4Credit
 .text.ValidateAuthorizationResponse4Credit
                0x00004848       0x94 .\CortexM3\ARM_GCC_493\Debug\DisplayBLL.o
                0x00004848                ValidateAuthorizationResponse4Credit
 .text.DisplayStationIDLoad
                0x000048dc       0x94 .\CortexM3\ARM_GCC_493\Debug\DisplayBLL.o
                0x000048dc                DisplayStationIDLoad
 .text.DisplayStationIDDecorator
                0x00004970       0xe4 .\CortexM3\ARM_GCC_493\Debug\DisplayBLL.o
                0x00004970                DisplayStationIDDecorator
 .text.DisplayStationIDStore
                0x00004a54       0xd4 .\CortexM3\ARM_GCC_493\Debug\DisplayBLL.o
                0x00004a54                DisplayStationIDStore
 .text.DisplayPumpIDOffsetLoad
                0x00004b28       0x80 .\CortexM3\ARM_GCC_493\Debug\DisplayBLL.o
                0x00004b28                DisplayPumpIDOffsetLoad
 .text.DisplayPumpIDOffsetDecorator
                0x00004ba8       0xe4 .\CortexM3\ARM_GCC_493\Debug\DisplayBLL.o
                0x00004ba8                DisplayPumpIDOffsetDecorator
 .text.DisplayPumpIDOffsetStore
                0x00004c8c       0xc4 .\CortexM3\ARM_GCC_493\Debug\DisplayBLL.o
                0x00004c8c                DisplayPumpIDOffsetStore
 .text.InitiateiButtonScan
                0x00004d50       0xb0 .\CortexM3\ARM_GCC_493\Debug\DisplayBLL.o
                0x00004d50                InitiateiButtonScan
 .text.TerminateiButtonScan
                0x00004e00       0x34 .\CortexM3\ARM_GCC_493\Debug\DisplayBLL.o
                0x00004e00                TerminateiButtonScan
 .text.iButtonScreenNotification
                0x00004e34       0x98 .\CortexM3\ARM_GCC_493\Debug\DisplayBLL.o
                0x00004e34                iButtonScreenNotification
 .text.DrawDateTime
                0x00004ecc      0x820 .\CortexM3\ARM_GCC_493\Debug\DisplayBLL.o
                0x00004ecc                DrawDateTime
 .text.InitiateUpdateDateTime
                0x000056ec       0xa8 .\CortexM3\ARM_GCC_493\Debug\DisplayBLL.o
                0x000056ec                InitiateUpdateDateTime
 .text.TerminateUpdateDateTime
                0x00005794       0x50 .\CortexM3\ARM_GCC_493\Debug\DisplayBLL.o
                0x00005794                TerminateUpdateDateTime
 .text.DisplayUpdateDateTime
                0x000057e4       0x2c .\CortexM3\ARM_GCC_493\Debug\DisplayBLL.o
                0x000057e4                DisplayUpdateDateTime
 .text.InitiateHomeAnimation
                0x00005810       0xa0 .\CortexM3\ARM_GCC_493\Debug\DisplayBLL.o
                0x00005810                InitiateHomeAnimation
 .text.TerminateHomeAnimation
                0x000058b0       0x50 .\CortexM3\ARM_GCC_493\Debug\DisplayBLL.o
                0x000058b0                TerminateHomeAnimation
 .text.DrawHomeDateTime
                0x00005900      0x788 .\CortexM3\ARM_GCC_493\Debug\DisplayBLL.o
                0x00005900                DrawHomeDateTime
 .text.DisplayUpdateHomeAnimation
                0x00006088      0xd38 .\CortexM3\ARM_GCC_493\Debug\DisplayBLL.o
                0x00006088                DisplayUpdateHomeAnimation
 .text.PrintersWorking
                0x00006dc0       0x5c .\CortexM3\ARM_GCC_493\Debug\DisplayBLL.o
                0x00006dc0                PrintersWorking
 .text.EitherPrinterWorking
                0x00006e1c       0x70 .\CortexM3\ARM_GCC_493\Debug\DisplayBLL.o
                0x00006e1c                EitherPrinterWorking
 .text.DisplayGenericValidator
                0x00006e8c      0x174 .\CortexM3\ARM_GCC_493\Debug\DisplayBLL.o
                0x00006e8c                DisplayGenericValidator
 .text.CastCreditVolumeValue
                0x00007000      0x164 .\CortexM3\ARM_GCC_493\Debug\DisplayBLL.o
                0x00007000                CastCreditVolumeValue
 .text.DisplaySinkRegistration
                0x00007164      0x19c .\CortexM3\ARM_GCC_493\Debug\DisplaySink.o
                0x00007164                DisplaySinkRegistration
 .text.InitDisplays
                0x00007300       0xd0 .\CortexM3\ARM_GCC_493\Debug\DisplaySink.o
                0x00007300                InitDisplays
 .text.DisplayRaiseTimeoutsAndStateChanges
                0x000073d0      0x304 .\CortexM3\ARM_GCC_493\Debug\DisplaySink.o
                0x000073d0                DisplayRaiseTimeoutsAndStateChanges
 .text.DisplayOutputString
                0x000076d4      0x138 .\CortexM3\ARM_GCC_493\Debug\DisplayUtils.o
                0x000076d4                DisplayOutputString
 .text.ParseDisplayFlow
                0x0000780c       0xa8 .\CortexM3\ARM_GCC_493\Debug\DisplayUtils.o
                0x0000780c                ParseDisplayFlow
 .text.DisplayFlowInputValidator
                0x000078b4       0x68 .\CortexM3\ARM_GCC_493\Debug\DisplayUtils.o
                0x000078b4                DisplayFlowInputValidator
 .text.DisplayFlowInputHandler
                0x0000791c       0x68 .\CortexM3\ARM_GCC_493\Debug\DisplayUtils.o
                0x0000791c                DisplayFlowInputHandler
 .text.DisplayFlowDecorator
                0x00007984       0x68 .\CortexM3\ARM_GCC_493\Debug\DisplayUtils.o
                0x00007984                DisplayFlowDecorator
 .text.DisplayInitializer
                0x000079ec       0x68 .\CortexM3\ARM_GCC_493\Debug\DisplayUtils.o
                0x000079ec                DisplayInitializer
 .text.DisplayFinalizer
                0x00007a54       0x68 .\CortexM3\ARM_GCC_493\Debug\DisplayUtils.o
                0x00007a54                DisplayFinalizer
 .text.ParseDisplayStream
                0x00007abc       0xac .\CortexM3\ARM_GCC_493\Debug\DisplayUtils.o
                0x00007abc                ParseDisplayStream
 .text.GetDisplayFlowNode
                0x00007b68       0xa0 .\CortexM3\ARM_GCC_493\Debug\DisplayUtils.o
                0x00007b68                GetDisplayFlowNode
 .text.PrepareDisplayStructure
                0x00007c08       0x70 .\CortexM3\ARM_GCC_493\Debug\DisplayUtils.o
                0x00007c08                PrepareDisplayStructure
 .text.NonEmptyDataValidator
                0x00007c78       0x2c .\CortexM3\ARM_GCC_493\Debug\DisplayUtils.o
                0x00007c78                NonEmptyDataValidator
 .text.SecureConfigurationValidator
                0x00007ca4       0x74 .\CortexM3\ARM_GCC_493\Debug\DisplayUtils.o
                0x00007ca4                SecureConfigurationValidator
 .text.SaveNewPassword
                0x00007d18       0x48 .\CortexM3\ARM_GCC_493\Debug\DisplayUtils.o
                0x00007d18                SaveNewPassword
 .text.NonEmptyMoneyValidator
                0x00007d60      0x144 .\CortexM3\ARM_GCC_493\Debug\DisplayUtils.o
                0x00007d60                NonEmptyMoneyValidator
 .text.NonEmpty15ModuloValidator
                0x00007ea4      0x11c .\CortexM3\ARM_GCC_493\Debug\DisplayUtils.o
                0x00007ea4                NonEmpty15ModuloValidator
 .text.ValidatePumpAvailability4Positions
                0x00007fc0      0x1a4 .\CortexM3\ARM_GCC_493\Debug\DisplayUtils.o
                0x00007fc0                ValidatePumpAvailability4Positions
 .text.ValidatePumpAvailability21Positions
                0x00008164      0x15c .\CortexM3\ARM_GCC_493\Debug\DisplayUtils.o
                0x00008164                ValidatePumpAvailability21Positions
 .text.GetPumpsAvailability
                0x000082c0      0x28c .\CortexM3\ARM_GCC_493\Debug\DisplayUtils.o
                0x000082c0                GetPumpsAvailability
 .text.GetPumpsPrintState
                0x0000854c       0xe8 .\CortexM3\ARM_GCC_493\Debug\DisplayUtils.o
                0x0000854c                GetPumpsPrintState
 .text.DisplayProductSelectionInputHandler
                0x00008634       0xb4 .\CortexM3\ARM_GCC_493\Debug\DisplayUtils.o
                0x00008634                DisplayProductSelectionInputHandler
 .text.DisplayInputHandler
                0x000086e8      0x14c .\CortexM3\ARM_GCC_493\Debug\DisplayUtils.o
                0x000086e8                DisplayInputHandler
 .text.DisplayIDInputHandler
                0x00008834      0x164 .\CortexM3\ARM_GCC_493\Debug\DisplayUtils.o
                0x00008834                DisplayIDInputHandler
 .text.DisplayIntegerInputHandler
                0x00008998      0x16c .\CortexM3\ARM_GCC_493\Debug\DisplayUtils.o
                0x00008998                DisplayIntegerInputHandler
 .text.DisplayMoneyInputHandler
                0x00008b04      0x204 .\CortexM3\ARM_GCC_493\Debug\DisplayUtils.o
                0x00008b04                DisplayMoneyInputHandler
 .text.DisplayVolumeInputHandler
                0x00008d08      0x238 .\CortexM3\ARM_GCC_493\Debug\DisplayUtils.o
                0x00008d08                DisplayVolumeInputHandler
 .text.DisplayInputPasswordHandler
                0x00008f40      0x190 .\CortexM3\ARM_GCC_493\Debug\DisplayUtils.o
                0x00008f40                DisplayInputPasswordHandler
 .text.SequesterMessageSink
                0x000090d0      0x140 .\CortexM3\ARM_GCC_493\Debug\DisplayUtils.o
                0x000090d0                SequesterMessageSink
 .text.CleanMessageSink
                0x00009210       0x38 .\CortexM3\ARM_GCC_493\Debug\DisplayUtils.o
                0x00009210                CleanMessageSink
 .text.ReleaseMessageSink
                0x00009248      0x180 .\CortexM3\ARM_GCC_493\Debug\DisplayUtils.o
                0x00009248                ReleaseMessageSink
 .text.StoreTransactionData
                0x000093c8      0x3d0 .\CortexM3\ARM_GCC_493\Debug\DisplayUtils.o
                0x000093c8                StoreTransactionData
 .text.GetDisplayFromPumpID
                0x00009798       0xac .\CortexM3\ARM_GCC_493\Debug\DisplayUtils.o
                0x00009798                GetDisplayFromPumpID
 .text.UnmapCode
                0x00009844       0x48 .\CortexM3\ARM_GCC_493\Debug\DisplayCharacterMap.o
                0x00009844                UnmapCode
 .text.GetBufferIndexFromDisplayID
                0x0000988c       0x48 .\CortexM3\ARM_GCC_493\Debug\DisplayBufferScreenMap.o
                0x0000988c                GetBufferIndexFromDisplayID
 .text.GetBufferLengthFromDisplayID
                0x000098d4       0x48 .\CortexM3\ARM_GCC_493\Debug\DisplayBufferScreenMap.o
                0x000098d4                GetBufferLengthFromDisplayID
 .text.GetPumpIndexFromDisplay
                0x0000991c       0x5c .\CortexM3\ARM_GCC_493\Debug\DisplayBufferScreenMap.o
                0x0000991c                GetPumpIndexFromDisplay
 .text.Display1BufferResolver
                0x00009978       0xf4 .\CortexM3\ARM_GCC_493\Debug\DisplayResolver.o
                0x00009978                Display1BufferResolver
 .text.Display2BufferResolver
                0x00009a6c       0xf4 .\CortexM3\ARM_GCC_493\Debug\DisplayResolver.o
                0x00009a6c                Display2BufferResolver
 .text.Dislay1UARTSend
                0x00009b60       0x48 .\CortexM3\ARM_GCC_493\Debug\DisplayResolver.o
                0x00009b60                Dislay1UARTSend
 .text.PrintLogo
                0x00009ba8       0x3c .\CortexM3\ARM_GCC_493\Debug\PrinterBLL.o
                0x00009ba8                PrintLogo
 .text.Printer11Callback
                0x00009be4       0x54 .\CortexM3\ARM_GCC_493\Debug\PrinterBLL.o
                0x00009be4                Printer11Callback
 .text.Printer12Callback
                0x00009c38       0x54 .\CortexM3\ARM_GCC_493\Debug\PrinterBLL.o
                0x00009c38                Printer12Callback
 .text.Printer21Callback
                0x00009c8c       0x54 .\CortexM3\ARM_GCC_493\Debug\PrinterBLL.o
                0x00009c8c                Printer21Callback
 .text.Printer22Callback
                0x00009ce0       0x54 .\CortexM3\ARM_GCC_493\Debug\PrinterBLL.o
                0x00009ce0                Printer22Callback
 .text.Printer1GenericCallback
                0x00009d34       0x1c .\CortexM3\ARM_GCC_493\Debug\PrinterBLL.o
                0x00009d34                Printer1GenericCallback
 .text.Printer2GenericCallback
                0x00009d50       0x1c .\CortexM3\ARM_GCC_493\Debug\PrinterBLL.o
                0x00009d50                Printer2GenericCallback
 .text.MeasurePrinterASCIIBufferLength
                0x00009d6c       0x34 .\CortexM3\ARM_GCC_493\Debug\PrinterBLL.o
                0x00009d6c                MeasurePrinterASCIIBufferLength
 .text.PadSpacesToCenter
                0x00009da0       0x24 .\CortexM3\ARM_GCC_493\Debug\PrinterBLL.o
                0x00009da0                PadSpacesToCenter
 .text.GetProductNameFromPumpAndHose
                0x00009dc4      0x3c8 .\CortexM3\ARM_GCC_493\Debug\PrinterBLL.o
                0x00009dc4                GetProductNameFromPumpAndHose
 .text.FormatNumberLSDFirst
                0x0000a18c      0x140 .\CortexM3\ARM_GCC_493\Debug\PrinterBLL.o
                0x0000a18c                FormatNumberLSDFirst
 .text.Print    0x0000a2cc     0x1134 .\CortexM3\ARM_GCC_493\Debug\PrinterBLL.o
                0x0000a2cc                Print
 .text.PrintGeneric
                0x0000b400       0x44 .\CortexM3\ARM_GCC_493\Debug\PrinterBLL.o
                0x0000b400                PrintGeneric
 .text.PrinterSinkRegistration
                0x0000b444      0x108 .\CortexM3\ARM_GCC_493\Debug\PrinterSink.o
                0x0000b444                PrinterSinkRegistration
 .text.PrinterUARTSend
                0x0000b54c       0x18 .\CortexM3\ARM_GCC_493\Debug\PrinterResolver.o
                0x0000b54c                PrinterUARTSend
 .text.GetPrinterTemplateLine
                0x0000b564       0x48 .\CortexM3\ARM_GCC_493\Debug\PrinterTemplate.o
                0x0000b564                GetPrinterTemplateLine
 .text.GetPrinterVolumeTemplateTag
                0x0000b5ac       0x48 .\CortexM3\ARM_GCC_493\Debug\PrinterTemplate.o
                0x0000b5ac                GetPrinterVolumeTemplateTag
 .text.GetPrinterPriceTemplateTag
                0x0000b5f4       0x34 .\CortexM3\ARM_GCC_493\Debug\PrinterTemplate.o
                0x0000b5f4                GetPrinterPriceTemplateTag
 .text.iButtonSinkRegistration
                0x0000b628       0x5c .\CortexM3\ARM_GCC_493\Debug\iButtonSink.o
                0x0000b628                iButtonSinkRegistration
 .text.iButton1Scan
                0x0000b684       0xb4 .\CortexM3\ARM_GCC_493\Debug\iButtonBLL.o
                0x0000b684                iButton1Scan
 .text.iButton2Scan
                0x0000b738       0xa8 .\CortexM3\ARM_GCC_493\Debug\iButtonBLL.o
                0x0000b738                iButton2Scan
 .text.iButtonResetPresenceSequence
                0x0000b7e0       0x84 .\CortexM3\ARM_GCC_493\Debug\iButtonProtocol.o
                0x0000b7e0                iButtonResetPresenceSequence
 .text.iButtonRead
                0x0000b864       0xbc .\CortexM3\ARM_GCC_493\Debug\iButtonProtocol.o
                0x0000b864                iButtonRead
 .text.iButtonWrite
                0x0000b920       0xc4 .\CortexM3\ARM_GCC_493\Debug\iButtonProtocol.o
                0x0000b920                iButtonWrite
 .text.InitProtocol
                0x0000b9e4      0x32c .\CortexM3\ARM_GCC_493\Debug\Advantage.o
                0x0000b9e4                InitProtocol
 .text.PumpIsInValidState
                0x0000bd10       0x38 .\CortexM3\ARM_GCC_493\Debug\Advantage.o
                0x0000bd10                PumpIsInValidState
 .text.PumpJobQueueClear
                0x0000bd48       0x8c .\CortexM3\ARM_GCC_493\Debug\Advantage.o
                0x0000bd48                PumpJobQueueClear
 .text.PumpJobAllocate
                0x0000bdd4      0x144 .\CortexM3\ARM_GCC_493\Debug\Advantage.o
                0x0000bdd4                PumpJobAllocate
 .text.PumpJobEnqueue
                0x0000bf18       0x5c .\CortexM3\ARM_GCC_493\Debug\Advantage.o
                0x0000bf18                PumpJobEnqueue
 .text.PumpJobQueuePeek
                0x0000bf74       0x30 .\CortexM3\ARM_GCC_493\Debug\Advantage.o
                0x0000bf74                PumpJobQueuePeek
 .text.PumpJobDequeue
                0x0000bfa4       0xb8 .\CortexM3\ARM_GCC_493\Debug\Advantage.o
                0x0000bfa4                PumpJobDequeue
 .text.PumpJobRotate
                0x0000c05c       0x78 .\CortexM3\ARM_GCC_493\Debug\Advantage.o
                0x0000c05c                PumpJobRotate
 .text.PumpTransactionalStateDequeue
                0x0000c0d4       0x60 .\CortexM3\ARM_GCC_493\Debug\Advantage.o
                0x0000c0d4                PumpTransactionalStateDequeue
 .text.PumpTransactionalStateEnqueue
                0x0000c134       0x20 .\CortexM3\ARM_GCC_493\Debug\Advantage.o
                0x0000c134                PumpTransactionalStateEnqueue
 .text.PumpTransactionalStateDeallocate
                0x0000c154       0x94 .\CortexM3\ARM_GCC_493\Debug\Advantage.o
                0x0000c154                PumpTransactionalStateDeallocate
 .text.PumpTransactionalStateFind
                0x0000c1e8       0x54 .\CortexM3\ARM_GCC_493\Debug\Advantage.o
                0x0000c1e8                PumpTransactionalStateFind
 .text.PumpTransactionalStateAllocate
                0x0000c23c       0x94 .\CortexM3\ARM_GCC_493\Debug\Advantage.o
                0x0000c23c                PumpTransactionalStateAllocate
 .text.PumpTransactionalStateLock
                0x0000c2d0       0x70 .\CortexM3\ARM_GCC_493\Debug\Advantage.o
                0x0000c2d0                PumpTransactionalStateLock
 .text.PumpTransactionalStateUnlock
                0x0000c340       0x20 .\CortexM3\ARM_GCC_493\Debug\Advantage.o
                0x0000c340                PumpTransactionalStateUnlock
 .text.PumpCleanUp
                0x0000c360       0xb4 .\CortexM3\ARM_GCC_493\Debug\Advantage.o
                0x0000c360                PumpCleanUp
 .text.GetTransactionByName
                0x0000c414       0x48 .\CortexM3\ARM_GCC_493\Debug\AdvantageFlow.o
                0x0000c414                GetTransactionByName
 .text.AcquirePumpStateResponse
                0x0000c45c       0xb8 .\CortexM3\ARM_GCC_493\Debug\AdvantageImpl.o
                0x0000c45c                AcquirePumpStateResponse
 .text.AcquireDatatoPumpResponse
                0x0000c514       0x48 .\CortexM3\ARM_GCC_493\Debug\AdvantageImpl.o
                0x0000c514                AcquireDatatoPumpResponse
 .text.ProcessPumpTransactionData
                0x0000c55c      0xf9c .\CortexM3\ARM_GCC_493\Debug\AdvantageImpl.o
                0x0000c55c                ProcessPumpTransactionData
 .text.ProcessPumpTotalsDataReport
                0x0000d4f8      0x154 .\CortexM3\ARM_GCC_493\Debug\AdvantageImpl.o
                0x0000d4f8                ProcessPumpTotalsDataReport
 .text.PumpJobTimeout
                0x0000d64c       0x38 .\CortexM3\ARM_GCC_493\Debug\AdvantageImpl.o
                0x0000d64c                PumpJobTimeout
 .text.PumpStateJobTimeout
                0x0000d684       0x38 .\CortexM3\ARM_GCC_493\Debug\AdvantageImpl.o
                0x0000d684                PumpStateJobTimeout
 .text.PumpAuthorization
                0x0000d6bc       0x84 .\CortexM3\ARM_GCC_493\Debug\AdvantageImpl.o
                0x0000d6bc                PumpAuthorization
 .text.PumpStartupAuthorization
                0x0000d740       0x70 .\CortexM3\ARM_GCC_493\Debug\AdvantageImpl.o
                0x0000d740                PumpStartupAuthorization
 .text.PumpStateRequest
                0x0000d7b0       0x60 .\CortexM3\ARM_GCC_493\Debug\AdvantageImpl.o
                0x0000d7b0                PumpStateRequest
 .text.PumpTransactionDataRequest
                0x0000d810       0x6c .\CortexM3\ARM_GCC_493\Debug\AdvantageImpl.o
                0x0000d810                PumpTransactionDataRequest
 .text.PumpTotalsDataRequest
                0x0000d87c       0x6c .\CortexM3\ARM_GCC_493\Debug\AdvantageImpl.o
                0x0000d87c                PumpTotalsDataRequest
 .text.PumpDataToPump
                0x0000d8e8       0x6c .\CortexM3\ARM_GCC_493\Debug\AdvantageImpl.o
                0x0000d8e8                PumpDataToPump
 .text.PumpCreditPresetHose
                0x0000d954      0x3ac .\CortexM3\ARM_GCC_493\Debug\AdvantageImpl.o
                0x0000d954                PumpCreditPresetHose
 .text.PumpPresetHose
                0x0000dd00      0x378 .\CortexM3\ARM_GCC_493\Debug\AdvantageImpl.o
                0x0000dd00                PumpPresetHose
 .text.PumpPresetNotification
                0x0000e078      0x1d8 .\CortexM3\ARM_GCC_493\Debug\AdvantageImpl.o
                0x0000e078                PumpPresetNotification
 .text.PumpCreditPresetNotification
                0x0000e250       0xac .\CortexM3\ARM_GCC_493\Debug\AdvantageImpl.o
                0x0000e250                PumpCreditPresetNotification
 .text.PumpFullPresetHose
                0x0000e2fc      0x328 .\CortexM3\ARM_GCC_493\Debug\AdvantageImpl.o
                0x0000e2fc                PumpFullPresetHose
 .text.PumpPpuChange
                0x0000e624      0x2c4 .\CortexM3\ARM_GCC_493\Debug\AdvantageImpl.o
                0x0000e624                PumpPpuChange
 .text.PumpDefault2CreditPpuChange
                0x0000e8e8      0x1b0 .\CortexM3\ARM_GCC_493\Debug\AdvantageImpl.o
                0x0000e8e8                PumpDefault2CreditPpuChange
 .text.PumpCredit2DefaultPpuChange
                0x0000ea98      0x23c .\CortexM3\ARM_GCC_493\Debug\AdvantageImpl.o
                0x0000ea98                PumpCredit2DefaultPpuChange
 .text.PumpStopRequest
                0x0000ecd4       0x6c .\CortexM3\ARM_GCC_493\Debug\AdvantageImpl.o
                0x0000ecd4                PumpStopRequest
 .text.PumpStopAllRequest
                0x0000ed40       0x60 .\CortexM3\ARM_GCC_493\Debug\AdvantageImpl.o
                0x0000ed40                PumpStopAllRequest
 .text.PumpCompleteConfiguration
                0x0000eda0       0xe8 .\CortexM3\ARM_GCC_493\Debug\AdvantageImpl.o
                0x0000eda0                PumpCompleteConfiguration
 .text.AcquirePumpCompleteConfiguration
                0x0000ee88      0x454 .\CortexM3\ARM_GCC_493\Debug\AdvantageImpl.o
                0x0000ee88                AcquirePumpCompleteConfiguration
 .text.AcquireDispenserLayoutInformation
                0x0000f2dc      0x4c8 .\CortexM3\ARM_GCC_493\Debug\AdvantageImpl.o
                0x0000f2dc                AcquireDispenserLayoutInformation
 .text.AcquirePumpSpecialFunctionResponseResolver
                0x0000f7a4      0x128 .\CortexM3\ARM_GCC_493\Debug\AdvantageImpl.o
                0x0000f7a4                AcquirePumpSpecialFunctionResponseResolver
 .text.PumpEnumeratorRequest
                0x0000f8cc       0x60 .\CortexM3\ARM_GCC_493\Debug\AdvantageImpl.o
                0x0000f8cc                PumpEnumeratorRequest
 .text.AcquirePumpEnumeratorResponse
                0x0000f92c      0x240 .\CortexM3\ARM_GCC_493\Debug\AdvantageImpl.o
                0x0000f92c                AcquirePumpEnumeratorResponse
 .text.PumpEnumeratorTimeout
                0x0000fb6c       0x6c .\CortexM3\ARM_GCC_493\Debug\AdvantageImpl.o
                0x0000fb6c                PumpEnumeratorTimeout
 .text.AcquirePumpTotalsResponseResolver
                0x0000fbd8      0x15c .\CortexM3\ARM_GCC_493\Debug\AdvantageImpl.o
                0x0000fbd8                AcquirePumpTotalsResponseResolver
 .text.AcquirePumpTransactionDataResponseResolver
                0x0000fd34       0x4c .\CortexM3\ARM_GCC_493\Debug\AdvantageImpl.o
                0x0000fd34                AcquirePumpTransactionDataResponseResolver
 .text.AdvantageActivateProgramming
                0x0000fd80       0xac .\CortexM3\ARM_GCC_493\Debug\AdvantageImpl.o
                0x0000fd80                AdvantageActivateProgramming
 .text.GetLRC   0x0000fe2c       0x60 .\CortexM3\ARM_GCC_493\Debug\AdvantageImpl.o
                0x0000fe2c                GetLRC
 .text.FindLRC  0x0000fe8c       0x34 .\CortexM3\ARM_GCC_493\Debug\AdvantageImpl.o
                0x0000fe8c                FindLRC
 .text.TerminateTransactionAndPrint
                0x0000fec0      0x248 .\CortexM3\ARM_GCC_493\Debug\AdvantageImpl.o
                0x0000fec0                TerminateTransactionAndPrint
 .text.CastVolumeValue
                0x00010108      0x174 .\CortexM3\ARM_GCC_493\Debug\AdvantageImpl.o
                0x00010108                CastVolumeValue
 .text.CastMoneyValue
                0x0001027c      0x164 .\CortexM3\ARM_GCC_493\Debug\AdvantageImpl.o
                0x0001027c                CastMoneyValue
 .text.TranslateSpecialFuncionDigit
                0x000103e0       0x48 .\CortexM3\ARM_GCC_493\Debug\AdvantageImpl.o
                0x000103e0                TranslateSpecialFuncionDigit
 .text.RFSinkRegistration
                0x00010428       0xdc .\CortexM3\ARM_GCC_493\Debug\RFSink.o
                0x00010428                RFSinkRegistration
 .text.RFServerAutonomousMonitor
                0x00010504       0x68 .\CortexM3\ARM_GCC_493\Debug\RFSink.o
                0x00010504                RFServerAutonomousMonitor
 .text.RFServerRequestHandler
                0x0001056c       0x68 .\CortexM3\ARM_GCC_493\Debug\RFBLL.o
                0x0001056c                RFServerRequestHandler
 .text.RFErrorHandler
                0x000105d4       0x14 .\CortexM3\ARM_GCC_493\Debug\RFBLL.o
                0x000105d4                RFErrorHandler
 .text.GetRFRequestResolver
                0x000105e8       0x58 .\CortexM3\ARM_GCC_493\Debug\RFBLL.o
                0x000105e8                GetRFRequestResolver
 .text.RFUARTBufferResolver
                0x00010640      0x1f8 .\CortexM3\ARM_GCC_493\Debug\RFResolver.o
                0x00010640                RFUARTBufferResolver
 .text.RFUARTSend
                0x00010838       0x4c .\CortexM3\ARM_GCC_493\Debug\RFResolver.o
                0x00010838                RFUARTSend
 .text.RFGetPayloadLengthFromRequestCode
                0x00010884       0x48 .\CortexM3\ARM_GCC_493\Debug\RFServerStack.o
                0x00010884                RFGetPayloadLengthFromRequestCode
 .text.RFGetDynamicPayloadLengthFromRequestCode
                0x000108cc       0x48 .\CortexM3\ARM_GCC_493\Debug\RFServerStack.o
                0x000108cc                RFGetDynamicPayloadLengthFromRequestCode
 .text.RFGetCRC
                0x00010914       0x6c .\CortexM3\ARM_GCC_493\Debug\RFServerStack.o
                0x00010914                RFGetCRC
 .text.RFUnmapCommand2State
                0x00010980       0x48 .\CortexM3\ARM_GCC_493\Debug\RFServerStack.o
                0x00010980                RFUnmapCommand2State
 .text.RFStateReqResp
                0x000109c8      0x3d8 .\CortexM3\ARM_GCC_493\Debug\RFServerStackImpl.o
                0x000109c8                RFStateReqResp
 .text.RFCreditSerialAuthReqResp
                0x00010da0      0x26c .\CortexM3\ARM_GCC_493\Debug\RFServerStackImpl.o
                0x00010da0                RFCreditSerialAuthReqResp
 .text.RFCreditAuthorizationReqResp
                0x0001100c      0x408 .\CortexM3\ARM_GCC_493\Debug\RFServerStackImpl.o
                0x0001100c                RFCreditAuthorizationReqResp
 .text.RFCreditSalePresetReportReqResp
                0x00011414      0x1f4 .\CortexM3\ARM_GCC_493\Debug\RFServerStackImpl.o
                0x00011414                RFCreditSalePresetReportReqResp
 .text.RFCashSalePresetReportReqResp
                0x00011608      0x438 .\CortexM3\ARM_GCC_493\Debug\RFServerStackImpl.o
                0x00011608                RFCashSalePresetReportReqResp
 .text.RFCashCreditSaleFinalReportReqResp
                0x00011a40      0x558 .\CortexM3\ARM_GCC_493\Debug\RFServerStackImpl.o
                0x00011a40                RFCashCreditSaleFinalReportReqResp
 .text.RFTotalsDataReqResp
                0x00011f98      0x284 .\CortexM3\ARM_GCC_493\Debug\RFServerStackImpl.o
                0x00011f98                RFTotalsDataReqResp
 .text.RFTotalsDataReportReqResp
                0x0001221c      0xedc .\CortexM3\ARM_GCC_493\Debug\RFServerStackImpl.o
                0x0001221c                RFTotalsDataReportReqResp
 .text.RFPriceChangeReqResp
                0x000130f8      0x370 .\CortexM3\ARM_GCC_493\Debug\RFServerStackImpl.o
                0x000130f8                RFPriceChangeReqResp
 .text.RFGeneralPrintReqResp
                0x00013468      0x310 .\CortexM3\ARM_GCC_493\Debug\RFServerStackImpl.o
                0x00013468                RFGeneralPrintReqResp
 .text.RFCreditSalePrintReqResp
                0x00013778      0x458 .\CortexM3\ARM_GCC_493\Debug\RFServerStackImpl.o
                0x00013778                RFCreditSalePrintReqResp
 .text.RFCashSalePrintReqResp
                0x00013bd0      0x2fc .\CortexM3\ARM_GCC_493\Debug\RFServerStackImpl.o
                0x00013bd0                RFCashSalePrintReqResp
 .text.RFPendingCreditSaleReqResp
                0x00013ecc     0x12d4 .\CortexM3\ARM_GCC_493\Debug\RFServerStackImpl.o
                0x00013ecc                RFPendingCreditSaleReqResp
 .text.RFPendingCashSaleReqResp
                0x000151a0     0x1054 .\CortexM3\ARM_GCC_493\Debug\RFServerStackImpl.o
                0x000151a0                RFPendingCashSaleReqResp
 .text.RFBroadcastConfigurationReqResp
                0x000161f4      0x544 .\CortexM3\ARM_GCC_493\Debug\RFServerStackImpl.o
                0x000161f4                RFBroadcastConfigurationReqResp
 .text.RFPositionConfigurationReqResp
                0x00016738      0x388 .\CortexM3\ARM_GCC_493\Debug\RFServerStackImpl.o
                0x00016738                RFPositionConfigurationReqResp
 .text.RFIslandOperDataReqResp
                0x00016ac0      0x2c0 .\CortexM3\ARM_GCC_493\Debug\RFServerStackImpl.o
                0x00016ac0                RFIslandOperDataReqResp
 .text.RFIslandAdminReqResp
                0x00016d80      0x350 .\CortexM3\ARM_GCC_493\Debug\RFServerStackImpl.o
                0x00016d80                RFIslandAdminReqResp
 .text.GeneralPrintRequestPayloadSizeResolver
                0x000170d0       0x20 .\CortexM3\ARM_GCC_493\Debug\RFServerStackImpl.o
                0x000170d0                GeneralPrintRequestPayloadSizeResolver
 .text.main     0x000170f0       0x28 .\CortexM3\ARM_GCC_493\Debug\main.o
                0x000170f0                main
 .text.IntDefaultHandler
                0x00017118        0x8 .\CortexM3\ARM_GCC_493\Debug\Cm3Start.o
                0x00017118                IntDefaultHandler
 .text._sbrk    0x00017120       0x50 .\CortexM3\ARM_GCC_493\Debug\Cm3Start.o
                0x00017120                _sbrk
 .text.Start_c  0x00017170       0x98 .\CortexM3\ARM_GCC_493\Debug\Cm3Start.o
                0x00017170                Start_c
 .text.initialize_psoc
                0x00017208       0x8c .\CortexM3\ARM_GCC_493\Debug\Cm3Start.o
                0x00017208                initialize_psoc
 .text.CYMEMZERO
                0x00017294       0x1c .\CortexM3\ARM_GCC_493\Debug\CorEx-Mux-Kernel.a(cyfitter_cfg.o)
 .text.CYCONFIGCPY
                0x000172b0       0x1c .\CortexM3\ARM_GCC_493\Debug\CorEx-Mux-Kernel.a(cyfitter_cfg.o)
 .text.CyClockStartupError
                0x000172cc        0xc .\CortexM3\ARM_GCC_493\Debug\CorEx-Mux-Kernel.a(cyfitter_cfg.o)
 .text.cfg_write_bytes32
                0x000172d8       0x74 .\CortexM3\ARM_GCC_493\Debug\CorEx-Mux-Kernel.a(cyfitter_cfg.o)
 .text.ClockSetup
                0x0001734c      0x17c .\CortexM3\ARM_GCC_493\Debug\CorEx-Mux-Kernel.a(cyfitter_cfg.o)
 .text.AnalogSetDefault
                0x000174c8       0x44 .\CortexM3\ARM_GCC_493\Debug\CorEx-Mux-Kernel.a(cyfitter_cfg.o)
 .text.cyfitter_cfg
                0x0001750c      0x190 .\CortexM3\ARM_GCC_493\Debug\CorEx-Mux-Kernel.a(cyfitter_cfg.o)
                0x0001750c                cyfitter_cfg
 .text.RF_Physical_Start
                0x0001769c       0x20 .\CortexM3\ARM_GCC_493\Debug\CorEx-Mux-Kernel.a(RF_Physical.o)
                0x0001769c                RF_Physical_Start
 .text.RF_Physical_Init
                0x000176bc       0x58 .\CortexM3\ARM_GCC_493\Debug\CorEx-Mux-Kernel.a(RF_Physical.o)
                0x000176bc                RF_Physical_Init
 .text.RF_Physical_Enable
                0x00017714       0x68 .\CortexM3\ARM_GCC_493\Debug\CorEx-Mux-Kernel.a(RF_Physical.o)
                0x00017714                RF_Physical_Enable
 .text.RF_Physical_Stop
                0x0001777c       0x68 .\CortexM3\ARM_GCC_493\Debug\CorEx-Mux-Kernel.a(RF_Physical.o)
                0x0001777c                RF_Physical_Stop
 .text.RF_Physical_ReadControlRegister
                0x000177e4       0x10 .\CortexM3\ARM_GCC_493\Debug\CorEx-Mux-Kernel.a(RF_Physical.o)
                0x000177e4                RF_Physical_ReadControlRegister
 .text.RF_Physical_WriteControlRegister
                0x000177f4       0x14 .\CortexM3\ARM_GCC_493\Debug\CorEx-Mux-Kernel.a(RF_Physical.o)
                0x000177f4                RF_Physical_WriteControlRegister
 .text.RF_Physical_ReadRxData
                0x00017808       0x94 .\CortexM3\ARM_GCC_493\Debug\CorEx-Mux-Kernel.a(RF_Physical.o)
                0x00017808                RF_Physical_ReadRxData
 .text.RF_Physical_ReadRxStatus
                0x0001789c       0x40 .\CortexM3\ARM_GCC_493\Debug\CorEx-Mux-Kernel.a(RF_Physical.o)
                0x0001789c                RF_Physical_ReadRxStatus
 .text.RF_Physical_GetChar
                0x000178dc       0xbc .\CortexM3\ARM_GCC_493\Debug\CorEx-Mux-Kernel.a(RF_Physical.o)
                0x000178dc                RF_Physical_GetChar
 .text.RF_Physical_GetByte
                0x00017998       0x44 .\CortexM3\ARM_GCC_493\Debug\CorEx-Mux-Kernel.a(RF_Physical.o)
                0x00017998                RF_Physical_GetByte
 .text.RF_Physical_GetRxBufferSize
                0x000179dc       0x94 .\CortexM3\ARM_GCC_493\Debug\CorEx-Mux-Kernel.a(RF_Physical.o)
                0x000179dc                RF_Physical_GetRxBufferSize
 .text.RF_Physical_ClearRxBuffer
                0x00017a70       0x7c .\CortexM3\ARM_GCC_493\Debug\CorEx-Mux-Kernel.a(RF_Physical.o)
                0x00017a70                RF_Physical_ClearRxBuffer
 .text.RF_Physical_WriteTxData
                0x00017aec       0x2c .\CortexM3\ARM_GCC_493\Debug\CorEx-Mux-Kernel.a(RF_Physical.o)
                0x00017aec                RF_Physical_WriteTxData
 .text.RF_Physical_ReadTxStatus
                0x00017b18       0x18 .\CortexM3\ARM_GCC_493\Debug\CorEx-Mux-Kernel.a(RF_Physical.o)
                0x00017b18                RF_Physical_ReadTxStatus
 .text.RF_Physical_PutChar
                0x00017b30       0x34 .\CortexM3\ARM_GCC_493\Debug\CorEx-Mux-Kernel.a(RF_Physical.o)
                0x00017b30                RF_Physical_PutChar
 .text.RF_Physical_PutString
                0x00017b64       0x40 .\CortexM3\ARM_GCC_493\Debug\CorEx-Mux-Kernel.a(RF_Physical.o)
                0x00017b64                RF_Physical_PutString
 .text.RF_Physical_PutArray
                0x00017ba4       0x40 .\CortexM3\ARM_GCC_493\Debug\CorEx-Mux-Kernel.a(RF_Physical.o)
                0x00017ba4                RF_Physical_PutArray
 .text.RF_Physical_PutCRLF
                0x00017be4       0x30 .\CortexM3\ARM_GCC_493\Debug\CorEx-Mux-Kernel.a(RF_Physical.o)
                0x00017be4                RF_Physical_PutCRLF
 .text.RF_Physical_ClearTxBuffer
                0x00017c14       0x40 .\CortexM3\ARM_GCC_493\Debug\CorEx-Mux-Kernel.a(RF_Physical.o)
                0x00017c14                RF_Physical_ClearTxBuffer
 .text.RF_Physical_RXISR
                0x00017c54       0xf0 .\CortexM3\ARM_GCC_493\Debug\CorEx-Mux-Kernel.a(RF_Physical_INT.o)
                0x00017c54                RF_Physical_RXISR
 .text.RF_Physical_IntClock_Start
                0x00017d44       0x34 .\CortexM3\ARM_GCC_493\Debug\CorEx-Mux-Kernel.a(RF_Physical_IntClock.o)
                0x00017d44                RF_Physical_IntClock_Start
 .text.RF_Physical_IntClock_Stop
                0x00017d78       0x34 .\CortexM3\ARM_GCC_493\Debug\CorEx-Mux-Kernel.a(RF_Physical_IntClock.o)
                0x00017d78                RF_Physical_IntClock_Stop
 *fill*         0x00017dac        0x4 
 .text          0x00017db0       0x20 .\CortexM3\ARM_GCC_493\Debug\CorEx-Mux-Kernel.a(CyBootAsmGnu.o)
                0x00017db0                CyDelayCycles
                0x00017dc0                CyEnterCriticalSection
                0x00017dc8                CyExitCriticalSection
 .text.CyHalt   0x00017dd0       0x18 .\CortexM3\ARM_GCC_493\Debug\CorEx-Mux-Kernel.a(CyLib.o)
                0x00017dd0                CyHalt
 .text.CyDelay  0x00017de8       0x44 .\CortexM3\ARM_GCC_493\Debug\CorEx-Mux-Kernel.a(CyLib.o)
                0x00017de8                CyDelay
 .text.CyDelayUs
                0x00017e2c       0x24 .\CortexM3\ARM_GCC_493\Debug\CorEx-Mux-Kernel.a(CyLib.o)
                0x00017e2c                CyDelayUs
 .text.CyDelayFreq
                0x00017e50       0x7c .\CortexM3\ARM_GCC_493\Debug\CorEx-Mux-Kernel.a(CyLib.o)
                0x00017e50                CyDelayFreq
 .text.CyWdtStart
                0x00017ecc       0x8c .\CortexM3\ARM_GCC_493\Debug\CorEx-Mux-Kernel.a(CyLib.o)
                0x00017ecc                CyWdtStart
 .text.CyWdtClear
                0x00017f58       0x18 .\CortexM3\ARM_GCC_493\Debug\CorEx-Mux-Kernel.a(CyLib.o)
                0x00017f58                CyWdtClear
 .text.CyIntSetVector
                0x00017f70       0x50 .\CortexM3\ARM_GCC_493\Debug\CorEx-Mux-Kernel.a(CyLib.o)
                0x00017f70                CyIntSetVector
 .text.CyIntSetPriority
                0x00017fc0       0x44 .\CortexM3\ARM_GCC_493\Debug\CorEx-Mux-Kernel.a(CyLib.o)
                0x00017fc0                CyIntSetPriority
 .text.Printer_Start
                0x00018004       0x20 .\CortexM3\ARM_GCC_493\Debug\CorEx-Mux-Kernel.a(Printer.o)
                0x00018004                Printer_Start
 .text.Printer_Init
                0x00018024       0x40 .\CortexM3\ARM_GCC_493\Debug\CorEx-Mux-Kernel.a(Printer.o)
                0x00018024                Printer_Init
 .text.Printer_Enable
                0x00018064       0x58 .\CortexM3\ARM_GCC_493\Debug\CorEx-Mux-Kernel.a(Printer.o)
                0x00018064                Printer_Enable
 .text.Printer_Stop
                0x000180bc       0x58 .\CortexM3\ARM_GCC_493\Debug\CorEx-Mux-Kernel.a(Printer.o)
                0x000180bc                Printer_Stop
 .text.Printer_ReadControlRegister
                0x00018114       0x10 .\CortexM3\ARM_GCC_493\Debug\CorEx-Mux-Kernel.a(Printer.o)
                0x00018114                Printer_ReadControlRegister
 .text.Printer_WriteControlRegister
                0x00018124       0x14 .\CortexM3\ARM_GCC_493\Debug\CorEx-Mux-Kernel.a(Printer.o)
                0x00018124                Printer_WriteControlRegister
 .text.Printer_ReadRxData
                0x00018138       0x20 .\CortexM3\ARM_GCC_493\Debug\CorEx-Mux-Kernel.a(Printer.o)
                0x00018138                Printer_ReadRxData
 .text.Printer_ReadRxStatus
                0x00018158       0x24 .\CortexM3\ARM_GCC_493\Debug\CorEx-Mux-Kernel.a(Printer.o)
                0x00018158                Printer_ReadRxStatus
 .text.Printer_GetChar
                0x0001817c       0x44 .\CortexM3\ARM_GCC_493\Debug\CorEx-Mux-Kernel.a(Printer.o)
                0x0001817c                Printer_GetChar
 .text.Printer_GetByte
                0x000181c0       0x24 .\CortexM3\ARM_GCC_493\Debug\CorEx-Mux-Kernel.a(Printer.o)
                0x000181c0                Printer_GetByte
 .text.Printer_GetRxBufferSize
                0x000181e4       0x30 .\CortexM3\ARM_GCC_493\Debug\CorEx-Mux-Kernel.a(Printer.o)
                0x000181e4                Printer_GetRxBufferSize
 .text.Printer_ClearRxBuffer
                0x00018214       0x40 .\CortexM3\ARM_GCC_493\Debug\CorEx-Mux-Kernel.a(Printer.o)
                0x00018214                Printer_ClearRxBuffer
 .text.Printer_WriteTxData
                0x00018254       0x2c .\CortexM3\ARM_GCC_493\Debug\CorEx-Mux-Kernel.a(Printer.o)
                0x00018254                Printer_WriteTxData
 .text.Printer_ReadTxStatus
                0x00018280       0x18 .\CortexM3\ARM_GCC_493\Debug\CorEx-Mux-Kernel.a(Printer.o)
                0x00018280                Printer_ReadTxStatus
 .text.Printer_PutChar
                0x00018298       0x34 .\CortexM3\ARM_GCC_493\Debug\CorEx-Mux-Kernel.a(Printer.o)
                0x00018298                Printer_PutChar
 .text.Printer_PutString
                0x000182cc       0x40 .\CortexM3\ARM_GCC_493\Debug\CorEx-Mux-Kernel.a(Printer.o)
                0x000182cc                Printer_PutString
 .text.Printer_PutArray
                0x0001830c       0x40 .\CortexM3\ARM_GCC_493\Debug\CorEx-Mux-Kernel.a(Printer.o)
                0x0001830c                Printer_PutArray
 .text.Printer_PutCRLF
                0x0001834c       0x30 .\CortexM3\ARM_GCC_493\Debug\CorEx-Mux-Kernel.a(Printer.o)
                0x0001834c                Printer_PutCRLF
 .text.Printer_ClearTxBuffer
                0x0001837c       0x40 .\CortexM3\ARM_GCC_493\Debug\CorEx-Mux-Kernel.a(Printer.o)
                0x0001837c                Printer_ClearTxBuffer
 .text.Dispenser_Start
                0x000183bc       0x20 .\CortexM3\ARM_GCC_493\Debug\CorEx-Mux-Kernel.a(Dispenser.o)
                0x000183bc                Dispenser_Start
 .text.Dispenser_Init
                0x000183dc       0x58 .\CortexM3\ARM_GCC_493\Debug\CorEx-Mux-Kernel.a(Dispenser.o)
                0x000183dc                Dispenser_Init
 .text.Dispenser_Enable
                0x00018434       0x64 .\CortexM3\ARM_GCC_493\Debug\CorEx-Mux-Kernel.a(Dispenser.o)
                0x00018434                Dispenser_Enable
 .text.Dispenser_Stop
                0x00018498       0x64 .\CortexM3\ARM_GCC_493\Debug\CorEx-Mux-Kernel.a(Dispenser.o)
                0x00018498                Dispenser_Stop
 .text.Dispenser_ReadControlRegister
                0x000184fc       0x10 .\CortexM3\ARM_GCC_493\Debug\CorEx-Mux-Kernel.a(Dispenser.o)
                0x000184fc                Dispenser_ReadControlRegister
 .text.Dispenser_WriteControlRegister
                0x0001850c       0x14 .\CortexM3\ARM_GCC_493\Debug\CorEx-Mux-Kernel.a(Dispenser.o)
                0x0001850c                Dispenser_WriteControlRegister
 .text.Dispenser_ReadRxData
                0x00018520       0x94 .\CortexM3\ARM_GCC_493\Debug\CorEx-Mux-Kernel.a(Dispenser.o)
                0x00018520                Dispenser_ReadRxData
 .text.Dispenser_ReadRxStatus
                0x000185b4       0x40 .\CortexM3\ARM_GCC_493\Debug\CorEx-Mux-Kernel.a(Dispenser.o)
                0x000185b4                Dispenser_ReadRxStatus
 .text.Dispenser_GetChar
                0x000185f4       0xb8 .\CortexM3\ARM_GCC_493\Debug\CorEx-Mux-Kernel.a(Dispenser.o)
                0x000185f4                Dispenser_GetChar
 .text.Dispenser_GetByte
                0x000186ac       0x44 .\CortexM3\ARM_GCC_493\Debug\CorEx-Mux-Kernel.a(Dispenser.o)
                0x000186ac                Dispenser_GetByte
 .text.Dispenser_GetRxBufferSize
                0x000186f0       0x94 .\CortexM3\ARM_GCC_493\Debug\CorEx-Mux-Kernel.a(Dispenser.o)
                0x000186f0                Dispenser_GetRxBufferSize
 .text.Dispenser_ClearRxBuffer
                0x00018784       0x7c .\CortexM3\ARM_GCC_493\Debug\CorEx-Mux-Kernel.a(Dispenser.o)
                0x00018784                Dispenser_ClearRxBuffer
 .text.Dispenser_WriteTxData
                0x00018800       0x2c .\CortexM3\ARM_GCC_493\Debug\CorEx-Mux-Kernel.a(Dispenser.o)
                0x00018800                Dispenser_WriteTxData
 .text.Dispenser_ReadTxStatus
                0x0001882c       0x18 .\CortexM3\ARM_GCC_493\Debug\CorEx-Mux-Kernel.a(Dispenser.o)
                0x0001882c                Dispenser_ReadTxStatus
 .text.Dispenser_PutChar
                0x00018844       0x34 .\CortexM3\ARM_GCC_493\Debug\CorEx-Mux-Kernel.a(Dispenser.o)
                0x00018844                Dispenser_PutChar
 .text.Dispenser_PutString
                0x00018878       0x40 .\CortexM3\ARM_GCC_493\Debug\CorEx-Mux-Kernel.a(Dispenser.o)
                0x00018878                Dispenser_PutString
 .text.Dispenser_PutArray
                0x000188b8       0x40 .\CortexM3\ARM_GCC_493\Debug\CorEx-Mux-Kernel.a(Dispenser.o)
                0x000188b8                Dispenser_PutArray
 .text.Dispenser_PutCRLF
                0x000188f8       0x30 .\CortexM3\ARM_GCC_493\Debug\CorEx-Mux-Kernel.a(Dispenser.o)
                0x000188f8                Dispenser_PutCRLF
 .text.Dispenser_ClearTxBuffer
                0x00018928       0x40 .\CortexM3\ARM_GCC_493\Debug\CorEx-Mux-Kernel.a(Dispenser.o)
                0x00018928                Dispenser_ClearTxBuffer
 .text.Dispenser_RXISR
                0x00018968       0xec .\CortexM3\ARM_GCC_493\Debug\CorEx-Mux-Kernel.a(Dispenser_INT.o)
                0x00018968                Dispenser_RXISR
 .text.Display1_Start
                0x00018a54       0x20 .\CortexM3\ARM_GCC_493\Debug\CorEx-Mux-Kernel.a(Display1.o)
                0x00018a54                Display1_Start
 .text.Display1_Init
                0x00018a74       0x58 .\CortexM3\ARM_GCC_493\Debug\CorEx-Mux-Kernel.a(Display1.o)
                0x00018a74                Display1_Init
 .text.Display1_Enable
                0x00018acc       0x68 .\CortexM3\ARM_GCC_493\Debug\CorEx-Mux-Kernel.a(Display1.o)
                0x00018acc                Display1_Enable
 .text.Display1_Stop
                0x00018b34       0x68 .\CortexM3\ARM_GCC_493\Debug\CorEx-Mux-Kernel.a(Display1.o)
                0x00018b34                Display1_Stop
 .text.Display1_ReadControlRegister
                0x00018b9c       0x10 .\CortexM3\ARM_GCC_493\Debug\CorEx-Mux-Kernel.a(Display1.o)
                0x00018b9c                Display1_ReadControlRegister
 .text.Display1_WriteControlRegister
                0x00018bac       0x14 .\CortexM3\ARM_GCC_493\Debug\CorEx-Mux-Kernel.a(Display1.o)
                0x00018bac                Display1_WriteControlRegister
 .text.Display1_ReadRxData
                0x00018bc0       0x94 .\CortexM3\ARM_GCC_493\Debug\CorEx-Mux-Kernel.a(Display1.o)
                0x00018bc0                Display1_ReadRxData
 .text.Display1_ReadRxStatus
                0x00018c54       0x40 .\CortexM3\ARM_GCC_493\Debug\CorEx-Mux-Kernel.a(Display1.o)
                0x00018c54                Display1_ReadRxStatus
 .text.Display1_GetChar
                0x00018c94       0xb8 .\CortexM3\ARM_GCC_493\Debug\CorEx-Mux-Kernel.a(Display1.o)
                0x00018c94                Display1_GetChar
 .text.Display1_GetByte
                0x00018d4c       0x44 .\CortexM3\ARM_GCC_493\Debug\CorEx-Mux-Kernel.a(Display1.o)
                0x00018d4c                Display1_GetByte
 .text.Display1_GetRxBufferSize
                0x00018d90       0x90 .\CortexM3\ARM_GCC_493\Debug\CorEx-Mux-Kernel.a(Display1.o)
                0x00018d90                Display1_GetRxBufferSize
 .text.Display1_ClearRxBuffer
                0x00018e20       0x7c .\CortexM3\ARM_GCC_493\Debug\CorEx-Mux-Kernel.a(Display1.o)
                0x00018e20                Display1_ClearRxBuffer
 .text.Display1_WriteTxData
                0x00018e9c       0x2c .\CortexM3\ARM_GCC_493\Debug\CorEx-Mux-Kernel.a(Display1.o)
                0x00018e9c                Display1_WriteTxData
 .text.Display1_ReadTxStatus
                0x00018ec8       0x18 .\CortexM3\ARM_GCC_493\Debug\CorEx-Mux-Kernel.a(Display1.o)
                0x00018ec8                Display1_ReadTxStatus
 .text.Display1_PutChar
                0x00018ee0       0x34 .\CortexM3\ARM_GCC_493\Debug\CorEx-Mux-Kernel.a(Display1.o)
                0x00018ee0                Display1_PutChar
 .text.Display1_PutString
                0x00018f14       0x40 .\CortexM3\ARM_GCC_493\Debug\CorEx-Mux-Kernel.a(Display1.o)
                0x00018f14                Display1_PutString
 .text.Display1_PutArray
                0x00018f54       0x40 .\CortexM3\ARM_GCC_493\Debug\CorEx-Mux-Kernel.a(Display1.o)
                0x00018f54                Display1_PutArray
 .text.Display1_PutCRLF
                0x00018f94       0x30 .\CortexM3\ARM_GCC_493\Debug\CorEx-Mux-Kernel.a(Display1.o)
                0x00018f94                Display1_PutCRLF
 .text.Display1_ClearTxBuffer
                0x00018fc4       0x40 .\CortexM3\ARM_GCC_493\Debug\CorEx-Mux-Kernel.a(Display1.o)
                0x00018fc4                Display1_ClearTxBuffer
 .text.Display1_RXISR
                0x00019004       0xf0 .\CortexM3\ARM_GCC_493\Debug\CorEx-Mux-Kernel.a(Display1_INT.o)
                0x00019004                Display1_RXISR
 .text.Display2_Start
                0x000190f4       0x20 .\CortexM3\ARM_GCC_493\Debug\CorEx-Mux-Kernel.a(Display2.o)
                0x000190f4                Display2_Start
 .text.Display2_Init
                0x00019114       0x58 .\CortexM3\ARM_GCC_493\Debug\CorEx-Mux-Kernel.a(Display2.o)
                0x00019114                Display2_Init
 .text.Display2_Enable
                0x0001916c       0x68 .\CortexM3\ARM_GCC_493\Debug\CorEx-Mux-Kernel.a(Display2.o)
                0x0001916c                Display2_Enable
 .text.Display2_Stop
                0x000191d4       0x68 .\CortexM3\ARM_GCC_493\Debug\CorEx-Mux-Kernel.a(Display2.o)
                0x000191d4                Display2_Stop
 .text.Display2_ReadControlRegister
                0x0001923c       0x10 .\CortexM3\ARM_GCC_493\Debug\CorEx-Mux-Kernel.a(Display2.o)
                0x0001923c                Display2_ReadControlRegister
 .text.Display2_WriteControlRegister
                0x0001924c       0x14 .\CortexM3\ARM_GCC_493\Debug\CorEx-Mux-Kernel.a(Display2.o)
                0x0001924c                Display2_WriteControlRegister
 .text.Display2_ReadRxData
                0x00019260       0x94 .\CortexM3\ARM_GCC_493\Debug\CorEx-Mux-Kernel.a(Display2.o)
                0x00019260                Display2_ReadRxData
 .text.Display2_ReadRxStatus
                0x000192f4       0x40 .\CortexM3\ARM_GCC_493\Debug\CorEx-Mux-Kernel.a(Display2.o)
                0x000192f4                Display2_ReadRxStatus
 .text.Display2_GetChar
                0x00019334       0xb8 .\CortexM3\ARM_GCC_493\Debug\CorEx-Mux-Kernel.a(Display2.o)
                0x00019334                Display2_GetChar
 .text.Display2_GetByte
                0x000193ec       0x44 .\CortexM3\ARM_GCC_493\Debug\CorEx-Mux-Kernel.a(Display2.o)
                0x000193ec                Display2_GetByte
 .text.Display2_GetRxBufferSize
                0x00019430       0x90 .\CortexM3\ARM_GCC_493\Debug\CorEx-Mux-Kernel.a(Display2.o)
                0x00019430                Display2_GetRxBufferSize
 .text.Display2_ClearRxBuffer
                0x000194c0       0x7c .\CortexM3\ARM_GCC_493\Debug\CorEx-Mux-Kernel.a(Display2.o)
                0x000194c0                Display2_ClearRxBuffer
 .text.Display2_WriteTxData
                0x0001953c       0x2c .\CortexM3\ARM_GCC_493\Debug\CorEx-Mux-Kernel.a(Display2.o)
                0x0001953c                Display2_WriteTxData
 .text.Display2_ReadTxStatus
                0x00019568       0x18 .\CortexM3\ARM_GCC_493\Debug\CorEx-Mux-Kernel.a(Display2.o)
                0x00019568                Display2_ReadTxStatus
 .text.Display2_PutChar
                0x00019580       0x34 .\CortexM3\ARM_GCC_493\Debug\CorEx-Mux-Kernel.a(Display2.o)
                0x00019580                Display2_PutChar
 .text.Display2_PutString
                0x000195b4       0x40 .\CortexM3\ARM_GCC_493\Debug\CorEx-Mux-Kernel.a(Display2.o)
                0x000195b4                Display2_PutString
 .text.Display2_PutArray
                0x000195f4       0x40 .\CortexM3\ARM_GCC_493\Debug\CorEx-Mux-Kernel.a(Display2.o)
                0x000195f4                Display2_PutArray
 .text.Display2_PutCRLF
                0x00019634       0x30 .\CortexM3\ARM_GCC_493\Debug\CorEx-Mux-Kernel.a(Display2.o)
                0x00019634                Display2_PutCRLF
 .text.Display2_ClearTxBuffer
                0x00019664       0x40 .\CortexM3\ARM_GCC_493\Debug\CorEx-Mux-Kernel.a(Display2.o)
                0x00019664                Display2_ClearTxBuffer
 .text.Display2_RXISR
                0x000196a4       0xf0 .\CortexM3\ARM_GCC_493\Debug\CorEx-Mux-Kernel.a(Display2_INT.o)
                0x000196a4                Display2_RXISR
 .text.Counter_ISR_StartEx
                0x00019794       0x24 .\CortexM3\ARM_GCC_493\Debug\CorEx-Mux-Kernel.a(Counter_ISR.o)
                0x00019794                Counter_ISR_StartEx
 .text.Counter_ISR_SetVector
                0x000197b8       0x24 .\CortexM3\ARM_GCC_493\Debug\CorEx-Mux-Kernel.a(Counter_ISR.o)
                0x000197b8                Counter_ISR_SetVector
 .text.Counter_ISR_SetPriority
                0x000197dc       0x24 .\CortexM3\ARM_GCC_493\Debug\CorEx-Mux-Kernel.a(Counter_ISR.o)
                0x000197dc                Counter_ISR_SetPriority
 .text.Counter_ISR_Enable
                0x00019800       0x18 .\CortexM3\ARM_GCC_493\Debug\CorEx-Mux-Kernel.a(Counter_ISR.o)
                0x00019800                Counter_ISR_Enable
 .text.Counter_ISR_Disable
                0x00019818       0x18 .\CortexM3\ARM_GCC_493\Debug\CorEx-Mux-Kernel.a(Counter_ISR.o)
                0x00019818                Counter_ISR_Disable
 .text.Display1_IntClock_Start
                0x00019830       0x34 .\CortexM3\ARM_GCC_493\Debug\CorEx-Mux-Kernel.a(Display1_IntClock.o)
                0x00019830                Display1_IntClock_Start
 .text.Display1_IntClock_Stop
                0x00019864       0x34 .\CortexM3\ARM_GCC_493\Debug\CorEx-Mux-Kernel.a(Display1_IntClock.o)
                0x00019864                Display1_IntClock_Stop
 .text.Display2_IntClock_Start
                0x00019898       0x34 .\CortexM3\ARM_GCC_493\Debug\CorEx-Mux-Kernel.a(Display2_IntClock.o)
                0x00019898                Display2_IntClock_Start
 .text.Display2_IntClock_Stop
                0x000198cc       0x34 .\CortexM3\ARM_GCC_493\Debug\CorEx-Mux-Kernel.a(Display2_IntClock.o)
                0x000198cc                Display2_IntClock_Stop
 .text.I2C_Bus_Init
                0x00019900       0x80 .\CortexM3\ARM_GCC_493\Debug\CorEx-Mux-Kernel.a(I2C_Bus.o)
                0x00019900                I2C_Bus_Init
 .text.I2C_Bus_Enable
                0x00019980       0x44 .\CortexM3\ARM_GCC_493\Debug\CorEx-Mux-Kernel.a(I2C_Bus.o)
                0x00019980                I2C_Bus_Enable
 .text.I2C_Bus_Start
                0x000199c4       0x2c .\CortexM3\ARM_GCC_493\Debug\CorEx-Mux-Kernel.a(I2C_Bus.o)
                0x000199c4                I2C_Bus_Start
 .text.I2C_Bus_ISR
                0x000199f0      0x3ac .\CortexM3\ARM_GCC_493\Debug\CorEx-Mux-Kernel.a(I2C_Bus_INT.o)
                0x000199f0                I2C_Bus_ISR
 .text.I2C_Bus_MasterSendStart
                0x00019d9c       0xbc .\CortexM3\ARM_GCC_493\Debug\CorEx-Mux-Kernel.a(I2C_Bus_MASTER.o)
                0x00019d9c                I2C_Bus_MasterSendStart
 .text.I2C_Bus_MasterSendRestart
                0x00019e58       0xa4 .\CortexM3\ARM_GCC_493\Debug\CorEx-Mux-Kernel.a(I2C_Bus_MASTER.o)
                0x00019e58                I2C_Bus_MasterSendRestart
 .text.I2C_Bus_MasterSendStop
                0x00019efc       0x58 .\CortexM3\ARM_GCC_493\Debug\CorEx-Mux-Kernel.a(I2C_Bus_MASTER.o)
                0x00019efc                I2C_Bus_MasterSendStop
 .text.I2C_Bus_MasterWriteByte
                0x00019f54       0x80 .\CortexM3\ARM_GCC_493\Debug\CorEx-Mux-Kernel.a(I2C_Bus_MASTER.o)
                0x00019f54                I2C_Bus_MasterWriteByte
 .text.I2C_Bus_MasterReadByte
                0x00019fd4       0x7c .\CortexM3\ARM_GCC_493\Debug\CorEx-Mux-Kernel.a(I2C_Bus_MASTER.o)
                0x00019fd4                I2C_Bus_MasterReadByte
 .text.I2C_Bus_MasterClearStatus
                0x0001a050       0x3c .\CortexM3\ARM_GCC_493\Debug\CorEx-Mux-Kernel.a(I2C_Bus_MASTER.o)
                0x0001a050                I2C_Bus_MasterClearStatus
 .text.iButton1_Write
                0x0001a08c       0x3c .\CortexM3\ARM_GCC_493\Debug\CorEx-Mux-Kernel.a(iButton1.o)
                0x0001a08c                iButton1_Write
 .text.iButton1_Read
                0x0001a0c8       0x20 .\CortexM3\ARM_GCC_493\Debug\CorEx-Mux-Kernel.a(iButton1.o)
                0x0001a0c8                iButton1_Read
 .text.iButton2_Write
                0x0001a0e8       0x34 .\CortexM3\ARM_GCC_493\Debug\CorEx-Mux-Kernel.a(iButton2.o)
                0x0001a0e8                iButton2_Write
 .text.iButton2_Read
                0x0001a11c       0x1c .\CortexM3\ARM_GCC_493\Debug\CorEx-Mux-Kernel.a(iButton2.o)
                0x0001a11c                iButton2_Read
 .text.eepromWP_Write
                0x0001a138       0x3c .\CortexM3\ARM_GCC_493\Debug\CorEx-Mux-Kernel.a(eepromWP.o)
                0x0001a138                eepromWP_Write
 .text.Timer_DispenserState_Init
                0x0001a174       0x4c .\CortexM3\ARM_GCC_493\Debug\CorEx-Mux-Kernel.a(Timer_DispenserState.o)
                0x0001a174                Timer_DispenserState_Init
 .text.Timer_DispenserState_Enable
                0x0001a1c0       0x20 .\CortexM3\ARM_GCC_493\Debug\CorEx-Mux-Kernel.a(Timer_DispenserState.o)
                0x0001a1c0                Timer_DispenserState_Enable
 .text.Timer_DispenserState_Start
                0x0001a1e0       0x20 .\CortexM3\ARM_GCC_493\Debug\CorEx-Mux-Kernel.a(Timer_DispenserState.o)
                0x0001a1e0                Timer_DispenserState_Start
 .text.Timer_DispenserState_SetInterruptMode
                0x0001a200       0x20 .\CortexM3\ARM_GCC_493\Debug\CorEx-Mux-Kernel.a(Timer_DispenserState.o)
                0x0001a200                Timer_DispenserState_SetInterruptMode
 .text.Timer_DispenserState_ReadStatusRegister
                0x0001a220       0x18 .\CortexM3\ARM_GCC_493\Debug\CorEx-Mux-Kernel.a(Timer_DispenserState.o)
                0x0001a220                Timer_DispenserState_ReadStatusRegister
 .text.Timer_DispenserState_WritePeriod
                0x0001a238       0x20 .\CortexM3\ARM_GCC_493\Debug\CorEx-Mux-Kernel.a(Timer_DispenserState.o)
                0x0001a238                Timer_DispenserState_WritePeriod
 .text.Timer_DispenserState_ReadCapture
                0x0001a258       0x18 .\CortexM3\ARM_GCC_493\Debug\CorEx-Mux-Kernel.a(Timer_DispenserState.o)
                0x0001a258                Timer_DispenserState_ReadCapture
 .text.Timer_DispenserState_WriteCounter
                0x0001a270       0x20 .\CortexM3\ARM_GCC_493\Debug\CorEx-Mux-Kernel.a(Timer_DispenserState.o)
                0x0001a270                Timer_DispenserState_WriteCounter
 .text.Timer_DispenserState_ReadCounter
                0x0001a290       0x20 .\CortexM3\ARM_GCC_493\Debug\CorEx-Mux-Kernel.a(Timer_DispenserState.o)
                0x0001a290                Timer_DispenserState_ReadCounter
 .text.Timer_DispenserState_ClearFIFO
                0x0001a2b0       0x1c .\CortexM3\ARM_GCC_493\Debug\CorEx-Mux-Kernel.a(Timer_DispenserState.o)
                0x0001a2b0                Timer_DispenserState_ClearFIFO
 .text.DispenserStateTimeout_ISR_StartEx
                0x0001a2cc       0x24 .\CortexM3\ARM_GCC_493\Debug\CorEx-Mux-Kernel.a(DispenserStateTimeout_ISR.o)
                0x0001a2cc                DispenserStateTimeout_ISR_StartEx
 .text.DispenserStateTimeout_ISR_SetVector
                0x0001a2f0       0x24 .\CortexM3\ARM_GCC_493\Debug\CorEx-Mux-Kernel.a(DispenserStateTimeout_ISR.o)
                0x0001a2f0                DispenserStateTimeout_ISR_SetVector
 .text.DispenserStateTimeout_ISR_SetPriority
                0x0001a314       0x24 .\CortexM3\ARM_GCC_493\Debug\CorEx-Mux-Kernel.a(DispenserStateTimeout_ISR.o)
                0x0001a314                DispenserStateTimeout_ISR_SetPriority
 .text.DispenserStateTimeout_ISR_Enable
                0x0001a338       0x18 .\CortexM3\ARM_GCC_493\Debug\CorEx-Mux-Kernel.a(DispenserStateTimeout_ISR.o)
                0x0001a338                DispenserStateTimeout_ISR_Enable
 .text.DispenserStateTimeout_ISR_Disable
                0x0001a350       0x18 .\CortexM3\ARM_GCC_493\Debug\CorEx-Mux-Kernel.a(DispenserStateTimeout_ISR.o)
                0x0001a350                DispenserStateTimeout_ISR_Disable
 .text.Timer_Tick_Init
                0x0001a368       0x9c .\CortexM3\ARM_GCC_493\Debug\CorEx-Mux-Kernel.a(Timer_Tick.o)
                0x0001a368                Timer_Tick_Init
 .text.Timer_Tick_Enable
                0x0001a404       0x48 .\CortexM3\ARM_GCC_493\Debug\CorEx-Mux-Kernel.a(Timer_Tick.o)
                0x0001a404                Timer_Tick_Enable
 .text.Timer_Tick_Start
                0x0001a44c       0x20 .\CortexM3\ARM_GCC_493\Debug\CorEx-Mux-Kernel.a(Timer_Tick.o)
                0x0001a44c                Timer_Tick_Start
 .text.Timer_Tick_SetInterruptMode
                0x0001a46c       0x20 .\CortexM3\ARM_GCC_493\Debug\CorEx-Mux-Kernel.a(Timer_Tick.o)
                0x0001a46c                Timer_Tick_SetInterruptMode
 .text.Timer_Tick_ReadStatusRegister
                0x0001a48c       0x18 .\CortexM3\ARM_GCC_493\Debug\CorEx-Mux-Kernel.a(Timer_Tick.o)
                0x0001a48c                Timer_Tick_ReadStatusRegister
 .text.Timer_Tick_WritePeriod
                0x0001a4a4       0x24 .\CortexM3\ARM_GCC_493\Debug\CorEx-Mux-Kernel.a(Timer_Tick.o)
                0x0001a4a4                Timer_Tick_WritePeriod
 .text.Timer_Tick_WriteCounter
                0x0001a4c8       0x20 .\CortexM3\ARM_GCC_493\Debug\CorEx-Mux-Kernel.a(Timer_Tick.o)
                0x0001a4c8                Timer_Tick_WriteCounter
 .text.Timer_Tick_ReadCounter
                0x0001a4e8       0x20 .\CortexM3\ARM_GCC_493\Debug\CorEx-Mux-Kernel.a(Timer_Tick.o)
                0x0001a4e8                Timer_Tick_ReadCounter
 .text.pow10    0x0001a508       0x10 c:/program files (x86)/cypress/psoc creator/3.3/psoc creator/import/gnu/arm/4.9.3/bin/../lib/gcc/arm-none-eabi/4.9.3/../../../../arm-none-eabi/lib/armv7-m\libm.a(lib_a-s_pow10.o)
                0x0001a508                pow10
 .text.round    0x0001a518       0xa0 c:/program files (x86)/cypress/psoc creator/3.3/psoc creator/import/gnu/arm/4.9.3/bin/../lib/gcc/arm-none-eabi/4.9.3/../../../../arm-none-eabi/lib/armv7-m\libm.a(lib_a-s_round.o)
                0x0001a518                round
 .text.pow      0x0001a5b8      0x2f0 c:/program files (x86)/cypress/psoc creator/3.3/psoc creator/import/gnu/arm/4.9.3/bin/../lib/gcc/arm-none-eabi/4.9.3/../../../../arm-none-eabi/lib/armv7-m\libm.a(lib_a-w_pow.o)
                0x0001a5b8                pow
 .text.__ieee754_pow
                0x0001a8a8      0xaa0 c:/program files (x86)/cypress/psoc creator/3.3/psoc creator/import/gnu/arm/4.9.3/bin/../lib/gcc/arm-none-eabi/4.9.3/../../../../arm-none-eabi/lib/armv7-m\libm.a(lib_a-e_pow.o)
                0x0001a8a8                __ieee754_pow
 .text.__ieee754_sqrt
                0x0001b348      0x18c c:/program files (x86)/cypress/psoc creator/3.3/psoc creator/import/gnu/arm/4.9.3/bin/../lib/gcc/arm-none-eabi/4.9.3/../../../../arm-none-eabi/lib/armv7-m\libm.a(lib_a-e_sqrt.o)
                0x0001b348                __ieee754_sqrt
 .text.fabs     0x0001b4d4        0x8 c:/program files (x86)/cypress/psoc creator/3.3/psoc creator/import/gnu/arm/4.9.3/bin/../lib/gcc/arm-none-eabi/4.9.3/../../../../arm-none-eabi/lib/armv7-m\libm.a(lib_a-s_fabs.o)
                0x0001b4d4                fabs
 .text.finite   0x0001b4dc        0xc c:/program files (x86)/cypress/psoc creator/3.3/psoc creator/import/gnu/arm/4.9.3/bin/../lib/gcc/arm-none-eabi/4.9.3/../../../../arm-none-eabi/lib/armv7-m\libm.a(lib_a-s_finite.o)
                0x0001b4dc                finite
 .text.__fpclassifyd
                0x0001b4e8       0x58 c:/program files (x86)/cypress/psoc creator/3.3/psoc creator/import/gnu/arm/4.9.3/bin/../lib/gcc/arm-none-eabi/4.9.3/../../../../arm-none-eabi/lib/armv7-m\libm.a(lib_a-s_fpclassify.o)
                0x0001b4e8                __fpclassifyd
 .text.matherr  0x0001b540        0x4 c:/program files (x86)/cypress/psoc creator/3.3/psoc creator/import/gnu/arm/4.9.3/bin/../lib/gcc/arm-none-eabi/4.9.3/../../../../arm-none-eabi/lib/armv7-m\libm.a(lib_a-s_matherr.o)
                0x0001b540                matherr
 .text.nan      0x0001b544        0xc c:/program files (x86)/cypress/psoc creator/3.3/psoc creator/import/gnu/arm/4.9.3/bin/../lib/gcc/arm-none-eabi/4.9.3/../../../../arm-none-eabi/lib/armv7-m\libm.a(lib_a-s_nan.o)
                0x0001b544                nan
 .text.rint     0x0001b550      0x11c c:/program files (x86)/cypress/psoc creator/3.3/psoc creator/import/gnu/arm/4.9.3/bin/../lib/gcc/arm-none-eabi/4.9.3/../../../../arm-none-eabi/lib/armv7-m\libm.a(lib_a-s_rint.o)
                0x0001b550                rint
 *fill*         0x0001b66c        0x4 
 .text.scalbn   0x0001b670       0xf0 c:/program files (x86)/cypress/psoc creator/3.3/psoc creator/import/gnu/arm/4.9.3/bin/../lib/gcc/arm-none-eabi/4.9.3/../../../../arm-none-eabi/lib/armv7-m\libm.a(lib_a-s_scalbn.o)
                0x0001b670                scalbn
 .text.copysign
                0x0001b760       0x10 c:/program files (x86)/cypress/psoc creator/3.3/psoc creator/import/gnu/arm/4.9.3/bin/../lib/gcc/arm-none-eabi/4.9.3/../../../../arm-none-eabi/lib/armv7-m\libm.a(lib_a-s_copysign.o)
                0x0001b760                copysign
 .text          0x0001b770      0x370 c:/program files (x86)/cypress/psoc creator/3.3/psoc creator/import/gnu/arm/4.9.3/bin/../lib/gcc/arm-none-eabi/4.9.3/armv7-m\libgcc.a(_arm_addsubdf3.o)
                0x0001b770                __aeabi_drsub
                0x0001b778                __aeabi_dsub
                0x0001b778                __subdf3
                0x0001b77c                __aeabi_dadd
                0x0001b77c                __adddf3
                0x0001b9f4                __floatunsidf
                0x0001b9f4                __aeabi_ui2d
                0x0001ba14                __floatsidf
                0x0001ba14                __aeabi_i2d
                0x0001ba38                __aeabi_f2d
                0x0001ba38                __extendsfdf2
                0x0001ba74                __floatundidf
                0x0001ba74                __aeabi_ul2d
                0x0001ba84                __floatdidf
                0x0001ba84                __aeabi_l2d
 .text          0x0001bae0      0x424 c:/program files (x86)/cypress/psoc creator/3.3/psoc creator/import/gnu/arm/4.9.3/bin/../lib/gcc/arm-none-eabi/4.9.3/armv7-m\libgcc.a(_arm_muldivdf3.o)
                0x0001bae0                __aeabi_dmul
                0x0001bae0                __muldf3
                0x0001bd34                __divdf3
                0x0001bd34                __aeabi_ddiv
 .text          0x0001bf04      0x110 c:/program files (x86)/cypress/psoc creator/3.3/psoc creator/import/gnu/arm/4.9.3/bin/../lib/gcc/arm-none-eabi/4.9.3/armv7-m\libgcc.a(_arm_cmpdf2.o)
                0x0001bf04                __gtdf2
                0x0001bf04                __gedf2
                0x0001bf0c                __ltdf2
                0x0001bf0c                __ledf2
                0x0001bf14                __nedf2
                0x0001bf14                __eqdf2
                0x0001bf14                __cmpdf2
                0x0001bf90                __aeabi_cdrcmple
                0x0001bfa0                __aeabi_cdcmpeq
                0x0001bfa0                __aeabi_cdcmple
                0x0001bfb0                __aeabi_dcmpeq
                0x0001bfc4                __aeabi_dcmplt
                0x0001bfd8                __aeabi_dcmple
                0x0001bfec                __aeabi_dcmpge
                0x0001c000                __aeabi_dcmpgt
 .text          0x0001c014       0x40 c:/program files (x86)/cypress/psoc creator/3.3/psoc creator/import/gnu/arm/4.9.3/bin/../lib/gcc/arm-none-eabi/4.9.3/armv7-m\libgcc.a(_arm_fixunsdfsi.o)
                0x0001c014                __aeabi_d2uiz
                0x0001c014                __fixunsdfsi
 .text          0x0001c054       0x30 c:/program files (x86)/cypress/psoc creator/3.3/psoc creator/import/gnu/arm/4.9.3/bin/../lib/gcc/arm-none-eabi/4.9.3/armv7-m\libgcc.a(_aeabi_uldivmod.o)
                0x0001c054                __aeabi_uldivmod
 .text          0x0001c084       0x60 c:/program files (x86)/cypress/psoc creator/3.3/psoc creator/import/gnu/arm/4.9.3/bin/../lib/gcc/arm-none-eabi/4.9.3/armv7-m\libgcc.a(bpabi.o)
                0x0001c084                __gnu_ldivmod_helper
                0x0001c0b4                __gnu_uldivmod_helper
 .text          0x0001c0e4        0x4 c:/program files (x86)/cypress/psoc creator/3.3/psoc creator/import/gnu/arm/4.9.3/bin/../lib/gcc/arm-none-eabi/4.9.3/armv7-m\libgcc.a(_dvmd_tls.o)
                0x0001c0e4                __aeabi_idiv0
                0x0001c0e4                __aeabi_ldiv0
 .text          0x0001c0e8      0x2ac c:/program files (x86)/cypress/psoc creator/3.3/psoc creator/import/gnu/arm/4.9.3/bin/../lib/gcc/arm-none-eabi/4.9.3/armv7-m\libgcc.a(_divdi3.o)
                0x0001c0e8                __divdi3
 .text          0x0001c394      0x270 c:/program files (x86)/cypress/psoc creator/3.3/psoc creator/import/gnu/arm/4.9.3/bin/../lib/gcc/arm-none-eabi/4.9.3/armv7-m\libgcc.a(_udivdi3.o)
                0x0001c394                __udivdi3
 .text.__errno  0x0001c604        0xc c:/program files (x86)/cypress/psoc creator/3.3/psoc creator/import/gnu/arm/4.9.3/bin/../lib/gcc/arm-none-eabi/4.9.3/../../../../arm-none-eabi/lib/armv7-m\libg_nano.a(lib_a-errno.o)
                0x0001c604                __errno
 .text.__libc_init_array
                0x0001c610       0x4c c:/program files (x86)/cypress/psoc creator/3.3/psoc creator/import/gnu/arm/4.9.3/bin/../lib/gcc/arm-none-eabi/4.9.3/../../../../arm-none-eabi/lib/armv7-m\libg_nano.a(lib_a-init.o)
                0x0001c610                __libc_init_array
 .text.memcpy   0x0001c65c       0x16 c:/program files (x86)/cypress/psoc creator/3.3/psoc creator/import/gnu/arm/4.9.3/bin/../lib/gcc/arm-none-eabi/4.9.3/../../../../arm-none-eabi/lib/armv7-m\libg_nano.a(lib_a-memcpy.o)
                0x0001c65c                memcpy
 .text.memset   0x0001c672       0x10 c:/program files (x86)/cypress/psoc creator/3.3/psoc creator/import/gnu/arm/4.9.3/bin/../lib/gcc/arm-none-eabi/4.9.3/../../../../arm-none-eabi/lib/armv7-m\libg_nano.a(lib_a-memset.o)
                0x0001c672                memset
 *fill*         0x0001c682        0x2 
 .text.rand     0x0001c684       0x74 c:/program files (x86)/cypress/psoc creator/3.3/psoc creator/import/gnu/arm/4.9.3/bin/../lib/gcc/arm-none-eabi/4.9.3/../../../../arm-none-eabi/lib/armv7-m\libg_nano.a(lib_a-rand.o)
                0x0001c684                rand
 .text.sprintf  0x0001c6f8       0x48 c:/program files (x86)/cypress/psoc creator/3.3/psoc creator/import/gnu/arm/4.9.3/bin/../lib/gcc/arm-none-eabi/4.9.3/../../../../arm-none-eabi/lib/armv7-m\libg_nano.a(lib_a-sprintf.o)
                0x0001c6f8                siprintf
                0x0001c6f8                sprintf
 .text.strchr   0x0001c740       0x1c c:/program files (x86)/cypress/psoc creator/3.3/psoc creator/import/gnu/arm/4.9.3/bin/../lib/gcc/arm-none-eabi/4.9.3/../../../../arm-none-eabi/lib/armv7-m\libg_nano.a(lib_a-strchr.o)
                0x0001c740                strchr
 .text.strlen   0x0001c75c       0x10 c:/program files (x86)/cypress/psoc creator/3.3/psoc creator/import/gnu/arm/4.9.3/bin/../lib/gcc/arm-none-eabi/4.9.3/../../../../arm-none-eabi/lib/armv7-m\libg_nano.a(lib_a-strlen.o)
                0x0001c75c                strlen
 .text.strncmp  0x0001c76c       0x32 c:/program files (x86)/cypress/psoc creator/3.3/psoc creator/import/gnu/arm/4.9.3/bin/../lib/gcc/arm-none-eabi/4.9.3/../../../../arm-none-eabi/lib/armv7-m\libg_nano.a(lib_a-strncmp.o)
                0x0001c76c                strncmp
 *fill*         0x0001c79e        0x2 
 .text.malloc   0x0001c7a0       0x10 c:/program files (x86)/cypress/psoc creator/3.3/psoc creator/import/gnu/arm/4.9.3/bin/../lib/gcc/arm-none-eabi/4.9.3/../../../../arm-none-eabi/lib/armv7-m\libg_nano.a(lib_a-malloc.o)
                0x0001c7a0                malloc
 .text._free_r  0x0001c7b0       0x88 c:/program files (x86)/cypress/psoc creator/3.3/psoc creator/import/gnu/arm/4.9.3/bin/../lib/gcc/arm-none-eabi/4.9.3/../../../../arm-none-eabi/lib/armv7-m\libg_nano.a(lib_a-nano-freer.o)
                0x0001c7b0                _free_r
 .text._malloc_r