Archive member included because of file (symbol)

.\CortexM3\ARM_GCC_493\Debug\CorEx-Mux-Kernel.a(cyfitter_cfg.o)
                              .\CortexM3\ARM_GCC_493\Debug\Cm3Start.o (cyfitter_cfg)
.\CortexM3\ARM_GCC_493\Debug\CorEx-Mux-Kernel.a(RF_Physical.o)
                              .\CortexM3\ARM_GCC_493\Debug\UARTManager.o (RF_Physical_Start)
.\CortexM3\ARM_GCC_493\Debug\CorEx-Mux-Kernel.a(RF_Physical_INT.o)
                              .\CortexM3\ARM_GCC_493\Debug\CorEx-Mux-Kernel.a(RF_Physical.o) (RF_Physical_RXISR)
.\CortexM3\ARM_GCC_493\Debug\CorEx-Mux-Kernel.a(RF_Physical_IntClock.o)
                              .\CortexM3\ARM_GCC_493\Debug\CorEx-Mux-Kernel.a(RF_Physical.o) (RF_Physical_IntClock_Start)
.\CortexM3\ARM_GCC_493\Debug\CorEx-Mux-Kernel.a(CyBootAsmGnu.o)
                              .\CortexM3\ARM_GCC_493\Debug\CorEx-Mux-Kernel.a(cyfitter_cfg.o) (CyDelayCycles)
.\CortexM3\ARM_GCC_493\Debug\CorEx-Mux-Kernel.a(CyLib.o)
                              .\CortexM3\ARM_GCC_493\Debug\Cm3Start.o (CyResetStatus)
.\CortexM3\ARM_GCC_493\Debug\CorEx-Mux-Kernel.a(cyPm.o)
                              .\CortexM3\ARM_GCC_493\Debug\CorEx-Mux-Kernel.a(CyLib.o) (CyPmReadStatus)
.\CortexM3\ARM_GCC_493\Debug\CorEx-Mux-Kernel.a(CRC_Security.o)
                              .\CortexM3\ARM_GCC_493\Debug\Security.o (CRC_Security_Start)
.\CortexM3\ARM_GCC_493\Debug\CorEx-Mux-Kernel.a(ShiftReg_Security.o)
                              .\CortexM3\ARM_GCC_493\Debug\Security.o (ShiftReg_Security_Start)
.\CortexM3\ARM_GCC_493\Debug\CorEx-Mux-Kernel.a(Clock_CRC.o)
                              .\CortexM3\ARM_GCC_493\Debug\Security.o (Clock_CRC_Write)
.\CortexM3\ARM_GCC_493\Debug\CorEx-Mux-Kernel.a(Reset_CRC.o)
                              .\CortexM3\ARM_GCC_493\Debug\Security.o (Reset_CRC_Write)
.\CortexM3\ARM_GCC_493\Debug\CorEx-Mux-Kernel.a(Printer.o)
                              .\CortexM3\ARM_GCC_493\Debug\UARTManager.o (Printer_Start)
.\CortexM3\ARM_GCC_493\Debug\CorEx-Mux-Kernel.a(Dispenser.o)
                              .\CortexM3\ARM_GCC_493\Debug\UARTManager.o (Dispenser_Start)
.\CortexM3\ARM_GCC_493\Debug\CorEx-Mux-Kernel.a(Dispenser_INT.o)
                              .\CortexM3\ARM_GCC_493\Debug\CorEx-Mux-Kernel.a(Dispenser.o) (Dispenser_RXISR)
.\CortexM3\ARM_GCC_493\Debug\CorEx-Mux-Kernel.a(Display1.o)
                              .\CortexM3\ARM_GCC_493\Debug\UARTManager.o (Display1_Start)
.\CortexM3\ARM_GCC_493\Debug\CorEx-Mux-Kernel.a(Display1_INT.o)
                              .\CortexM3\ARM_GCC_493\Debug\CorEx-Mux-Kernel.a(Display1.o) (Display1_RXISR)
.\CortexM3\ARM_GCC_493\Debug\CorEx-Mux-Kernel.a(Display2.o)
                              .\CortexM3\ARM_GCC_493\Debug\UARTManager.o (Display2_Start)
.\CortexM3\ARM_GCC_493\Debug\CorEx-Mux-Kernel.a(Display2_INT.o)
                              .\CortexM3\ARM_GCC_493\Debug\CorEx-Mux-Kernel.a(Display2.o) (Display2_RXISR)
.\CortexM3\ARM_GCC_493\Debug\CorEx-Mux-Kernel.a(Counter_ISR.o)
                              .\CortexM3\ARM_GCC_493\Debug\Timers.o (Counter_ISR_StartEx)
.\CortexM3\ARM_GCC_493\Debug\CorEx-Mux-Kernel.a(Display1_IntClock.o)
                              .\CortexM3\ARM_GCC_493\Debug\CorEx-Mux-Kernel.a(Display1.o) (Display1_IntClock_Start)
.\CortexM3\ARM_GCC_493\Debug\CorEx-Mux-Kernel.a(Display2_IntClock.o)
                              .\CortexM3\ARM_GCC_493\Debug\CorEx-Mux-Kernel.a(Display2.o) (Display2_IntClock_Start)
.\CortexM3\ARM_GCC_493\Debug\CorEx-Mux-Kernel.a(I2C_Bus.o)
                              .\CortexM3\ARM_GCC_493\Debug\Initializers.o (I2C_Bus_Start)
.\CortexM3\ARM_GCC_493\Debug\CorEx-Mux-Kernel.a(I2C_Bus_INT.o)
                              .\CortexM3\ARM_GCC_493\Debug\CorEx-Mux-Kernel.a(I2C_Bus.o) (I2C_Bus_ISR)
.\CortexM3\ARM_GCC_493\Debug\CorEx-Mux-Kernel.a(I2C_Bus_PM.o)
                              .\CortexM3\ARM_GCC_493\Debug\CorEx-Mux-Kernel.a(I2C_Bus.o) (I2C_Bus_backup)
.\CortexM3\ARM_GCC_493\Debug\CorEx-Mux-Kernel.a(I2C_Bus_MASTER.o)
                              .\CortexM3\ARM_GCC_493\Debug\CorEx-Mux-Kernel.a(I2C_Bus.o) (I2C_Bus_mstrStatus)
.\CortexM3\ARM_GCC_493\Debug\CorEx-Mux-Kernel.a(iButton1.o)
                              .\CortexM3\ARM_GCC_493\Debug\iButtonProtocol.o (iButton1_Write)
.\CortexM3\ARM_GCC_493\Debug\CorEx-Mux-Kernel.a(iButton2.o)
                              .\CortexM3\ARM_GCC_493\Debug\TestFile.o (iButton2_Write)
.\CortexM3\ARM_GCC_493\Debug\CorEx-Mux-Kernel.a(eepromWP.o)
                              .\CortexM3\ARM_GCC_493\Debug\EepromManager.o (eepromWP_Write)
.\CortexM3\ARM_GCC_493\Debug\CorEx-Mux-Kernel.a(Timer_DispenserState.o)
                              .\CortexM3\ARM_GCC_493\Debug\Timers.o (Timer_DispenserState_Start)
.\CortexM3\ARM_GCC_493\Debug\CorEx-Mux-Kernel.a(DispenserStateTimeout_ISR.o)
                              .\CortexM3\ARM_GCC_493\Debug\Timers.o (DispenserStateTimeout_ISR_StartEx)
.\CortexM3\ARM_GCC_493\Debug\CorEx-Mux-Kernel.a(Timer_Tick.o)
[...]
Memory Configuration

Name             Origin             Length             Attributes
rom              0x00000000         0x00040000         xr
ram              0x1fff8000         0x00010000         xrw
*default*        0x00000000         0xffffffff

Linker script and memory map

LOAD c:/program files (x86)/cypress/psoc creator/3.3/psoc creator/import/gnu/arm/4.9.3/bin/../lib/gcc/arm-none-eabi/4.9.3/armv7-m/crti.o
LOAD c:/program files (x86)/cypress/psoc creator/3.3/psoc creator/import/gnu/arm/4.9.3/bin/../lib/gcc/arm-none-eabi/4.9.3/armv7-m/crtbegin.o
LOAD c:/program files (x86)/cypress/psoc creator/3.3/psoc creator/import/gnu/arm/4.9.3/bin/../lib/gcc/arm-none-eabi/4.9.3/../../../../arm-none-eabi/lib/armv7-m/crt0.o
START GROUP
LOAD .\CortexM3\ARM_GCC_493\Debug\UARTManager.o
LOAD .\CortexM3\ARM_GCC_493\Debug\UARTResolver.o
LOAD .\CortexM3\ARM_GCC_493\Debug\UARTManagerSink.o
LOAD .\CortexM3\ARM_GCC_493\Debug\PseudoRTOS.o
LOAD .\CortexM3\ARM_GCC_493\Debug\Utils.o
LOAD .\CortexM3\ARM_GCC_493\Debug\Security.o
LOAD .\CortexM3\ARM_GCC_493\Debug\SinkManager.o
LOAD .\CortexM3\ARM_GCC_493\Debug\EepromManager.o
LOAD .\CortexM3\ARM_GCC_493\Debug\RtcManager.o
LOAD .\CortexM3\ARM_GCC_493\Debug\Initializers.o
LOAD .\CortexM3\ARM_GCC_493\Debug\Timers.o
LOAD .\CortexM3\ARM_GCC_493\Debug\TestFile.o
LOAD .\CortexM3\ARM_GCC_493\Debug\AuxPSoC.o
LOAD .\CortexM3\ARM_GCC_493\Debug\WatchDogReset.o
LOAD .\CortexM3\ARM_GCC_493\Debug\DispenserResolver.o
LOAD .\CortexM3\ARM_GCC_493\Debug\DispenserBLL.o
LOAD .\CortexM3\ARM_GCC_493\Debug\DispenserSink.o
LOAD .\CortexM3\ARM_GCC_493\Debug\DisplayBLL.o
LOAD .\CortexM3\ARM_GCC_493\Debug\DisplaySink.o
LOAD .\CortexM3\ARM_GCC_493\Debug\DisplayUtils.o
LOAD .\CortexM3\ARM_GCC_493\Debug\DisplayFlow.o
LOAD .\CortexM3\ARM_GCC_493\Debug\DisplayCharacterMap.o
LOAD .\CortexM3\ARM_GCC_493\Debug\DisplayBufferScreenMap.o
LOAD .\CortexM3\ARM_GCC_493\Debug\DisplayResolver.o
LOAD .\CortexM3\ARM_GCC_493\Debug\PrinterBLL.o
LOAD .\CortexM3\ARM_GCC_493\Debug\PrinterSink.o
LOAD .\CortexM3\ARM_GCC_493\Debug\PrinterResolver.o
LOAD .\CortexM3\ARM_GCC_493\Debug\PrinterTemplate.o
LOAD .\CortexM3\ARM_GCC_493\Debug\iButtonSink.o
LOAD .\CortexM3\ARM_GCC_493\Debug\iButtonBLL.o
LOAD .\CortexM3\ARM_GCC_493\Debug\iButtonProtocol.o
LOAD .\CortexM3\ARM_GCC_493\Debug\Prime.o
LOAD .\CortexM3\ARM_GCC_493\Debug\PrimeFlow.o
LOAD .\CortexM3\ARM_GCC_493\Debug\PrimeImpl.o
LOAD .\CortexM3\ARM_GCC_493\Debug\Encore.o
LOAD .\CortexM3\ARM_GCC_493\Debug\EncoreFlow.o
LOAD .\CortexM3\ARM_GCC_493\Debug\EncoreImpl.o
LOAD .\CortexM3\ARM_GCC_493\Debug\Advantage.o
LOAD .\CortexM3\ARM_GCC_493\Debug\AdvantageFlow.o
LOAD .\CortexM3\ARM_GCC_493\Debug\AdvantageImpl.o
LOAD .\CortexM3\ARM_GCC_493\Debug\RFSink.o
LOAD .\CortexM3\ARM_GCC_493\Debug\RFBLL.o
LOAD .\CortexM3\ARM_GCC_493\Debug\RFResolver.o
LOAD .\CortexM3\ARM_GCC_493\Debug\RFServerStack.o
LOAD .\CortexM3\ARM_GCC_493\Debug\RFServerStackImpl.o
LOAD .\CortexM3\ARM_GCC_493\Debug\ClientDefinitions.o
LOAD .\CortexM3\ARM_GCC_493\Debug\main.o
LOAD .\CortexM3\ARM_GCC_493\Debug\cymetadata.o
LOAD .\CortexM3\ARM_GCC_493\Debug\Cm3Start.o
LOAD .\CortexM3\ARM_GCC_493\Debug\CorEx-Mux-Kernel.a
LOAD C:\Program Files (x86)\Cypress\PSoC Creator\3.3\PSoC Creator\psoc\content\cycomponentlibrary\CyComponentLibrary.cylib\CortexM3\ARM_GCC_493\Debug\CyComponentLibrary.a
LOAD c:/program files (x86)/cypress/psoc creator/3.3/psoc creator/import/gnu/arm/4.9.3/bin/../lib/gcc/arm-none-eabi/4.9.3/../../../../arm-none-eabi/lib/armv7-m\libm.a
END GROUP
START GROUP
LOAD c:/program files (x86)/cypress/psoc creator/3.3/psoc creator/import/gnu/arm/4.9.3/bin/../lib/gcc/arm-none-eabi/4.9.3/armv7-m\libgcc.a
LOAD c:/program files (x86)/cypress/psoc creator/3.3/psoc creator/import/gnu/arm/4.9.3/bin/../lib/gcc/arm-none-eabi/4.9.3/../../../../arm-none-eabi/lib/armv7-m\libg_nano.a
LOAD c:/program files (x86)/cypress/psoc creator/3.3/psoc creator/import/gnu/arm/4.9.3/bin/../lib/gcc/arm-none-eabi/4.9.3/../../../../arm-none-eabi/lib/armv7-m\libc_nano.a
END GROUP
START GROUP
LOAD c:/program files (x86)/cypress/psoc creator/3.3/psoc creator/import/gnu/arm/4.9.3/bin/../lib/gcc/arm-none-eabi/4.9.3/armv7-m\libgcc.a
LOAD c:/program files (x86)/cypress/psoc creator/3.3/psoc creator/import/gnu/arm/4.9.3/bin/../lib/gcc/arm-none-eabi/4.9.3/../../../../arm-none-eabi/lib/armv7-m\libc_nano.a
END GROUP
LOAD c:/program files (x86)/cypress/psoc creator/3.3/psoc creator/import/gnu/arm/4.9.3/bin/../lib/gcc/arm-none-eabi/4.9.3/armv7-m/crtend.o
LOAD c:/program files (x86)/cypress/psoc creator/3.3/psoc creator/import/gnu/arm/4.9.3/bin/../lib/gcc/arm-none-eabi/4.9.3/armv7-m/crtn.o
START GROUP
LOAD c:/program files (x86)/cypress/psoc creator/3.3/psoc creator/import/gnu/arm/4.9.3/bin/../lib/gcc/arm-none-eabi/4.9.3/armv7-m\libgcc.a
LOAD c:/program files (x86)/cypress/psoc creator/3.3/psoc creator/import/gnu/arm/4.9.3/bin/../lib/gcc/arm-none-eabi/4.9.3/../../../../arm-none-eabi/lib/armv7-m\libc.a
LOAD c:/program files (x86)/cypress/psoc creator/3.3/psoc creator/import/gnu/arm/4.9.3/bin/../lib/gcc/arm-none-eabi/4.9.3/../../../../arm-none-eabi/lib/armv7-m\libnosys.a
END GROUP
                0x00000000                CY_APPL_ORIGIN = 0x0
                0x00000100                CY_FLASH_ROW_SIZE = 0x100
                0x00000020                CY_ECC_ROW_SIZE = 0x20
                0x00000000                CY_EE_IN_BTLDR = 0x0
                0x00000000                CY_APPL_LOADABLE = 0x0
                0x00000800                CY_EE_SIZE = 0x800
                0x00000001                CY_APPL_NUM = 0x1
                0x00000001                CY_APPL_MAX = 0x1
                0x00000040                CY_METADATA_SIZE = 0x40
                0x00000000                CY_APPL_LOADABLE = 0x0
                0x00000000                CY_CHECKSUM_EXCLUDE_SIZE = ALIGN (0x0, CY_FLASH_ROW_SIZE)
                0x20007360                PROVIDE (__cy_heap_start, _end)
                0x00000001                PROVIDE (__cy_region_num, ((__cy_regions_end - __cy_regions) / 0x10))
                0x20008000                PROVIDE (__cy_stack, (ORIGIN (ram) + 0x10000))
                0x20007800                PROVIDE (__cy_heap_end, (__cy_stack - 0x800))

.cybootloader   0x00000000        0x0
 *(.cybootloader)
                0x00000000                appl1_start = CY_APPL_ORIGIN?CY_APPL_ORIGIN:ALIGN (CY_FLASH_ROW_SIZE)
                0x0001ff00                appl2_start = (appl1_start + ALIGN ((((0x40000 - appl1_start) - (0x2 * CY_FLASH_ROW_SIZE)) / 0x2), CY_FLASH_ROW_SIZE))
                0x00000000                appl_start = (CY_APPL_NUM == 0x1)?appl1_start:appl2_start
                0x00000000                ecc_offset = ((appl_start / CY_FLASH_ROW_SIZE) * CY_ECC_ROW_SIZE)
                0x00000000                ee_offset = (CY_APPL_LOADABLE && ! (CY_EE_IN_BTLDR))?((CY_EE_SIZE / CY_APPL_MAX) * (CY_APPL_NUM - 0x1)):0x0
                0x00000800                ee_size = (CY_APPL_LOADABLE && ! (CY_EE_IN_BTLDR))?(CY_EE_SIZE / CY_APPL_MAX):CY_EE_SIZE
                0x00000000                PROVIDE (CY_ECC_OFFSET, ecc_offset)

.text           0x00000000    0x1d65a
 CREATE_OBJECT_SYMBOLS
                0x00000000                PROVIDE (__cy_interrupt_vector, RomVectors)
 *(.romvectors)
 .romvectors    0x00000000       0x10 .\CortexM3\ARM_GCC_493\Debug\Cm3Start.o
                0x00000000                RomVectors
                0x00000001                ASSERT ((. != __cy_interrupt_vector), No interrupt vector)
                0x00000001                ASSERT (CY_APPL_ORIGIN?(SIZEOF (.cybootloader) <= CY_APPL_ORIGIN):0x1, Wrong image location)
                0x00000010                PROVIDE (__cy_reset, Reset)
 *(.text.Reset)
 .text.Reset    0x00000010       0x18 .\CortexM3\ARM_GCC_493\Debug\Cm3Start.o
                0x00000010                Reset
                0x00000001                ASSERT ((. != __cy_reset), No reset code)
 *(.dma_init)
                0x00000001                ASSERT ((((appl_start + .) <= 0x10000) || 0x1), DMA Init must be within the first 64k of flash)
 *(.text .text.* .gnu.linkonce.t.*)
 .text          0x00000028       0x5c c:/program files (x86)/cypress/psoc creator/3.3/psoc creator/import/gnu/arm/4.9.3/bin/../lib/gcc/arm-none-eabi/4.9.3/armv7-m/crtbegin.o
 .text.UARTGlobalHandler
                0x00000084       0x50 .\CortexM3\ARM_GCC_493\Debug\UARTManager.o
                0x00000084                UARTGlobalHandler
 .text.GetUARTManager
                0x000000d4       0x3c .\CortexM3\ARM_GCC_493\Debug\UARTManager.o
                0x000000d4                GetUARTManager
 .text.GetUARTMessageSlot
                0x00000110       0xb4 .\CortexM3\ARM_GCC_493\Debug\UARTManager.o
                0x00000110                GetUARTMessageSlot
 .text.InitUARTManager
                0x000001c4       0x84 .\CortexM3\ARM_GCC_493\Debug\UARTManager.o
                0x000001c4                InitUARTManager
 .text.ReleaseMessage
                0x00000248       0x34 .\CortexM3\ARM_GCC_493\Debug\UARTManager.o
                0x00000248                ReleaseMessage
 .text.InvokeResolver
                0x0000027c       0x54 .\CortexM3\ARM_GCC_493\Debug\UARTResolver.o
                0x0000027c                InvokeResolver
 .text.UARTSinkRegistration
                0x000002d0        0xc .\CortexM3\ARM_GCC_493\Debug\UARTManagerSink.o
                0x000002d0                UARTSinkRegistration
 .text.loop_push
                0x000002dc       0x3c .\CortexM3\ARM_GCC_493\Debug\PseudoRTOS.o
                0x000002dc                loop_push
 .text.loop_invoke
                0x00000318       0x4c .\CortexM3\ARM_GCC_493\Debug\PseudoRTOS.o
                0x00000318                loop_invoke
 .text.B78AD90CF552D9B30A
                0x00000364      0x1dc .\CortexM3\ARM_GCC_493\Debug\Utils.o
                0x00000364                B78AD90CF552D9B30A
 .text.PSTRBUFFTOGG
                0x00000540       0x7c .\CortexM3\ARM_GCC_493\Debug\Utils.o
                0x00000540                PSTRBUFFTOGG
 .text.LSDBCDBUFF2HEX
                0x000005bc       0x94 .\CortexM3\ARM_GCC_493\Debug\Utils.o
                0x000005bc                LSDBCDBUFF2HEX
 .text.CRCCheck
                0x00000650       0x58 .\CortexM3\ARM_GCC_493\Debug\Security.o
                0x00000650                CRCCheck
 .text.RawCRCCheck
                0x000006a8       0x44 .\CortexM3\ARM_GCC_493\Debug\Security.o
                0x000006a8                RawCRCCheck
 .text.SinkManagerRegistration
                0x000006ec      0x148 .\CortexM3\ARM_GCC_493\Debug\SinkManager.o
                0x000006ec                SinkManagerRegistration
 *fill*         0x00000834        0x4 
 .text.AllocateMessageSlot
                0x00000838      0x150 .\CortexM3\ARM_GCC_493\Debug\SinkManager.o
                0x00000838                AllocateMessageSlot
 .text.FindSinkMessage
                0x00000988       0xc8 .\CortexM3\ARM_GCC_493\Debug\SinkManager.o
                0x00000988                FindSinkMessage
 .text.AllocateMessageSlotConditional
                0x00000a50      0x190 .\CortexM3\ARM_GCC_493\Debug\SinkManager.o
                0x00000a50                AllocateMessageSlotConditional
 .text.AllocateMessageArraySlotConditional
                0x00000be0      0x100 .\CortexM3\ARM_GCC_493\Debug\SinkManager.o
                0x00000be0                AllocateMessageArraySlotConditional
 .text.ReleaseSinkMessage
                0x00000ce0       0x2c .\CortexM3\ARM_GCC_493\Debug\SinkManager.o
                0x00000ce0                ReleaseSinkMessage
 .text.ReleaseSinkMessageByID
                0x00000d0c       0x4c .\CortexM3\ARM_GCC_493\Debug\SinkManager.o
                0x00000d0c                ReleaseSinkMessageByID
 .text.AllocateSubscriberSlot
                0x00000d58       0x68 .\CortexM3\ARM_GCC_493\Debug\SinkManager.o
                0x00000d58                AllocateSubscriberSlot
 .text.SinkHandler
                0x00000dc0      0x5c0 .\CortexM3\ARM_GCC_493\Debug\SinkManager.o
                0x00000dc0                SinkHandler
 .text.SinkBroadcast
                0x00001380       0x98 .\CortexM3\ARM_GCC_493\Debug\SinkManager.o
                0x00001380                SinkBroadcast
 .text.SinkFirstFound
                0x00001418       0xc0 .\CortexM3\ARM_GCC_493\Debug\SinkManager.o
                0x00001418                SinkFirstFound
 .text.SinkAllInterested
                0x000014d8       0xb4 .\CortexM3\ARM_GCC_493\Debug\SinkManager.o
                0x000014d8                SinkAllInterested
 .text.SinkBroadcastForever
                0x0000158c       0x94 .\CortexM3\ARM_GCC_493\Debug\SinkManager.o
                0x0000158c                SinkBroadcastForever
 .text.SinkCounterUpdateCallback
                0x00001620       0x70 .\CortexM3\ARM_GCC_493\Debug\SinkManager.o
                0x00001620                SinkCounterUpdateCallback
 .text.SinkReleaseByIDCallback
                0x00001690       0x1c .\CortexM3\ARM_GCC_493\Debug\SinkManager.o
                0x00001690                SinkReleaseByIDCallback
 .text.SinkReleaseByPtrCallback
                0x000016ac       0x20 .\CortexM3\ARM_GCC_493\Debug\SinkManager.o
                0x000016ac                SinkReleaseByPtrCallback
 .text.GetEepromBuffer
                0x000016cc       0x14 .\CortexM3\ARM_GCC_493\Debug\EepromManager.o
                0x000016cc                GetEepromBuffer
 .text.I2CBusUnlock
                0x000016e0       0x14 .\CortexM3\ARM_GCC_493\Debug\EepromManager.o
                0x000016e0                I2CBusUnlock
 .text.LoadEepromPage
                0x000016f4       0x94 .\CortexM3\ARM_GCC_493\Debug\EepromManager.o
                0x000016f4                LoadEepromPage
 .text.I2CBusLock
                0x00001788       0xc8 .\CortexM3\ARM_GCC_493\Debug\EepromManager.o
                0x00001788                I2CBusLock
 .text.StoreEepromPage
                0x00001850       0x8c .\CortexM3\ARM_GCC_493\Debug\EepromManager.o
                0x00001850                StoreEepromPage
 .text.ClearEepromBuffer
                0x000018dc       0x14 .\CortexM3\ARM_GCC_493\Debug\EepromManager.o
                0x000018dc                ClearEepromBuffer
 .text.GetRtcBuffer
                0x000018f0       0x14 .\CortexM3\ARM_GCC_493\Debug\RtcManager.o
                0x000018f0                GetRtcBuffer
 .text.ClearRtcBuffer
                0x00001904       0x14 .\CortexM3\ARM_GCC_493\Debug\RtcManager.o
                0x00001904                ClearRtcBuffer
 .text.UpdateRTC
                0x00001918       0xf8 .\CortexM3\ARM_GCC_493\Debug\RtcManager.o
                0x00001918                UpdateRTC
 .text.ReadRTC  0x00001a10       0x84 .\CortexM3\ARM_GCC_493\Debug\RtcManager.o
                0x00001a10                ReadRTC
 .text.StartRtc
                0x00001a94       0x30 .\CortexM3\ARM_GCC_493\Debug\RtcManager.o
                0x00001a94                StartRtc
 .text.GlobalInitializer
                0x00001ac4       0x48 .\CortexM3\ARM_GCC_493\Debug\Initializers.o
                0x00001ac4                GlobalInitializer
 .text.InitTimers
                0x00001b0c       0x24 .\CortexM3\ARM_GCC_493\Debug\Timers.o
                0x00001b0c                InitTimers
 .text.CounterIsr
                0x00001b30       0x40 .\CortexM3\ARM_GCC_493\Debug\Timers.o
                0x00001b30                CounterIsr
 .text.DispenserStateIsr
                0x00001b70       0x30 .\CortexM3\ARM_GCC_493\Debug\Timers.o
                0x00001b70                DispenserStateIsr
 .text.WriteAuxPSoC
                0x00001ba0       0x64 .\CortexM3\ARM_GCC_493\Debug\AuxPSoC.o
                0x00001ba0                WriteAuxPSoC
 .text.WatchDogInitialize
                0x00001c04       0x48 .\CortexM3\ARM_GCC_493\Debug\WatchDogReset.o
                0x00001c04                WatchDogInitialize
 .text.WatchDogHandler
                0x00001c4c       0x18 .\CortexM3\ARM_GCC_493\Debug\WatchDogReset.o
                0x00001c4c                WatchDogHandler
 .text.WatchDogStartup
                0x00001c64       0x18 .\CortexM3\ARM_GCC_493\Debug\WatchDogReset.o
                0x00001c64                WatchDogStartup
 .text.DispenserBufferResolver
                0x00001c7c       0x7c .\CortexM3\ARM_GCC_493\Debug\DispenserResolver.o
                0x00001c7c                DispenserBufferResolver
 .text.DispenserUARTSend
                0x00001cf8       0x54 .\CortexM3\ARM_GCC_493\Debug\DispenserResolver.o
                0x00001cf8                DispenserUARTSend
 .text.DispenserBeepWarning
                0x00001d4c       0x90 .\CortexM3\ARM_GCC_493\Debug\DispenserBLL.o
                0x00001d4c                DispenserBeepWarning
 .text.DispenserUpdatePumpState
                0x00001ddc      0x138 .\CortexM3\ARM_GCC_493\Debug\DispenserBLL.o
                0x00001ddc                DispenserUpdatePumpState
 .text.DispenserUnlockPumpsOnEOT
                0x00001f14       0xd4 .\CortexM3\ARM_GCC_493\Debug\DispenserBLL.o
                0x00001f14                DispenserUnlockPumpsOnEOT
 .text.DispenserUnlockPumpsOnEOTStartup
                0x00001fe8       0xac .\CortexM3\ARM_GCC_493\Debug\DispenserBLL.o
                0x00001fe8                DispenserUnlockPumpsOnEOTStartup
 .text.DispenserRestorePrices
                0x00002094       0xa4 .\CortexM3\ARM_GCC_493\Debug\DispenserBLL.o
                0x00002094                DispenserRestorePrices
 .text.DispenserAcquireConfiguration
                0x00002138      0x114 .\CortexM3\ARM_GCC_493\Debug\DispenserBLL.o
                0x00002138                DispenserAcquireConfiguration
 .text.DispenserConfigurePrices
                0x0000224c      0x12c .\CortexM3\ARM_GCC_493\Debug\DispenserBLL.o
                0x0000224c                DispenserConfigurePrices
 .text.DispenserConfigureSinglePrice
                0x00002378      0x370 .\CortexM3\ARM_GCC_493\Debug\DispenserBLL.o
                0x00002378                DispenserConfigureSinglePrice
 .text.DispenserAcquireTotals
                0x000026e8       0xa0 .\CortexM3\ARM_GCC_493\Debug\DispenserBLL.o
                0x000026e8                DispenserAcquireTotals
 .text.DispenserEnumeratePumps
                0x00002788      0x150 .\CortexM3\ARM_GCC_493\Debug\DispenserBLL.o
                0x00002788                DispenserEnumeratePumps
 .text.DispenserLoadEEPROMSettings
                0x000028d8      0x1ec .\CortexM3\ARM_GCC_493\Debug\DispenserBLL.o
                0x000028d8                DispenserLoadEEPROMSettings
 .text.DispenserGetEepromPPUPageFromPumpID
                0x00002ac4       0xb4 .\CortexM3\ARM_GCC_493\Debug\DispenserBLL.o
                0x00002ac4                DispenserGetEepromPPUPageFromPumpID
 .text.GetPumpFromRemotePositionID
                0x00002b78       0x64 .\CortexM3\ARM_GCC_493\Debug\DispenserBLL.o
                0x00002b78                GetPumpFromRemotePositionID
 .text.DispenserSide1Listener
                0x00002bdc      0x14c .\CortexM3\ARM_GCC_493\Debug\DispenserBLL.o
                0x00002bdc                DispenserSide1Listener
 .text.DispenserSide2Listener
                0x00002d28      0x14c .\CortexM3\ARM_GCC_493\Debug\DispenserBLL.o
                0x00002d28                DispenserSide2Listener
 .text.DispenserTimeoutHandler
                0x00002e74       0xf8 .\CortexM3\ARM_GCC_493\Debug\DispenserSink.o
                0x00002e74                DispenserTimeoutHandler
 .text.DispenserDataReceptionHandler
                0x00002f6c      0x2b0 .\CortexM3\ARM_GCC_493\Debug\DispenserSink.o
                0x00002f6c                DispenserDataReceptionHandler
 .text.DispenserUpdateTimeouts
                0x0000321c       0x84 .\CortexM3\ARM_GCC_493\Debug\DispenserSink.o
                0x0000321c                DispenserUpdateTimeouts
 .text.DispenserHandler
                0x000032a0      0x250 .\CortexM3\ARM_GCC_493\Debug\DispenserSink.o
                0x000032a0                DispenserHandler
 .text.DispenserSinkRegistration
                0x000034f0      0x2c0 .\CortexM3\ARM_GCC_493\Debug\DispenserSink.o
                0x000034f0                DispenserSinkRegistration
 .text.WorkShiftDecorator
                0x000037b0       0xc4 .\CortexM3\ARM_GCC_493\Debug\DisplayBLL.o
                0x000037b0                WorkShiftDecorator
 .text.InitiateWorkShiftValidation
                0x00003874      0x144 .\CortexM3\ARM_GCC_493\Debug\DisplayBLL.o
                0x00003874                InitiateWorkShiftValidation
 .text.RequestWorkShiftOperAuthorization
                0x000039b8      0x13c .\CortexM3\ARM_GCC_493\Debug\DisplayBLL.o
                0x000039b8                RequestWorkShiftOperAuthorization
 .text.DrawNumberOfCopies
                0x00003af4      0x170 .\CortexM3\ARM_GCC_493\Debug\DisplayBLL.o
                0x00003af4                DrawNumberOfCopies
 .text.CancelMessageDecorator
                0x00003c64       0xc4 .\CortexM3\ARM_GCC_493\Debug\DisplayBLL.o
                0x00003c64                CancelMessageDecorator
 .text.AcceptedAuthorizationMessageDecorator
                0x00003d28      0x15c .\CortexM3\ARM_GCC_493\Debug\DisplayBLL.o
                0x00003d28                AcceptedAuthorizationMessageDecorator
 .text.ProductNameSelectionDecorator
                0x00003e84      0x500 .\CortexM3\ARM_GCC_493\Debug\DisplayBLL.o
                0x00003e84                ProductNameSelectionDecorator
 .text.RejectedAuthorizationMessageDecorator
                0x00004384      0x15c .\CortexM3\ARM_GCC_493\Debug\DisplayBLL.o
                0x00004384                RejectedAuthorizationMessageDecorator
 .text.ValidateAuthorizationResponse4Credit
                0x000044e0       0x94 .\CortexM3\ARM_GCC_493\Debug\DisplayBLL.o
                0x000044e0                ValidateAuthorizationResponse4Credit
 .text.SendAuthorizationRequest4Credit
                0x00004574      0x234 .\CortexM3\ARM_GCC_493\Debug\DisplayBLL.o
                0x00004574                SendAuthorizationRequest4Credit
 .text.DisplayStationIDDecorator
                0x000047a8       0xe4 .\CortexM3\ARM_GCC_493\Debug\DisplayBLL.o
                0x000047a8                DisplayStationIDDecorator
 .text.DisplayStationIDStore
                0x0000488c       0xd4 .\CortexM3\ARM_GCC_493\Debug\DisplayBLL.o
                0x0000488c                DisplayStationIDStore
 .text.DisplayStationIDLoad
                0x00004960       0x94 .\CortexM3\ARM_GCC_493\Debug\DisplayBLL.o
                0x00004960                DisplayStationIDLoad
 .text.DisplayPumpIDOffsetLoad
                0x000049f4       0x80 .\CortexM3\ARM_GCC_493\Debug\DisplayBLL.o
                0x000049f4                DisplayPumpIDOffsetLoad
 .text.DisplayPumpIDOffsetDecorator
                0x00004a74       0xe4 .\CortexM3\ARM_GCC_493\Debug\DisplayBLL.o
                0x00004a74                DisplayPumpIDOffsetDecorator
 .text.DisplayPumpIDOffsetStore
                0x00004b58       0xc4 .\CortexM3\ARM_GCC_493\Debug\DisplayBLL.o
                0x00004b58                DisplayPumpIDOffsetStore
 .text.iButtonScreenNotification
                0x00004c1c       0x98 .\CortexM3\ARM_GCC_493\Debug\DisplayBLL.o
                0x00004c1c                iButtonScreenNotification
 .text.TerminateiButtonScan
                0x00004cb4       0x34 .\CortexM3\ARM_GCC_493\Debug\DisplayBLL.o
                0x00004cb4                TerminateiButtonScan
 .text.InitiateiButtonScan
                0x00004ce8       0xb0 .\CortexM3\ARM_GCC_493\Debug\DisplayBLL.o
                0x00004ce8                InitiateiButtonScan
 .text.DrawDateTime
                0x00004d98      0x820 .\CortexM3\ARM_GCC_493\Debug\DisplayBLL.o
                0x00004d98                DrawDateTime
 .text.DrawHomeDateTime
                0x000055b8      0x788 .\CortexM3\ARM_GCC_493\Debug\DisplayBLL.o
                0x000055b8                DrawHomeDateTime
 .text.DisplayUpdateHomeAnimation
                0x00005d40      0xd30 .\CortexM3\ARM_GCC_493\Debug\DisplayBLL.o
                0x00005d40                DisplayUpdateHomeAnimation
 .text.InitiateUpdateDateTime
                0x00006a70       0xa8 .\CortexM3\ARM_GCC_493\Debug\DisplayBLL.o
                0x00006a70                InitiateUpdateDateTime
 .text.TerminateUpdateDateTime
                0x00006b18       0x50 .\CortexM3\ARM_GCC_493\Debug\DisplayBLL.o
                0x00006b18                TerminateUpdateDateTime
 .text.InitiateHomeAnimation
                0x00006b68       0xa0 .\CortexM3\ARM_GCC_493\Debug\DisplayBLL.o
                0x00006b68                InitiateHomeAnimation
 .text.DisplayUpdateDateTime
                0x00006c08       0x2c .\CortexM3\ARM_GCC_493\Debug\DisplayBLL.o
                0x00006c08                DisplayUpdateDateTime
 .text.TerminateHomeAnimation
                0x00006c34       0x50 .\CortexM3\ARM_GCC_493\Debug\DisplayBLL.o
                0x00006c34                TerminateHomeAnimation
 .text.DisplayGenericValidator
                0x00006c84      0x1f0 .\CortexM3\ARM_GCC_493\Debug\DisplayBLL.o
                0x00006c84                DisplayGenericValidator
 .text.PrintersWorking
                0x00006e74       0x64 .\CortexM3\ARM_GCC_493\Debug\DisplayBLL.o
                0x00006e74                PrintersWorking
 .text.EitherPrinterWorking
                0x00006ed8       0x78 .\CortexM3\ARM_GCC_493\Debug\DisplayBLL.o
                0x00006ed8                EitherPrinterWorking
 .text.CastCreditVolumeValue
                0x00006f50      0x164 .\CortexM3\ARM_GCC_493\Debug\DisplayBLL.o
                0x00006f50                CastCreditVolumeValue
 .text.Display1Logic
                0x000070b4      0x1b4 .\CortexM3\ARM_GCC_493\Debug\DisplayBLL.o
                0x000070b4                Display1Logic
 .text.PrintcopyReceipt
                0x00007268       0xa0 .\CortexM3\ARM_GCC_493\Debug\DisplayBLL.o
                0x00007268                PrintcopyReceipt
 .text.Display2Logic
                0x00007308      0x1b4 .\CortexM3\ARM_GCC_493\Debug\DisplayBLL.o
                0x00007308                Display2Logic
 .text.DisplaySinkRegistration
                0x000074bc      0x19c .\CortexM3\ARM_GCC_493\Debug\DisplaySink.o
                0x000074bc                DisplaySinkRegistration
 .text.InitDisplays
                0x00007658       0xd0 .\CortexM3\ARM_GCC_493\Debug\DisplaySink.o
                0x00007658                InitDisplays
 .text.DisplayRaiseTimeoutsAndStateChanges
                0x00007728      0x300 .\CortexM3\ARM_GCC_493\Debug\DisplaySink.o
                0x00007728                DisplayRaiseTimeoutsAndStateChanges
 .text.DisplayOutputString
                0x00007a28      0x138 .\CortexM3\ARM_GCC_493\Debug\DisplayUtils.o
                0x00007a28                DisplayOutputString
 .text.ParseDisplayFlow
                0x00007b60       0xa8 .\CortexM3\ARM_GCC_493\Debug\DisplayUtils.o
                0x00007b60                ParseDisplayFlow
 .text.DisplayFlowInputHandler
                0x00007c08       0x68 .\CortexM3\ARM_GCC_493\Debug\DisplayUtils.o
                0x00007c08                DisplayFlowInputHandler
 .text.DisplayFlowInputValidator
                0x00007c70       0x68 .\CortexM3\ARM_GCC_493\Debug\DisplayUtils.o
                0x00007c70                DisplayFlowInputValidator
 .text.DisplayInitializer
                0x00007cd8       0x68 .\CortexM3\ARM_GCC_493\Debug\DisplayUtils.o
                0x00007cd8                DisplayInitializer
 .text.DisplayFlowDecorator
                0x00007d40       0x68 .\CortexM3\ARM_GCC_493\Debug\DisplayUtils.o
                0x00007d40                DisplayFlowDecorator
 .text.DisplayFinalizer
                0x00007da8       0x68 .\CortexM3\ARM_GCC_493\Debug\DisplayUtils.o
                0x00007da8                DisplayFinalizer
 .text.ParseDisplayStream
                0x00007e10       0xac .\CortexM3\ARM_GCC_493\Debug\DisplayUtils.o
                0x00007e10                ParseDisplayStream
 .text.GetDisplayFlowNode
                0x00007ebc       0xa0 .\CortexM3\ARM_GCC_493\Debug\DisplayUtils.o
                0x00007ebc                GetDisplayFlowNode
 .text.PrepareDisplayStructure
                0x00007f5c       0x70 .\CortexM3\ARM_GCC_493\Debug\DisplayUtils.o
                0x00007f5c                PrepareDisplayStructure
 .text.NonEmptyDataValidator
                0x00007fcc       0x2c .\CortexM3\ARM_GCC_493\Debug\DisplayUtils.o
                0x00007fcc                NonEmptyDataValidator
 .text.SecureConfigurationValidator
                0x00007ff8       0x74 .\CortexM3\ARM_GCC_493\Debug\DisplayUtils.o
                0x00007ff8                SecureConfigurationValidator
 .text.SaveNewPassword
                0x0000806c       0x48 .\CortexM3\ARM_GCC_493\Debug\DisplayUtils.o
                0x0000806c                SaveNewPassword
 .text.DisplayIntegerInputHandler
                0x000080b4      0x16c .\CortexM3\ARM_GCC_493\Debug\DisplayUtils.o
                0x000080b4                DisplayIntegerInputHandler
 .text.DisplayMoneyInputHandler
                0x00008220      0x204 .\CortexM3\ARM_GCC_493\Debug\DisplayUtils.o
                0x00008220                DisplayMoneyInputHandler
 .text.DisplayVolumeInputHandler
                0x00008424      0x238 .\CortexM3\ARM_GCC_493\Debug\DisplayUtils.o
                0x00008424                DisplayVolumeInputHandler
 .text.NonEmptyMoneyValidator
                0x0000865c      0x144 .\CortexM3\ARM_GCC_493\Debug\DisplayUtils.o
                0x0000865c                NonEmptyMoneyValidator
 .text.NonEmpty15ModuloValidator
                0x000087a0      0x11c .\CortexM3\ARM_GCC_493\Debug\DisplayUtils.o
                0x000087a0                NonEmpty15ModuloValidator
 .text.ValidatePumpAvailability4Positions
                0x000088bc      0x1a4 .\CortexM3\ARM_GCC_493\Debug\DisplayUtils.o
                0x000088bc                ValidatePumpAvailability4Positions
 .text.ValidatePumpAvailability21Positions
                0x00008a60      0x15c .\CortexM3\ARM_GCC_493\Debug\DisplayUtils.o
                0x00008a60                ValidatePumpAvailability21Positions
 .text.GetPumpsAvailability
                0x00008bbc      0x28c .\CortexM3\ARM_GCC_493\Debug\DisplayUtils.o
                0x00008bbc                GetPumpsAvailability
 .text.GetPumpsPrintState
                0x00008e48       0xe8 .\CortexM3\ARM_GCC_493\Debug\DisplayUtils.o
                0x00008e48                GetPumpsPrintState
 .text.DisplayInputHandler
                0x00008f30      0x14c .\CortexM3\ARM_GCC_493\Debug\DisplayUtils.o
                0x00008f30                DisplayInputHandler
 .text.DisplayIDInputHandler
                0x0000907c      0x164 .\CortexM3\ARM_GCC_493\Debug\DisplayUtils.o
                0x0000907c                DisplayIDInputHandler
 .text.DisplayInputPasswordHandler
                0x000091e0      0x190 .\CortexM3\ARM_GCC_493\Debug\DisplayUtils.o
                0x000091e0                DisplayInputPasswordHandler
 .text.GetDisplayFromPumpID
                0x00009370       0xb0 .\CortexM3\ARM_GCC_493\Debug\DisplayUtils.o
                0x00009370                GetDisplayFromPumpID
 .text.DisplayProductSelectionInputHandler
                0x00009420       0xb4 .\CortexM3\ARM_GCC_493\Debug\DisplayUtils.o
                0x00009420                DisplayProductSelectionInputHandler
 .text.CleanMessageSink
                0x000094d4       0x40 .\CortexM3\ARM_GCC_493\Debug\DisplayUtils.o
                0x000094d4                CleanMessageSink
 .text.SequesterMessageSink
                0x00009514      0x148 .\CortexM3\ARM_GCC_493\Debug\DisplayUtils.o
                0x00009514                SequesterMessageSink
 .text.ReleaseMessageSink
                0x0000965c      0x1a8 .\CortexM3\ARM_GCC_493\Debug\DisplayUtils.o
                0x0000965c                ReleaseMessageSink
 .text.StoreTransactionData
                0x00009804      0x3d0 .\CortexM3\ARM_GCC_493\Debug\DisplayUtils.o
                0x00009804                StoreTransactionData
 .text.UnmapCode
                0x00009bd4       0x48 .\CortexM3\ARM_GCC_493\Debug\DisplayCharacterMap.o
                0x00009bd4                UnmapCode
 .text.GetBufferIndexFromDisplayID
                0x00009c1c       0x48 .\CortexM3\ARM_GCC_493\Debug\DisplayBufferScreenMap.o
                0x00009c1c                GetBufferIndexFromDisplayID
 .text.GetBufferLengthFromDisplayID
                0x00009c64       0x48 .\CortexM3\ARM_GCC_493\Debug\DisplayBufferScreenMap.o
                0x00009c64                GetBufferLengthFromDisplayID
 .text.GetPumpIndexFromDisplay
                0x00009cac       0x78 .\CortexM3\ARM_GCC_493\Debug\DisplayBufferScreenMap.o
                0x00009cac                GetPumpIndexFromDisplay
 .text.Display1BufferResolver
                0x00009d24       0xf4 .\CortexM3\ARM_GCC_493\Debug\DisplayResolver.o
                0x00009d24                Display1BufferResolver
 .text.Display2BufferResolver
                0x00009e18       0xf4 .\CortexM3\ARM_GCC_493\Debug\DisplayResolver.o
                0x00009e18                Display2BufferResolver
 .text.Dislay1UARTSend
                0x00009f0c       0x48 .\CortexM3\ARM_GCC_493\Debug\DisplayResolver.o
                0x00009f0c                Dislay1UARTSend
 .text.PrintLogo
                0x00009f54       0x3c .\CortexM3\ARM_GCC_493\Debug\PrinterBLL.o
                0x00009f54                PrintLogo
 .text.Printer11Callback
                0x00009f90       0x54 .\CortexM3\ARM_GCC_493\Debug\PrinterBLL.o
                0x00009f90                Printer11Callback
 .text.Printer12Callback
                0x00009fe4       0x54 .\CortexM3\ARM_GCC_493\Debug\PrinterBLL.o
                0x00009fe4                Printer12Callback
 .text.Printer21Callback
                0x0000a038       0x54 .\CortexM3\ARM_GCC_493\Debug\PrinterBLL.o
                0x0000a038                Printer21Callback
 .text.Printer22Callback
                0x0000a08c       0x54 .\CortexM3\ARM_GCC_493\Debug\PrinterBLL.o
                0x0000a08c                Printer22Callback
 .text.Printer1GenericCallback
                0x0000a0e0       0x1c .\CortexM3\ARM_GCC_493\Debug\PrinterBLL.o
                0x0000a0e0                Printer1GenericCallback
 .text.Printer2GenericCallback
                0x0000a0fc       0x1c .\CortexM3\ARM_GCC_493\Debug\PrinterBLL.o
                0x0000a0fc                Printer2GenericCallback
 .text.MeasurePrinterASCIIBufferLength
                0x0000a118       0x34 .\CortexM3\ARM_GCC_493\Debug\PrinterBLL.o
                0x0000a118                MeasurePrinterASCIIBufferLength
 .text.Printer1GenericCallbacklogo
                0x0000a14c       0x18 .\CortexM3\ARM_GCC_493\Debug\PrinterBLL.o
                0x0000a14c                Printer1GenericCallbacklogo
 .text.Printer2GenericCallbacklogo
                0x0000a164       0x18 .\CortexM3\ARM_GCC_493\Debug\PrinterBLL.o
                0x0000a164                Printer2GenericCallbacklogo
 .text.PadSpacesToCenter
                0x0000a17c       0x24 .\CortexM3\ARM_GCC_493\Debug\PrinterBLL.o
                0x0000a17c                PadSpacesToCenter
 .text.GetProductNameFromPumpAndHose
                0x0000a1a0      0x3c8 .\CortexM3\ARM_GCC_493\Debug\PrinterBLL.o
                0x0000a1a0                GetProductNameFromPumpAndHose
 .text.FormatNumberLSDFirst
                0x0000a568      0x140 .\CortexM3\ARM_GCC_493\Debug\PrinterBLL.o
                0x0000a568                FormatNumberLSDFirst
 .text.Print    0x0000a6a8     0x10a0 .\CortexM3\ARM_GCC_493\Debug\PrinterBLL.o
                0x0000a6a8                Print
 .text.PrintGeneric
                0x0000b748       0x44 .\CortexM3\ARM_GCC_493\Debug\PrinterBLL.o
                0x0000b748                PrintGeneric
 .text.PrinterSinkRegistration
                0x0000b78c      0x148 .\CortexM3\ARM_GCC_493\Debug\PrinterSink.o
                0x0000b78c                PrinterSinkRegistration
 .text.PrinterUARTSend
                0x0000b8d4       0x14 .\CortexM3\ARM_GCC_493\Debug\PrinterResolver.o
                0x0000b8d4                PrinterUARTSend
 .text.GetPrinterTemplateLine
                0x0000b8e8       0x48 .\CortexM3\ARM_GCC_493\Debug\PrinterTemplate.o
                0x0000b8e8                GetPrinterTemplateLine
 .text.GetPrinterVolumeTemplateTag
                0x0000b930       0x48 .\CortexM3\ARM_GCC_493\Debug\PrinterTemplate.o
                0x0000b930                GetPrinterVolumeTemplateTag
 .text.GetPrinterPriceTemplateTag
                0x0000b978       0x34 .\CortexM3\ARM_GCC_493\Debug\PrinterTemplate.o
                0x0000b978                GetPrinterPriceTemplateTag
 .text.iButtonSinkRegistration
                0x0000b9ac       0x5c .\CortexM3\ARM_GCC_493\Debug\iButtonSink.o
                0x0000b9ac                iButtonSinkRegistration
 .text.iButton1Scan
                0x0000ba08       0xb4 .\CortexM3\ARM_GCC_493\Debug\iButtonBLL.o
                0x0000ba08                iButton1Scan
 .text.iButton2Scan
                0x0000babc       0xa8 .\CortexM3\ARM_GCC_493\Debug\iButtonBLL.o
                0x0000babc                iButton2Scan
 .text.iButtonResetPresenceSequence
                0x0000bb64       0x84 .\CortexM3\ARM_GCC_493\Debug\iButtonProtocol.o
                0x0000bb64                iButtonResetPresenceSequence
 .text.iButtonRead
                0x0000bbe8       0xbc .\CortexM3\ARM_GCC_493\Debug\iButtonProtocol.o
                0x0000bbe8                iButtonRead
 .text.iButtonWrite
                0x0000bca4       0xc4 .\CortexM3\ARM_GCC_493\Debug\iButtonProtocol.o
                0x0000bca4                iButtonWrite
 .text.InitProtocol
                0x0000bd68      0x32c .\CortexM3\ARM_GCC_493\Debug\Advantage.o
                0x0000bd68                InitProtocol
 .text.PumpIsInValidState
                0x0000c094       0x38 .\CortexM3\ARM_GCC_493\Debug\Advantage.o
                0x0000c094                PumpIsInValidState
 .text.PumpJobQueueClear
                0x0000c0cc       0x8c .\CortexM3\ARM_GCC_493\Debug\Advantage.o
                0x0000c0cc                PumpJobQueueClear
 .text.PumpJobAllocate
                0x0000c158      0x144 .\CortexM3\ARM_GCC_493\Debug\Advantage.o
                0x0000c158                PumpJobAllocate
 .text.PumpJobEnqueue
                0x0000c29c       0x5c .\CortexM3\ARM_GCC_493\Debug\Advantage.o
                0x0000c29c                PumpJobEnqueue
 .text.PumpJobQueuePeek
                0x0000c2f8       0x30 .\CortexM3\ARM_GCC_493\Debug\Advantage.o
                0x0000c2f8                PumpJobQueuePeek
 .text.PumpJobDequeue
                0x0000c328       0xb8 .\CortexM3\ARM_GCC_493\Debug\Advantage.o
                0x0000c328                PumpJobDequeue
 .text.PumpJobRotate
                0x0000c3e0       0x78 .\CortexM3\ARM_GCC_493\Debug\Advantage.o
                0x0000c3e0                PumpJobRotate
 .text.PumpTransactionalStateDequeue
                0x0000c458       0x60 .\CortexM3\ARM_GCC_493\Debug\Advantage.o
                0x0000c458                PumpTransactionalStateDequeue
 .text.PumpTransactionalStateEnqueue
                0x0000c4b8       0x20 .\CortexM3\ARM_GCC_493\Debug\Advantage.o
                0x0000c4b8                PumpTransactionalStateEnqueue
 .text.PumpTransactionalStateDeallocate
                0x0000c4d8       0x94 .\CortexM3\ARM_GCC_493\Debug\Advantage.o
                0x0000c4d8                PumpTransactionalStateDeallocate
 .text.PumpTransactionalStateFind
                0x0000c56c       0x54 .\CortexM3\ARM_GCC_493\Debug\Advantage.o
                0x0000c56c                PumpTransactionalStateFind
 .text.PumpTransactionalStateAllocate
                0x0000c5c0       0x94 .\CortexM3\ARM_GCC_493\Debug\Advantage.o
                0x0000c5c0                PumpTransactionalStateAllocate
 *fill*         0x0000c654        0x4 
 .text.PumpTransactionalStateLock
                0x0000c658       0x70 .\CortexM3\ARM_GCC_493\Debug\Advantage.o
                0x0000c658                PumpTransactionalStateLock
 .text.PumpTransactionalStateUnlock
                0x0000c6c8       0x20 .\CortexM3\ARM_GCC_493\Debug\Advantage.o
                0x0000c6c8                PumpTransactionalStateUnlock
 .text.PumpCleanUp
                0x0000c6e8       0xb4 .\CortexM3\ARM_GCC_493\Debug\Advantage.o
                0x0000c6e8                PumpCleanUp
 .text.GetTransactionByName
                0x0000c79c       0x48 .\CortexM3\ARM_GCC_493\Debug\AdvantageFlow.o
                0x0000c79c                GetTransactionByName
 .text.AcquirePumpStateResponse
                0x0000c7e4       0xb8 .\CortexM3\ARM_GCC_493\Debug\AdvantageImpl.o
                0x0000c7e4                AcquirePumpStateResponse
 .text.AcquireDatatoPumpResponse
                0x0000c89c       0x48 .\CortexM3\ARM_GCC_493\Debug\AdvantageImpl.o
                0x0000c89c                AcquireDatatoPumpResponse
 .text.ProcessPumpTransactionData
                0x0000c8e4      0xf9c .\CortexM3\ARM_GCC_493\Debug\AdvantageImpl.o
                0x0000c8e4                ProcessPumpTransactionData
 .text.ProcessPumpTotalsDataReport
                0x0000d880      0x154 .\CortexM3\ARM_GCC_493\Debug\AdvantageImpl.o
                0x0000d880                ProcessPumpTotalsDataReport
 .text.PumpJobTimeout
                0x0000d9d4       0x38 .\CortexM3\ARM_GCC_493\Debug\AdvantageImpl.o
                0x0000d9d4                PumpJobTimeout
 .text.PumpStateJobTimeout
                0x0000da0c       0x38 .\CortexM3\ARM_GCC_493\Debug\AdvantageImpl.o
                0x0000da0c                PumpStateJobTimeout
 .text.PumpAuthorization
                0x0000da44       0x84 .\CortexM3\ARM_GCC_493\Debug\AdvantageImpl.o
                0x0000da44                PumpAuthorization
 .text.PumpStartupAuthorization
                0x0000dac8       0x70 .\CortexM3\ARM_GCC_493\Debug\AdvantageImpl.o
                0x0000dac8                PumpStartupAuthorization
 .text.PumpStateRequest
                0x0000db38       0x60 .\CortexM3\ARM_GCC_493\Debug\AdvantageImpl.o
                0x0000db38                PumpStateRequest
 .text.PumpTransactionDataRequest
                0x0000db98       0x6c .\CortexM3\ARM_GCC_493\Debug\AdvantageImpl.o
                0x0000db98                PumpTransactionDataRequest
 .text.PumpTotalsDataRequest
                0x0000dc04       0x6c .\CortexM3\ARM_GCC_493\Debug\AdvantageImpl.o
                0x0000dc04                PumpTotalsDataRequest
 .text.PumpDataToPump
                0x0000dc70       0x6c .\CortexM3\ARM_GCC_493\Debug\AdvantageImpl.o
                0x0000dc70                PumpDataToPump
 .text.PumpCreditPresetHose
                0x0000dcdc      0x3ac .\CortexM3\ARM_GCC_493\Debug\AdvantageImpl.o
                0x0000dcdc                PumpCreditPresetHose
 .text.PumpPresetHose
                0x0000e088      0x378 .\CortexM3\ARM_GCC_493\Debug\AdvantageImpl.o
                0x0000e088                PumpPresetHose
 .text.PumpPresetNotification
                0x0000e400      0x214 .\CortexM3\ARM_GCC_493\Debug\AdvantageImpl.o
                0x0000e400                PumpPresetNotification
 .text.PumpCreditPresetNotification
                0x0000e614       0xe8 .\CortexM3\ARM_GCC_493\Debug\AdvantageImpl.o
                0x0000e614                PumpCreditPresetNotification
 .text.PumpFullPresetHose
                0x0000e6fc      0x328 .\CortexM3\ARM_GCC_493\Debug\AdvantageImpl.o
                0x0000e6fc                PumpFullPresetHose
 .text.PumpPpuChange
                0x0000ea24      0x2c4 .\CortexM3\ARM_GCC_493\Debug\AdvantageImpl.o
                0x0000ea24                PumpPpuChange
 .text.PumpDefault2CreditPpuChange
                0x0000ece8      0x1b0 .\CortexM3\ARM_GCC_493\Debug\AdvantageImpl.o
                0x0000ece8                PumpDefault2CreditPpuChange
 .text.PumpCredit2DefaultPpuChange
                0x0000ee98      0x23c .\CortexM3\ARM_GCC_493\Debug\AdvantageImpl.o
                0x0000ee98                PumpCredit2DefaultPpuChange
 .text.PumpStopRequest
                0x0000f0d4       0x6c .\CortexM3\ARM_GCC_493\Debug\AdvantageImpl.o
                0x0000f0d4                PumpStopRequest
 .text.PumpStopAllRequest
                0x0000f140       0x60 .\CortexM3\ARM_GCC_493\Debug\AdvantageImpl.o
                0x0000f140                PumpStopAllRequest
 .text.PumpCompleteConfiguration
                0x0000f1a0       0xe8 .\CortexM3\ARM_GCC_493\Debug\AdvantageImpl.o
                0x0000f1a0                PumpCompleteConfiguration
 .text.AcquirePumpCompleteConfiguration
                0x0000f288      0x454 .\CortexM3\ARM_GCC_493\Debug\AdvantageImpl.o
                0x0000f288                AcquirePumpCompleteConfiguration
 .text.AcquireDispenserLayoutInformation
                0x0000f6dc      0x4c8 .\CortexM3\ARM_GCC_493\Debug\AdvantageImpl.o
                0x0000f6dc                AcquireDispenserLayoutInformation
 .text.AcquirePumpSpecialFunctionResponseResolver
                0x0000fba4      0x128 .\CortexM3\ARM_GCC_493\Debug\AdvantageImpl.o
                0x0000fba4                AcquirePumpSpecialFunctionResponseResolver
 .text.PumpEnumeratorRequest
                0x0000fccc       0x60 .\CortexM3\ARM_GCC_493\Debug\AdvantageImpl.o
                0x0000fccc                PumpEnumeratorRequest
 .text.AcquirePumpEnumeratorResponse
                0x0000fd2c      0x240 .\CortexM3\ARM_GCC_493\Debug\AdvantageImpl.o
                0x0000fd2c                AcquirePumpEnumeratorResponse
 .text.PumpEnumeratorTimeout
                0x0000ff6c       0x6c .\CortexM3\ARM_GCC_493\Debug\AdvantageImpl.o
                0x0000ff6c                PumpEnumeratorTimeout
 .text.AcquirePumpTotalsResponseResolver
                0x0000ffd8      0x15c .\CortexM3\ARM_GCC_493\Debug\AdvantageImpl.o
                0x0000ffd8                AcquirePumpTotalsResponseResolver
 .text.AcquirePumpTransactionDataResponseResolver
                0x00010134       0x4c .\CortexM3\ARM_GCC_493\Debug\AdvantageImpl.o
                0x00010134                AcquirePumpTransactionDataResponseResolver
 .text.AdvantageActivateProgramming
                0x00010180       0xac .\CortexM3\ARM_GCC_493\Debug\AdvantageImpl.o
                0x00010180                AdvantageActivateProgramming
 .text.GetLRC   0x0001022c       0x60 .\CortexM3\ARM_GCC_493\Debug\AdvantageImpl.o
                0x0001022c                GetLRC
 .text.FindLRC  0x0001028c       0x34 .\CortexM3\ARM_GCC_493\Debug\AdvantageImpl.o
                0x0001028c                FindLRC
 .text.TerminateTransactionAndPrint
                0x000102c0      0x248 .\CortexM3\ARM_GCC_493\Debug\AdvantageImpl.o
                0x000102c0                TerminateTransactionAndPrint
 .text.CastVolumeValue
                0x00010508      0x174 .\CortexM3\ARM_GCC_493\Debug\AdvantageImpl.o
                0x00010508                CastVolumeValue
 .text.CastMoneyValue
                0x0001067c      0x164 .\CortexM3\ARM_GCC_493\Debug\AdvantageImpl.o
                0x0001067c                CastMoneyValue
 .text.TranslateSpecialFuncionDigit
                0x000107e0       0x48 .\CortexM3\ARM_GCC_493\Debug\AdvantageImpl.o
                0x000107e0                TranslateSpecialFuncionDigit
 .text.RFSinkRegistration
                0x00010828       0xdc .\CortexM3\ARM_GCC_493\Debug\RFSink.o
                0x00010828                RFSinkRegistration
 .text.RFServerAutonomousMonitor
                0x00010904       0x64 .\CortexM3\ARM_GCC_493\Debug\RFSink.o
                0x00010904                RFServerAutonomousMonitor
 .text.RFServerRequestHandler
                0x00010968       0x68 .\CortexM3\ARM_GCC_493\Debug\RFBLL.o
                0x00010968                RFServerRequestHandler
 .text.RFErrorHandler
                0x000109d0       0x14 .\CortexM3\ARM_GCC_493\Debug\RFBLL.o
                0x000109d0                RFErrorHandler
 .text.GetRFRequestResolver
                0x000109e4       0x58 .\CortexM3\ARM_GCC_493\Debug\RFBLL.o
                0x000109e4                GetRFRequestResolver
 .text.RFUARTBufferResolver
                0x00010a3c      0x1f8 .\CortexM3\ARM_GCC_493\Debug\RFResolver.o
                0x00010a3c                RFUARTBufferResolver
 .text.RFUARTSend
                0x00010c34       0x4c .\CortexM3\ARM_GCC_493\Debug\RFResolver.o
                0x00010c34                RFUARTSend
 .text.RFGetPayloadLengthFromRequestCode
                0x00010c80       0x48 .\CortexM3\ARM_GCC_493\Debug\RFServerStack.o
                0x00010c80                RFGetPayloadLengthFromRequestCode
 .text.RFGetDynamicPayloadLengthFromRequestCode
                0x00010cc8       0x48 .\CortexM3\ARM_GCC_493\Debug\RFServerStack.o
                0x00010cc8                RFGetDynamicPayloadLengthFromRequestCode
 .text.RFGetCRC
                0x00010d10       0x6c .\CortexM3\ARM_GCC_493\Debug\RFServerStack.o
                0x00010d10                RFGetCRC
 .text.RFUnmapCommand2State
                0x00010d7c       0x48 .\CortexM3\ARM_GCC_493\Debug\RFServerStack.o
                0x00010d7c                RFUnmapCommand2State
 .text.RFStateReqResp
                0x00010dc4      0x3d8 .\CortexM3\ARM_GCC_493\Debug\RFServerStackImpl.o
                0x00010dc4                RFStateReqResp
 .text.RFCreditSerialAuthReqResp
                0x0001119c      0x26c .\CortexM3\ARM_GCC_493\Debug\RFServerStackImpl.o
                0x0001119c                RFCreditSerialAuthReqResp
 .text.RFCreditAuthorizationReqResp
                0x00011408      0x408 .\CortexM3\ARM_GCC_493\Debug\RFServerStackImpl.o
                0x00011408                RFCreditAuthorizationReqResp
 .text.RFCreditSalePresetReportReqResp
                0x00011810      0x1f4 .\CortexM3\ARM_GCC_493\Debug\RFServerStackImpl.o
                0x00011810                RFCreditSalePresetReportReqResp
 .text.RFCashSalePresetReportReqResp
                0x00011a04      0x438 .\CortexM3\ARM_GCC_493\Debug\RFServerStackImpl.o
                0x00011a04                RFCashSalePresetReportReqResp
 .text.RFCashCreditSaleFinalReportReqResp
                0x00011e3c      0x558 .\CortexM3\ARM_GCC_493\Debug\RFServerStackImpl.o
                0x00011e3c                RFCashCreditSaleFinalReportReqResp
 .text.RFTotalsDataReqResp
                0x00012394      0x284 .\CortexM3\ARM_GCC_493\Debug\RFServerStackImpl.o
                0x00012394                RFTotalsDataReqResp
 .text.RFTotalsDataReportReqResp
                0x00012618      0xedc .\CortexM3\ARM_GCC_493\Debug\RFServerStackImpl.o
                0x00012618                RFTotalsDataReportReqResp
 *fill*         0x000134f4        0x4 
 .text.RFPriceChangeReqResp
                0x000134f8      0x370 .\CortexM3\ARM_GCC_493\Debug\RFServerStackImpl.o
                0x000134f8                RFPriceChangeReqResp
 .text.RFGeneralPrintReqResp
                0x00013868      0x30c .\CortexM3\ARM_GCC_493\Debug\RFServerStackImpl.o
                0x00013868                RFGeneralPrintReqResp
 .text.RFCreditSalePrintReqResp
                0x00013b74      0x458 .\CortexM3\ARM_GCC_493\Debug\RFServerStackImpl.o
                0x00013b74                RFCreditSalePrintReqResp
 .text.RFCashSalePrintReqResp
                0x00013fcc      0x2fc .\CortexM3\ARM_GCC_493\Debug\RFServerStackImpl.o
                0x00013fcc                RFCashSalePrintReqResp
 .text.RFPendingCreditSaleReqResp
                0x000142c8     0x12d4 .\CortexM3\ARM_GCC_493\Debug\RFServerStackImpl.o
                0x000142c8                RFPendingCreditSaleReqResp
 .text.RFPendingCashSaleReqResp
                0x0001559c     0x1054 .\CortexM3\ARM_GCC_493\Debug\RFServerStackImpl.o
                0x0001559c                RFPendingCashSaleReqResp
 .text.RFBroadcastConfigurationReqResp
                0x000165f0      0x548 .\CortexM3\ARM_GCC_493\Debug\RFServerStackImpl.o
                0x000165f0                RFBroadcastConfigurationReqResp
 .text.RFPositionConfigurationReqResp
                0x00016b38      0x38c .\CortexM3\ARM_GCC_493\Debug\RFServerStackImpl.o
                0x00016b38                RFPositionConfigurationReqResp
 .text.RFIslandOperDataReqResp
                0x00016ec4      0x2c0 .\CortexM3\ARM_GCC_493\Debug\RFServerStackImpl.o
                0x00016ec4                RFIslandOperDataReqResp
 .text.RFIslandAdminReqResp
                0x00017184      0x350 .\CortexM3\ARM_GCC_493\Debug\RFServerStackImpl.o
                0x00017184                RFIslandAdminReqResp
 .text.GeneralPrintRequestPayloadSizeResolver
                0x000174d4       0x20 .\CortexM3\ARM_GCC_493\Debug\RFServerStackImpl.o
                0x000174d4                GeneralPrintRequestPayloadSizeResolver
 .text.RFCopyPrintReqResp
                0x000174f4      0x2e0 .\CortexM3\ARM_GCC_493\Debug\RFServerStackImpl.o
                0x000174f4                RFCopyPrintReqResp
 .text.main     0x000177d4       0x28 .\CortexM3\ARM_GCC_493\Debug\main.o
                0x000177d4                main
 .text.IntDefaultHandler
                0x000177fc        0x8 .\CortexM3\ARM_GCC_493\Debug\Cm3Start.o
                0x000177fc                IntDefaultHandler
 .text._sbrk    0x00017804       0x50 .\CortexM3\ARM_GCC_493\Debug\Cm3Start.o
                0x00017804                _sbrk
 .text.Start_c  0x00017854       0x98 .\CortexM3\ARM_GCC_493\Debug\Cm3Start.o
                0x00017854                Start_c
 .text.initialize_psoc
                0x000178ec       0x8c .\CortexM3\ARM_GCC_493\Debug\Cm3Start.o
                0x000178ec                initialize_psoc
 .text.CYMEMZERO
                0x00017978       0x1c .\CortexM3\ARM_GCC_493\Debug\CorEx-Mux-Kernel.a(cyfitter_cfg.o)
 .text.CYCONFIGCPY
                0x00017994       0x1c .\CortexM3\ARM_GCC_493\Debug\CorEx-Mux-Kernel.a(cyfitter_cfg.o)
 .text.CyClockStartupError
                0x000179b0        0xc .\CortexM3\ARM_GCC_493\Debug\CorEx-Mux-Kernel.a(cyfitter_cfg.o)
 .text.cfg_write_bytes32
                0x000179bc       0x74 .\CortexM3\ARM_GCC_493\Debug\CorEx-Mux-Kernel.a(cyfitter_cfg.o)
 .text.ClockSetup
                0x00017a30      0x17c .\CortexM3\ARM_GCC_493\Debug\CorEx-Mux-Kernel.a(cyfitter_cfg.o)
 .text.AnalogSetDefault
                0x00017bac       0x44 .\CortexM3\ARM_GCC_493\Debug\CorEx-Mux-Kernel.a(cyfitter_cfg.o)
 .text.cyfitter_cfg
                0x00017bf0      0x190 .\CortexM3\ARM_GCC_493\Debug\CorEx-Mux-Kernel.a(cyfitter_cfg.o)
                0x00017bf0                cyfitter_cfg
 .text.RF_Physical_Start
                0x00017d80       0x20 .\CortexM3\ARM_GCC_493\Debug\CorEx-Mux-Kernel.a(RF_Physical.o)
                0x00017d80                RF_Physical_Start
 .text.RF_Physical_Init
                0x00017da0       0x58 .\CortexM3\ARM_GCC_493\Debug\CorEx-Mux-Kernel.a(RF_Physical.o)
                0x00017da0                RF_Physical_Init
 .text.RF_Physical_Enable
                0x00017df8       0x68 .\CortexM3\ARM_GCC_493\Debug\CorEx-Mux-Kernel.a(RF_Physical.o)
                0x00017df8                RF_Physical_Enable
 .text.RF_Physical_Stop
                0x00017e60       0x68 .\CortexM3\ARM_GCC_493\Debug\CorEx-Mux-Kernel.a(RF_Physical.o)
                0x00017e60                RF_Physical_Stop
 .text.RF_Physical_ReadControlRegister
                0x00017ec8       0x10 .\CortexM3\ARM_GCC_493\Debug\CorEx-Mux-Kernel.a(RF_Physical.o)
                0x00017ec8                RF_Physical_ReadControlRegister
 .text.RF_Physical_WriteControlRegister
                0x00017ed8       0x14 .\CortexM3\ARM_GCC_493\Debug\CorEx-Mux-Kernel.a(RF_Physical.o)
                0x00017ed8                RF_Physical_WriteControlRegister
 .text.RF_Physical_ReadRxData
                0x00017eec       0x94 .\CortexM3\ARM_GCC_493\Debug\CorEx-Mux-Kernel.a(RF_Physical.o)
                0x00017eec                RF_Physical_ReadRxData
 .text.RF_Physical_ReadRxStatus
                0x00017f80       0x40 .\CortexM3\ARM_GCC_493\Debug\CorEx-Mux-Kernel.a(RF_Physical.o)
                0x00017f80                RF_Physical_ReadRxStatus
 .text.RF_Physical_GetChar
                0x00017fc0       0xbc .\CortexM3\ARM_GCC_493\Debug\CorEx-Mux-Kernel.a(RF_Physical.o)
                0x00017fc0                RF_Physical_GetChar
 .text.RF_Physical_GetByte
                0x0001807c       0x44 .\CortexM3\ARM_GCC_493\Debug\CorEx-Mux-Kernel.a(RF_Physical.o)
                0x0001807c                RF_Physical_GetByte
 .text.RF_Physical_GetRxBufferSize
                0x000180c0       0x94 .\CortexM3\ARM_GCC_493\Debug\CorEx-Mux-Kernel.a(RF_Physical.o)
                0x000180c0                RF_Physical_GetRxBufferSize
 .text.RF_Physical_ClearRxBuffer
                0x00018154       0x7c .\CortexM3\ARM_GCC_493\Debug\CorEx-Mux-Kernel.a(RF_Physical.o)
                0x00018154                RF_Physical_ClearRxBuffer
 .text.RF_Physical_WriteTxData
                0x000181d0       0x2c .\CortexM3\ARM_GCC_493\Debug\CorEx-Mux-Kernel.a(RF_Physical.o)
                0x000181d0                RF_Physical_WriteTxData
 .text.RF_Physical_ReadTxStatus
                0x000181fc       0x18 .\CortexM3\ARM_GCC_493\Debug\CorEx-Mux-Kernel.a(RF_Physical.o)
                0x000181fc                RF_Physical_ReadTxStatus
 .text.RF_Physical_PutChar
                0x00018214       0x34 .\CortexM3\ARM_GCC_493\Debug\CorEx-Mux-Kernel.a(RF_Physical.o)
                0x00018214                RF_Physical_PutChar
 .text.RF_Physical_PutString
                0x00018248       0x40 .\CortexM3\ARM_GCC_493\Debug\CorEx-Mux-Kernel.a(RF_Physical.o)
                0x00018248                RF_Physical_PutString
 .text.RF_Physical_PutArray
                0x00018288       0x40 .\CortexM3\ARM_GCC_493\Debug\CorEx-Mux-Kernel.a(RF_Physical.o)
                0x00018288                RF_Physical_PutArray
 .text.RF_Physical_PutCRLF
                0x000182c8       0x30 .\CortexM3\ARM_GCC_493\Debug\CorEx-Mux-Kernel.a(RF_Physical.o)
                0x000182c8                RF_Physical_PutCRLF
 .text.RF_Physical_ClearTxBuffer
                0x000182f8       0x40 .\CortexM3\ARM_GCC_493\Debug\CorEx-Mux-Kernel.a(RF_Physical.o)
                0x000182f8                RF_Physical_ClearTxBuffer
 .text.RF_Physical_RXISR
                0x00018338       0xf0 .\CortexM3\ARM_GCC_493\Debug\CorEx-Mux-Kernel.a(RF_Physical_INT.o)
                0x00018338                RF_Physical_RXISR
 .text.RF_Physical_IntClock_Start
                0x00018428       0x34 .\CortexM3\ARM_GCC_493\Debug\CorEx-Mux-Kernel.a(RF_Physical_IntClock.o)
                0x00018428                RF_Physical_IntClock_Start
 .text.RF_Physical_IntClock_Stop
                0x0001845c       0x34 .\CortexM3\ARM_GCC_493\Debug\CorEx-Mux-Kernel.a(RF_Physical_IntClock.o)
                0x0001845c                RF_Physical_IntClock_Stop
 .text          0x00018490       0x20 .\CortexM3\ARM_GCC_493\Debug\CorEx-Mux-Kernel.a(CyBootAsmGnu.o)
                0x00018490                CyDelayCycles
                0x000184a0                CyEnterCriticalSection
                0x000184a8                CyExitCriticalSection
 .text.CyHalt   0x000184b0       0x18 .\CortexM3\ARM_GCC_493\Debug\CorEx-Mux-Kernel.a(CyLib.o)
                0x000184b0                CyHalt
 .text.CyDelay  0x000184c8       0x44 .\CortexM3\ARM_GCC_493\Debug\CorEx-Mux-Kernel.a(CyLib.o)
                0x000184c8                CyDelay
 .text.CyDelayUs
                0x0001850c       0x24 .\CortexM3\ARM_GCC_493\Debug\CorEx-Mux-Kernel.a(CyLib.o)
                0x0001850c                CyDelayUs
 .text.CyDelayFreq
                0x00018530       0x7c .\CortexM3\ARM_GCC_493\Debug\CorEx-Mux-Kernel.a(CyLib.o)
                0x00018530                CyDelayFreq
 .text.CyWdtStart
                0x000185ac       0x8c .\CortexM3\ARM_GCC_493\Debug\CorEx-Mux-Kernel.a(CyLib.o)
                0x000185ac                CyWdtStart
 .text.CyWdtClear
                0x00018638       0x18 .\CortexM3\ARM_GCC_493\Debug\CorEx-Mux-Kernel.a(CyLib.o)
                0x00018638                CyWdtClear
 .text.CyIntSetVector
                0x00018650       0x50 .\CortexM3\ARM_GCC_493\Debug\CorEx-Mux-Kernel.a(CyLib.o)
                0x00018650                CyIntSetVector
 .text.CyIntSetPriority
                0x000186a0       0x44 .\CortexM3\ARM_GCC_493\Debug\CorEx-Mux-Kernel.a(CyLib.o)
                0x000186a0                CyIntSetPriority
 .text.Printer_Start
                0x000186e4       0x20 .\CortexM3\ARM_GCC_493\Debug\CorEx-Mux-Kernel.a(Printer.o)
                0x000186e4                Printer_Start
 .text.Printer_Init
                0x00018704       0x40 .\CortexM3\ARM_GCC_493\Debug\CorEx-Mux-Kernel.a(Printer.o)
                0x00018704                Printer_Init
 .text.Printer_Enable
                0x00018744       0x58 .\CortexM3\ARM_GCC_493\Debug\CorEx-Mux-Kernel.a(Printer.o)
                0x00018744                Printer_Enable
 .text.Printer_Stop
                0x0001879c       0x58 .\CortexM3\ARM_GCC_493\Debug\CorEx-Mux-Kernel.a(Printer.o)
                0x0001879c                Printer_Stop
 .text.Printer_ReadControlRegister
                0x000187f4       0x10 .\CortexM3\ARM_GCC_493\Debug\CorEx-Mux-Kernel.a(Printer.o)
                0x000187f4                Printer_ReadControlRegister
 .text.Printer_WriteControlRegister
                0x00018804       0x14 .\CortexM3\ARM_GCC_493\Debug\CorEx-Mux-Kernel.a(Printer.o)
                0x00018804                Printer_WriteControlRegister
 .text.Printer_ReadRxData
                0x00018818       0x20 .\CortexM3\ARM_GCC_493\Debug\CorEx-Mux-Kernel.a(Printer.o)
                0x00018818                Printer_ReadRxData
 .text.Printer_ReadRxStatus
                0x00018838       0x24 .\CortexM3\ARM_GCC_493\Debug\CorEx-Mux-Kernel.a(Printer.o)
                0x00018838                Printer_ReadRxStatus
 .text.Printer_GetChar
                0x0001885c       0x44 .\CortexM3\ARM_GCC_493\Debug\CorEx-Mux-Kernel.a(Printer.o)
                0x0001885c                Printer_GetChar
 .text.Printer_GetByte
                0x000188a0       0x24 .\CortexM3\ARM_GCC_493\Debug\CorEx-Mux-Kernel.a(Printer.o)
                0x000188a0                Printer_GetByte
 .text.Printer_GetRxBufferSize
                0x000188c4       0x30 .\CortexM3\ARM_GCC_493\Debug\CorEx-Mux-Kernel.a(Printer.o)
                0x000188c4                Printer_GetRxBufferSize
 .text.Printer_ClearRxBuffer
                0x000188f4       0x40 .\CortexM3\ARM_GCC_493\Debug\CorEx-Mux-Kernel.a(Printer.o)
                0x000188f4                Printer_ClearRxBuffer
 .text.Printer_WriteTxData
                0x00018934       0x2c .\CortexM3\ARM_GCC_493\Debug\CorEx-Mux-Kernel.a(Printer.o)
                0x00018934                Printer_WriteTxData
 .text.Printer_ReadTxStatus
                0x00018960       0x18 .\CortexM3\ARM_GCC_493\Debug\CorEx-Mux-Kernel.a(Printer.o)
                0x00018960                Printer_ReadTxStatus
 .text.Printer_PutChar
                0x00018978       0x34 .\CortexM3\ARM_GCC_493\Debug\CorEx-Mux-Kernel.a(Printer.o)
                0x00018978                Printer_PutChar
 .text.Printer_PutString
                0x000189ac       0x40 .\CortexM3\ARM_GCC_493\Debug\CorEx-Mux-Kernel.a(Printer.o)
                0x000189ac                Printer_PutString
 .text.Printer_PutArray
                0x000189ec       0x40 .\CortexM3\ARM_GCC_493\Debug\CorEx-Mux-Kernel.a(Printer.o)
                0x000189ec                Printer_PutArray
 .text.Printer_PutCRLF
                0x00018a2c       0x30 .\CortexM3\ARM_GCC_493\Debug\CorEx-Mux-Kernel.a(Printer.o)
                0x00018a2c                Printer_PutCRLF
 .text.Printer_ClearTxBuffer
                0x00018a5c       0x40 .\CortexM3\ARM_GCC_493\Debug\CorEx-Mux-Kernel.a(Printer.o)
                0x00018a5c                Printer_ClearTxBuffer
 .text.Dispenser_Start
                0x00018a9c       0x20 .\CortexM3\ARM_GCC_493\Debug\CorEx-Mux-Kernel.a(Dispenser.o)
                0x00018a9c                Dispenser_Start
 .text.Dispenser_Init
                0x00018abc       0x58 .\CortexM3\ARM_GCC_493\Debug\CorEx-Mux-Kernel.a(Dispenser.o)
                0x00018abc                Dispenser_Init
 .text.Dispenser_Enable
                0x00018b14       0x64 .\CortexM3\ARM_GCC_493\Debug\CorEx-Mux-Kernel.a(Dispenser.o)
                0x00018b14                Dispenser_Enable
 .text.Dispenser_Stop
                0x00018b78       0x64 .\CortexM3\ARM_GCC_493\Debug\CorEx-Mux-Kernel.a(Dispenser.o)
                0x00018b78                Dispenser_Stop
 .text.Dispenser_ReadControlRegister
                0x00018bdc       0x10 .\CortexM3\ARM_GCC_493\Debug\CorEx-Mux-Kernel.a(Dispenser.o)
                0x00018bdc                Dispenser_ReadControlRegister
 .text.Dispenser_WriteControlRegister
                0x00018bec       0x14 .\CortexM3\ARM_GCC_493\Debug\CorEx-Mux-Kernel.a(Dispenser.o)
                0x00018bec                Dispenser_WriteControlRegister
 .text.Dispenser_ReadRxData
                0x00018c00       0x94 .\CortexM3\ARM_GCC_493\Debug\CorEx-Mux-Kernel.a(Dispenser.o)
                0x00018c00                Dispenser_ReadRxData
 .text.Dispenser_ReadRxStatus
                0x00018c94       0x40 .\CortexM3\ARM_GCC_493\Debug\CorEx-Mux-Kernel.a(Dispenser.o)
                0x00018c94                Dispenser_ReadRxStatus
 .text.Dispenser_GetChar
                0x00018cd4       0xb8 .\CortexM3\ARM_GCC_493\Debug\CorEx-Mux-Kernel.a(Dispenser.o)
                0x00018cd4                Dispenser_GetChar
 .text.Dispenser_GetByte
                0x00018d8c       0x44 .\CortexM3\ARM_GCC_493\Debug\CorEx-Mux-Kernel.a(Dispenser.o)
                0x00018d8c                Dispenser_GetByte
 .text.Dispenser_GetRxBufferSize
                0x00018dd0       0x94 .\CortexM3\ARM_GCC_493\Debug\CorEx-Mux-Kernel.a(Dispenser.o)
                0x00018dd0                Dispenser_GetRxBufferSize
 .text.Dispenser_ClearRxBuffer
                0x00018e64       0x7c .\CortexM3\ARM_GCC_493\Debug\CorEx-Mux-Kernel.a(Dispenser.o)
                0x00018e64                Dispenser_ClearRxBuffer
 .text.Dispenser_WriteTxData
                0x00018ee0       0x2c .\CortexM3\ARM_GCC_493\Debug\CorEx-Mux-Kernel.a(Dispenser.o)
                0x00018ee0                Dispenser_WriteTxData
 .text.Dispenser_ReadTxStatus
                0x00018f0c       0x18 .\CortexM3\ARM_GCC_493\Debug\CorEx-Mux-Kernel.a(Dispenser.o)
                0x00018f0c                Dispenser_ReadTxStatus
 .text.Dispenser_PutChar
                0x00018f24       0x34 .\CortexM3\ARM_GCC_493\Debug\CorEx-Mux-Kernel.a(Dispenser.o)
                0x00018f24                Dispenser_PutChar
 .text.Dispenser_PutString
                0x00018f58       0x40 .\CortexM3\ARM_GCC_493\Debug\CorEx-Mux-Kernel.a(Dispenser.o)
                0x00018f58                Dispenser_PutString
 .text.Dispenser_PutArray
                0x00018f98       0x40 .\CortexM3\ARM_GCC_493\Debug\CorEx-Mux-Kernel.a(Dispenser.o)
                0x00018f98                Dispenser_PutArray
 .text.Dispenser_PutCRLF
                0x00018fd8       0x30 .\CortexM3\ARM_GCC_493\Debug\CorEx-Mux-Kernel.a(Dispenser.o)
                0x00018fd8                Dispenser_PutCRLF
 .text.Dispenser_ClearTxBuffer
                0x00019008       0x40 .\CortexM3\ARM_GCC_493\Debug\CorEx-Mux-Kernel.a(Dispenser.o)
                0x00019008                Dispenser_ClearTxBuffer
 .text.Dispenser_RXISR
                0x00019048       0xec .\CortexM3\ARM_GCC_493\Debug\CorEx-Mux-Kernel.a(Dispenser_INT.o)
                0x00019048                Dispenser_RXISR
 .text.Display1_Start
                0x00019134       0x20 .\CortexM3\ARM_GCC_493\Debug\CorEx-Mux-Kernel.a(Display1.o)
                0x00019134                Display1_Start
 .text.Display1_Init
                0x00019154       0x58 .\CortexM3\ARM_GCC_493\Debug\CorEx-Mux-Kernel.a(Display1.o)
                0x00019154                Display1_Init
 .text.Display1_Enable
                0x000191ac       0x68 .\CortexM3\ARM_GCC_493\Debug\CorEx-Mux-Kernel.a(Display1.o)
                0x000191ac                Display1_Enable
 .text.Display1_Stop
                0x00019214       0x68 .\CortexM3\ARM_GCC_493\Debug\CorEx-Mux-Kernel.a(Display1.o)
                0x00019214                Display1_Stop
 .text.Display1_ReadControlRegister
                0x0001927c       0x10 .\CortexM3\ARM_GCC_493\Debug\CorEx-Mux-Kernel.a(Display1.o)
                0x0001927c                Display1_ReadControlRegister
 .text.Display1_WriteControlRegister
                0x0001928c       0x14 .\CortexM3\ARM_GCC_493\Debug\CorEx-Mux-Kernel.a(Display1.o)
                0x0001928c                Display1_WriteControlRegister
 .text.Display1_ReadRxData
                0x000192a0       0x94 .\CortexM3\ARM_GCC_493\Debug\CorEx-Mux-Kernel.a(Display1.o)
                0x000192a0                Display1_ReadRxData
 .text.Display1_ReadRxStatus
                0x00019334       0x40 .\CortexM3\ARM_GCC_493\Debug\CorEx-Mux-Kernel.a(Display1.o)
                0x00019334                Display1_ReadRxStatus
 .text.Display1_GetChar
                0x00019374       0xb8 .\CortexM3\ARM_GCC_493\Debug\CorEx-Mux-Kernel.a(Display1.o)
                0x00019374                Display1_GetChar
 .text.Display1_GetByte
                0x0001942c       0x44 .\CortexM3\ARM_GCC_493\Debug\CorEx-Mux-Kernel.a(Display1.o)
                0x0001942c                Display1_GetByte
 .text.Display1_GetRxBufferSize
                0x00019470       0x90 .\CortexM3\ARM_GCC_493\Debug\CorEx-Mux-Kernel.a(Display1.o)
                0x00019470                Display1_GetRxBufferSize
 .text.Display1_ClearRxBuffer
                0x00019500       0x7c .\CortexM3\ARM_GCC_493\Debug\CorEx-Mux-Kernel.a(Display1.o)
                0x00019500                Display1_ClearRxBuffer
 .text.Display1_WriteTxData
                0x0001957c       0x2c .\CortexM3\ARM_GCC_493\Debug\CorEx-Mux-Kernel.a(Display1.o)
                0x0001957c                Display1_WriteTxData
 .text.Display1_ReadTxStatus
                0x000195a8       0x18 .\CortexM3\ARM_GCC_493\Debug\CorEx-Mux-Kernel.a(Display1.o)
                0x000195a8                Display1_ReadTxStatus
 .text.Display1_PutChar
                0x000195c0       0x34 .\CortexM3\ARM_GCC_493\Debug\CorEx-Mux-Kernel.a(Display1.o)
                0x000195c0                Display1_PutChar
 .text.Display1_PutString
                0x000195f4       0x40 .\CortexM3\ARM_GCC_493\Debug\CorEx-Mux-Kernel.a(Display1.o)
                0x000195f4                Display1_PutString
 .text.Display1_PutArray
                0x00019634       0x40 .\CortexM3\ARM_GCC_493\Debug\CorEx-Mux-Kernel.a(Display1.o)
                0x00019634                Display1_PutArray
 .text.Display1_PutCRLF
                0x00019674       0x30 .\CortexM3\ARM_GCC_493\Debug\CorEx-Mux-Kernel.a(Display1.o)
                0x00019674                Display1_PutCRLF
 .text.Display1_ClearTxBuffer
                0x000196a4       0x40 .\CortexM3\ARM_GCC_493\Debug\CorEx-Mux-Kernel.a(Display1.o)
                0x000196a4                Display1_ClearTxBuffer
 .text.Display1_RXISR
                0x000196e4       0xf0 .\CortexM3\ARM_GCC_493\Debug\CorEx-Mux-Kernel.a(Display1_INT.o)
                0x000196e4                Display1_RXISR
 .text.Display2_Start
                0x000197d4       0x20 .\CortexM3\ARM_GCC_493\Debug\CorEx-Mux-Kernel.a(Display2.o)
                0x000197d4                Display2_Start
 .text.Display2_Init
                0x000197f4       0x58 .\CortexM3\ARM_GCC_493\Debug\CorEx-Mux-Kernel.a(Display2.o)
                0x000197f4                Display2_Init
 .text.Display2_Enable
                0x0001984c       0x68 .\CortexM3\ARM_GCC_493\Debug\CorEx-Mux-Kernel.a(Display2.o)
                0x0001984c                Display2_Enable
 .text.Display2_Stop
                0x000198b4       0x68 .\CortexM3\ARM_GCC_493\Debug\CorEx-Mux-Kernel.a(Display2.o)
                0x000198b4                Display2_Stop
 .text.Display2_ReadControlRegister
                0x0001991c       0x10 .\CortexM3\ARM_GCC_493\Debug\CorEx-Mux-Kernel.a(Display2.o)
                0x0001991c                Display2_ReadControlRegister
 .text.Display2_WriteControlRegister
                0x0001992c       0x14 .\CortexM3\ARM_GCC_493\Debug\CorEx-Mux-Kernel.a(Display2.o)
                0x0001992c                Display2_WriteControlRegister
 .text.Display2_ReadRxData
                0x00019940       0x94 .\CortexM3\ARM_GCC_493\Debug\CorEx-Mux-Kernel.a(Display2.o)
                0x00019940                Display2_ReadRxData
 .text.Display2_ReadRxStatus
                0x000199d4       0x40 .\CortexM3\ARM_GCC_493\Debug\CorEx-Mux-Kernel.a(Display2.o)
                0x000199d4                Display2_ReadRxStatus
 .text.Display2_GetChar
                0x00019a14       0xb8 .\CortexM3\ARM_GCC_493\Debug\CorEx-Mux-Kernel.a(Display2.o)
                0x00019a14                Display2_GetChar
 .text.Display2_GetByte
                0x00019acc       0x44 .\CortexM3\ARM_GCC_493\Debug\CorEx-Mux-Kernel.a(Display2.o)
                0x00019acc                Display2_GetByte
 .text.Display2_GetRxBufferSize
                0x00019b10       0x90 .\CortexM3\ARM_GCC_493\Debug\CorEx-Mux-Kernel.a(Display2.o)
                0x00019b10                Display2_GetRxBufferSize
 .text.Display2_ClearRxBuffer
                0x00019ba0       0x7c .\CortexM3\ARM_GCC_493\Debug\CorEx-Mux-Kernel.a(Display2.o)
                0x00019ba0                Display2_ClearRxBuffer
 .text.Display2_WriteTxData
                0x00019c1c       0x2c .\CortexM3\ARM_GCC_493\Debug\CorEx-Mux-Kernel.a(Display2.o)
                0x00019c1c                Display2_WriteTxData
 .text.Display2_ReadTxStatus
                0x00019c48       0x18 .\CortexM3\ARM_GCC_493\Debug\CorEx-Mux-Kernel.a(Display2.o)
                0x00019c48                Display2_ReadTxStatus
 .text.Display2_PutChar
                0x00019c60       0x34 .\CortexM3\ARM_GCC_493\Debug\CorEx-Mux-Kernel.a(Display2.o)
                0x00019c60                Display2_PutChar
 .text.Display2_PutString
                0x00019c94       0x40 .\CortexM3\ARM_GCC_493\Debug\CorEx-Mux-Kernel.a(Display2.o)
                0x00019c94                Display2_PutString
 .text.Display2_PutArray
                0x00019cd4       0x40 .\CortexM3\ARM_GCC_493\Debug\CorEx-Mux-Kernel.a(Display2.o)
                0x00019cd4                Display2_PutArray
 .text.Display2_PutCRLF
                0x00019d14       0x30 .\CortexM3\ARM_GCC_493\Debug\CorEx-Mux-Kernel.a(Display2.o)
                0x00019d14                Display2_PutCRLF
 .text.Display2_ClearTxBuffer
                0x00019d44       0x40 .\CortexM3\ARM_GCC_493\Debug\CorEx-Mux-Kernel.a(Display2.o)
                0x00019d44                Display2_ClearTxBuffer
 .text.Display2_RXISR
                0x00019d84       0xf0 .\CortexM3\ARM_GCC_493\Debug\CorEx-Mux-Kernel.a(Display2_INT.o)
                0x00019d84                Display2_RXISR
 .text.Counter_ISR_StartEx
                0x00019e74       0x24 .\CortexM3\ARM_GCC_493\Debug\CorEx-Mux-Kernel.a(Counter_ISR.o)
                0x00019e74                Counter_ISR_StartEx
 .text.Counter_ISR_SetVector
                0x00019e98       0x24 .\CortexM3\ARM_GCC_493\Debug\CorEx-Mux-Kernel.a(Counter_ISR.o)
                0x00019e98                Counter_ISR_SetVector
 .text.Counter_ISR_SetPriority
                0x00019ebc       0x24 .\CortexM3\ARM_GCC_493\Debug\CorEx-Mux-Kernel.a(Counter_ISR.o)
                0x00019ebc                Counter_ISR_SetPriority
 .text.Counter_ISR_Enable
                0x00019ee0       0x18 .\CortexM3\ARM_GCC_493\Debug\CorEx-Mux-Kernel.a(Counter_ISR.o)
                0x00019ee0                Counter_ISR_Enable
 .text.Counter_ISR_Disable
                0x00019ef8       0x18 .\CortexM3\ARM_GCC_493\Debug\CorEx-Mux-Kernel.a(Counter_ISR.o)
                0x00019ef8                Counter_ISR_Disable
 .text.Display1_IntClock_Start
                0x00019f10       0x34 .\CortexM3\ARM_GCC_493\Debug\CorEx-Mux-Kernel.a(Display1_IntClock.o)
                0x00019f10                Display1_IntClock_Start
 .text.Display1_IntClock_Stop
                0x00019f44       0x34 .\CortexM3\ARM_GCC_493\Debug\CorEx-Mux-Kernel.a(Display1_IntClock.o)
                0x00019f44                Display1_IntClock_Stop
 .text.Display2_IntClock_Start
                0x00019f78       0x34 .\CortexM3\ARM_GCC_493\Debug\CorEx-Mux-Kernel.a(Display2_IntClock.o)
                0x00019f78                Display2_IntClock_Start
 .text.Display2_IntClock_Stop
                0x00019fac       0x34 .\CortexM3\ARM_GCC_493\Debug\CorEx-Mux-Kernel.a(Display2_IntClock.o)
                0x00019fac                Display2_IntClock_Stop
 .text.I2C_Bus_Init
                0x00019fe0       0x80 .\CortexM3\ARM_GCC_493\Debug\CorEx-Mux-Kernel.a(I2C_Bus.o)
                0x00019fe0                I2C_Bus_Init
 .text.I2C_Bus_Enable
                0x0001a060       0x44 .\CortexM3\ARM_GCC_493\Debug\CorEx-Mux-Kernel.a(I2C_Bus.o)
                0x0001a060                I2C_Bus_Enable
 .text.I2C_Bus_Start
                0x0001a0a4       0x2c .\CortexM3\ARM_GCC_493\Debug\CorEx-Mux-Kernel.a(I2C_Bus.o)
                0x0001a0a4                I2C_Bus_Start
 .text.I2C_Bus_ISR
                0x0001a0d0      0x3ac .\CortexM3\ARM_GCC_493\Debug\CorEx-Mux-Kernel.a(I2C_Bus_INT.o)
                0x0001a0d0                I2C_Bus_ISR
 .text.I2C_Bus_MasterSendStart
                0x0001a47c       0xbc .\CortexM3\ARM_GCC_493\Debug\CorEx-Mux-Kernel.a(I2C_Bus_MASTER.o)
                0x0001a47c                I2C_Bus_MasterSendStart
 .text.I2C_Bus_MasterSendRestart
                0x0001a538       0xa4 .\CortexM3\ARM_GCC_493\Debug\CorEx-Mux-Kernel.a(I2C_Bus_MASTER.o)
                0x0001a538                I2C_Bus_MasterSendRestart
 .text.I2C_Bus_MasterSendStop
                0x0001a5dc       0x58 .\CortexM3\ARM_GCC_493\Debug\CorEx-Mux-Kernel.a(I2C_Bus_MASTER.o)
                0x0001a5dc                I2C_Bus_MasterSendStop
 .text.I2C_Bus_MasterWriteByte
                0x0001a634       0x80 .\CortexM3\ARM_GCC_493\Debug\CorEx-Mux-Kernel.a(I2C_Bus_MASTER.o)
                0x0001a634                I2C_Bus_MasterWriteByte
 .text.I2C_Bus_MasterReadByte
                0x0001a6b4       0x7c .\CortexM3\ARM_GCC_493\Debug\CorEx-Mux-Kernel.a(I2C_Bus_MASTER.o)
                0x0001a6b4                I2C_Bus_MasterReadByte
 .text.I2C_Bus_MasterClearStatus
                0x0001a730       0x3c .\CortexM3\ARM_GCC_493\Debug\CorEx-Mux-Kernel.a(I2C_Bus_MASTER.o)
                0x0001a730                I2C_Bus_MasterClearStatus
 .text.iButton1_Write
                0x0001a76c       0x3c .\CortexM3\ARM_GCC_493\Debug\CorEx-Mux-Kernel.a(iButton1.o)
                0x0001a76c                iButton1_Write
 .text.iButton1_Read
                0x0001a7a8       0x20 .\CortexM3\ARM_GCC_493\Debug\CorEx-Mux-Kernel.a(iButton1.o)
                0x0001a7a8                iButton1_Read
 .text.iButton2_Write
                0x0001a7c8       0x34 .\CortexM3\ARM_GCC_493\Debug\CorEx-Mux-Kernel.a(iButton2.o)
                0x0001a7c8                iButton2_Write
 .text.iButton2_Read
                0x0001a7fc       0x1c .\CortexM3\ARM_GCC_493\Debug\CorEx-Mux-Kernel.a(iButton2.o)
                0x0001a7fc                iButton2_Read
 .text.eepromWP_Write
                0x0001a818       0x3c .\CortexM3\ARM_GCC_493\Debug\CorEx-Mux-Kernel.a(eepromWP.o)
                0x0001a818                eepromWP_Write
 .text.Timer_DispenserState_Init
                0x0001a854       0x4c .\CortexM3\ARM_GCC_493\Debug\CorEx-Mux-Kernel.a(Timer_DispenserState.o)
                0x0001a854                Timer_DispenserState_Init
 .text.Timer_DispenserState_Enable
                0x0001a8a0       0x20 .\CortexM3\ARM_GCC_493\Debug\CorEx-Mux-Kernel.a(Timer_DispenserState.o)
                0x0001a8a0                Timer_DispenserState_Enable
 .text.Timer_DispenserState_Start
                0x0001a8c0       0x20 .\CortexM3\ARM_GCC_493\Debug\CorEx-Mux-Kernel.a(Timer_DispenserState.o)
                0x0001a8c0                Timer_DispenserState_Start
 .text.Timer_DispenserState_SetInterruptMode
                0x0001a8e0       0x20 .\CortexM3\ARM_GCC_493\Debug\CorEx-Mux-Kernel.a(Timer_DispenserState.o)
                0x0001a8e0                Timer_DispenserState_SetInterruptMode
 .text.Timer_DispenserState_ReadStatusRegister
                0x0001a900       0x18 .\CortexM3\ARM_GCC_493\Debug\CorEx-Mux-Kernel.a(Timer_DispenserState.o)
                0x0001a900                Timer_DispenserState_ReadStatusRegister
 .text.Timer_DispenserState_WritePeriod
                0x0001a918       0x20 .\CortexM3\ARM_GCC_493\Debug\CorEx-Mux-Kernel.a(Timer_DispenserState.o)
                0x0001a918                Timer_DispenserState_WritePeriod
 .text.Timer_DispenserState_ReadCapture
                0x0001a938       0x18 .\CortexM3\ARM_GCC_493\Debug\CorEx-Mux-Kernel.a(Timer_DispenserState.o)
                0x0001a938                Timer_DispenserState_ReadCapture
 .text.Timer_DispenserState_WriteCounter
                0x0001a950       0x20 .\CortexM3\ARM_GCC_493\Debug\CorEx-Mux-Kernel.a(Timer_DispenserState.o)
                0x0001a950                Timer_DispenserState_WriteCounter
 .text.Timer_DispenserState_ReadCounter
                0x0001a970       0x20 .\CortexM3\ARM_GCC_493\Debug\CorEx-Mux-Kernel.a(Timer_DispenserState.o)
                0x0001a970                Timer_DispenserState_ReadCounter
 .text.Timer_DispenserState_ClearFIFO
                0x0001a990       0x1c .\CortexM3\ARM_GCC_493\Debug\CorEx-Mux-Kernel.a(Timer_DispenserState.o)
                0x0001a990                Timer_DispenserState_ClearFIFO
 .text.DispenserStateTimeout_ISR_StartEx
                0x0001a9ac       0x24 .\CortexM3\ARM_GCC_493\Debug\CorEx-Mux-Kernel.a(DispenserStateTimeout_ISR.o)
                0x0001a9ac                DispenserStateTimeout_ISR_StartEx
 .text.DispenserStateTimeout_ISR_SetVector
                0x0001a9d0       0x24 .\CortexM3\ARM_GCC_493\Debug\CorEx-Mux-Kernel.a(DispenserStateTimeout_ISR.o)
                0x0001a9d0                DispenserStateTimeout_ISR_SetVector
 .text.DispenserStateTimeout_ISR_SetPriority
                0x0001a9f4       0x24 .\CortexM3\ARM_GCC_493\Debug\CorEx-Mux-Kernel.a(DispenserStateTimeout_ISR.o)
                0x0001a9f4                DispenserStateTimeout_ISR_SetPriority
 .text.DispenserStateTimeout_ISR_Enable
                0x0001aa18       0x18 .\CortexM3\ARM_GCC_493\Debug\CorEx-Mux-Kernel.a(DispenserStateTimeout_ISR.o)
                0x0001aa18                DispenserStateTimeout_ISR_Enable
 .text.DispenserStateTimeout_ISR_Disable
                0x0001aa30       0x18 .\CortexM3\ARM_GCC_493\Debug\CorEx-Mux-Kernel.a(DispenserStateTimeout_ISR.o)
                0x0001aa30                DispenserStateTimeout_ISR_Disable
 .text.Timer_Tick_Init
                0x0001aa48       0x9c .\CortexM3\ARM_GCC_493\Debug\CorEx-Mux-Kernel.a(Timer_Tick.o)
                0x0001aa48                Timer_Tick_Init
 .text.Timer_Tick_Enable
                0x0001aae4       0x48 .\CortexM3\ARM_GCC_493\Debug\CorEx-Mux-Kernel.a(Timer_Tick.o)
                0x0001aae4                Timer_Tick_Enable
 .text.Timer_Tick_Start
                0x0001ab2c       0x20 .\CortexM3\ARM_GCC_493\Debug\CorEx-Mux-Kernel.a(Timer_Tick.o)
                0x0001ab2c                Timer_Tick_Start
 .text.Timer_Tick_SetInterruptMode
                0x0001ab4c       0x20 .\CortexM3\ARM_GCC_493\Debug\CorEx-Mux-Kernel.a(Timer_Tick.o)
                0x0001ab4c                Timer_Tick_SetInterruptMode
 .text.Timer_Tick_ReadStatusRegister
                0x0001ab6c       0x18 .\CortexM3\ARM_GCC_493\Debug\CorEx-Mux-Kernel.a(Timer_Tick.o)
                0x0001ab6c                Timer_Tick_ReadStatusRegister
 .text.Timer_Tick_WritePeriod
                0x0001ab84       0x24 .\CortexM3\ARM_GCC_493\Debug\CorEx-Mux-Kernel.a(Timer_Tick.o)
                0x0001ab84                Timer_Tick_WritePeriod
 .text.Timer_Tick_WriteCounter
                0x0001aba8       0x20 .\CortexM3\ARM_GCC_493\Debug\CorEx-Mux-Kernel.a(Timer_Tick.o)
                0x0001aba8                Timer_Tick_WriteCounter
 .text.Timer_Tick_ReadCounter
                0x0001abc8       0x20 .\CortexM3\ARM_GCC_493\Debug\CorEx-Mux-Kernel.a(Timer_Tick.o)
                0x0001abc8                Timer_Tick_ReadCounter
 .text.pow10    0x0001abe8       0x10 c:/program files (x86)/cypress/psoc creator/3.3/psoc creator/import/gnu/arm/4.9.3/bin/../lib/gcc/arm-none-eabi/4.9.3/../../../../arm-none-eabi/lib/armv7-m\libm.a(lib_a-s_pow10.o)
                0x0001abe8                pow10
 .text.round    0x0001abf8       0xa0 c:/program files (x86)/cypress/psoc creator/3.3/psoc creator/import/gnu/arm/4.9.3/bin/../lib/gcc/arm-none-eabi/4.9.3/../../../../arm-none-eabi/lib/armv7-m\libm.a(lib_a-s_round.o)
                0x0001abf8                round
 .text.pow      0x0001ac98      0x2f0 c:/program files (x86)/cypress/psoc creator/3.3/psoc creator/import/gnu/arm/4.9.3/bin/../lib/gcc/arm-none-eabi/4.9.3/../../../../arm-none-eabi/lib/armv7-m\libm.a(lib_a-w_pow.o)
                0x0001ac98                pow
 .text.__ieee754_pow
                0x0001af88      0xaa0 c:/program files (x86)/cypress/psoc creator/3.3/psoc creator/import/gnu/arm/4.9.3/bin/../lib/gcc/arm-none-eabi/4.9.3/../../../../arm-none-eabi/lib/armv7-m\libm.a(lib_a-e_pow.o)
                0x0001af88                __ieee754_pow
 .text.__ieee754_sqrt
                0x0001ba28      0x18c c:/program files (x86)/cypress/psoc creator/3.3/psoc creator/import/gnu/arm/4.9.3/bin/../lib/gcc/arm-none-eabi/4.9.3/../../../../arm-none-eabi/lib/armv7-m\libm.a(lib_a-e_sqrt.o)
                0x0001ba28                __ieee754_sqrt
 .text.fabs     0x0001bbb4        0x8 c:/program files (x86)/cypress/psoc creator/3.3/psoc creator/import/gnu/arm/4.9.3/bin/../lib/gcc/arm-none-eabi/4.9.3/../../../../arm-none-eabi/lib/armv7-m\libm.a(lib_a-s_fabs.o)
                0x0001bbb4                fabs
 .text.finite   0x0001bbbc        0xc c:/program files (x86)/cypress/psoc creator/3.3/psoc creator/import/gnu/arm/4.9.3/bin/../lib/gcc/arm-none-eabi/4.9.3/../../../../arm-none-eabi/lib/armv7-m\libm.a(lib_a-s_finite.o)
                0x0001bbbc                finite
 .text.__fpclassifyd
                0x0001bbc8       0x58 c:/program files (x86)/cypress/psoc creator/3.3/psoc creator/import/gnu/arm/4.9.3/bin/../lib/gcc/arm-none-eabi/4.9.3/../../../../arm-none-eabi/lib/armv7-m\libm.a(lib_a-s_fpclassify.o)
                0x0001bbc8                __fpclassifyd
 .text.matherr  0x0001bc20        0x4 c:/program files (x86)/cypress/psoc creator/3.3/psoc creator/import/gnu/arm/4.9.3/bin/../lib/gcc/arm-none-eabi/4.9.3/../../../../arm-none-eabi/lib/armv7-m\libm.a(lib_a-s_matherr.o)
                0x0001bc20                matherr
 .text.nan      0x0001bc24        0xc c:/program files (x86)/cypress/psoc creator/3.3/psoc creator/import/gnu/arm/4.9.3/bin/../lib/gcc/arm-none-eabi/4.9.3/../../../../arm-none-eabi/lib/armv7-m\libm.a(lib_a-s_nan.o)
                0x0001bc24                nan
 .text.rint     0x0001bc30      0x11c c:/program files (x86)/cypress/psoc creator/3.3/psoc creator/import/gnu/arm/4.9.3/bin/../lib/gcc/arm-none-eabi/4.9.3/../../../../arm-none-eabi/lib/armv7-m\libm.a(lib_a-s_rint.o)
                0x0001bc30                rint
 *fill*         0x0001bd4c        0x4 
 .text.scalbn   0x0001bd50       0xf0 c:/program files (x86)/cypress/psoc creator/3.3/psoc creator/import/gnu/arm/4.9.3/bin/../lib/gcc/arm-none-eabi/4.9.3/../../../../arm-none-eabi/lib/armv7-m\libm.a(lib_a-s_scalbn.o)
                0x0001bd50                scalbn
 .text.copysign
                0x0001be40       0x10 c:/program files (x86)/cypress/psoc creator/3.3/psoc creator/import/gnu/arm/4.9.3/bin/../lib/gcc/arm-none-eabi/4.9.3/../../../../arm-none-eabi/lib/armv7-m\libm.a(lib_a-s_copysign.o)
                0x0001be40                copysign
 .text          0x0001be50      0x370 c:/program files (x86)/cypress/psoc creator/3.3/psoc creator/import/gnu/arm/4.9.3/bin/../lib/gcc/arm-none-eabi/4.9.3/armv7-m\libgcc.a(_arm_addsubdf3.o)
                0x0001be50                __aeabi_drsub
                0x0001be58                __aeabi_dsub
                0x0001be58                __subdf3
                0x0001be5c                __aeabi_dadd
                0x0001be5c                __adddf3
                0x0001c0d4                __floatunsidf
                0x0001c0d4                __aeabi_ui2d
                0x0001c0f4                __floatsidf
                0x0001c0f4                __aeabi_i2d
                0x0001c118                __aeabi_f2d
                0x0001c118                __extendsfdf2
                0x0001c154                __floatundidf
                0x0001c154                __aeabi_ul2d
                0x0001c164                __floatdidf
                0x0001c164                __aeabi_l2d
 .text          0x0001c1c0      0x424 c:/program files (x86)/cypress/psoc creator/3.3/psoc creator/import/gnu/arm/4.9.3/bin/../lib/gcc/arm-none-eabi/4.9.3/armv7-m\libgcc.a(_arm_muldivdf3.o)
                0x0001c1c0                __aeabi_dmul
                0x0001c1c0                __muldf3
                0x0001c414                __divdf3
                0x0001c414                __aeabi_ddiv
 .text          0x0001c5e4      0x110 c:/program files (x86)/cypress/psoc creator/3.3/psoc creator/import/gnu/arm/4.9.3/bin/../lib/gcc/arm-none-eabi/4.9.3/armv7-m\libgcc.a(_arm_cmpdf2.o)
                0x0001c5e4                __gtdf2
                0x0001c5e4                __gedf2
                0x0001c5ec                __ltdf2
                0x0001c5ec                __ledf2
                0x0001c5f4                __nedf2
                0x0001c5f4                __eqdf2
                0x0001c5f4                __cmpdf2
                0x0001c670                __aeabi_cdrcmple
                0x0001c680                __aeabi_cdcmpeq
                0x0001c680                __aeabi_cdcmple
                0x0001c690                __aeabi_dcmpeq
                0x0001c6a4                __aeabi_dcmplt
                0x0001c6b8                __aeabi_dcmple
                0x0001c6cc                __aeabi_dcmpge
                0x0001c6e0                __aeabi_dcmpgt
 .text          0x0001c6f4       0x40 c:/program files (x86)/cypress/psoc creator/3.3/psoc creator/import/gnu/arm/4.9.3/bin/../lib/gcc/arm-none-eabi/4.9.3/armv7-m\libgcc.a(_arm_fixunsdfsi.o)
                0x0001c6f4                __aeabi_d2uiz
                0x0001c6f4                __fixunsdfsi
 .text          0x0001c734       0x30 c:/program files (x86)/cypress/psoc creator/3.3/psoc creator/import/gnu/arm/4.9.3/bin/../lib/gcc/arm-none-eabi/4.9.3/armv7-m\libgcc.a(_aeabi_uldivmod.o)
                0x0001c734                __aeabi_uldivmod
 .text          0x0001c764       0x60 c:/program files (x86)/cypress/psoc creator/3.3/psoc creator/import/gnu/arm/4.9.3/bin/../lib/gcc/arm-none-eabi/4.9.3/armv7-m\libgcc.a(bpabi.o)
                0x0001c764                __gnu_ldivmod_helper
                0x0001c794                __gnu_uldivmod_helper
 .text          0x0001c7c4        0x4 c:/program files (x86)/cypress/psoc creator/3.3/psoc creator/import/gnu/arm/4.9.3/bin/../lib/gcc/arm-none-eabi/4.9.3/armv7-m\libgcc.a(_dvmd_tls.o)
                0x0001c7c4                __aeabi_idiv0
                0x0001c7c4                __aeabi_ldiv0
 .text          0x0001c7c8      0x2ac c:/program files (x86)/cypress/psoc creator/3.3/psoc creator/import/gnu/arm/4.9.3/bin/../lib/gcc/arm-none-eabi/4.9.3/armv7-m\libgcc.a(_divdi3.o)
                0x0001c7c8                __divdi3
 .text          0x0001ca74      0x270 c:/program files (x86)/cypress/psoc creator/3.3/psoc creator/import/gnu/arm/4.9.3/bin/../lib/gcc/arm-none-eabi/4.9.3/armv7-m\libgcc.a(_udivdi3.o)
                0x0001ca74                __udivdi3
 .text.__errno  0x0001cce4        0xc c:/program files (x86)/cypress/psoc creator/3.3/psoc creator/import/gnu/arm/4.9.3/bin/../lib/gcc/arm-none-eabi/4.9.3/../../../../arm-none-eabi/lib/armv7-m\libg_nano.a(lib_a-errno.o)
                0x0001cce4                __errno
 .text.__libc_init_array
                0x0001ccf0       0x4c c:/program files (x86)/cypress/psoc creator/3.3/psoc creator/import/gnu/arm/4.9.3/bin/../lib/gcc/arm-none-eabi/4.9.3/../../../../arm-none-eabi/lib/armv7-m\libg_nano.a(lib_a-init.o)
                0x0001ccf0                __libc_init_array
 .text.memcpy   0x0001cd3c       0x16 c:/program files (x86)/cypress/psoc creator/3.3/psoc creator/import/gnu/arm/4.9.3/bin/../lib/gcc/arm-none-eabi/4.9.3/../../../../arm-none-eabi/lib/armv7-m\libg_nano.a(lib_a-memcpy.o)
                0x0001cd3c                memcpy
 .text.memset   0x0001cd52       0x10 c:/program files (x86)/cypress/psoc creator/3.3/psoc creator/import/gnu/arm/4.9.3/bin/../lib/gcc/arm-none-eabi/4.9.3/../../../../arm-none-eabi/lib/armv7-m\libg_nano.a(lib_a-memset.o)
                0x0001cd52                memset
 *fill*         0x0001cd62        0x2 
 .text.rand     0x0001cd64       0x74 c:/program files (x86)/cypress/psoc creator/3.3/psoc creator/import/gnu/arm/4.9.3/bin/../lib/gcc/arm-none-eabi/4.9.3/../../../../arm-none-eabi/lib/armv7-m\libg_nano.a(lib_a-rand.o)
                0x0001cd64                rand
 .text.sprintf  0x0001cdd8       0x48 c:/program files (x86)/cypress/psoc creator/3.3/psoc creator/import/gnu/arm/4.9.3/bin/../lib/gcc/arm-none-eabi/4.9.3/../../../../arm-none-eabi/lib/armv7-m\libg_nano.a(lib_a-sprintf.o)
                0x0001cdd8                siprintf
                0x0001cdd8                sprintf
 .text.strchr   0x0001ce20       0x1c c:/program files (x86)/cypress/psoc creator/3.3/psoc creator/import/gnu/arm/4.9.3/bin/../lib/gcc/arm-none-eabi/4.9.3/../../../../arm-none-eabi/lib/armv7-m\libg_nano.a(lib_a-strchr.o)
                0x0001ce20                strchr